HEAP DUMP BEGIN (5886 objects, 877968 bytes) Wed Apr 16 18:44:21 2014
ROOT 0 (kind=<thread>, id=200000, trace=300000)
ROOT 500016f3 (kind=<thread>, id=200003, trace=300001)
ROOT 500016f3 (kind=<thread block>, thread=200003)
ROOT 500016ff (kind=<thread>, id=200004, trace=300000)
ROOT 500016ff (kind=<thread block>, thread=200004)
ROOT 50001700 (kind=<thread>, id=200005, trace=300000)
ROOT 50001700 (kind=<thread block>, thread=200005)
ROOT 50001701 (kind=<Java stack>, thread=200000, frame=1)
ROOT 50001702 (kind=<Java stack>, thread=200000, frame=1)
ROOT 50001701 (kind=<Java stack>, thread=200000, frame=2)
ROOT 50001700 (kind=<Java stack>, thread=200000, frame=3)
ROOT 50001703 (kind=<thread>, id=200006, trace=300000)
ROOT 50001703 (kind=<thread block>, thread=200006)
ROOT 50001704 (kind=<Java stack>, thread=200000, frame=1)
ROOT 50001703 (kind=<Java stack>, thread=200000, frame=2)
ROOT 50001704 (kind=<Java stack>, thread=200000, frame=2)
ROOT 50001705 (kind=<JNI global ref>, id=1, trace=300000)
ROOT 5000013c (kind=<JNI global ref>, id=2, trace=300000)
ROOT 50000001 (kind=<JNI global ref>, id=3, trace=300000)
ROOT 5000011a (kind=<JNI global ref>, id=4, trace=300000)
ROOT 50000002 (kind=<JNI global ref>, id=5, trace=300000)
ROOT 50000003 (kind=<JNI global ref>, id=6, trace=300000)
ROOT 500000dc (kind=<JNI global ref>, id=7, trace=300000)
ROOT 50000004 (kind=<JNI global ref>, id=8, trace=300000)
ROOT 50000072 (kind=<JNI global ref>, id=9, trace=300000)
ROOT 50000005 (kind=<JNI global ref>, id=a, trace=300000)
ROOT 50000006 (kind=<JNI global ref>, id=b, trace=300000)
ROOT 50000007 (kind=<JNI global ref>, id=c, trace=300000)
ROOT 50000008 (kind=<JNI global ref>, id=d, trace=300000)
ROOT 50000009 (kind=<JNI global ref>, id=e, trace=300000)
ROOT 5000000a (kind=<JNI global ref>, id=f, trace=300000)
ROOT 5000000b (kind=<JNI global ref>, id=10, trace=300000)
ROOT 5000000c (kind=<JNI global ref>, id=11, trace=300000)
ROOT 5000000d (kind=<JNI global ref>, id=12, trace=300000)
ROOT 5000000e (kind=<JNI global ref>, id=13, trace=300000)
ROOT 50000025 (kind=<JNI global ref>, id=14, trace=300000)
ROOT 5000000f (kind=<JNI global ref>, id=15, trace=300000)
ROOT 50000010 (kind=<JNI global ref>, id=16, trace=300000)
ROOT 500000a0 (kind=<JNI global ref>, id=17, trace=300000)
ROOT 50000011 (kind=<JNI global ref>, id=18, trace=300000)
ROOT 50000012 (kind=<JNI global ref>, id=19, trace=300000)
ROOT 5000013e (kind=<JNI global ref>, id=1a, trace=300000)
ROOT 50000013 (kind=<JNI global ref>, id=1b, trace=300000)
ROOT 50000014 (kind=<JNI global ref>, id=1c, trace=300000)
ROOT 50000015 (kind=<JNI global ref>, id=1d, trace=300000)
ROOT 50000016 (kind=<JNI global ref>, id=1e, trace=300000)
ROOT 50000017 (kind=<JNI global ref>, id=1f, trace=300000)
ROOT 500000b4 (kind=<JNI global ref>, id=20, trace=300000)
ROOT 50000018 (kind=<JNI global ref>, id=21, trace=300000)
ROOT 50000117 (kind=<JNI global ref>, id=22, trace=300000)
ROOT 50000019 (kind=<JNI global ref>, id=23, trace=300000)
ROOT 5000001a (kind=<JNI global ref>, id=24, trace=300000)
ROOT 500000fa (kind=<JNI global ref>, id=25, trace=300000)
ROOT 5000001b (kind=<JNI global ref>, id=26, trace=300000)
ROOT 500000eb (kind=<JNI global ref>, id=27, trace=300000)
ROOT 5000001c (kind=<JNI global ref>, id=28, trace=300000)
ROOT 5000001d (kind=<JNI global ref>, id=29, trace=300000)
ROOT 5000001e (kind=<JNI global ref>, id=2a, trace=300000)
ROOT 5000001f (kind=<JNI global ref>, id=2b, trace=300000)
ROOT 50000020 (kind=<JNI global ref>, id=2c, trace=300000)
ROOT 50000021 (kind=<JNI global ref>, id=2d, trace=300000)
ROOT 50000070 (kind=<JNI global ref>, id=2e, trace=300000)
ROOT 50000022 (kind=<JNI global ref>, id=2f, trace=300000)
ROOT 50000023 (kind=<JNI global ref>, id=30, trace=300000)
ROOT 50000024 (kind=<JNI global ref>, id=31, trace=300000)
ROOT 50000030 (kind=<JNI global ref>, id=32, trace=300000)
ROOT 50000026 (kind=<JNI global ref>, id=33, trace=300000)
ROOT 50000041 (kind=<JNI global ref>, id=34, trace=300000)
ROOT 50000027 (kind=<JNI global ref>, id=35, trace=300000)
ROOT 50000028 (kind=<JNI global ref>, id=36, trace=300000)
ROOT 50000136 (kind=<JNI global ref>, id=37, trace=300000)
ROOT 50000029 (kind=<JNI global ref>, id=38, trace=300000)
ROOT 5000002a (kind=<JNI global ref>, id=39, trace=300000)
ROOT 5000002b (kind=<JNI global ref>, id=3a, trace=300000)
ROOT 5000002c (kind=<JNI global ref>, id=3b, trace=300000)
ROOT 5000002d (kind=<JNI global ref>, id=3c, trace=300000)
ROOT 5000002e (kind=<JNI global ref>, id=3d, trace=300000)
ROOT 5000015f (kind=<JNI global ref>, id=3e, trace=300000)
ROOT 5000002f (kind=<JNI global ref>, id=3f, trace=300000)
ROOT 500000f6 (kind=<JNI global ref>, id=40, trace=300000)
ROOT 50000031 (kind=<JNI global ref>, id=41, trace=300000)
ROOT 50000139 (kind=<JNI global ref>, id=42, trace=300000)
ROOT 50000032 (kind=<JNI global ref>, id=43, trace=300000)
ROOT 50000162 (kind=<JNI global ref>, id=44, trace=300000)
ROOT 50000033 (kind=<JNI global ref>, id=45, trace=300000)
ROOT 50000034 (kind=<JNI global ref>, id=46, trace=300000)
ROOT 50000035 (kind=<JNI global ref>, id=47, trace=300000)
ROOT 50000036 (kind=<JNI global ref>, id=48, trace=300000)
ROOT 50000037 (kind=<JNI global ref>, id=49, trace=300000)
ROOT 50000038 (kind=<JNI global ref>, id=4a, trace=300000)
ROOT 50000039 (kind=<JNI global ref>, id=4b, trace=300000)
ROOT 5000003a (kind=<JNI global ref>, id=4c, trace=300000)
ROOT 5000003b (kind=<JNI global ref>, id=4d, trace=300000)
ROOT 5000010f (kind=<JNI global ref>, id=4e, trace=300000)
ROOT 5000003c (kind=<JNI global ref>, id=4f, trace=300000)
ROOT 5000003d (kind=<JNI global ref>, id=50, trace=300000)
ROOT 5000003e (kind=<JNI global ref>, id=51, trace=300000)
ROOT 5000003f (kind=<JNI global ref>, id=52, trace=300000)
ROOT 5000009d (kind=<JNI global ref>, id=53, trace=300000)
ROOT 50000040 (kind=<JNI global ref>, id=54, trace=300000)
ROOT 50000042 (kind=<JNI global ref>, id=55, trace=300000)
ROOT 50000160 (kind=<JNI global ref>, id=56, trace=300000)
ROOT 50000043 (kind=<JNI global ref>, id=57, trace=300000)
ROOT 50000044 (kind=<JNI global ref>, id=58, trace=300000)
ROOT 500000e3 (kind=<JNI global ref>, id=59, trace=300000)
ROOT 50000045 (kind=<JNI global ref>, id=5a, trace=300000)
ROOT 50000046 (kind=<JNI global ref>, id=5b, trace=300000)
ROOT 50000047 (kind=<JNI global ref>, id=5c, trace=300000)
ROOT 50000048 (kind=<JNI global ref>, id=5d, trace=300000)
ROOT 50000049 (kind=<JNI global ref>, id=5e, trace=300000)
ROOT 5000004a (kind=<JNI global ref>, id=5f, trace=300000)
ROOT 5000004b (kind=<JNI global ref>, id=60, trace=300000)
ROOT 5000004c (kind=<JNI global ref>, id=61, trace=300000)
ROOT 5000004d (kind=<JNI global ref>, id=62, trace=300000)
ROOT 5000004e (kind=<JNI global ref>, id=63, trace=300000)
ROOT 5000004f (kind=<JNI global ref>, id=64, trace=300000)
ROOT 50000050 (kind=<JNI global ref>, id=65, trace=300000)
ROOT 50000051 (kind=<JNI global ref>, id=66, trace=300000)
ROOT 50000052 (kind=<JNI global ref>, id=67, trace=300000)
ROOT 500000fd (kind=<JNI global ref>, id=68, trace=300000)
ROOT 50000053 (kind=<JNI global ref>, id=69, trace=300000)
ROOT 50000054 (kind=<JNI global ref>, id=6a, trace=300000)
ROOT 50000055 (kind=<JNI global ref>, id=6b, trace=300000)
ROOT 50000056 (kind=<JNI global ref>, id=6c, trace=300000)
ROOT 50000057 (kind=<JNI global ref>, id=6d, trace=300000)
ROOT 50000140 (kind=<JNI global ref>, id=6e, trace=300000)
ROOT 50000058 (kind=<JNI global ref>, id=6f, trace=300000)
ROOT 50000059 (kind=<JNI global ref>, id=70, trace=300000)
ROOT 5000005a (kind=<JNI global ref>, id=71, trace=300000)
ROOT 5000005b (kind=<JNI global ref>, id=72, trace=300000)
ROOT 5000005c (kind=<JNI global ref>, id=73, trace=300000)
ROOT 5000005d (kind=<JNI global ref>, id=74, trace=300000)
ROOT 5000005e (kind=<JNI global ref>, id=75, trace=300000)
ROOT 5000005f (kind=<JNI global ref>, id=76, trace=300000)
ROOT 50000060 (kind=<JNI global ref>, id=77, trace=300000)
ROOT 500000bc (kind=<JNI global ref>, id=78, trace=300000)
ROOT 50000061 (kind=<JNI global ref>, id=79, trace=300000)
ROOT 50000062 (kind=<JNI global ref>, id=7a, trace=300000)
ROOT 50000063 (kind=<JNI global ref>, id=7b, trace=300000)
ROOT 50000064 (kind=<JNI global ref>, id=7c, trace=300000)
ROOT 50000065 (kind=<JNI global ref>, id=7d, trace=300000)
ROOT 50000066 (kind=<JNI global ref>, id=7e, trace=300000)
ROOT 50000067 (kind=<JNI global ref>, id=7f, trace=300000)
ROOT 50000068 (kind=<JNI global ref>, id=80, trace=300000)
ROOT 50000069 (kind=<JNI global ref>, id=81, trace=300000)
ROOT 500000ac (kind=<JNI global ref>, id=82, trace=300000)
ROOT 5000006a (kind=<JNI global ref>, id=83, trace=300000)
ROOT 5000006b (kind=<JNI global ref>, id=84, trace=300000)
ROOT 5000006c (kind=<JNI global ref>, id=85, trace=300000)
ROOT 5000006d (kind=<JNI global ref>, id=86, trace=300000)
ROOT 5000014a (kind=<JNI global ref>, id=87, trace=300000)
ROOT 5000006e (kind=<JNI global ref>, id=88, trace=300000)
ROOT 5000006f (kind=<JNI global ref>, id=89, trace=300000)
ROOT 50000071 (kind=<JNI global ref>, id=8a, trace=300000)
ROOT 50000103 (kind=<JNI global ref>, id=8b, trace=300000)
ROOT 50000073 (kind=<JNI global ref>, id=8c, trace=300000)
ROOT 50000074 (kind=<JNI global ref>, id=8d, trace=300000)
ROOT 50000075 (kind=<JNI global ref>, id=8e, trace=300000)
ROOT 50000076 (kind=<JNI global ref>, id=8f, trace=300000)
ROOT 50000077 (kind=<JNI global ref>, id=90, trace=300000)
ROOT 500000b9 (kind=<JNI global ref>, id=91, trace=300000)
ROOT 50000078 (kind=<JNI global ref>, id=92, trace=300000)
ROOT 50000079 (kind=<JNI global ref>, id=93, trace=300000)
ROOT 5000007a (kind=<JNI global ref>, id=94, trace=300000)
ROOT 5000007b (kind=<JNI global ref>, id=95, trace=300000)
ROOT 5000015b (kind=<JNI global ref>, id=96, trace=300000)
ROOT 5000007c (kind=<JNI global ref>, id=97, trace=300000)
ROOT 5000008f (kind=<JNI global ref>, id=98, trace=300000)
ROOT 5000007d (kind=<JNI global ref>, id=99, trace=300000)
ROOT 5000007e (kind=<JNI global ref>, id=9a, trace=300000)
ROOT 5000007f (kind=<JNI global ref>, id=9b, trace=300000)
ROOT 50000080 (kind=<JNI global ref>, id=9c, trace=300000)
ROOT 50000081 (kind=<JNI global ref>, id=9d, trace=300000)
ROOT 50000082 (kind=<JNI global ref>, id=9e, trace=300000)
ROOT 50000083 (kind=<JNI global ref>, id=9f, trace=300000)
ROOT 50000135 (kind=<JNI global ref>, id=a0, trace=300000)
ROOT 50000084 (kind=<JNI global ref>, id=a1, trace=300000)
ROOT 50000085 (kind=<JNI global ref>, id=a2, trace=300000)
ROOT 50000086 (kind=<JNI global ref>, id=a3, trace=300000)
ROOT 50000087 (kind=<JNI global ref>, id=a4, trace=300000)
ROOT 50000088 (kind=<JNI global ref>, id=a5, trace=300000)
ROOT 50000145 (kind=<JNI global ref>, id=a6, trace=300000)
ROOT 50000089 (kind=<JNI global ref>, id=a7, trace=300000)
ROOT 5000008a (kind=<JNI global ref>, id=a8, trace=300000)
ROOT 5000008b (kind=<JNI global ref>, id=a9, trace=300000)
ROOT 5000008c (kind=<JNI global ref>, id=aa, trace=300000)
ROOT 5000008d (kind=<JNI global ref>, id=ab, trace=300000)
ROOT 5000008e (kind=<JNI global ref>, id=ac, trace=300000)
ROOT 50000090 (kind=<JNI global ref>, id=ad, trace=300000)
ROOT 50000091 (kind=<JNI global ref>, id=ae, trace=300000)
ROOT 50000092 (kind=<JNI global ref>, id=af, trace=300000)
ROOT 50000093 (kind=<JNI global ref>, id=b0, trace=300000)
ROOT 50000094 (kind=<JNI global ref>, id=b1, trace=300000)
ROOT 50000095 (kind=<JNI global ref>, id=b2, trace=300000)
ROOT 50000096 (kind=<JNI global ref>, id=b3, trace=300000)
ROOT 50000097 (kind=<JNI global ref>, id=b4, trace=300000)
ROOT 50000098 (kind=<JNI global ref>, id=b5, trace=300000)
ROOT 50000099 (kind=<JNI global ref>, id=b6, trace=300000)
ROOT 5000009a (kind=<JNI global ref>, id=b7, trace=300000)
ROOT 5000009b (kind=<JNI global ref>, id=b8, trace=300000)
ROOT 5000009c (kind=<JNI global ref>, id=b9, trace=300000)
ROOT 5000009e (kind=<JNI global ref>, id=ba, trace=300000)
ROOT 5000009f (kind=<JNI global ref>, id=bb, trace=300000)
ROOT 500000df (kind=<JNI global ref>, id=bc, trace=300000)
ROOT 500000a1 (kind=<JNI global ref>, id=bd, trace=300000)
ROOT 500000a2 (kind=<JNI global ref>, id=be, trace=300000)
ROOT 500000a3 (kind=<JNI global ref>, id=bf, trace=300000)
ROOT 500000a4 (kind=<JNI global ref>, id=c0, trace=300000)
ROOT 500000a5 (kind=<JNI global ref>, id=c1, trace=300000)
ROOT 500000a6 (kind=<JNI global ref>, id=c2, trace=300000)
ROOT 500000a7 (kind=<JNI global ref>, id=c3, trace=300000)
ROOT 500000a8 (kind=<JNI global ref>, id=c4, trace=300000)
ROOT 500000bd (kind=<JNI global ref>, id=c5, trace=300000)
ROOT 500000a9 (kind=<JNI global ref>, id=c6, trace=300000)
ROOT 500000aa (kind=<JNI global ref>, id=c7, trace=300000)
ROOT 500000ab (kind=<JNI global ref>, id=c8, trace=300000)
ROOT 500000ad (kind=<JNI global ref>, id=c9, trace=300000)
ROOT 500000e7 (kind=<JNI global ref>, id=ca, trace=300000)
ROOT 500000ae (kind=<JNI global ref>, id=cb, trace=300000)
ROOT 500000af (kind=<JNI global ref>, id=cc, trace=300000)
ROOT 500000b0 (kind=<JNI global ref>, id=cd, trace=300000)
ROOT 500000b1 (kind=<JNI global ref>, id=ce, trace=300000)
ROOT 500000b2 (kind=<JNI global ref>, id=cf, trace=300000)
ROOT 500000b3 (kind=<JNI global ref>, id=d0, trace=300000)
ROOT 500000b5 (kind=<JNI global ref>, id=d1, trace=300000)
ROOT 500000b6 (kind=<JNI global ref>, id=d2, trace=300000)
ROOT 500000b7 (kind=<JNI global ref>, id=d3, trace=300000)
ROOT 500000b8 (kind=<JNI global ref>, id=d4, trace=300000)
ROOT 500000ba (kind=<JNI global ref>, id=d5, trace=300000)
ROOT 500000bb (kind=<JNI global ref>, id=d6, trace=300000)
ROOT 500000be (kind=<JNI global ref>, id=d7, trace=300000)
ROOT 500000bf (kind=<JNI global ref>, id=d8, trace=300000)
ROOT 500000c0 (kind=<JNI global ref>, id=d9, trace=300000)
ROOT 500000c1 (kind=<JNI global ref>, id=da, trace=300000)
ROOT 500000c4 (kind=<JNI global ref>, id=db, trace=300000)
ROOT 500000c2 (kind=<JNI global ref>, id=dc, trace=300000)
ROOT 500000c3 (kind=<JNI global ref>, id=dd, trace=300000)
ROOT 50000149 (kind=<JNI global ref>, id=de, trace=300000)
ROOT 500000c5 (kind=<JNI global ref>, id=df, trace=300000)
ROOT 500000c6 (kind=<JNI global ref>, id=e0, trace=300000)
ROOT 500000c7 (kind=<JNI global ref>, id=e1, trace=300000)
ROOT 500000c8 (kind=<JNI global ref>, id=e2, trace=300000)
ROOT 50000108 (kind=<JNI global ref>, id=e3, trace=300000)
ROOT 500000c9 (kind=<JNI global ref>, id=e4, trace=300000)
ROOT 500000ca (kind=<JNI global ref>, id=e5, trace=300000)
ROOT 500000cb (kind=<JNI global ref>, id=e6, trace=300000)
ROOT 500000cc (kind=<JNI global ref>, id=e7, trace=300000)
ROOT 500000cd (kind=<JNI global ref>, id=e8, trace=300000)
ROOT 500000ce (kind=<JNI global ref>, id=e9, trace=300000)
ROOT 500000cf (kind=<JNI global ref>, id=ea, trace=300000)
ROOT 500000f4 (kind=<JNI global ref>, id=eb, trace=300000)
ROOT 500000d0 (kind=<JNI global ref>, id=ec, trace=300000)
ROOT 500000d1 (kind=<JNI global ref>, id=ed, trace=300000)
ROOT 500000d2 (kind=<JNI global ref>, id=ee, trace=300000)
ROOT 500000d3 (kind=<JNI global ref>, id=ef, trace=300000)
ROOT 5000015e (kind=<JNI global ref>, id=f0, trace=300000)
ROOT 500000d4 (kind=<JNI global ref>, id=f1, trace=300000)
ROOT 500000d5 (kind=<JNI global ref>, id=f2, trace=300000)
ROOT 500000d6 (kind=<JNI global ref>, id=f3, trace=300000)
ROOT 500000d7 (kind=<JNI global ref>, id=f4, trace=300000)
ROOT 500000d8 (kind=<JNI global ref>, id=f5, trace=300000)
ROOT 500000d9 (kind=<JNI global ref>, id=f6, trace=300000)
ROOT 500000da (kind=<JNI global ref>, id=f7, trace=300000)
ROOT 500000db (kind=<JNI global ref>, id=f8, trace=300000)
ROOT 500000dd (kind=<JNI global ref>, id=f9, trace=300000)
ROOT 500000de (kind=<JNI global ref>, id=fa, trace=300000)
ROOT 500000e0 (kind=<JNI global ref>, id=fb, trace=300000)
ROOT 500000e1 (kind=<JNI global ref>, id=fc, trace=300000)
ROOT 500000e2 (kind=<JNI global ref>, id=fd, trace=300000)
ROOT 500000e4 (kind=<JNI global ref>, id=fe, trace=300000)
ROOT 500000e5 (kind=<JNI global ref>, id=ff, trace=300000)
ROOT 500000e6 (kind=<JNI global ref>, id=100, trace=300000)
ROOT 500000e8 (kind=<JNI global ref>, id=101, trace=300000)
ROOT 500000e9 (kind=<JNI global ref>, id=102, trace=300000)
ROOT 500000ea (kind=<JNI global ref>, id=103, trace=300000)
ROOT 50000128 (kind=<JNI global ref>, id=104, trace=300000)
ROOT 500000ec (kind=<JNI global ref>, id=105, trace=300000)
ROOT 500000ed (kind=<JNI global ref>, id=106, trace=300000)
ROOT 500000ee (kind=<JNI global ref>, id=107, trace=300000)
ROOT 500000ef (kind=<JNI global ref>, id=108, trace=300000)
ROOT 5000013b (kind=<JNI global ref>, id=109, trace=300000)
ROOT 500000f0 (kind=<JNI global ref>, id=10a, trace=300000)
ROOT 500000f1 (kind=<JNI global ref>, id=10b, trace=300000)
ROOT 500000f2 (kind=<JNI global ref>, id=10c, trace=300000)
ROOT 500000f3 (kind=<JNI global ref>, id=10d, trace=300000)
ROOT 500000f5 (kind=<JNI global ref>, id=10e, trace=300000)
ROOT 500000f7 (kind=<JNI global ref>, id=10f, trace=300000)
ROOT 500000f8 (kind=<JNI global ref>, id=110, trace=300000)
ROOT 500000f9 (kind=<JNI global ref>, id=111, trace=300000)
ROOT 500000fb (kind=<JNI global ref>, id=112, trace=300000)
ROOT 500000fc (kind=<JNI global ref>, id=113, trace=300000)
ROOT 500000fe (kind=<JNI global ref>, id=114, trace=300000)
ROOT 500000ff (kind=<JNI global ref>, id=115, trace=300000)
ROOT 50000100 (kind=<JNI global ref>, id=116, trace=300000)
ROOT 50000101 (kind=<JNI global ref>, id=117, trace=300000)
ROOT 50000112 (kind=<JNI global ref>, id=118, trace=300000)
ROOT 50000102 (kind=<JNI global ref>, id=119, trace=300000)
ROOT 50000104 (kind=<JNI global ref>, id=11a, trace=300000)
ROOT 50000105 (kind=<JNI global ref>, id=11b, trace=300000)
ROOT 50000106 (kind=<JNI global ref>, id=11c, trace=300000)
ROOT 50000153 (kind=<JNI global ref>, id=11d, trace=300000)
ROOT 50000107 (kind=<JNI global ref>, id=11e, trace=300000)
ROOT 50000109 (kind=<JNI global ref>, id=11f, trace=300000)
ROOT 5000010a (kind=<JNI global ref>, id=120, trace=300000)
ROOT 5000010b (kind=<JNI global ref>, id=121, trace=300000)
ROOT 5000010c (kind=<JNI global ref>, id=122, trace=300000)
ROOT 5000010d (kind=<JNI global ref>, id=123, trace=300000)
ROOT 5000010e (kind=<JNI global ref>, id=124, trace=300000)
ROOT 50000110 (kind=<JNI global ref>, id=125, trace=300000)
ROOT 50000111 (kind=<JNI global ref>, id=126, trace=300000)
ROOT 50000113 (kind=<JNI global ref>, id=127, trace=300000)
ROOT 50000114 (kind=<JNI global ref>, id=128, trace=300000)
ROOT 50000115 (kind=<JNI global ref>, id=129, trace=300000)
ROOT 50000116 (kind=<JNI global ref>, id=12a, trace=300000)
ROOT 50000118 (kind=<JNI global ref>, id=12b, trace=300000)
ROOT 50000119 (kind=<JNI global ref>, id=12c, trace=300000)
ROOT 5000011b (kind=<JNI global ref>, id=12d, trace=300000)
ROOT 5000011c (kind=<JNI global ref>, id=12e, trace=300000)
ROOT 5000011d (kind=<JNI global ref>, id=12f, trace=300000)
ROOT 5000011e (kind=<JNI global ref>, id=130, trace=300000)
ROOT 5000011f (kind=<JNI global ref>, id=131, trace=300000)
ROOT 50000120 (kind=<JNI global ref>, id=132, trace=300000)
ROOT 50000121 (kind=<JNI global ref>, id=133, trace=300000)
ROOT 50000122 (kind=<JNI global ref>, id=134, trace=300000)
ROOT 50000123 (kind=<JNI global ref>, id=135, trace=300000)
ROOT 50000124 (kind=<JNI global ref>, id=136, trace=300000)
ROOT 50000125 (kind=<JNI global ref>, id=137, trace=300000)
ROOT 50000126 (kind=<JNI global ref>, id=138, trace=300000)
ROOT 50000127 (kind=<JNI global ref>, id=139, trace=300000)
ROOT 50000129 (kind=<JNI global ref>, id=13a, trace=300000)
ROOT 5000012a (kind=<JNI global ref>, id=13b, trace=300000)
ROOT 5000012b (kind=<JNI global ref>, id=13c, trace=300000)
ROOT 5000012c (kind=<JNI global ref>, id=13d, trace=300000)
ROOT 5000012d (kind=<JNI global ref>, id=13e, trace=300000)
ROOT 5000012e (kind=<JNI global ref>, id=13f, trace=300000)
ROOT 5000012f (kind=<JNI global ref>, id=140, trace=300000)
ROOT 50000130 (kind=<JNI global ref>, id=141, trace=300000)
ROOT 50000131 (kind=<JNI global ref>, id=142, trace=300000)
ROOT 50000132 (kind=<JNI global ref>, id=143, trace=300000)
ROOT 50000133 (kind=<JNI global ref>, id=144, trace=300000)
ROOT 50000134 (kind=<JNI global ref>, id=145, trace=300000)
ROOT 50000137 (kind=<JNI global ref>, id=146, trace=300000)
ROOT 50000138 (kind=<JNI global ref>, id=147, trace=300000)
ROOT 5000013a (kind=<JNI global ref>, id=148, trace=300000)
ROOT 5000013c (kind=<JNI global ref>, id=149, trace=300000)
ROOT 5000013d (kind=<JNI global ref>, id=14a, trace=300000)
ROOT 5000013f (kind=<JNI global ref>, id=14b, trace=300000)
ROOT 50000141 (kind=<JNI global ref>, id=14c, trace=300000)
ROOT 50000142 (kind=<JNI global ref>, id=14d, trace=300000)
ROOT 50000143 (kind=<JNI global ref>, id=14e, trace=300000)
ROOT 50000144 (kind=<JNI global ref>, id=14f, trace=300000)
ROOT 50000146 (kind=<JNI global ref>, id=150, trace=300000)
ROOT 50000147 (kind=<JNI global ref>, id=151, trace=300000)
ROOT 50000148 (kind=<JNI global ref>, id=152, trace=300000)
ROOT 5000014b (kind=<JNI global ref>, id=153, trace=300000)
ROOT 5000014c (kind=<JNI global ref>, id=154, trace=300000)
ROOT 5000014d (kind=<JNI global ref>, id=155, trace=300000)
ROOT 5000014e (kind=<JNI global ref>, id=156, trace=300000)
ROOT 5000014f (kind=<JNI global ref>, id=157, trace=300000)
ROOT 50000150 (kind=<JNI global ref>, id=158, trace=300000)
ROOT 50000151 (kind=<JNI global ref>, id=159, trace=300000)
ROOT 50000152 (kind=<JNI global ref>, id=15a, trace=300000)
ROOT 50000154 (kind=<JNI global ref>, id=15b, trace=300000)
ROOT 50000155 (kind=<JNI global ref>, id=15c, trace=300000)
ROOT 50000156 (kind=<JNI global ref>, id=15d, trace=300000)
ROOT 50000157 (kind=<JNI global ref>, id=15e, trace=300000)
ROOT 50000158 (kind=<JNI global ref>, id=15f, trace=300000)
ROOT 50000159 (kind=<JNI global ref>, id=160, trace=300000)
ROOT 5000015a (kind=<JNI global ref>, id=161, trace=300000)
ROOT 5000015c (kind=<JNI global ref>, id=162, trace=300000)
ROOT 5000015d (kind=<JNI global ref>, id=163, trace=300000)
ROOT 50000161 (kind=<JNI global ref>, id=164, trace=300000)
ROOT 50000163 (kind=<JNI global ref>, id=165, trace=300000)
ROOT 50000164 (kind=<JNI global ref>, id=166, trace=300000)
ROOT 50000165 (kind=<JNI global ref>, id=167, trace=300000)
ROOT 50000166 (kind=<JNI global ref>, id=168, trace=300000)
ROOT 50000167 (kind=<JNI global ref>, id=169, trace=300000)
ROOT 50000168 (kind=<JNI global ref>, id=16a, trace=300000)
ROOT 50000169 (kind=<JNI global ref>, id=16b, trace=300000)
ROOT 5000016a (kind=<JNI global ref>, id=16c, trace=300000)
ROOT 5000016b (kind=<JNI global ref>, id=16d, trace=300000)
ROOT 5000016c (kind=<JNI global ref>, id=16e, trace=300000)
ROOT 5000016d (kind=<JNI global ref>, id=16f, trace=300000)
ROOT 5000016e (kind=<JNI global ref>, id=170, trace=300000)
ROOT 5000016f (kind=<JNI global ref>, id=171, trace=300000)
ROOT 50000170 (kind=<JNI global ref>, id=172, trace=300000)
ROOT 50001706 (kind=<JNI global ref>, id=173, trace=300000)
ROOT 50001707 (kind=<JNI global ref>, id=174, trace=300000)
ROOT 5000011a (kind=<JNI global ref>, id=175, trace=300000)
ROOT 5000013c (kind=<JNI global ref>, id=176, trace=300000)
ROOT 500000aa (kind=<JNI global ref>, id=177, trace=300000)
ROOT 50000118 (kind=<JNI global ref>, id=178, trace=300000)
ROOT 50000094 (kind=<JNI global ref>, id=179, trace=300000)
ROOT 500000b1 (kind=<JNI global ref>, id=17a, trace=300000)
ROOT 50000046 (kind=<JNI global ref>, id=17b, trace=300000)
ROOT 50000103 (kind=<JNI global ref>, id=17c, trace=300000)
ROOT 50000072 (kind=<JNI global ref>, id=17d, trace=300000)
ROOT 5000014e (kind=<JNI global ref>, id=17e, trace=300000)
ROOT 50000135 (kind=<JNI global ref>, id=17f, trace=300000)
ROOT 500000fd (kind=<JNI global ref>, id=180, trace=300000)
ROOT 50000061 (kind=<JNI global ref>, id=181, trace=300000)
ROOT 5000005a (kind=<JNI global ref>, id=182, trace=300000)
ROOT 5000014f (kind=<JNI global ref>, id=183, trace=300000)
ROOT 50000083 (kind=<JNI global ref>, id=184, trace=300000)
ROOT 500000fe (kind=<JNI global ref>, id=185, trace=300000)
ROOT 500000b4 (kind=<JNI global ref>, id=186, trace=300000)
ROOT 500000b3 (kind=<JNI global ref>, id=187, trace=300000)
ROOT 50000065 (kind=<JNI global ref>, id=188, trace=300000)
ROOT 50000004 (kind=<JNI global ref>, id=189, trace=300000)
ROOT 500000c6 (kind=<JNI global ref>, id=18a, trace=300000)
ROOT 5000011c (kind=<JNI global ref>, id=18b, trace=300000)
ROOT 50000052 (kind=<JNI global ref>, id=18c, trace=300000)
ROOT 50000008 (kind=<JNI global ref>, id=18d, trace=300000)
ROOT 500000f4 (kind=<JNI global ref>, id=18e, trace=300000)
ROOT 5000013e (kind=<JNI global ref>, id=18f, trace=300000)
ROOT 50000082 (kind=<JNI global ref>, id=190, trace=300000)
ROOT 500000a9 (kind=<JNI global ref>, id=191, trace=300000)
ROOT 50000115 (kind=<JNI global ref>, id=192, trace=300000)
ROOT 5000008b (kind=<JNI global ref>, id=193, trace=300000)
ROOT 500000a4 (kind=<JNI global ref>, id=194, trace=300000)
ROOT 5000001a (kind=<JNI global ref>, id=195, trace=300000)
ROOT 500000fa (kind=<JNI global ref>, id=196, trace=300000)
ROOT 500000e8 (kind=<JNI global ref>, id=197, trace=300000)
ROOT 50000098 (kind=<JNI global ref>, id=198, trace=300000)
ROOT 5000010b (kind=<JNI global ref>, id=199, trace=300000)
ROOT 50000102 (kind=<JNI global ref>, id=19a, trace=300000)
ROOT 50000142 (kind=<JNI global ref>, id=19b, trace=300000)
ROOT 5000015b (kind=<JNI global ref>, id=19c, trace=300000)
ROOT 50000096 (kind=<JNI global ref>, id=19d, trace=300000)
ROOT 50000108 (kind=<JNI global ref>, id=19e, trace=300000)
ROOT 500000c5 (kind=<JNI global ref>, id=19f, trace=300000)
ROOT 50000043 (kind=<JNI global ref>, id=1a0, trace=300000)
ROOT 50000101 (kind=<JNI global ref>, id=1a1, trace=300000)
ROOT 50000112 (kind=<JNI global ref>, id=1a2, trace=300000)
ROOT 5000007b (kind=<JNI global ref>, id=1a3, trace=300000)
ROOT 50000062 (kind=<JNI global ref>, id=1a4, trace=300000)
ROOT 50000152 (kind=<JNI global ref>, id=1a5, trace=300000)
ROOT 500000b8 (kind=<JNI global ref>, id=1a6, trace=300000)
ROOT 5000006b (kind=<JNI global ref>, id=1a7, trace=300000)
ROOT 50000146 (kind=<JNI global ref>, id=1a8, trace=300000)
ROOT 500000c9 (kind=<JNI global ref>, id=1a9, trace=300000)
ROOT 5000015f (kind=<JNI global ref>, id=1aa, trace=300000)
ROOT 500000a3 (kind=<JNI global ref>, id=1ab, trace=300000)
ROOT 5000002e (kind=<JNI global ref>, id=1ac, trace=300000)
ROOT 50000166 (kind=<JNI global ref>, id=1ad, trace=300000)
ROOT 50000042 (kind=<JNI global ref>, id=1ae, trace=300000)
ROOT 50000160 (kind=<JNI global ref>, id=1af, trace=300000)
ROOT 50000075 (kind=<JNI global ref>, id=1b0, trace=300000)
ROOT 5000000a (kind=<JNI global ref>, id=1b1, trace=300000)
ROOT 50000023 (kind=<JNI global ref>, id=1b2, trace=300000)
ROOT 5000005e (kind=<JNI global ref>, id=1b3, trace=300000)
ROOT 5000001e (kind=<JNI global ref>, id=1b4, trace=300000)
ROOT 5000004a (kind=<JNI global ref>, id=1b5, trace=300000)
ROOT 50000168 (kind=<JNI global ref>, id=1b6, trace=300000)
ROOT 50000025 (kind=<JNI global ref>, id=1b7, trace=300000)
ROOT 50000158 (kind=<JNI global ref>, id=1b8, trace=300000)
ROOT 5000007e (kind=<JNI global ref>, id=1b9, trace=300000)
ROOT 500000b5 (kind=<JNI global ref>, id=1ba, trace=300000)
ROOT 50000134 (kind=<JNI global ref>, id=1bb, trace=300000)
ROOT 500000b7 (kind=<JNI global ref>, id=1bc, trace=300000)
ROOT 50000169 (kind=<JNI global ref>, id=1bd, trace=300000)
ROOT 5000016b (kind=<JNI global ref>, id=1be, trace=300000)
ROOT 5000016f (kind=<JNI global ref>, id=1bf, trace=300000)
ROOT 50000170 (kind=<JNI global ref>, id=1c0, trace=300000)
ROOT 5000016a (kind=<JNI global ref>, id=1c1, trace=300000)
ROOT 5000016d (kind=<JNI global ref>, id=1c2, trace=300000)
ROOT 5000016c (kind=<JNI global ref>, id=1c3, trace=300000)
ROOT 5000016e (kind=<JNI global ref>, id=1c4, trace=300000)
ROOT 50000187 (kind=<JNI global ref>, id=1c5, trace=300000)
ROOT 50000189 (kind=<JNI global ref>, id=1c6, trace=300015)
ROOT 5000018e (kind=<JNI global ref>, id=1c7, trace=300019)
ROOT 5000018f (kind=<JNI global ref>, id=1c8, trace=300020)
ROOT 50000190 (kind=<JNI global ref>, id=1c9, trace=300021)
ROOT 50000199 (kind=<JNI global ref>, id=1ca, trace=300030)
ROOT 5000019a (kind=<JNI global ref>, id=1cb, trace=300031)
ROOT 500001aa (kind=<JNI global ref>, id=1cc, trace=300046)
ROOT 500001ac (kind=<JNI global ref>, id=1cd, trace=300048)
ROOT 500001b6 (kind=<JNI global ref>, id=1ce, trace=300054)
ROOT 500001bf (kind=<JNI global ref>, id=1cf, trace=300062)
ROOT 500001c1 (kind=<JNI global ref>, id=1d0, trace=300064)
ROOT 500001c2 (kind=<JNI global ref>, id=1d1, trace=300064)
ROOT 500001c4 (kind=<JNI global ref>, id=1d2, trace=300066)
ROOT 500001c5 (kind=<JNI global ref>, id=1d3, trace=300066)
ROOT 500001c6 (kind=<JNI global ref>, id=1d4, trace=300066)
ROOT 500001c7 (kind=<JNI global ref>, id=1d5, trace=300066)
ROOT 500001cb (kind=<JNI global ref>, id=1d6, trace=300070)
ROOT 500001e3 (kind=<JNI global ref>, id=1d7, trace=300085)
ROOT 500001e4 (kind=<JNI global ref>, id=1d8, trace=300085)
ROOT 500001ed (kind=<JNI global ref>, id=1d9, trace=300093)
ROOT 50000202 (kind=<JNI global ref>, id=1da, trace=300101)
ROOT 50000208 (kind=<JNI global ref>, id=1db, trace=300107)
ROOT 5000020e (kind=<JNI global ref>, id=1dc, trace=300112)
ROOT 50000210 (kind=<JNI global ref>, id=1dd, trace=300114)
ROOT 50000211 (kind=<JNI global ref>, id=1de, trace=300114)
ROOT 50000212 (kind=<JNI global ref>, id=1df, trace=300115)
ROOT 50000213 (kind=<JNI global ref>, id=1e0, trace=300115)
ROOT 50000214 (kind=<JNI global ref>, id=1e1, trace=300116)
ROOT 50000215 (kind=<JNI global ref>, id=1e2, trace=300116)
ROOT 500002cd (kind=<JNI global ref>, id=1e3, trace=300141)
ROOT 500002cf (kind=<JNI global ref>, id=1e4, trace=300143)
ROOT 500002d6 (kind=<JNI global ref>, id=1e5, trace=300146)
ROOT 500002d7 (kind=<JNI global ref>, id=1e6, trace=300147)
ROOT 500002d8 (kind=<JNI global ref>, id=1e7, trace=300147)
ROOT 500002de (kind=<JNI global ref>, id=1e8, trace=300153)
ROOT 500002e2 (kind=<JNI global ref>, id=1e9, trace=300157)
ROOT 500002ed (kind=<JNI global ref>, id=1ea, trace=300164)
ROOT 50000302 (kind=<JNI global ref>, id=1eb, trace=300164)
ROOT 50000313 (kind=<JNI global ref>, id=1ec, trace=300164)
ROOT 50000324 (kind=<JNI global ref>, id=1ed, trace=300164)
ROOT 50000333 (kind=<JNI global ref>, id=1ee, trace=300177)
ROOT 50000336 (kind=<JNI global ref>, id=1ef, trace=300180)
ROOT 5000033c (kind=<JNI global ref>, id=1f0, trace=300184)
ROOT 5000033d (kind=<JNI global ref>, id=1f1, trace=300185)
ROOT 5000033f (kind=<JNI global ref>, id=1f2, trace=300187)
ROOT 50000341 (kind=<JNI global ref>, id=1f3, trace=300189)
ROOT 50000343 (kind=<JNI global ref>, id=1f4, trace=300191)
ROOT 50000344 (kind=<JNI global ref>, id=1f5, trace=300191)
ROOT 50000345 (kind=<JNI global ref>, id=1f6, trace=300191)
ROOT 50000023 (kind=<JNI global ref>, id=1f7, trace=300000)
ROOT 50000343 (kind=<JNI global ref>, id=1f8, trace=300191)
ROOT 50000345 (kind=<JNI global ref>, id=1f9, trace=300191)
ROOT 50000348 (kind=<JNI global ref>, id=1fa, trace=300194)
ROOT 50000349 (kind=<JNI global ref>, id=1fb, trace=300194)
ROOT 5000035a (kind=<JNI global ref>, id=1fc, trace=300201)
ROOT 50000360 (kind=<JNI global ref>, id=1fd, trace=300207)
ROOT 50000362 (kind=<JNI global ref>, id=1fe, trace=300209)
ROOT 50000363 (kind=<JNI global ref>, id=1ff, trace=300209)
ROOT 5000036e (kind=<JNI global ref>, id=200, trace=300217)
ROOT 50000371 (kind=<JNI global ref>, id=201, trace=300219)
ROOT 50000375 (kind=<JNI global ref>, id=202, trace=300222)
ROOT 50000377 (kind=<JNI global ref>, id=203, trace=300224)
ROOT 50000378 (kind=<JNI global ref>, id=204, trace=300224)
ROOT 500003ee (kind=<JNI global ref>, id=205, trace=300264)
ROOT 5000042d (kind=<JNI global ref>, id=206, trace=300315)
ROOT 5000087d (kind=<JNI global ref>, id=207, trace=300321)
ROOT 5000087e (kind=<JNI global ref>, id=208, trace=300321)
ROOT 50000880 (kind=<JNI global ref>, id=209, trace=300323)
ROOT 50000b30 (kind=<JNI global ref>, id=20a, trace=300329)
ROOT 50000b6d (kind=<JNI global ref>, id=20b, trace=300363)
ROOT 50000b6f (kind=<JNI global ref>, id=20c, trace=300365)
ROOT 50000b70 (kind=<JNI global ref>, id=20d, trace=300366)
ROOT 50000e71 (kind=<JNI global ref>, id=20e, trace=300434)
ROOT 50000ef7 (kind=<JNI global ref>, id=20f, trace=300436)
ROOT 5000104d (kind=<JNI global ref>, id=210, trace=300446)
ROOT 50001073 (kind=<JNI global ref>, id=211, trace=300466)
ROOT 50001074 (kind=<JNI global ref>, id=212, trace=300466)
ROOT 5000107a (kind=<JNI global ref>, id=213, trace=300472)
ROOT 5000107e (kind=<JNI global ref>, id=214, trace=300475)
ROOT 50001081 (kind=<JNI global ref>, id=215, trace=300478)
ROOT 50001083 (kind=<JNI global ref>, id=216, trace=300479)
ROOT 5000108b (kind=<JNI global ref>, id=217, trace=300485)
ROOT 500010a5 (kind=<JNI global ref>, id=218, trace=300497)
ROOT 500010a9 (kind=<JNI global ref>, id=219, trace=300501)
ROOT 500010aa (kind=<JNI global ref>, id=21a, trace=300502)
ROOT 500010ab (kind=<JNI global ref>, id=21b, trace=300502)
ROOT 500010ac (kind=<JNI global ref>, id=21c, trace=300502)
ROOT 500010c1 (kind=<JNI global ref>, id=21d, trace=300514)
ROOT 500010c2 (kind=<JNI global ref>, id=21e, trace=300515)
ROOT 500011e2 (kind=<JNI global ref>, id=21f, trace=300520)
ROOT 500011e5 (kind=<JNI global ref>, id=220, trace=300523)
ROOT 500011e6 (kind=<JNI global ref>, id=221, trace=300523)
ROOT 500011e7 (kind=<JNI global ref>, id=222, trace=300524)
ROOT 500011f4 (kind=<JNI global ref>, id=223, trace=300534)
ROOT 500011f5 (kind=<JNI global ref>, id=224, trace=300535)
ROOT 500011f6 (kind=<JNI global ref>, id=225, trace=300536)
ROOT 50001278 (kind=<JNI global ref>, id=226, trace=300538)
ROOT 50001279 (kind=<JNI global ref>, id=227, trace=300538)
ROOT 50001283 (kind=<JNI global ref>, id=228, trace=300548)
ROOT 5000129b (kind=<JNI global ref>, id=229, trace=300559)
ROOT 500012a4 (kind=<JNI global ref>, id=22a, trace=300566)
ROOT 500012a6 (kind=<JNI global ref>, id=22b, trace=300568)
ROOT 500012aa (kind=<JNI global ref>, id=22c, trace=300571)
ROOT 500012ac (kind=<JNI global ref>, id=22d, trace=300573)
ROOT 500012af (kind=<JNI global ref>, id=22e, trace=300576)
ROOT 500012b0 (kind=<JNI global ref>, id=22f, trace=300576)
ROOT 500012b8 (kind=<JNI global ref>, id=230, trace=300582)
ROOT 500012ba (kind=<JNI global ref>, id=231, trace=300583)
ROOT 500012bc (kind=<JNI global ref>, id=232, trace=300585)
ROOT 500012be (kind=<JNI global ref>, id=233, trace=300587)
ROOT 500012c0 (kind=<JNI global ref>, id=234, trace=300589)
ROOT 500012c2 (kind=<JNI global ref>, id=235, trace=300591)
ROOT 500012c4 (kind=<JNI global ref>, id=236, trace=300593)
ROOT 5000130b (kind=<JNI global ref>, id=237, trace=300597)
ROOT 5000130c (kind=<JNI global ref>, id=238, trace=300598)
ROOT 5000130e (kind=<JNI global ref>, id=239, trace=300600)
ROOT 50001312 (kind=<JNI global ref>, id=23a, trace=300603)
ROOT 50001315 (kind=<JNI global ref>, id=23b, trace=300605)
ROOT 5000131e (kind=<JNI global ref>, id=23c, trace=300608)
ROOT 5000133f (kind=<JNI global ref>, id=23d, trace=300085)
ROOT 5000135c (kind=<JNI global ref>, id=23e, trace=300085)
ROOT 50001379 (kind=<JNI global ref>, id=23f, trace=300085)
ROOT 5000138e (kind=<JNI global ref>, id=240, trace=300625)
ROOT 50001394 (kind=<JNI global ref>, id=241, trace=300629)
ROOT 5000143a (kind=<JNI global ref>, id=242, trace=300674)
ROOT 5000143c (kind=<JNI global ref>, id=243, trace=300676)
ROOT 50001444 (kind=<JNI global ref>, id=244, trace=300682)
ROOT 50001445 (kind=<JNI global ref>, id=245, trace=300682)
ROOT 500014c4 (kind=<JNI global ref>, id=246, trace=300719)
ROOT 50001546 (kind=<JNI global ref>, id=247, trace=300085)
ROOT 50001547 (kind=<JNI global ref>, id=248, trace=300085)
ROOT 50001548 (kind=<JNI global ref>, id=249, trace=300085)
ROOT 5000155d (kind=<JNI global ref>, id=24a, trace=300085)
ROOT 50001574 (kind=<JNI global ref>, id=24b, trace=300733)
ROOT 50001575 (kind=<JNI global ref>, id=24c, trace=300734)
ROOT 5000157d (kind=<JNI global ref>, id=24d, trace=300739)
ROOT 50001581 (kind=<JNI global ref>, id=24e, trace=300743)
ROOT 5000158a (kind=<JNI global ref>, id=24f, trace=300752)
ROOT 500015a9 (kind=<JNI global ref>, id=250, trace=300775)
ROOT 500015aa (kind=<JNI global ref>, id=251, trace=300775)
ROOT 500015ac (kind=<JNI global ref>, id=252, trace=300777)
ROOT 500016f6 (kind=<JNI global ref>, id=253, trace=300000)
ROOT 500016f8 (kind=<JNI global ref>, id=254, trace=300819)
ROOT 500016fb (kind=<JNI global ref>, id=255, trace=300000)
ROOT 500016fc (kind=<JNI global ref>, id=256, trace=300000)
ROOT 500016fd (kind=<JNI global ref>, id=257, trace=300000)
ROOT 500016fe (kind=<JNI global ref>, id=258, trace=300000)
ROOT 50001708 (kind=<unknown>)
ROOT 5000011a (kind=<system class>, name=java.lang.Object)
ROOT 5000013c (kind=<system class>, name=java.lang.String)
ROOT 500000aa (kind=<system class>, name=java.lang.Class)
ROOT 50000118 (kind=<system class>, name=java.lang.Cloneable)
ROOT 50000094 (kind=<system class>, name=java.lang.ClassLoader)
ROOT 500000b1 (kind=<system class>, name=java.io.Serializable)
ROOT 50000046 (kind=<system class>, name=java.lang.System)
ROOT 50000103 (kind=<system class>, name=java.lang.Throwable)
ROOT 50000072 (kind=<system class>, name=java.lang.Error)
ROOT 5000014e (kind=<system class>, name=java.lang.ThreadDeath)
ROOT 50000135 (kind=<system class>, name=java.lang.Exception)
ROOT 500000fd (kind=<system class>, name=java.lang.RuntimeException)
ROOT 50000061 (kind=<system class>, name=java.security.ProtectionDomain)
ROOT 5000005a (kind=<system class>, name=java.security.AccessControlContext)
ROOT 5000014f (kind=<system class>, name=java.lang.ClassNotFoundException)
ROOT 500000fe (kind=<system class>, name=java.lang.NoClassDefFoundError)
ROOT 500000b4 (kind=<system class>, name=java.lang.LinkageError)
ROOT 500000b3 (kind=<system class>, name=java.lang.ClassCastException)
ROOT 50000065 (kind=<system class>, name=java.lang.ArrayStoreException)
ROOT 50000004 (kind=<system class>, name=java.lang.VirtualMachineError)
ROOT 500000c6 (kind=<system class>, name=java.lang.OutOfMemoryError)
ROOT 5000011c (kind=<system class>, name=java.lang.StackOverflowError)
ROOT 50000052 (kind=<system class>, name=java.lang.IllegalMonitorStateException)
ROOT 50000008 (kind=<system class>, name=java.lang.ref.Reference)
ROOT 500000f4 (kind=<system class>, name=java.lang.ref.SoftReference)
ROOT 5000013e (kind=<system class>, name=java.lang.ref.WeakReference)
ROOT 50000082 (kind=<system class>, name=java.lang.ref.FinalReference)
ROOT 500000a9 (kind=<system class>, name=java.lang.ref.PhantomReference)
ROOT 50000115 (kind=<system class>, name=java.lang.ref.Finalizer)
ROOT 5000008b (kind=<system class>, name=java.lang.Thread)
ROOT 500000a4 (kind=<system class>, name=java.lang.ThreadGroup)
ROOT 5000001a (kind=<system class>, name=java.util.Properties)
ROOT 50000098 (kind=<system class>, name=java.lang.reflect.AccessibleObject)
ROOT 5000010b (kind=<system class>, name=java.lang.reflect.Field)
ROOT 50000102 (kind=<system class>, name=java.lang.reflect.Method)
ROOT 50000142 (kind=<system class>, name=java.lang.reflect.Constructor)
ROOT 5000015b (kind=<system class>, name=sun.reflect.MagicAccessorImpl)
ROOT 50000096 (kind=<system class>, name=sun.reflect.MethodAccessorImpl)
ROOT 50000108 (kind=<system class>, name=sun.reflect.ConstructorAccessorImpl)
ROOT 500000c5 (kind=<system class>, name=sun.reflect.DelegatingClassLoader)
ROOT 50000043 (kind=<system class>, name=sun.reflect.ConstantPool)
ROOT 50000101 (kind=<system class>, name=sun.reflect.UnsafeStaticFieldAccessorImpl)
ROOT 50000062 (kind=<system class>, name=java.lang.invoke.MethodHandle)
ROOT 50000152 (kind=<system class>, name=java.lang.invoke.MemberName)
ROOT 500000b8 (kind=<system class>, name=java.lang.invoke.MethodHandleNatives)
ROOT 5000006b (kind=<system class>, name=java.lang.invoke.LambdaForm)
ROOT 50000146 (kind=<system class>, name=java.lang.invoke.MethodType)
ROOT 500000c9 (kind=<system class>, name=java.lang.BootstrapMethodError)
ROOT 5000015f (kind=<system class>, name=java.lang.invoke.CallSite)
ROOT 500000a3 (kind=<system class>, name=java.lang.invoke.ConstantCallSite)
ROOT 5000002e (kind=<system class>, name=java.lang.invoke.MutableCallSite)
ROOT 50000166 (kind=<system class>, name=java.lang.invoke.VolatileCallSite)
ROOT 50000042 (kind=<system class>, name=java.lang.StringBuffer)
ROOT 50000075 (kind=<system class>, name=java.lang.StringBuilder)
ROOT 5000000a (kind=<system class>, name=java.lang.StackTraceElement)
ROOT 50000023 (kind=<system class>, name=java.nio.Buffer)
ROOT 5000005e (kind=<system class>, name=sun.misc.PostVMInitHook)
ROOT 5000001e (kind=<system class>, name=java.lang.Boolean)
ROOT 5000004a (kind=<system class>, name=java.lang.Character)
ROOT 50000168 (kind=<system class>, name=java.lang.Float)
ROOT 50000158 (kind=<system class>, name=java.lang.Double)
ROOT 5000007e (kind=<system class>, name=java.lang.Byte)
ROOT 500000b5 (kind=<system class>, name=java.lang.Short)
ROOT 50000134 (kind=<system class>, name=java.lang.Integer)
ROOT 500000b7 (kind=<system class>, name=java.lang.Long)
ROOT 5000001e (kind=<system class>, name=java.lang.Boolean)
ROOT 5000004a (kind=<system class>, name=java.lang.Character)
ROOT 50000168 (kind=<system class>, name=java.lang.Float)
ROOT 50000158 (kind=<system class>, name=java.lang.Double)
ROOT 5000007e (kind=<system class>, name=java.lang.Byte)
ROOT 500000b5 (kind=<system class>, name=java.lang.Short)
ROOT 50000134 (kind=<system class>, name=java.lang.Integer)
ROOT 500000b7 (kind=<system class>, name=java.lang.Long)
ROOT 50000103 (kind=<system class>, name=java.lang.Throwable)
ROOT 50000043 (kind=<system class>, name=sun.reflect.ConstantPool)
ROOT 50000101 (kind=<system class>, name=sun.reflect.UnsafeStaticFieldAccessorImpl)
ROOT 50000001 (kind=<system class>, name=java.lang.ClassLoader$NativeLibrary)
ROOT 50000002 (kind=<system class>, name=sun.misc.SignalHandler)
ROOT 50000003 (kind=<system class>, name=java.util.HashMap$EntryIterator)
ROOT 50000004 (kind=<system class>, name=java.lang.VirtualMachineError)
ROOT 50001581 (kind=<system class>, name=java.math.RoundingMode)
ROOT 50000006 (kind=<system class>, name=sun.reflect.MethodAccessor)
ROOT 50000007 (kind=<system class>, name=java.lang.Runtime)
ROOT 50000008 (kind=<system class>, name=java.lang.ref.Reference)
ROOT 5000000a (kind=<system class>, name=java.lang.StackTraceElement)
ROOT 5000000c (kind=<system class>, name=sun.nio.cs.ArrayDecoder)
ROOT 5000000d (kind=<system class>, name=sun.misc.JavaNetAccess)
ROOT 5000000e (kind=<system class>, name=java.util.concurrent.atomic.AtomicInteger)
ROOT 5000000f (kind=<system class>, name=java.util.Arrays)
ROOT 50000010 (kind=<system class>, name=java.util.concurrent.ConcurrentHashMap$Segment)
ROOT 50000012 (kind=<system class>, name=java.util.WeakHashMap$Entry)
ROOT 50000014 (kind=<system class>, name=java.lang.ThreadLocal)
ROOT 50001074 (kind=<system class>, name=java.text.MessageFormat)
ROOT 50000015 (kind=<system class>, name=java.io.ExpiringCache$Entry)
ROOT 50000016 (kind=<system class>, name=java.io.Reader)
ROOT 50000017 (kind=<system class>, name=java.lang.IncompatibleClassChangeError)
ROOT 50000018 (kind=<system class>, name=sun.nio.cs.StandardCharsets$Cache)
ROOT 500012aa (kind=<system class>, name=java.util.ServiceLoader$LazyIterator)
ROOT 50000019 (kind=<system class>, name=java.io.ExpiringCache)
ROOT 5000001a (kind=<system class>, name=java.util.Properties)
ROOT 5000001b (kind=<system class>, name=java.util.Collections$SetFromMap)
ROOT 5000001c (kind=<system class>, name=java.security.ProtectionDomain$1)
ROOT 5000001d (kind=<system class>, name=java.lang.ClassLoader$ParallelLoaders)
ROOT 500001b6 (kind=<system class>, name=java.util.ResourceBundle$Control$CandidateListCache)
ROOT 5000001e (kind=<system class>, name=java.lang.Boolean)
ROOT 5000001f (kind=<system class>, name=java.util.concurrent.locks.Lock)
ROOT 50000021 (kind=<system class>, name=java.util.WeakHashMap)
ROOT 50001547 (kind=<system class>, name=sun.util.resources.LocaleNamesBundle)
ROOT 500010ab (kind=<system class>, name=java.text.Format$Field)
ROOT 50000022 (kind=<system class>, name=java.util.concurrent.atomic.AtomicLong)
ROOT 50000023 (kind=<system class>, name=java.nio.Buffer)
ROOT 500011f4 (kind=<system class>, name=sun.util.locale.LocaleExtensions)
ROOT 50000190 (kind=<system class>, name=java.util.ResourceBundle$1)
ROOT 50000024 (kind=<system class>, name=java.util.Locale$Cache)
ROOT 50000025 (kind=<system class>, name=java.lang.Number)
ROOT 50000026 (kind=<system class>, name=java.util.Collections$SynchronizedSet)
ROOT 50000027 (kind=<system class>, name=java.lang.Terminator$1)
ROOT 50000028 (kind=<system class>, name=sun.nio.cs.UTF_8)
ROOT 50000029 (kind=<system class>, name=java.nio.Bits$1)
ROOT 5000002a (kind=<system class>, name=java.util.Enumeration)
ROOT 5000002b (kind=<system class>, name=sun.nio.cs.StandardCharsets$Aliases)
ROOT 5000002c (kind=<system class>, name=java.lang.Runnable)
ROOT 5000002e (kind=<system class>, name=java.lang.invoke.MutableCallSite)
ROOT 5000002f (kind=<system class>, name=sun.net.www.protocol.file.Handler)
ROOT 50000030 (kind=<system class>, name=sun.util.locale.LocaleObjectCache)
ROOT 50000213 (kind=<system class>, name=java.util.zip.ZipFile)
ROOT 500010c1 (kind=<system class>, name=java.lang.Integer$IntegerCache)
ROOT 50000031 (kind=<system class>, name=java.nio.charset.CoderResult$2)
ROOT 50000032 (kind=<system class>, name=java.util.Vector)
ROOT 50000033 (kind=<system class>, name=java.lang.Thread$UncaughtExceptionHandler)
ROOT 5000087d (kind=<system class>, name=java.io.IOException)
ROOT 50000035 (kind=<system class>, name=java.util.concurrent.ConcurrentMap)
ROOT 50000036 (kind=<system class>, name=java.nio.ByteOrder)
ROOT 50000037 (kind=<system class>, name=java.nio.charset.CoderResult$1)
ROOT 5000138e (kind=<system class>, name=java.text.DecimalFormatSymbols)
ROOT 50000038 (kind=<system class>, name=java.lang.reflect.InvocationHandler)
ROOT 50000039 (kind=<system class>, name=java.lang.reflect.ReflectAccess)
ROOT 50000363 (kind=<system class>, name=java.util.jar.JarFile$JarFileEntry)
ROOT 5000003a (kind=<system class>, name=java.lang.ref.Reference$Lock)
ROOT 50001548 (kind=<system class>, name=sun.util.resources.CurrencyNames)
ROOT 5000003b (kind=<system class>, name=sun.nio.cs.FastCharsetProvider)
ROOT 5000003c (kind=<system class>, name=java.util.BitSet)
ROOT 5000003d (kind=<system class>, name=java.lang.NoSuchMethodError)
ROOT 500010ac (kind=<system class>, name=java.text.MessageFormat$Field)
ROOT 5000130b (kind=<system class>, name=sun.util.resources.LocaleData)
ROOT 5000003e (kind=<system class>, name=java.lang.String$CaseInsensitiveComparator)
ROOT 50001279 (kind=<system class>, name=sun.util.locale.UnicodeLocaleExtension)
ROOT 50000b30 (kind=<system class>, name=sun.misc.URLClassPath$FileLoader)
ROOT 500002d7 (kind=<system class>, name=sun.misc.JavaUtilJarAccess)
ROOT 5000003f (kind=<system class>, name=java.io.BufferedInputStream)
ROOT 50000040 (kind=<system class>, name=java.nio.CharBuffer)
ROOT 50000041 (kind=<system class>, name=java.util.Collections$SynchronizedCollection)
ROOT 50000042 (kind=<system class>, name=java.lang.StringBuffer)
ROOT 500001c4 (kind=<system class>, name=java.util.Queue)
ROOT 50000043 (kind=<system class>, name=sun.reflect.ConstantPool)
ROOT 50000302 (kind=<system class>, name=sun.nio.cs.UTF_16BE)
ROOT 50000044 (kind=<system class>, name=java.nio.HeapByteBuffer)
ROOT 50000045 (kind=<system class>, name=sun.nio.cs.StandardCharsets)
ROOT 50000046 (kind=<system class>, name=java.lang.System)
ROOT 50000047 (kind=<system class>, name=java.io.InputStream)
ROOT 500012c4 (kind=<system class>, name=java.net.URLClassLoader$3$1)
ROOT 500001cb (kind=<system class>, name=java.util.LinkedList$Node)
ROOT 50000048 (kind=<system class>, name=java.lang.ThreadLocal$ThreadLocalMap$Entry)
ROOT 5000004a (kind=<system class>, name=java.lang.Character)
ROOT 5000004b (kind=<system class>, name=java.util.Locale)
ROOT 5000004c (kind=<system class>, name=java.nio.charset.CharsetEncoder)
ROOT 5000004d (kind=<system class>, name=java.util.concurrent.locks.AbstractOwnableSynchronizer)
ROOT 5000004e (kind=<system class>, name=sun.misc.JavaSecurityProtectionDomainAccess)
ROOT 5000004f (kind=<system class>, name=java.lang.reflect.Type)
ROOT 500010aa (kind=<system class>, name=java.text.AttributedCharacterIterator$Attribute)
ROOT 50000051 (kind=<system class>, name=java.nio.charset.CharsetDecoder)
ROOT 50000052 (kind=<system class>, name=java.lang.IllegalMonitorStateException)
ROOT 50000053 (kind=<system class>, name=java.util.Map)
ROOT 50000ef7 (kind=<system class>, name=java.net.URLClassLoader$2)
ROOT 50000054 (kind=<system class>, name=java.lang.reflect.Proxy)
ROOT 50000055 (kind=<system class>, name=java.security.AccessController)
ROOT 50000056 (kind=<system class>, name=sun.nio.cs.StreamDecoder)
ROOT 50000057 (kind=<system class>, name=java.io.FileReader)
ROOT 50000058 (kind=<system class>, name=sun.misc.Launcher$AppClassLoader$1)
ROOT 50000059 (kind=<system class>, name=java.lang.Iterable)
ROOT 5000005a (kind=<system class>, name=java.security.AccessControlContext)
ROOT 5000019a (kind=<system class>, name=java.util.ResourceBundle$RBClassLoader$1)
ROOT 50000345 (kind=<system class>, name=java.nio.DirectByteBuffer)
ROOT 5000005b (kind=<system class>, name=java.util.Iterator)
ROOT 5000005c (kind=<system class>, name=java.security.Guard)
ROOT 5000005d (kind=<system class>, name=java.lang.NullPointerException)
ROOT 5000005e (kind=<system class>, name=sun.misc.PostVMInitHook)
ROOT 500012c0 (kind=<system class>, name=java.net.URLClassLoader$3)
ROOT 5000005f (kind=<system class>, name=java.lang.StringCoding$StringDecoder)
ROOT 50000060 (kind=<system class>, name=java.security.BasicPermission)
ROOT 50000061 (kind=<system class>, name=java.security.ProtectionDomain)
ROOT 50000062 (kind=<system class>, name=java.lang.invoke.MethodHandle)
ROOT 50000063 (kind=<system class>, name=sun.misc.Hashing)
ROOT 50000064 (kind=<system class>, name=java.lang.IllegalArgumentException)
ROOT 50000065 (kind=<system class>, name=java.lang.ArrayStoreException)
ROOT 50000066 (kind=<system class>, name=java.util.concurrent.locks.AbstractQueuedSynchronizer$Node)
ROOT 50000067 (kind=<system class>, name=java.lang.ClassLoader$3)
ROOT 50000068 (kind=<system class>, name=sun.nio.cs.ArrayEncoder)
ROOT 50000069 (kind=<system class>, name=java.util.concurrent.ThreadLocalRandom)
ROOT 5000006a (kind=<system class>, name=java.lang.reflect.Array)
ROOT 5000006b (kind=<system class>, name=java.lang.invoke.LambdaForm)
ROOT 5000006c (kind=<system class>, name=java.util.Collections$EmptyList)
ROOT 5000006d (kind=<system class>, name=java.io.File$PathStatus)
ROOT 5000006f (kind=<system class>, name=java.util.Set)
ROOT 50000070 (kind=<system class>, name=java.util.AbstractMap)
ROOT 50000071 (kind=<system class>, name=sun.misc.Signal)
ROOT 50000072 (kind=<system class>, name=java.lang.Error)
ROOT 50000215 (kind=<system class>, name=java.util.zip.ZipFile$2)
ROOT 50001379 (kind=<system class>, name=sun.text.resources.FormatData_en_US)
ROOT 50000074 (kind=<system class>, name=sun.misc.Version)
ROOT 50000075 (kind=<system class>, name=java.lang.StringBuilder)
ROOT 500012c2 (kind=<system class>, name=sun.misc.CompoundEnumeration)
ROOT 50000076 (kind=<system class>, name=java.util.Hashtable$Enumerator)
ROOT 50000371 (kind=<system class>, name=java.util.zip.Inflater)
ROOT 50000077 (kind=<system class>, name=java.io.UnixFileSystem)
ROOT 50000078 (kind=<system class>, name=java.lang.StringCoding$StringEncoder)
ROOT 50000079 (kind=<system class>, name=sun.nio.cs.StandardCharsets$Classes)
ROOT 5000036e (kind=<system class>, name=java.util.zip.ZipFile$ZipFileInputStream)
ROOT 5000007a (kind=<system class>, name=sun.reflect.misc.ReflectUtil)
ROOT 5000007b (kind=<system class>, name=sun.reflect.FieldAccessorImpl)
ROOT 50000375 (kind=<system class>, name=java.util.zip.ZStreamRef)
ROOT 500002cf (kind=<system class>, name=sun.misc.FileURLMapper)
ROOT 5000007c (kind=<system class>, name=java.io.OutputStreamWriter)
ROOT 50000b6d (kind=<system class>, name=java.util.ResourceBundle$Control$1)
ROOT 5000007d (kind=<system class>, name=java.io.FileInputStream)
ROOT 5000007e (kind=<system class>, name=java.lang.Byte)
ROOT 5000007f (kind=<system class>, name=sun.misc.Launcher$Factory)
ROOT 500001ac (kind=<system class>, name=java.util.Arrays$ArrayList)
ROOT 50000080 (kind=<system class>, name=java.util.Locale$LocaleKey)
ROOT 50000081 (kind=<system class>, name=sun.misc.JavaIOFileDescriptorAccess)
ROOT 50000082 (kind=<system class>, name=java.lang.ref.FinalReference)
ROOT 50000083 (kind=<system class>, name=java.lang.ReflectiveOperationException)
ROOT 50000084 (kind=<system class>, name=java.lang.ArithmeticException)
ROOT 500011f5 (kind=<system class>, name=java.lang.Character$CharacterCache)
ROOT 50000085 (kind=<system class>, name=java.security.Principal)
ROOT 50000087 (kind=<system class>, name=java.lang.Terminator)
ROOT 50000088 (kind=<system class>, name=java.io.FileOutputStream)
ROOT 50000089 (kind=<system class>, name=java.util.Hashtable$EntrySet)
ROOT 5000008a (kind=<system class>, name=sun.misc.IoTrace)
ROOT 5000008b (kind=<system class>, name=java.lang.Thread)
ROOT 500015a9 (kind=<system class>, name=java.text.Format$FieldDelegate)
ROOT 5000008d (kind=<system class>, name=java.util.Collection)
ROOT 5000008e (kind=<system class>, name=sun.net.www.protocol.jar.Handler)
ROOT 5000008f (kind=<system class>, name=java.io.Writer)
ROOT 500012a6 (kind=<system class>, name=java.util.ServiceLoader)
ROOT 50000090 (kind=<system class>, name=java.util.concurrent.ThreadLocalRandom$1)
ROOT 50000091 (kind=<system class>, name=java.lang.Comparable)
ROOT 500001c5 (kind=<system class>, name=java.util.Deque)
ROOT 50000093 (kind=<system class>, name=java.lang.RuntimePermission)
ROOT 50000094 (kind=<system class>, name=java.lang.ClassLoader)
ROOT 50000095 (kind=<system class>, name=java.io.Flushable)
ROOT 500001ed (kind=<system class>, name=java.util.ResourceBundle$BundleReference)
ROOT 50000096 (kind=<system class>, name=sun.reflect.MethodAccessorImpl)
ROOT 50000097 (kind=<system class>, name=java.nio.charset.CodingErrorAction)
ROOT 50000098 (kind=<system class>, name=java.lang.reflect.AccessibleObject)
ROOT 500001aa (kind=<system class>, name=java.util.ResourceBundle$Control)
ROOT 5000009a (kind=<system class>, name=sun.util.locale.BaseLocale)
ROOT 50000e71 (kind=<system class>, name=java.io.FileNotFoundException)
ROOT 5000009b (kind=<system class>, name=java.security.SecureClassLoader)
ROOT 50000336 (kind=<system class>, name=java.util.zip.ZipCoder)
ROOT 5000155d (kind=<system class>, name=sun.util.resources.CurrencyNames_en_US)
ROOT 500011e7 (kind=<system class>, name=sun.util.LocaleServiceProviderPool)
ROOT 5000009c (kind=<system class>, name=java.net.URL$1)
ROOT 5000042d (kind=<system class>, name=sun.misc.IOUtils)
ROOT 500011e6 (kind=<system class>, name=java.text.spi.NumberFormatProvider)
ROOT 5000009d (kind=<system class>, name=java.io.FilterInputStream)
ROOT 5000009e (kind=<system class>, name=java.lang.StringCoding)
ROOT 5000009f (kind=<system class>, name=java.util.Collections$UnmodifiableList)
ROOT 50000210 (kind=<system class>, name=sun.misc.URLClassPath$Loader)
ROOT 500000a0 (kind=<system class>, name=java.util.concurrent.locks.ReentrantLock)
ROOT 500000a2 (kind=<system class>, name=java.lang.Compiler)
ROOT 50001444 (kind=<system class>, name=java.io.DataInput)
ROOT 500000a3 (kind=<system class>, name=java.lang.invoke.ConstantCallSite)
ROOT 5000033c (kind=<system class>, name=sun.misc.PerfCounter)
ROOT 500000a4 (kind=<system class>, name=java.lang.ThreadGroup)
ROOT 500000a6 (kind=<system class>, name=java.util.WeakHashMap$Holder)
ROOT 500000a7 (kind=<system class>, name=java.lang.reflect.ReflectPermission)
ROOT 500012b0 (kind=<system class>, name=java.util.LinkedHashMap$EntryIterator)
ROOT 500000a8 (kind=<system class>, name=java.io.PrintStream)
ROOT 5000020e (kind=<system class>, name=sun.misc.URLClassPath$3)
ROOT 500000a9 (kind=<system class>, name=java.lang.ref.PhantomReference)
ROOT 500000aa (kind=<system class>, name=java.lang.Class)
ROOT 500000ac (kind=<system class>, name=java.util.Random)
ROOT 500000ad (kind=<system class>, name=sun.misc.Launcher$ExtClassLoader)
ROOT 500000ae (kind=<system class>, name=java.lang.ThreadLocal$ThreadLocalMap)
ROOT 5000130c (kind=<system class>, name=sun.util.resources.LocaleData$1)
ROOT 500000af (kind=<system class>, name=java.util.Hashtable$Holder)
ROOT 500010a5 (kind=<system class>, name=java.text.FieldPosition)
ROOT 5000035a (kind=<system class>, name=sun.misc.JarIndex)
ROOT 500000b0 (kind=<system class>, name=java.net.URLStreamHandlerFactory)
ROOT 50000313 (kind=<system class>, name=sun.nio.cs.UTF_16LE)
ROOT 500002de (kind=<system class>, name=java.nio.charset.StandardCharsets)
ROOT 500000b1 (kind=<system class>, name=java.io.Serializable)
ROOT 500000b3 (kind=<system class>, name=java.lang.ClassCastException)
ROOT 500000b4 (kind=<system class>, name=java.lang.LinkageError)
ROOT 500000b5 (kind=<system class>, name=java.lang.Short)
ROOT 5000087e (kind=<system class>, name=java.util.zip.ZipException)
ROOT 50000208 (kind=<system class>, name=sun.net.util.URLUtil)
ROOT 500000b6 (kind=<system class>, name=sun.reflect.ReflectionFactory$1)
ROOT 500000b7 (kind=<system class>, name=java.lang.Long)
ROOT 500000b8 (kind=<system class>, name=java.lang.invoke.MethodHandleNatives)
ROOT 500002ed (kind=<system class>, name=sun.nio.cs.ISO_8859_1)
ROOT 500000b9 (kind=<system class>, name=java.io.FileSystem)
ROOT 500000ba (kind=<system class>, name=java.nio.Bits)
ROOT 500000bb (kind=<system class>, name=sun.misc.OSEnvironment)
ROOT 500000bc (kind=<system class>, name=java.security.Permission)
ROOT 500000bd (kind=<system class>, name=java.io.FilterOutputStream)
ROOT 5000143a (kind=<system class>, name=java.util.Currency)
ROOT 500001c6 (kind=<system class>, name=java.util.AbstractSequentialList)
ROOT 500000be (kind=<system class>, name=sun.reflect.ReflectionFactory)
ROOT 500000bf (kind=<system class>, name=java.util.WeakHashMap$KeySet)
ROOT 500000c0 (kind=<system class>, name=sun.misc.NativeSignalHandler)
ROOT 500000c1 (kind=<system class>, name=java.util.concurrent.locks.ReentrantLock$NonfairSync)
ROOT 500000c2 (kind=<system class>, name=java.lang.ref.ReferenceQueue)
ROOT 5000033f (kind=<system class>, name=sun.misc.Perf)
ROOT 500002d8 (kind=<system class>, name=java.util.jar.JavaUtilJarAccessImpl)
ROOT 500000c3 (kind=<system class>, name=java.util.StringTokenizer)
ROOT 500000c4 (kind=<system class>, name=java.util.concurrent.locks.ReentrantLock$Sync)
ROOT 500000c5 (kind=<system class>, name=sun.reflect.DelegatingClassLoader)
ROOT 500000c6 (kind=<system class>, name=java.lang.OutOfMemoryError)
ROOT 500001bf (kind=<system class>, name=java.util.ResourceBundle$CacheKey)
ROOT 500000c8 (kind=<system class>, name=sun.reflect.DelegatingConstructorAccessorImpl)
ROOT 500000c9 (kind=<system class>, name=java.lang.BootstrapMethodError)
ROOT 500000ca (kind=<system class>, name=java.util.HashMap$Holder)
ROOT 500012bc (kind=<system class>, name=java.lang.ClassLoader$2)
ROOT 500000cb (kind=<system class>, name=java.util.HashSet)
ROOT 500000cc (kind=<system class>, name=sun.misc.MetaIndex)
ROOT 500012af (kind=<system class>, name=java.util.LinkedHashMap$LinkedHashIterator)
ROOT 500000cd (kind=<system class>, name=sun.nio.cs.UTF_8$Encoder)
ROOT 500000ce (kind=<system class>, name=sun.net.www.ParseUtil)
ROOT 500000cf (kind=<system class>, name=sun.util.locale.LocaleObjectCache$CacheEntry)
ROOT 500000d0 (kind=<system class>, name=sun.misc.Launcher$AppClassLoader)
ROOT 500000d1 (kind=<system class>, name=java.util.Map$Entry)
ROOT 500003ee (kind=<system class>, name=sun.misc.ExtensionDependency)
ROOT 500000d3 (kind=<system class>, name=java.io.ExpiringCache$1)
ROOT 500000d4 (kind=<system class>, name=java.lang.reflect.AnnotatedElement)
ROOT 500000d6 (kind=<system class>, name=java.nio.HeapCharBuffer)
ROOT 500000d7 (kind=<system class>, name=sun.misc.Unsafe)
ROOT 500000d8 (kind=<system class>, name=java.security.CodeSource)
ROOT 500000d9 (kind=<system class>, name=com.sun.demo.jvmti.hprof.Tracker)
ROOT 500000da (kind=<system class>, name=java.lang.ref.Finalizer$FinalizerThread)
ROOT 500000db (kind=<system class>, name=java.util.Comparator)
ROOT 500002e2 (kind=<system class>, name=sun.nio.cs.US_ASCII)
ROOT 50000348 (kind=<system class>, name=java.nio.LongBuffer)
ROOT 500000dc (kind=<system class>, name=java.util.HashMap$HashIterator)
ROOT 500000dd (kind=<system class>, name=java.util.concurrent.ConcurrentHashMap)
ROOT 500000de (kind=<system class>, name=java.util.Collections$UnmodifiableRandomAccessList)
ROOT 500000df (kind=<system class>, name=java.util.Collections$UnmodifiableCollection)
ROOT 500000e0 (kind=<system class>, name=java.lang.Appendable)
ROOT 50000214 (kind=<system class>, name=sun.misc.JavaUtilZipFileAccess)
ROOT 500000e1 (kind=<system class>, name=java.net.URL)
ROOT 500000e3 (kind=<system class>, name=java.nio.ByteBuffer)
ROOT 50001283 (kind=<system class>, name=java.util.Collections$SingletonMap)
ROOT 500001c7 (kind=<system class>, name=java.util.LinkedList)
ROOT 500000e4 (kind=<system class>, name=java.security.ProtectionDomain$3)
ROOT 500014c4 (kind=<system class>, name=java.util.spi.CurrencyNameProvider)
ROOT 500000e5 (kind=<system class>, name=java.io.File)
ROOT 500000e7 (kind=<system class>, name=java.net.URLClassLoader)
ROOT 500000e8 (kind=<system class>, name=java.util.Dictionary)
ROOT 500000e9 (kind=<system class>, name=java.io.ObjectStreamField)
ROOT 500000eb (kind=<system class>, name=java.util.AbstractSet)
ROOT 500000ec (kind=<system class>, name=java.io.FileDescriptor)
ROOT 500000ed (kind=<system class>, name=java.security.PrivilegedExceptionAction)
ROOT 500000ee (kind=<system class>, name=sun.util.locale.BaseLocale$Cache)
ROOT 50000362 (kind=<system class>, name=java.util.jar.JarEntry)
ROOT 5000143c (kind=<system class>, name=java.util.Currency$1)
ROOT 500002cd (kind=<system class>, name=sun.misc.URLClassPath$JarLoader$1)
ROOT 500000ef (kind=<system class>, name=java.lang.CharacterDataLatin1)
ROOT 500000f0 (kind=<system class>, name=java.util.List)
ROOT 500000f1 (kind=<system class>, name=sun.security.util.Debug)
ROOT 500000f2 (kind=<system class>, name=java.security.ProtectionDomain$Key)
ROOT 500000f3 (kind=<system class>, name=sun.misc.Launcher$ExtClassLoader$1)
ROOT 500000f4 (kind=<system class>, name=java.lang.ref.SoftReference)
ROOT 500000f5 (kind=<system class>, name=java.security.PrivilegedAction)
ROOT 500000f6 (kind=<system class>, name=java.net.URLStreamHandler)
ROOT 500016f8 (kind=<system class>, name=java.lang.Shutdown$Lock)
ROOT 500011e2 (kind=<system class>, name=java.text.NumberFormat)
ROOT 500000f7 (kind=<system class>, name=sun.util.locale.BaseLocale$Key)
ROOT 5000131e (kind=<system class>, name=java.util.ArrayList$Itr)
ROOT 500015ac (kind=<system class>, name=java.text.NumberFormat$Field)
ROOT 5000018e (kind=<system class>, name=sun.launcher.LauncherHelper$ResourceBundleHolder)
ROOT 500000f8 (kind=<system class>, name=sun.misc.VM)
ROOT 50000199 (kind=<system class>, name=java.util.ResourceBundle$RBClassLoader)
ROOT 500000f9 (kind=<system class>, name=java.io.BufferedWriter)
ROOT 500000fa (kind=<system class>, name=java.util.Hashtable)
ROOT 500000fb (kind=<system class>, name=java.util.concurrent.ConcurrentHashMap$Holder)
ROOT 500000fc (kind=<system class>, name=sun.misc.URLClassPath)
ROOT 500000fd (kind=<system class>, name=java.lang.RuntimeException)
ROOT 500000fe (kind=<system class>, name=java.lang.NoClassDefFoundError)
ROOT 50001312 (kind=<system class>, name=java.util.ResourceBundle$SingleFormatControl)
ROOT 500000ff (kind=<system class>, name=java.security.cert.Certificate)
ROOT 50000101 (kind=<system class>, name=sun.reflect.UnsafeStaticFieldAccessorImpl)
ROOT 50000102 (kind=<system class>, name=java.lang.reflect.Method)
ROOT 50000103 (kind=<system class>, name=java.lang.Throwable)
ROOT 50000105 (kind=<system class>, name=java.lang.SystemClassLoaderAction)
ROOT 50000106 (kind=<system class>, name=java.util.concurrent.atomic.AtomicReferenceFieldUpdater$AtomicReferenceFieldUpdaterImpl)
ROOT 50000107 (kind=<system class>, name=java.util.HashMap)
ROOT 50000108 (kind=<system class>, name=sun.reflect.ConstructorAccessorImpl)
ROOT 50000109 (kind=<system class>, name=sun.misc.SharedSecrets)
ROOT 5000010a (kind=<system class>, name=java.lang.Math)
ROOT 50000360 (kind=<system class>, name=java.util.zip.ZipEntry)
ROOT 5000010b (kind=<system class>, name=java.lang.reflect.Field)
ROOT 50001073 (kind=<system class>, name=java.text.Format)
ROOT 5000010d (kind=<system class>, name=sun.reflect.ConstructorAccessor)
ROOT 5000010e (kind=<system class>, name=sun.reflect.ReflectionFactory$GetReflectionFactoryAction)
ROOT 50001083 (kind=<system class>, name=java.util.Locale$1)
ROOT 50000378 (kind=<system class>, name=java.util.zip.ZipFile$ZipFileInflaterInputStream)
ROOT 50001394 (kind=<system class>, name=java.text.spi.DecimalFormatSymbolsProvider)
ROOT 5000010f (kind=<system class>, name=java.nio.charset.spi.CharsetProvider)
ROOT 5000018f (kind=<system class>, name=java.util.ResourceBundle)
ROOT 50000110 (kind=<system class>, name=java.util.Collections)
ROOT 50000111 (kind=<system class>, name=java.nio.charset.Charset)
ROOT 50000880 (kind=<system class>, name=java.security.PrivilegedActionException)
ROOT 50000112 (kind=<system class>, name=sun.reflect.UnsafeFieldAccessorImpl)
ROOT 50000113 (kind=<system class>, name=java.net.Parts)
ROOT 5000107e (kind=<system class>, name=java.util.Locale$Category)
ROOT 50000344 (kind=<system class>, name=java.nio.MappedByteBuffer)
ROOT 50000b70 (kind=<system class>, name=sun.misc.Launcher$BootClassPathHolder$1)
ROOT 50000114 (kind=<system class>, name=java.util.ArrayList)
ROOT 5000157d (kind=<system class>, name=java.text.DigitList)
ROOT 500011e5 (kind=<system class>, name=java.util.spi.LocaleServiceProvider)
ROOT 50000115 (kind=<system class>, name=java.lang.ref.Finalizer)
ROOT 50000116 (kind=<system class>, name=java.util.Collections$SynchronizedMap)
ROOT 50000117 (kind=<system class>, name=sun.util.PreHashedMap)
ROOT 50000118 (kind=<system class>, name=java.lang.Cloneable)
ROOT 50000341 (kind=<system class>, name=sun.misc.PerfCounter$CoreCounters)
ROOT 50000119 (kind=<system class>, name=sun.nio.cs.StreamEncoder)
ROOT 5000011a (kind=<system class>, name=java.lang.Object)
ROOT 5000011c (kind=<system class>, name=java.lang.StackOverflowError)
ROOT 5000011d (kind=<system class>, name=sun.reflect.FieldAccessor)
ROOT 5000011e (kind=<system class>, name=java.util.Collections$EmptySet)
ROOT 5000011f (kind=<system class>, name=sun.misc.JavaLangAccess)
ROOT 50000187 (kind=<system class>, name=sun.launcher.LauncherHelper)
ROOT 50000120 (kind=<system class>, name=java.lang.reflect.Member)
ROOT 50000122 (kind=<system class>, name=java.util.Hashtable$Entry)
ROOT 50000124 (kind=<system class>, name=java.io.BufferedReader)
ROOT 50000125 (kind=<system class>, name=java.util.HashMap$EntrySet)
ROOT 50000126 (kind=<system class>, name=java.lang.reflect.GenericDeclaration)
ROOT 50000128 (kind=<system class>, name=java.util.AbstractCollection)
ROOT 50000129 (kind=<system class>, name=sun.reflect.NativeConstructorAccessorImpl)
ROOT 500001c1 (kind=<system class>, name=java.util.ResourceBundle$CacheKeyReference)
ROOT 5000012a (kind=<system class>, name=sun.security.action.GetPropertyAction)
ROOT 5000012b (kind=<system class>, name=java.util.Stack)
ROOT 5000012c (kind=<system class>, name=java.util.concurrent.ConcurrentHashMap$HashEntry)
ROOT 5000012e (kind=<system class>, name=java.lang.ref.Reference$ReferenceHandler)
ROOT 5000012f (kind=<system class>, name=java.net.URLClassLoader$7)
ROOT 50001445 (kind=<system class>, name=java.io.DataInputStream)
ROOT 500015aa (kind=<system class>, name=java.text.FieldPosition$Delegate)
ROOT 500012ac (kind=<system class>, name=java.util.ServiceLoader$1)
ROOT 50000130 (kind=<system class>, name=java.lang.ref.ReferenceQueue$Lock)
ROOT 50000131 (kind=<system class>, name=java.util.HashMap$Entry)
ROOT 50000133 (kind=<system class>, name=java.lang.Readable)
ROOT 50001574 (kind=<system class>, name=java.text.DecimalFormat)
ROOT 50000134 (kind=<system class>, name=java.lang.Integer)
ROOT 50000135 (kind=<system class>, name=java.lang.Exception)
ROOT 50000136 (kind=<system class>, name=sun.nio.cs.Unicode)
ROOT 50000137 (kind=<system class>, name=java.io.Closeable)
ROOT 50000138 (kind=<system class>, name=sun.reflect.LangReflectAccess)
ROOT 50000139 (kind=<system class>, name=java.nio.charset.CoderResult$Cache)
ROOT 500002d6 (kind=<system class>, name=java.util.jar.JarFile)
ROOT 50000202 (kind=<system class>, name=java.net.URLClassLoader$1)
ROOT 5000013a (kind=<system class>, name=sun.misc.JavaSecurityAccess)
ROOT 5000013b (kind=<system class>, name=java.lang.CharacterData)
ROOT 500012be (kind=<system class>, name=sun.misc.URLClassPath$1)
ROOT 5000013c (kind=<system class>, name=java.lang.String)
ROOT 500012ba (kind=<system class>, name=sun.misc.URLClassPath$2)
ROOT 5000013e (kind=<system class>, name=java.lang.ref.WeakReference)
ROOT 50000140 (kind=<system class>, name=java.io.InputStreamReader)
ROOT 5000135c (kind=<system class>, name=sun.text.resources.FormatData_en)
ROOT 50000343 (kind=<system class>, name=sun.nio.ch.DirectBuffer)
ROOT 50000141 (kind=<system class>, name=sun.reflect.Reflection)
ROOT 50000142 (kind=<system class>, name=java.lang.reflect.Constructor)
ROOT 50000377 (kind=<system class>, name=java.util.zip.InflaterInputStream)
ROOT 500001e3 (kind=<system class>, name=java.util.ListResourceBundle)
ROOT 50001315 (kind=<system class>, name=sun.util.LocaleDataMetaInfo)
ROOT 50000144 (kind=<system class>, name=java.io.BufferedOutputStream)
ROOT 50000145 (kind=<system class>, name=java.io.OutputStream)
ROOT 50000211 (kind=<system class>, name=sun.misc.URLClassPath$JarLoader)
ROOT 500010a9 (kind=<system class>, name=java.util.Date)
ROOT 50000146 (kind=<system class>, name=java.lang.invoke.MethodType)
ROOT 50000147 (kind=<system class>, name=sun.util.locale.LocaleUtils)
ROOT 50000148 (kind=<system class>, name=java.util.LinkedHashMap$Entry)
ROOT 5000133f (kind=<system class>, name=sun.text.resources.FormatData)
ROOT 50000149 (kind=<system class>, name=java.util.concurrent.locks.AbstractQueuedSynchronizer)
ROOT 5000014a (kind=<system class>, name=java.lang.Enum)
ROOT 500001c2 (kind=<system class>, name=java.util.ResourceBundle$LoaderReference)
ROOT 5000014c (kind=<system class>, name=java.lang.AutoCloseable)
ROOT 5000014d (kind=<system class>, name=java.lang.reflect.Modifier)
ROOT 50000333 (kind=<system class>, name=java.util.ArrayDeque)
ROOT 5000014e (kind=<system class>, name=java.lang.ThreadDeath)
ROOT 5000014f (kind=<system class>, name=java.lang.ClassNotFoundException)
ROOT 500012a4 (kind=<system class>, name=sun.util.LocaleServiceProviderPool$1)
ROOT 5000129b (kind=<system class>, name=java.util.LinkedHashSet)
ROOT 50000150 (kind=<system class>, name=java.io.FileDescriptor$1)
ROOT 50000151 (kind=<system class>, name=java.util.Collections$EmptyMap)
ROOT 50000152 (kind=<system class>, name=java.lang.invoke.MemberName)
ROOT 50000153 (kind=<system class>, name=java.util.concurrent.atomic.AtomicReferenceFieldUpdater)
ROOT 50000154 (kind=<system class>, name=java.util.RandomAccess)
ROOT 50000155 (kind=<system class>, name=java.lang.System$2)
ROOT 50000156 (kind=<system class>, name=java.lang.Class$3)
ROOT 50001546 (kind=<system class>, name=sun.util.resources.OpenListResourceBundle)
ROOT 5000033d (kind=<system class>, name=sun.misc.Perf$GetPerfAction)
ROOT 50001278 (kind=<system class>, name=sun.util.locale.Extension)
ROOT 50000157 (kind=<system class>, name=sun.misc.JavaNioAccess)
ROOT 50000158 (kind=<system class>, name=java.lang.Double)
ROOT 50000159 (kind=<system class>, name=sun.misc.Launcher)
ROOT 5000015a (kind=<system class>, name=java.lang.ref.ReferenceQueue$Null)
ROOT 5000015b (kind=<system class>, name=sun.reflect.MagicAccessorImpl)
ROOT 5000015c (kind=<system class>, name=java.lang.CharSequence)
ROOT 5000015e (kind=<system class>, name=java.util.LinkedHashMap)
ROOT 5000015f (kind=<system class>, name=java.lang.invoke.CallSite)
ROOT 50000160 (kind=<system class>, name=java.lang.AbstractStringBuilder)
ROOT 50000161 (kind=<system class>, name=java.nio.charset.CoderResult)
ROOT 50000162 (kind=<system class>, name=java.util.AbstractList)
ROOT 50000163 (kind=<system class>, name=java.lang.Compiler$1)
ROOT 50000164 (kind=<system class>, name=java.lang.Class$1)
ROOT 50000165 (kind=<system class>, name=sun.nio.cs.UTF_8$Decoder)
ROOT 50000212 (kind=<system class>, name=java.util.zip.ZipConstants)
ROOT 50000349 (kind=<system class>, name=java.nio.DirectLongBufferU)
ROOT 50000b6f (kind=<system class>, name=sun.misc.Launcher$BootClassPathHolder)
ROOT 50000166 (kind=<system class>, name=java.lang.invoke.VolatileCallSite)
ROOT 50000167 (kind=<system class>, name=sun.nio.cs.HistoricallyNamedCharset)
ROOT 500016f6 (kind=<system class>, name=java.lang.Shutdown)
ROOT 500001e4 (kind=<system class>, name=sun.launcher.resources.launcher)
ROOT 50000324 (kind=<system class>, name=sun.nio.cs.UTF_16)
ROOT 50000168 (kind=<system class>, name=java.lang.Float)
ROOT 5000130e (kind=<system class>, name=sun.util.resources.LocaleData$LocaleDataResourceBundleControl)
ROOT 50001704 (kind=<busy monitor>)
ROOT 50001702 (kind=<busy monitor>)
ROOT 50001709 (kind=<unknown>)
ROOT 5000170a (kind=<unknown>)
ROOT 5000170b (kind=<unknown>)
ROOT 5000170c (kind=<unknown>)
ROOT 5000170d (kind=<unknown>)
ROOT 5000170e (kind=<unknown>)
ROOT 5000170f (kind=<unknown>)
ROOT 50001710 (kind=<unknown>)
ROOT 50001711 (kind=<unknown>)
ROOT 5000170d (kind=<unknown>)
ROOT 5000170e (kind=<unknown>)
ROOT 5000170a (kind=<unknown>)
ROOT 5000170b (kind=<unknown>)
ROOT 5000170c (kind=<unknown>)
ROOT 50001710 (kind=<unknown>)
ROOT 50001709 (kind=<unknown>)
ROOT 5000170f (kind=<unknown>)
ROOT 50001711 (kind=<unknown>)
ROOT 50000169 (kind=<unknown>)
ROOT 5000016a (kind=<unknown>)
ROOT 5000016b (kind=<unknown>)
ROOT 5000016c (kind=<unknown>)
ROOT 5000016d (kind=<unknown>)
ROOT 5000016e (kind=<unknown>)
ROOT 5000016f (kind=<unknown>)
ROOT 50000170 (kind=<unknown>)
ROOT 5000011b (kind=<unknown>)
ROOT 50000169 (kind=<unknown>)
ROOT 5000016b (kind=<unknown>)
ROOT 5000016f (kind=<unknown>)
ROOT 50000170 (kind=<unknown>)
ROOT 5000016a (kind=<unknown>)
ROOT 5000016d (kind=<unknown>)
ROOT 5000016c (kind=<unknown>)
ROOT 5000016e (kind=<unknown>)
ROOT 50001712 (kind=<unknown>)
ROOT 50001713 (kind=<unknown>)
ROOT 50001714 (kind=<unknown>)
ROOT 50001715 (kind=<unknown>)
ROOT 50001716 (kind=<unknown>)
ROOT 50001717 (kind=<unknown>)
ROOT 50001718 (kind=<unknown>)
ROOT 50000115 (kind=<unknown>)
ROOT 50000094 (kind=<unknown>)
ROOT 50000061 (kind=<unknown>)
ROOT 50000102 (kind=<unknown>)
ROOT 50001719 (kind=<unknown>)
ROOT 5000171a (kind=<unknown>)
ROOT 5000171b (kind=<unknown>)
ROOT 5000171c (kind=<unknown>)
ROOT 5000171d (kind=<unknown>)
ROOT 50001706 (kind=<unknown>)
ROOT 50001707 (kind=<unknown>)
ROOT 5000171e (kind=<unknown>)
ROOT 5000171f (kind=<unknown>)
ROOT 50001720 (kind=<unknown>)
ROOT 50001721 (kind=<unknown>)
OBJ 50000171 (sz=104, trace=300000, class=java.lang.Thread@5000008b)
OBJ 50000172 (sz=104, trace=300001, class=java.lang.Thread@5000008b)
OBJ 50000173 (sz=16, trace=300002, class=java.lang.Object@5000011a)
ARR 50000174 (sz=56, trace=300003, nelems=0, elem type=char[])
OBJ 50000175 (sz=104, trace=300001, class=java.lang.Thread@5000008b)
OBJ 50000176 (sz=16, trace=300002, class=java.lang.Object@5000011a)
ARR 50000177 (sz=56, trace=300003, nelems=0, elem type=char[])
OBJ 50000178 (sz=104, trace=300001, class=java.lang.Thread@5000008b)
OBJ 50000179 (sz=16, trace=300002, class=java.lang.Object@5000011a)
ARR 5000017a (sz=48, trace=300003, nelems=0, elem type=char[])
OBJ 5000017b (sz=24, trace=300004, class=java.lang.StringBuilder@50000075)
ARR 5000017c (sz=48, trace=300005, nelems=0, elem type=char[])
ARR 5000017d (sz=152, trace=300006, nelems=0, elem type=char[])
ARR 5000017e (sz=288, trace=300006, nelems=0, elem type=char[])
OBJ 5000017f (sz=24, trace=300007, class=java.lang.String@5000013c)
ARR 50000180 (sz=232, trace=300008, nelems=0, elem type=char[])
OBJ 50000181 (sz=32, trace=300009, class=java.io.File@500000e5)
ARR 50000182 (sz=336, trace=300010, nelems=0, elem type=byte[])
ARR 50000183 (sz=128, trace=300011, nelems=0, elem type=byte[])
OBJ 50000184 (sz=24, trace=300012, class=java.lang.String@5000013c)
ARR 50000185 (sz=64, trace=300013, nelems=0, elem type=char[])
OBJ 50000186 (sz=104, trace=300000, class=java.lang.Thread@5000008b)
OBJ 50000188 (sz=24, trace=300014, class=sun.launcher.LauncherHelper@50000187)
	name		50002345
ARR 5000018a (sz=24, trace=300015, nelems=1, elem type=sun.launcher.LauncherHelper[]@50000189)
	[0]		50000188
OBJ 5000018b (sz=24, trace=300016, class=java.lang.StringBuilder@50000075)
	value		500016ee
ARR 5000018c (sz=48, trace=300017, nelems=0, elem type=char[])
ARR 5000018d (sz=24, trace=300018, nelems=0, elem type=java.lang.Object[]@5000011b)
OBJ 50000191 (sz=40, trace=300022, class=java.util.ResourceBundle$1@50000190)
	cacheKey	500021e5
OBJ 50000192 (sz=48, trace=300023, class=java.util.concurrent.ConcurrentHashMap@500000dd)
	segments	50000196
ARR 50000193 (sz=24, trace=300024, nelems=0, elem type=java.util.concurrent.ConcurrentHashMap$HashEntry[]@5000012d)
OBJ 50000194 (sz=40, trace=300025, class=java.util.concurrent.ConcurrentHashMap$Segment@50000010)
	sync		50000195
	table		50000193
OBJ 50000195 (sz=32, trace=300026, class=java.util.concurrent.locks.ReentrantLock$NonfairSync@500000c1)
ARR 50000196 (sz=80, trace=300027, nelems=15, elem type=java.util.concurrent.ConcurrentHashMap$Segment[]@50000011)
	[0]		50000194
	[4]		5000134a
	[5]		50001568
	[7]		50001367
	[9]		50001384
	[11]		50000f5c
	[13]		500001f0
	[14]		5000104a
OBJ 50000197 (sz=32, trace=300028, class=java.lang.ref.ReferenceQueue@500000c2)
	lock		50000198
OBJ 50000198 (sz=16, trace=300029, class=java.lang.ref.ReferenceQueue$Lock@50000130)
OBJ 5000019b (sz=16, trace=300032, class=java.util.ResourceBundle$RBClassLoader$1@5000019a)
OBJ 5000019c (sz=64, trace=300033, class=java.util.ResourceBundle$RBClassLoader@50000199)
	parent		50001708
	package2certs	500001a6
	classes		5000019d
	defaultDomain	500001a0
	domains		500001a8
	packages	500001a3
	nativeLibraries	500001a4
	assertionLock	5000019c
OBJ 5000019d (sz=32, trace=300034, class=java.util.Vector@50000032)
	elementData	5000019e
ARR 5000019e (sz=56, trace=300035, nelems=0, elem type=java.lang.Object[]@5000011b)
OBJ 5000019f (sz=32, trace=300036, class=java.security.CodeSource@500000d8)
OBJ 500001a0 (sz=40, trace=300037, class=java.security.ProtectionDomain@50000061)
	codesource	5000019f
	classloader	5000019c
	principals	500001a2
	key		500001a1
OBJ 500001a1 (sz=16, trace=300038, class=java.security.ProtectionDomain$Key@500000f2)
	this$0		500001a0
ARR 500001a2 (sz=16, trace=300039, nelems=0, elem type=java.security.Principal[]@50000086)
OBJ 500001a3 (sz=48, trace=300040, class=java.util.HashMap@50000107)
	table		50001935
OBJ 500001a4 (sz=32, trace=300034, class=java.util.Vector@50000032)
	elementData	500001a5
ARR 500001a5 (sz=56, trace=300041, nelems=0, elem type=java.lang.Object[]@5000011b)
OBJ 500001a6 (sz=48, trace=300042, class=java.util.Hashtable@500000fa)
	table		500001a7
ARR 500001a7 (sz=64, trace=300043, nelems=0, elem type=java.util.Hashtable$Entry[]@50000123)
OBJ 500001a8 (sz=16, trace=300044, class=java.util.HashSet@500000cb)
	map		500001a9
OBJ 500001a9 (sz=48, trace=300045, class=java.util.HashMap@50000107)
	table		50001935
ARR 500001ab (sz=24, trace=300047, nelems=2, elem type=java.lang.String[]@5000013d)
	[0]		500021d9
	[1]		500021da
OBJ 500001ad (sz=24, trace=300049, class=java.util.Arrays$ArrayList@500001ac)
	a		500001ab
OBJ 500001ae (sz=24, trace=300050, class=java.util.Collections$UnmodifiableRandomAccessList@500000de)
	c		500001ad
	list		500001ad
ARR 500001af (sz=24, trace=300051, nelems=1, elem type=java.lang.String[]@5000013d)
	[0]		500021d9
OBJ 500001b0 (sz=24, trace=300049, class=java.util.Arrays$ArrayList@500001ac)
	a		500001af
OBJ 500001b1 (sz=24, trace=300050, class=java.util.Collections$UnmodifiableRandomAccessList@500000de)
	c		500001b0
	list		500001b0
ARR 500001b2 (sz=24, trace=300052, nelems=1, elem type=java.lang.String[]@5000013d)
	[0]		500021da
OBJ 500001b3 (sz=24, trace=300049, class=java.util.Arrays$ArrayList@500001ac)
	a		500001b2
OBJ 500001b4 (sz=24, trace=300050, class=java.util.Collections$UnmodifiableRandomAccessList@500000de)
	c		500001b3
	list		500001b3
OBJ 500001b5 (sz=16, trace=300053, class=java.util.ResourceBundle$Control@500001aa)
OBJ 500001b7 (sz=24, trace=300055, class=java.util.ResourceBundle$Control$CandidateListCache@500001b6)
	map		500001ba
	queue		500001b8
OBJ 500001b8 (sz=32, trace=300056, class=java.lang.ref.ReferenceQueue@500000c2)
	lock		500001b9
OBJ 500001b9 (sz=16, trace=300057, class=java.lang.ref.ReferenceQueue$Lock@50000130)
OBJ 500001ba (sz=48, trace=300058, class=java.util.concurrent.ConcurrentHashMap@500000dd)
	segments	500001be
ARR 500001bb (sz=24, trace=300059, nelems=0, elem type=java.util.concurrent.ConcurrentHashMap$HashEntry[]@5000012d)
OBJ 500001bc (sz=40, trace=300060, class=java.util.concurrent.ConcurrentHashMap$Segment@50000010)
	sync		500001bd
	table		500001bb
OBJ 500001bd (sz=32, trace=300026, class=java.util.concurrent.locks.ReentrantLock$NonfairSync@500000c1)
ARR 500001be (sz=80, trace=300061, nelems=11, elem type=java.util.concurrent.ConcurrentHashMap$Segment[]@50000011)
	[0]		500001bc
	[10]		500001d3
OBJ 500001c0 (sz=56, trace=300063, class=java.util.ResourceBundle$CacheKey@500001bf)
OBJ 500001c3 (sz=32, trace=300065, class=java.util.ResourceBundle$LoaderReference@500001c2)
OBJ 500001c8 (sz=32, trace=300067, class=java.util.LinkedList@500001c7)
	first		500001cc
	last		500001d0
OBJ 500001c9 (sz=40, trace=300068, class=sun.util.locale.BaseLocale$Key@500000f7)
OBJ 500001ca (sz=24, trace=300069, class=java.util.Locale$LocaleKey@50000080)
OBJ 500001cc (sz=24, trace=300071, class=java.util.LinkedList$Node@500001cb)
	item		5000175e
	next		500001cf
OBJ 500001cd (sz=40, trace=300068, class=sun.util.locale.BaseLocale$Key@500000f7)
OBJ 500001ce (sz=24, trace=300069, class=java.util.Locale$LocaleKey@50000080)
OBJ 500001cf (sz=24, trace=300072, class=java.util.LinkedList$Node@500001cb)
	item		50001770
	next		500001d0
	prev		500001cc
OBJ 500001d0 (sz=24, trace=300073, class=java.util.LinkedList$Node@500001cb)
	item		5000175f
	prev		500001cf
OBJ 500001d1 (sz=48, trace=300074, class=sun.util.locale.LocaleObjectCache$CacheEntry@500000cf)
	referent	500001c8
	queue		500001b8
	key		500020a2
ARR 500001d2 (sz=24, trace=300075, nelems=1, elem type=java.util.concurrent.ConcurrentHashMap$HashEntry[]@5000012d)
	[0]		500001d5
OBJ 500001d3 (sz=40, trace=300076, class=java.util.concurrent.ConcurrentHashMap$Segment@50000010)
	sync		500001d4
	table		500001d2
OBJ 500001d4 (sz=32, trace=300026, class=java.util.concurrent.locks.ReentrantLock$NonfairSync@500000c1)
OBJ 500001d5 (sz=32, trace=300077, class=java.util.concurrent.ConcurrentHashMap$HashEntry@5000012c)
	key		500020a2
	value		500001d1
OBJ 500001d6 (sz=24, trace=300078, class=java.util.ArrayList@50000114)
ARR 500001d7 (sz=32, trace=300079, nelems=0, elem type=java.lang.Object[]@5000011b)
OBJ 500001d8 (sz=32, trace=300080, class=java.util.ResourceBundle$LoaderReference@500001c2)
OBJ 500001d9 (sz=16, trace=300081, class=java.lang.Object@5000011a)
ARR 500001da (sz=24, trace=300082, nelems=2, elem type=java.util.concurrent.ConcurrentHashMap$HashEntry[]@5000012d)
	[1]		500001dd
OBJ 500001db (sz=40, trace=300076, class=java.util.concurrent.ConcurrentHashMap$Segment@50000010)
	sync		500001dc
	table		500001da
OBJ 500001dc (sz=32, trace=300026, class=java.util.concurrent.locks.ReentrantLock$NonfairSync@500000c1)
OBJ 500001dd (sz=32, trace=300083, class=java.util.concurrent.ConcurrentHashMap$HashEntry@5000012c)
	key		5000191a
	value		500001d9
OBJ 500001de (sz=16, trace=300084, class=java.lang.Object@5000011a)
ARR 500001df (sz=24, trace=300082, nelems=2, elem type=java.util.concurrent.ConcurrentHashMap$HashEntry[]@5000012d)
	[1]		500001e2
OBJ 500001e0 (sz=40, trace=300076, class=java.util.concurrent.ConcurrentHashMap$Segment@50000010)
	sync		500001e1
	table		500001df
OBJ 500001e1 (sz=32, trace=300026, class=java.util.concurrent.locks.ReentrantLock$NonfairSync@500000c1)
OBJ 500001e2 (sz=32, trace=300083, class=java.util.concurrent.ConcurrentHashMap$HashEntry@5000012c)
	key		5000191a
	value		500001de
ARR 500001e5 (sz=16, trace=300086, nelems=0, elem type=java.lang.Class[]@500000ab)
OBJ 500001e6 (sz=40, trace=300087, class=java.lang.ref.SoftReference@500000f4)
OBJ 500001e7 (sz=72, trace=300088, class=java.lang.reflect.Constructor@50000142)
OBJ 500001e8 (sz=24, trace=300089, class=java.lang.Class$1@50000164)
OBJ 500001e9 (sz=24, trace=300090, class=sun.reflect.NativeConstructorAccessorImpl@50000129)
OBJ 500001ea (sz=16, trace=300091, class=sun.reflect.DelegatingConstructorAccessorImpl@500000c8)
OBJ 500001eb (sz=40, trace=300092, class=sun.launcher.resources.launcher@500001e4)
	locale		5000175f
	name		5000191a
	cacheKey	500021e6
	lookup		50001060
OBJ 500001ec (sz=32, trace=300080, class=java.util.ResourceBundle$LoaderReference@500001c2)
	referent	5000019c
	queue		50000197
	cacheKey	500021e6
OBJ 500001ee (sz=48, trace=300094, class=java.util.ResourceBundle$BundleReference@500001ed)
	referent	500001eb
	queue		50000197
	cacheKey	500021e6
ARR 500001ef (sz=24, trace=300095, nelems=1, elem type=java.util.concurrent.ConcurrentHashMap$HashEntry[]@5000012d)
	[0]		500001f2
OBJ 500001f0 (sz=40, trace=300076, class=java.util.concurrent.ConcurrentHashMap$Segment@50000010)
	sync		500001f1
	table		500001ef
OBJ 500001f1 (sz=32, trace=300026, class=java.util.concurrent.locks.ReentrantLock$NonfairSync@500000c1)
OBJ 500001f2 (sz=32, trace=300096, class=java.util.concurrent.ConcurrentHashMap$HashEntry@5000012c)
	key		500021e6
	value		500001ee
OBJ 500001f3 (sz=32, trace=300080, class=java.util.ResourceBundle$LoaderReference@500001c2)
OBJ 500001f4 (sz=24, trace=300097, class=java.lang.StringBuilder@50000075)
ARR 500001f5 (sz=112, trace=300098, nelems=0, elem type=char[])
OBJ 500001f6 (sz=24, trace=300099, class=java.lang.String@5000013c)
	value		500001f7
ARR 500001f7 (sz=68, trace=300100, nelems=34, elem type=char[])
OBJ 500001f8 (sz=16, trace=300081, class=java.lang.Object@5000011a)
ARR 500001f9 (sz=24, trace=300082, nelems=1, elem type=java.util.concurrent.ConcurrentHashMap$HashEntry[]@5000012d)
	[0]		500001fc
OBJ 500001fa (sz=40, trace=300076, class=java.util.concurrent.ConcurrentHashMap$Segment@50000010)
	sync		500001fb
	table		500001f9
OBJ 500001fb (sz=32, trace=300026, class=java.util.concurrent.locks.ReentrantLock$NonfairSync@500000c1)
OBJ 500001fc (sz=32, trace=300083, class=java.util.concurrent.ConcurrentHashMap$HashEntry@5000012c)
	key		500001f6
	value		500001f8
OBJ 500001fd (sz=16, trace=300084, class=java.lang.Object@5000011a)
ARR 500001fe (sz=24, trace=300082, nelems=1, elem type=java.util.concurrent.ConcurrentHashMap$HashEntry[]@5000012d)
	[0]		50000201
OBJ 500001ff (sz=40, trace=300076, class=java.util.concurrent.ConcurrentHashMap$Segment@50000010)
	sync		50000200
	table		500001fe
OBJ 50000200 (sz=32, trace=300026, class=java.util.concurrent.locks.ReentrantLock$NonfairSync@500000c1)
OBJ 50000201 (sz=32, trace=300083, class=java.util.concurrent.ConcurrentHashMap$HashEntry@5000012c)
	key		500001f6
	value		500001fd
OBJ 50000203 (sz=24, trace=300102, class=java.net.URLClassLoader$1@50000202)
ARR 50000204 (sz=88, trace=300103, nelems=0, elem type=char[])
OBJ 50000205 (sz=24, trace=300104, class=java.lang.String@5000013c)
ARR 50000206 (sz=96, trace=300105, nelems=0, elem type=char[])
OBJ 50000207 (sz=24, trace=300106, class=java.lang.String@5000013c)
OBJ 50000209 (sz=24, trace=300108, class=java.lang.StringBuilder@50000075)
ARR 5000020a (sz=48, trace=300109, nelems=0, elem type=char[])
ARR 5000020b (sz=200, trace=300006, nelems=0, elem type=char[])
OBJ 5000020c (sz=24, trace=300110, class=java.lang.String@5000013c)
	value		5000020d
ARR 5000020d (sz=184, trace=300111, nelems=92, elem type=char[])
OBJ 5000020f (sz=24, trace=300113, class=sun.misc.URLClassPath$3@5000020e)
OBJ 50000216 (sz=16, trace=300117, class=java.util.zip.ZipFile$2@50000215)
OBJ 50000217 (sz=24, trace=300118, class=java.lang.StringBuilder@50000075)
ARR 50000218 (sz=48, trace=300119, nelems=0, elem type=char[])
ARR 50000219 (sz=32, trace=300120, nelems=3, elem type=java.io.ObjectStreamField[]@500000ea)
	[0]		5000021a
	[1]		5000021f
	[2]		50000224
OBJ 5000021a (sz=40, trace=300121, class=java.io.ObjectStreamField@500000e9)
	name		500017a0
	signature	5000021d
	type		5000016b
OBJ 5000021b (sz=24, trace=300122, class=java.lang.StringBuilder@50000075)
ARR 5000021c (sz=48, trace=300123, nelems=0, elem type=char[])
OBJ 5000021d (sz=24, trace=300124, class=java.lang.String@5000013c)
	value		5000021e
ARR 5000021e (sz=4, trace=300125, nelems=2, elem type=char[])
OBJ 5000021f (sz=40, trace=300126, class=java.io.ObjectStreamField@500000e9)
	name		50001979
	signature	50001984
	type		50001709
OBJ 50000220 (sz=24, trace=300122, class=java.lang.StringBuilder@50000075)
ARR 50000221 (sz=48, trace=300123, nelems=0, elem type=char[])
OBJ 50000222 (sz=24, trace=300124, class=java.lang.String@5000013c)
ARR 50000223 (sz=24, trace=300125, nelems=0, elem type=char[])
OBJ 50000224 (sz=40, trace=300127, class=java.io.ObjectStreamField@500000e9)
	name		5000197a
	signature	5000197b
	type		5000170d
OBJ 50000225 (sz=24, trace=300122, class=java.lang.StringBuilder@50000075)
ARR 50000226 (sz=48, trace=300123, nelems=0, elem type=char[])
OBJ 50000227 (sz=24, trace=300124, class=java.lang.String@5000013c)
ARR 50000228 (sz=24, trace=300125, nelems=0, elem type=char[])
OBJ 50000229 (sz=24, trace=300128, class=java.lang.StringBuffer@50000042)
ARR 5000022a (sz=200, trace=300129, nelems=0, elem type=char[])
OBJ 5000022b (sz=24, trace=300130, class=java.lang.String@5000013c)
ARR 5000022c (sz=200, trace=300131, nelems=0, elem type=char[])
ARR 5000022d (sz=200, trace=300006, nelems=0, elem type=char[])
ARR 5000022e (sz=384, trace=300006, nelems=0, elem type=char[])
OBJ 5000022f (sz=24, trace=300132, class=java.lang.String@5000013c)
	value		50000230
ARR 50000230 (sz=184, trace=300133, nelems=92, elem type=char[])
OBJ 50000231 (sz=64, trace=300134, class=java.net.URL@500000e1)
	protocol	50001a8e
	host		5000173a
	file		5000022f
	authority	5000173a
	path		5000022f
	handler		50001938
OBJ 50000232 (sz=24, trace=300135, class=java.net.Parts@50000113)
OBJ 50000233 (sz=48, trace=300136, class=sun.misc.URLClassPath$JarLoader@50000211)
	base		50000231
	csu		5000193e
	metaIndex	50001f33
	handler		50001938
	lmap		50001939
OBJ 50000234 (sz=32, trace=300137, class=java.io.File@500000e5)
ARR 50000235 (sz=272, trace=300010, nelems=0, elem type=byte[])
ARR 50000236 (sz=104, trace=300011, nelems=0, elem type=byte[])
OBJ 50000237 (sz=24, trace=300012, class=java.lang.String@5000013c)
ARR 50000238 (sz=40, trace=300013, nelems=0, elem type=char[])
ARR 50000239 (sz=56, trace=300138, nelems=0, elem type=java.lang.Object[]@5000011b)
ARR 5000023a (sz=80, trace=300139, nelems=0, elem type=java.util.HashMap$Entry[]@50000132)
OBJ 5000023b (sz=32, trace=300140, class=java.util.HashMap$Entry@50000131)
	key		5000020c
	value		50000233
OBJ 5000023c (sz=24, trace=300108, class=java.lang.StringBuilder@50000075)
ARR 5000023d (sz=48, trace=300109, nelems=0, elem type=char[])
ARR 5000023e (sz=216, trace=300006, nelems=0, elem type=char[])
OBJ 5000023f (sz=24, trace=300110, class=java.lang.String@5000013c)
	value		50000240
ARR 50000240 (sz=194, trace=300111, nelems=97, elem type=char[])
OBJ 50000241 (sz=24, trace=300113, class=sun.misc.URLClassPath$3@5000020e)
OBJ 50000242 (sz=24, trace=300118, class=java.lang.StringBuilder@50000075)
ARR 50000243 (sz=48, trace=300119, nelems=0, elem type=char[])
OBJ 50000244 (sz=24, trace=300128, class=java.lang.StringBuffer@50000042)
ARR 50000245 (sz=208, trace=300129, nelems=0, elem type=char[])
OBJ 50000246 (sz=24, trace=300130, class=java.lang.String@5000013c)
ARR 50000247 (sz=208, trace=300131, nelems=0, elem type=char[])
ARR 50000248 (sz=208, trace=300006, nelems=0, elem type=char[])
ARR 50000249 (sz=400, trace=300006, nelems=0, elem type=char[])
OBJ 5000024a (sz=24, trace=300132, class=java.lang.String@5000013c)
	value		5000024b
ARR 5000024b (sz=194, trace=300133, nelems=97, elem type=char[])
OBJ 5000024c (sz=64, trace=300134, class=java.net.URL@500000e1)
	protocol	50001a8e
	host		5000173a
	file		5000024a
	authority	5000173a
	path		5000024a
	handler		50001938
OBJ 5000024d (sz=24, trace=300135, class=java.net.Parts@50000113)
OBJ 5000024e (sz=48, trace=300136, class=sun.misc.URLClassPath$JarLoader@50000211)
	base		5000024c
	csu		5000193f
	metaIndex	50001f1d
	handler		50001938
	lmap		50001939
OBJ 5000024f (sz=32, trace=300137, class=java.io.File@500000e5)
ARR 50000250 (sz=288, trace=300010, nelems=0, elem type=byte[])
ARR 50000251 (sz=112, trace=300011, nelems=0, elem type=byte[])
OBJ 50000252 (sz=24, trace=300012, class=java.lang.String@5000013c)
ARR 50000253 (sz=48, trace=300013, nelems=0, elem type=char[])
OBJ 50000254 (sz=32, trace=300140, class=java.util.HashMap$Entry@50000131)
	key		5000023f
	value		5000024e
OBJ 50000255 (sz=24, trace=300108, class=java.lang.StringBuilder@50000075)
ARR 50000256 (sz=48, trace=300109, nelems=0, elem type=char[])
ARR 50000257 (sz=200, trace=300006, nelems=0, elem type=char[])
OBJ 50000258 (sz=24, trace=300110, class=java.lang.String@5000013c)
	value		50000259
ARR 50000259 (sz=184, trace=300111, nelems=92, elem type=char[])
OBJ 5000025a (sz=24, trace=300113, class=sun.misc.URLClassPath$3@5000020e)
OBJ 5000025b (sz=24, trace=300118, class=java.lang.StringBuilder@50000075)
ARR 5000025c (sz=48, trace=300119, nelems=0, elem type=char[])
OBJ 5000025d (sz=24, trace=300128, class=java.lang.StringBuffer@50000042)
ARR 5000025e (sz=200, trace=300129, nelems=0, elem type=char[])
OBJ 5000025f (sz=24, trace=300130, class=java.lang.String@5000013c)
ARR 50000260 (sz=200, trace=300131, nelems=0, elem type=char[])
ARR 50000261 (sz=200, trace=300006, nelems=0, elem type=char[])
ARR 50000262 (sz=384, trace=300006, nelems=0, elem type=char[])
OBJ 50000263 (sz=24, trace=300132, class=java.lang.String@5000013c)
	value		50000264
ARR 50000264 (sz=184, trace=300133, nelems=92, elem type=char[])
OBJ 50000265 (sz=64, trace=300134, class=java.net.URL@500000e1)
	protocol	50001a8e
	host		5000173a
	file		50000263
	authority	5000173a
	path		50000263
	handler		50001938
OBJ 50000266 (sz=24, trace=300135, class=java.net.Parts@50000113)
OBJ 50000267 (sz=48, trace=300136, class=sun.misc.URLClassPath$JarLoader@50000211)
	base		50000265
	csu		50001940
	metaIndex	50001efd
	handler		50001938
	lmap		50001939
OBJ 50000268 (sz=32, trace=300137, class=java.io.File@500000e5)
ARR 50000269 (sz=272, trace=300010, nelems=0, elem type=byte[])
ARR 5000026a (sz=104, trace=300011, nelems=0, elem type=byte[])
OBJ 5000026b (sz=24, trace=300012, class=java.lang.String@5000013c)
ARR 5000026c (sz=40, trace=300013, nelems=0, elem type=char[])
OBJ 5000026d (sz=32, trace=300140, class=java.util.HashMap$Entry@50000131)
	key		50000258
	value		50000267
OBJ 5000026e (sz=24, trace=300108, class=java.lang.StringBuilder@50000075)
ARR 5000026f (sz=48, trace=300109, nelems=0, elem type=char[])
ARR 50000270 (sz=224, trace=300006, nelems=0, elem type=char[])
OBJ 50000271 (sz=24, trace=300110, class=java.lang.String@5000013c)
	value		50000272
ARR 50000272 (sz=204, trace=300111, nelems=102, elem type=char[])
OBJ 50000273 (sz=24, trace=300113, class=sun.misc.URLClassPath$3@5000020e)
OBJ 50000274 (sz=24, trace=300118, class=java.lang.StringBuilder@50000075)
ARR 50000275 (sz=48, trace=300119, nelems=0, elem type=char[])
OBJ 50000276 (sz=24, trace=300128, class=java.lang.StringBuffer@50000042)
ARR 50000277 (sz=216, trace=300129, nelems=0, elem type=char[])
OBJ 50000278 (sz=24, trace=300130, class=java.lang.String@5000013c)
ARR 50000279 (sz=216, trace=300131, nelems=0, elem type=char[])
ARR 5000027a (sz=216, trace=300006, nelems=0, elem type=char[])
ARR 5000027b (sz=424, trace=300006, nelems=0, elem type=char[])
OBJ 5000027c (sz=24, trace=300132, class=java.lang.String@5000013c)
	value		5000027d
ARR 5000027d (sz=204, trace=300133, nelems=102, elem type=char[])
OBJ 5000027e (sz=64, trace=300134, class=java.net.URL@500000e1)
	protocol	50001a8e
	host		5000173a
	file		5000027c
	authority	5000173a
	path		5000027c
	handler		50001938
OBJ 5000027f (sz=24, trace=300135, class=java.net.Parts@50000113)
OBJ 50000280 (sz=48, trace=300136, class=sun.misc.URLClassPath$JarLoader@50000211)
	base		5000027e
	csu		50001941
	metaIndex	50001f12
	handler		50001938
	lmap		50001939
OBJ 50000281 (sz=32, trace=300137, class=java.io.File@500000e5)
ARR 50000282 (sz=304, trace=300010, nelems=0, elem type=byte[])
ARR 50000283 (sz=112, trace=300011, nelems=0, elem type=byte[])
OBJ 50000284 (sz=24, trace=300012, class=java.lang.String@5000013c)
ARR 50000285 (sz=56, trace=300013, nelems=0, elem type=char[])
OBJ 50000286 (sz=32, trace=300140, class=java.util.HashMap$Entry@50000131)
	key		50000271
	value		50000280
OBJ 50000287 (sz=24, trace=300108, class=java.lang.StringBuilder@50000075)
ARR 50000288 (sz=48, trace=300109, nelems=0, elem type=char[])
ARR 50000289 (sz=208, trace=300006, nelems=0, elem type=char[])
OBJ 5000028a (sz=24, trace=300110, class=java.lang.String@5000013c)
	value		5000028b
ARR 5000028b (sz=192, trace=300111, nelems=96, elem type=char[])
OBJ 5000028c (sz=24, trace=300113, class=sun.misc.URLClassPath$3@5000020e)
OBJ 5000028d (sz=24, trace=300118, class=java.lang.StringBuilder@50000075)
ARR 5000028e (sz=48, trace=300119, nelems=0, elem type=char[])
OBJ 5000028f (sz=24, trace=300128, class=java.lang.StringBuffer@50000042)
ARR 50000290 (sz=208, trace=300129, nelems=0, elem type=char[])
OBJ 50000291 (sz=24, trace=300130, class=java.lang.String@5000013c)
ARR 50000292 (sz=208, trace=300131, nelems=0, elem type=char[])
ARR 50000293 (sz=208, trace=300006, nelems=0, elem type=char[])
ARR 50000294 (sz=400, trace=300006, nelems=0, elem type=char[])
OBJ 50000295 (sz=24, trace=300132, class=java.lang.String@5000013c)
	value		50000296
ARR 50000296 (sz=192, trace=300133, nelems=96, elem type=char[])
OBJ 50000297 (sz=64, trace=300134, class=java.net.URL@500000e1)
	protocol	50001a8e
	host		5000173a
	file		50000295
	authority	5000173a
	path		50000295
	handler		50001938
OBJ 50000298 (sz=24, trace=300135, class=java.net.Parts@50000113)
OBJ 50000299 (sz=48, trace=300136, class=sun.misc.URLClassPath$JarLoader@50000211)
	base		50000297
	csu		50001942
	metaIndex	50001f27
	handler		50001938
	lmap		50001939
OBJ 5000029a (sz=32, trace=300137, class=java.io.File@500000e5)
ARR 5000029b (sz=288, trace=300010, nelems=0, elem type=byte[])
ARR 5000029c (sz=112, trace=300011, nelems=0, elem type=byte[])
OBJ 5000029d (sz=24, trace=300012, class=java.lang.String@5000013c)
ARR 5000029e (sz=48, trace=300013, nelems=0, elem type=char[])
OBJ 5000029f (sz=32, trace=300140, class=java.util.HashMap$Entry@50000131)
	key		5000028a
	value		50000299
	next		500003b8
OBJ 500002a0 (sz=24, trace=300108, class=java.lang.StringBuilder@50000075)
ARR 500002a1 (sz=48, trace=300109, nelems=0, elem type=char[])
ARR 500002a2 (sz=200, trace=300006, nelems=0, elem type=char[])
OBJ 500002a3 (sz=24, trace=300110, class=java.lang.String@5000013c)
	value		500002a4
ARR 500002a4 (sz=184, trace=300111, nelems=92, elem type=char[])
OBJ 500002a5 (sz=24, trace=300113, class=sun.misc.URLClassPath$3@5000020e)
OBJ 500002a6 (sz=24, trace=300118, class=java.lang.StringBuilder@50000075)
ARR 500002a7 (sz=48, trace=300119, nelems=0, elem type=char[])
OBJ 500002a8 (sz=24, trace=300128, class=java.lang.StringBuffer@50000042)
ARR 500002a9 (sz=200, trace=300129, nelems=0, elem type=char[])
OBJ 500002aa (sz=24, trace=300130, class=java.lang.String@5000013c)
ARR 500002ab (sz=200, trace=300131, nelems=0, elem type=char[])
ARR 500002ac (sz=200, trace=300006, nelems=0, elem type=char[])
ARR 500002ad (sz=384, trace=300006, nelems=0, elem type=char[])
OBJ 500002ae (sz=24, trace=300132, class=java.lang.String@5000013c)
	value		500002af
ARR 500002af (sz=184, trace=300133, nelems=92, elem type=char[])
OBJ 500002b0 (sz=64, trace=300134, class=java.net.URL@500000e1)
	protocol	50001a8e
	host		5000173a
	file		500002ae
	authority	5000173a
	path		500002ae
	handler		50001938
OBJ 500002b1 (sz=24, trace=300135, class=java.net.Parts@50000113)
OBJ 500002b2 (sz=48, trace=300136, class=sun.misc.URLClassPath$JarLoader@50000211)
	base		500002b0
	csu		50001943
	metaIndex	50001f08
	handler		50001938
	lmap		50001939
OBJ 500002b3 (sz=32, trace=300137, class=java.io.File@500000e5)
ARR 500002b4 (sz=272, trace=300010, nelems=0, elem type=byte[])
ARR 500002b5 (sz=104, trace=300011, nelems=0, elem type=byte[])
OBJ 500002b6 (sz=24, trace=300012, class=java.lang.String@5000013c)
ARR 500002b7 (sz=40, trace=300013, nelems=0, elem type=char[])
OBJ 500002b8 (sz=32, trace=300140, class=java.util.HashMap$Entry@50000131)
	key		500002a3
	value		500002b2
OBJ 500002b9 (sz=24, trace=300108, class=java.lang.StringBuilder@50000075)
ARR 500002ba (sz=48, trace=300109, nelems=0, elem type=char[])
ARR 500002bb (sz=136, trace=300006, nelems=0, elem type=char[])
OBJ 500002bc (sz=24, trace=300110, class=java.lang.String@5000013c)
ARR 500002bd (sz=136, trace=300111, nelems=0, elem type=char[])
OBJ 500002be (sz=24, trace=300113, class=sun.misc.URLClassPath$3@5000020e)
OBJ 500002bf (sz=24, trace=300118, class=java.lang.StringBuilder@50000075)
ARR 500002c0 (sz=48, trace=300119, nelems=0, elem type=char[])
OBJ 500002c1 (sz=24, trace=300128, class=java.lang.StringBuffer@50000042)
ARR 500002c2 (sz=136, trace=300129, nelems=0, elem type=char[])
OBJ 500002c3 (sz=24, trace=300130, class=java.lang.String@5000013c)
ARR 500002c4 (sz=136, trace=300131, nelems=0, elem type=char[])
ARR 500002c5 (sz=136, trace=300006, nelems=0, elem type=char[])
ARR 500002c6 (sz=256, trace=300006, nelems=0, elem type=char[])
OBJ 500002c7 (sz=24, trace=300132, class=java.lang.String@5000013c)
	value		500002c8
ARR 500002c8 (sz=120, trace=300133, nelems=60, elem type=char[])
OBJ 500002c9 (sz=64, trace=300134, class=java.net.URL@500000e1)
	protocol	50001a8e
	host		5000173a
	file		500002c7
	authority	5000173a
	path		500002c7
	handler		50001938
OBJ 500002ca (sz=24, trace=300135, class=java.net.Parts@50000113)
OBJ 500002cb (sz=48, trace=300136, class=sun.misc.URLClassPath$JarLoader@50000211)
	base		500002c9
	jar		5000032d
	csu		50001944
	index		5000037f
	handler		50001938
	lmap		50001939
OBJ 500002cc (sz=32, trace=300137, class=java.io.File@500000e5)
OBJ 500002ce (sz=16, trace=300142, class=sun.misc.URLClassPath$JarLoader$1@500002cd)
OBJ 500002d0 (sz=24, trace=300144, class=sun.misc.FileURLMapper@500002cf)
OBJ 500002d1 (sz=32, trace=300145, class=java.io.File@500000e5)
ARR 500002d2 (sz=176, trace=300010, nelems=0, elem type=byte[])
ARR 500002d3 (sz=72, trace=300011, nelems=0, elem type=byte[])
OBJ 500002d4 (sz=24, trace=300012, class=java.lang.String@5000013c)
ARR 500002d5 (sz=64, trace=300013, nelems=0, elem type=char[])
OBJ 500002d9 (sz=16, trace=300148, class=java.util.jar.JavaUtilJarAccessImpl@500002d8)
ARR 500002da (sz=20, trace=300149, nelems=10, elem type=char[])
ARR 500002db (sz=512, trace=300150, nelems=128, elem type=int[])
ARR 500002dc (sz=40, trace=300151, nelems=10, elem type=int[])
OBJ 500002dd (sz=32, trace=300152, class=java.io.File@500000e5)
ARR 500002df (sz=32, trace=300154, nelems=0, elem type=char[])
OBJ 500002e0 (sz=24, trace=300155, class=java.lang.String@5000013c)
ARR 500002e1 (sz=32, trace=300156, nelems=0, elem type=char[])
OBJ 500002e3 (sz=24, trace=300158, class=sun.nio.cs.US_ASCII@500002e2)
	name		50001c5f
	aliases		50001b8e
ARR 500002e4 (sz=24, trace=300159, nelems=0, elem type=java.lang.Object[]@5000011b)
ARR 500002e5 (sz=40, trace=300154, nelems=0, elem type=char[])
OBJ 500002e6 (sz=24, trace=300155, class=java.lang.String@5000013c)
ARR 500002e7 (sz=40, trace=300156, nelems=0, elem type=char[])
OBJ 500002e8 (sz=24, trace=300160, class=java.lang.StringBuilder@50000075)
ARR 500002e9 (sz=48, trace=300161, nelems=0, elem type=char[])
ARR 500002ea (sz=88, trace=300006, nelems=0, elem type=char[])
OBJ 500002eb (sz=24, trace=300162, class=java.lang.String@5000013c)
ARR 500002ec (sz=64, trace=300163, nelems=0, elem type=char[])
ARR 500002ee (sz=16, trace=300165, nelems=0, elem type=java.lang.Class[]@500000ab)
OBJ 500002ef (sz=40, trace=300087, class=java.lang.ref.SoftReference@500000f4)
OBJ 500002f0 (sz=72, trace=300088, class=java.lang.reflect.Constructor@50000142)
OBJ 500002f1 (sz=24, trace=300166, class=java.lang.Class$1@50000164)
OBJ 500002f2 (sz=24, trace=300090, class=sun.reflect.NativeConstructorAccessorImpl@50000129)
OBJ 500002f3 (sz=16, trace=300091, class=sun.reflect.DelegatingConstructorAccessorImpl@500000c8)
OBJ 500002f4 (sz=24, trace=300167, class=sun.nio.cs.ISO_8859_1@500002ed)
	name		50001e8b
	aliases		50001b84
ARR 500002f5 (sz=24, trace=300159, nelems=0, elem type=java.lang.Object[]@5000011b)
ARR 500002f6 (sz=32, trace=300154, nelems=0, elem type=char[])
OBJ 500002f7 (sz=24, trace=300155, class=java.lang.String@5000013c)
ARR 500002f8 (sz=32, trace=300156, nelems=0, elem type=char[])
ARR 500002f9 (sz=24, trace=300159, nelems=0, elem type=java.lang.Object[]@5000011b)
ARR 500002fa (sz=32, trace=300154, nelems=0, elem type=char[])
OBJ 500002fb (sz=24, trace=300155, class=java.lang.String@5000013c)
ARR 500002fc (sz=32, trace=300156, nelems=0, elem type=char[])
OBJ 500002fd (sz=24, trace=300160, class=java.lang.StringBuilder@50000075)
ARR 500002fe (sz=48, trace=300161, nelems=0, elem type=char[])
ARR 500002ff (sz=88, trace=300006, nelems=0, elem type=char[])
OBJ 50000300 (sz=24, trace=300162, class=java.lang.String@5000013c)
ARR 50000301 (sz=56, trace=300163, nelems=0, elem type=char[])
ARR 50000303 (sz=16, trace=300165, nelems=0, elem type=java.lang.Class[]@500000ab)
OBJ 50000304 (sz=40, trace=300087, class=java.lang.ref.SoftReference@500000f4)
OBJ 50000305 (sz=72, trace=300088, class=java.lang.reflect.Constructor@50000142)
OBJ 50000306 (sz=24, trace=300166, class=java.lang.Class$1@50000164)
OBJ 50000307 (sz=24, trace=300090, class=sun.reflect.NativeConstructorAccessorImpl@50000129)
OBJ 50000308 (sz=16, trace=300091, class=sun.reflect.DelegatingConstructorAccessorImpl@500000c8)
OBJ 50000309 (sz=24, trace=300168, class=sun.nio.cs.UTF_16BE@50000302)
	name		50001e8d
	aliases		50001b8c
ARR 5000030a (sz=24, trace=300159, nelems=0, elem type=java.lang.Object[]@5000011b)
ARR 5000030b (sz=32, trace=300154, nelems=0, elem type=char[])
OBJ 5000030c (sz=24, trace=300155, class=java.lang.String@5000013c)
ARR 5000030d (sz=32, trace=300156, nelems=0, elem type=char[])
OBJ 5000030e (sz=24, trace=300160, class=java.lang.StringBuilder@50000075)
ARR 5000030f (sz=48, trace=300161, nelems=0, elem type=char[])
ARR 50000310 (sz=88, trace=300006, nelems=0, elem type=char[])
OBJ 50000311 (sz=24, trace=300162, class=java.lang.String@5000013c)
ARR 50000312 (sz=56, trace=300163, nelems=0, elem type=char[])
ARR 50000314 (sz=16, trace=300165, nelems=0, elem type=java.lang.Class[]@500000ab)
OBJ 50000315 (sz=40, trace=300087, class=java.lang.ref.SoftReference@500000f4)
OBJ 50000316 (sz=72, trace=300088, class=java.lang.reflect.Constructor@50000142)
OBJ 50000317 (sz=24, trace=300166, class=java.lang.Class$1@50000164)
OBJ 50000318 (sz=24, trace=300090, class=sun.reflect.NativeConstructorAccessorImpl@50000129)
OBJ 50000319 (sz=16, trace=300091, class=sun.reflect.DelegatingConstructorAccessorImpl@500000c8)
OBJ 5000031a (sz=24, trace=300169, class=sun.nio.cs.UTF_16LE@50000313)
	name		50001e97
	aliases		50001b8b
ARR 5000031b (sz=24, trace=300159, nelems=0, elem type=java.lang.Object[]@5000011b)
ARR 5000031c (sz=32, trace=300154, nelems=0, elem type=char[])
OBJ 5000031d (sz=24, trace=300155, class=java.lang.String@5000013c)
ARR 5000031e (sz=32, trace=300156, nelems=0, elem type=char[])
OBJ 5000031f (sz=24, trace=300160, class=java.lang.StringBuilder@50000075)
ARR 50000320 (sz=48, trace=300161, nelems=0, elem type=char[])
ARR 50000321 (sz=88, trace=300006, nelems=0, elem type=char[])
OBJ 50000322 (sz=24, trace=300162, class=java.lang.String@5000013c)
ARR 50000323 (sz=56, trace=300163, nelems=0, elem type=char[])
ARR 50000325 (sz=16, trace=300165, nelems=0, elem type=java.lang.Class[]@500000ab)
OBJ 50000326 (sz=40, trace=300087, class=java.lang.ref.SoftReference@500000f4)
OBJ 50000327 (sz=72, trace=300088, class=java.lang.reflect.Constructor@50000142)
OBJ 50000328 (sz=24, trace=300166, class=java.lang.Class$1@50000164)
OBJ 50000329 (sz=24, trace=300090, class=sun.reflect.NativeConstructorAccessorImpl@50000129)
OBJ 5000032a (sz=16, trace=300091, class=sun.reflect.DelegatingConstructorAccessorImpl@500000c8)
OBJ 5000032b (sz=24, trace=300170, class=sun.nio.cs.UTF_16@50000324)
	name		50001e90
	aliases		50001b8d
ARR 5000032c (sz=24, trace=300159, nelems=0, elem type=java.lang.Object[]@5000011b)
OBJ 5000032d (sz=64, trace=300171, class=java.util.jar.JarFile@500002d6)
	name		50001a7f
	zc		50000337
	streams		5000032f
	inflaterCache	50000334
OBJ 5000032e (sz=40, trace=300172, class=java.lang.ref.Finalizer@50000115)
	referent	5000032d
	queue		50001701
	next		500021a1
	prev		50000370
OBJ 5000032f (sz=56, trace=300173, class=java.util.WeakHashMap@50000021)
	table		50000332
	queue		50000330
OBJ 50000330 (sz=32, trace=300174, class=java.lang.ref.ReferenceQueue@500000c2)
	lock		50000331
OBJ 50000331 (sz=16, trace=300175, class=java.lang.ref.ReferenceQueue$Lock@50000130)
ARR 50000332 (sz=80, trace=300176, nelems=6, elem type=java.util.WeakHashMap$Entry[]@50000013)
	[5]		5000037e
OBJ 50000334 (sz=24, trace=300178, class=java.util.ArrayDeque@50000333)
	elements	50000335
ARR 50000335 (sz=80, trace=300179, nelems=0, elem type=java.lang.Object[]@5000011b)
OBJ 50000337 (sz=32, trace=300181, class=java.util.zip.ZipCoder@50000336)
	cs		50001a92
	enc		5000035c
ARR 50000338 (sz=176, trace=300182, nelems=0, elem type=byte[])
ARR 50000339 (sz=72, trace=300011, nelems=0, elem type=byte[])
ARR 5000033a (sz=176, trace=300183, nelems=0, elem type=byte[])
ARR 5000033b (sz=72, trace=300011, nelems=0, elem type=byte[])
OBJ 5000033e (sz=16, trace=300186, class=sun.misc.Perf$GetPerfAction@5000033d)
OBJ 50000340 (sz=16, trace=300188, class=sun.misc.Perf@5000033f)
OBJ 50000342 (sz=24, trace=300190, class=sun.misc.PerfCounter@5000033c)
	name		50001fca
	lb		5000034a
OBJ 50000346 (sz=24, trace=300192, class=sun.security.action.GetPropertyAction@5000012a)
OBJ 50000347 (sz=64, trace=300193, class=java.nio.DirectByteBuffer@50000345)
OBJ 5000034a (sz=56, trace=300195, class=java.nio.DirectLongBufferU@50000349)
	att		50000347
OBJ 5000034b (sz=24, trace=300196, class=sun.misc.PerfCounter@5000033c)
	name		50001fcb
	lb		5000034d
OBJ 5000034c (sz=64, trace=300193, class=java.nio.DirectByteBuffer@50000345)
OBJ 5000034d (sz=56, trace=300195, class=java.nio.DirectLongBufferU@50000349)
	att		5000034c
OBJ 5000034e (sz=24, trace=300197, class=sun.misc.PerfCounter@5000033c)
	name		50001fcc
	lb		50000350
OBJ 5000034f (sz=64, trace=300193, class=java.nio.DirectByteBuffer@50000345)
OBJ 50000350 (sz=56, trace=300195, class=java.nio.DirectLongBufferU@50000349)
	att		5000034f
OBJ 50000351 (sz=24, trace=300198, class=sun.misc.PerfCounter@5000033c)
	name		50001fcd
	lb		50000353
OBJ 50000352 (sz=64, trace=300193, class=java.nio.DirectByteBuffer@50000345)
OBJ 50000353 (sz=56, trace=300195, class=java.nio.DirectLongBufferU@50000349)
	att		50000352
OBJ 50000354 (sz=24, trace=300199, class=sun.misc.PerfCounter@5000033c)
	name		50001fce
	lb		50000356
OBJ 50000355 (sz=64, trace=300193, class=java.nio.DirectByteBuffer@50000345)
OBJ 50000356 (sz=56, trace=300195, class=java.nio.DirectLongBufferU@50000349)
	att		50000355
OBJ 50000357 (sz=24, trace=300200, class=sun.misc.PerfCounter@5000033c)
	name		50001fcf
	lb		50000359
OBJ 50000358 (sz=64, trace=300193, class=java.nio.DirectByteBuffer@50000345)
OBJ 50000359 (sz=56, trace=300195, class=java.nio.DirectLongBufferU@50000349)
	att		50000358
ARR 5000035b (sz=1, trace=300202, nelems=1, elem type=byte[])
OBJ 5000035c (sz=48, trace=300203, class=sun.nio.cs.UTF_8$Encoder@500000cd)
	charset		50001a92
	replacement	5000035b
	malformedInputAction	50001ecf
	unmappableCharacterAction	50001ecf
ARR 5000035d (sz=56, trace=300204, nelems=0, elem type=char[])
ARR 5000035e (sz=80, trace=300205, nelems=0, elem type=byte[])
ARR 5000035f (sz=40, trace=300206, nelems=0, elem type=byte[])
OBJ 50000361 (sz=64, trace=300208, class=java.util.zip.ZipEntry@50000360)
OBJ 50000364 (sz=80, trace=300210, class=java.util.jar.JarFile$JarFileEntry@50000363)
ARR 50000365 (sz=56, trace=300211, nelems=0, elem type=char[])
OBJ 50000366 (sz=24, trace=300212, class=java.lang.String@5000013c)
ARR 50000367 (sz=56, trace=300213, nelems=0, elem type=char[])
ARR 50000368 (sz=120, trace=300211, nelems=0, elem type=char[])
OBJ 50000369 (sz=24, trace=300212, class=java.lang.String@5000013c)
ARR 5000036a (sz=120, trace=300213, nelems=0, elem type=char[])
ARR 5000036b (sz=56, trace=300214, nelems=0, elem type=char[])
ARR 5000036c (sz=80, trace=300215, nelems=0, elem type=byte[])
ARR 5000036d (sz=40, trace=300216, nelems=0, elem type=byte[])
OBJ 5000036f (sz=56, trace=300218, class=java.util.zip.ZipFile$ZipFileInputStream@5000036e)
	this$0		5000032d
OBJ 50000370 (sz=40, trace=300172, class=java.lang.ref.Finalizer@50000115)
	referent	5000036f
	queue		50001701
	next		5000032e
	prev		50000374
ARR 50000372 (sz=0, trace=300220, nelems=0, elem type=byte[])
OBJ 50000373 (sz=48, trace=300221, class=java.util.zip.Inflater@50000371)
	zsRef		50000376
	buf		5000037d
OBJ 50000374 (sz=40, trace=300172, class=java.lang.ref.Finalizer@50000115)
	referent	50000373
	queue		50001701
	next		50000370
	prev		5000037a
OBJ 50000376 (sz=24, trace=300223, class=java.util.zip.ZStreamRef@50000375)
OBJ 50000379 (sz=56, trace=300225, class=java.util.zip.ZipFile$ZipFileInflaterInputStream@50000378)
	in		5000036f
	inf		50000373
	buf		5000037d
	singleByteBuf	5000037b
	b		5000037c
	zfin		5000036f
	this$0		5000032d
OBJ 5000037a (sz=40, trace=300172, class=java.lang.ref.Finalizer@50000115)
	referent	50000379
	queue		50001701
	next		50000374
	prev		500003dd
ARR 5000037b (sz=1, trace=300226, nelems=1, elem type=byte[])
ARR 5000037c (sz=512, trace=300227, nelems=512, elem type=byte[])
ARR 5000037d (sz=72, trace=300228, nelems=72, elem type=byte[])
OBJ 5000037e (sz=40, trace=300229, class=java.util.WeakHashMap$Entry@50000012)
	referent	50000379
	queue		50000330
	value		50000373
OBJ 5000037f (sz=24, trace=300230, class=sun.misc.JarIndex@5000035a)
	indexMap	50000380
	jarMap		50000381
	jarFiles	500003a9
OBJ 50000380 (sz=48, trace=300231, class=java.util.HashMap@50000107)
	table		5000039a
OBJ 50000381 (sz=48, trace=300232, class=java.util.HashMap@50000107)
	table		5000039e
OBJ 50000382 (sz=24, trace=300233, class=java.io.InputStreamReader@50000140)
ARR 50000383 (sz=24, trace=300154, nelems=0, elem type=char[])
OBJ 50000384 (sz=24, trace=300155, class=java.lang.String@5000013c)
ARR 50000385 (sz=24, trace=300156, nelems=0, elem type=char[])
ARR 50000386 (sz=24, trace=300234, nelems=2, elem type=java.lang.Object[]@5000011b)
	[0]		50001a96
	[1]		50001a92
OBJ 50000387 (sz=40, trace=300235, class=sun.nio.cs.UTF_8$Decoder@50000165)
OBJ 50000388 (sz=48, trace=300236, class=sun.nio.cs.StreamDecoder@50000056)
ARR 50000389 (sz=8208, trace=300237, nelems=0, elem type=byte[])
OBJ 5000038a (sz=48, trace=300238, class=java.nio.HeapByteBuffer@50000044)
OBJ 5000038b (sz=48, trace=300239, class=java.io.BufferedReader@50000124)
ARR 5000038c (sz=16400, trace=300240, nelems=0, elem type=char[])
OBJ 5000038d (sz=32, trace=300034, class=java.util.Vector@50000032)
ARR 5000038e (sz=56, trace=300241, nelems=0, elem type=java.lang.Object[]@5000011b)
OBJ 5000038f (sz=48, trace=300242, class=java.nio.HeapCharBuffer@500000d6)
OBJ 50000390 (sz=24, trace=300243, class=java.lang.String@5000013c)
ARR 50000391 (sz=64, trace=300244, nelems=0, elem type=char[])
OBJ 50000392 (sz=24, trace=300243, class=java.lang.String@5000013c)
ARR 50000393 (sz=16, trace=300244, nelems=0, elem type=char[])
OBJ 50000394 (sz=24, trace=300243, class=java.lang.String@5000013c)
	value		50000395
ARR 50000395 (sz=42, trace=300244, nelems=21, elem type=char[])
OBJ 50000396 (sz=24, trace=300245, class=java.lang.String@5000013c)
	value		50000397
ARR 50000397 (sz=10, trace=300244, nelems=5, elem type=char[])
OBJ 50000398 (sz=32, trace=300067, class=java.util.LinkedList@500001c7)
	first		50000399
	last		50000399
OBJ 50000399 (sz=24, trace=300246, class=java.util.LinkedList$Node@500001cb)
	item		50000394
ARR 5000039a (sz=80, trace=300247, nelems=7, elem type=java.util.HashMap$Entry[]@50000132)
	[5]		500003a4
	[6]		5000039b
OBJ 5000039b (sz=32, trace=300140, class=java.util.HashMap$Entry@50000131)
	key		50000396
	value		50000398
OBJ 5000039c (sz=32, trace=300067, class=java.util.LinkedList@500001c7)
	first		5000039d
	last		500003a5
OBJ 5000039d (sz=24, trace=300246, class=java.util.LinkedList$Node@500001cb)
	item		50000396
	next		500003a5
ARR 5000039e (sz=80, trace=300248, nelems=4, elem type=java.util.HashMap$Entry[]@50000132)
	[3]		5000039f
OBJ 5000039f (sz=32, trace=300140, class=java.util.HashMap$Entry@50000131)
	key		50000394
	value		5000039c
OBJ 500003a0 (sz=24, trace=300245, class=java.lang.String@5000013c)
	value		500003a1
ARR 500003a1 (sz=34, trace=300244, nelems=17, elem type=char[])
OBJ 500003a2 (sz=32, trace=300067, class=java.util.LinkedList@500001c7)
	first		500003a3
	last		500003a3
OBJ 500003a3 (sz=24, trace=300246, class=java.util.LinkedList$Node@500001cb)
	item		50000394
OBJ 500003a4 (sz=32, trace=300140, class=java.util.HashMap$Entry@50000131)
	key		500003a0
	value		500003a2
OBJ 500003a5 (sz=24, trace=300249, class=java.util.LinkedList$Node@500001cb)
	item		500003a0
	prev		5000039d
OBJ 500003a6 (sz=24, trace=300245, class=java.lang.String@5000013c)
ARR 500003a7 (sz=16, trace=300244, nelems=0, elem type=char[])
OBJ 500003a8 (sz=48, trace=300242, class=java.nio.HeapCharBuffer@500000d6)
ARR 500003a9 (sz=24, trace=300250, nelems=1, elem type=java.lang.String[]@5000013d)
	[0]		50000394
OBJ 500003aa (sz=64, trace=300251, class=java.net.URL@500000e1)
OBJ 500003ab (sz=24, trace=300252, class=java.lang.StringBuilder@50000075)
ARR 500003ac (sz=48, trace=300253, nelems=0, elem type=char[])
OBJ 500003ad (sz=24, trace=300254, class=java.lang.String@5000013c)
ARR 500003ae (sz=80, trace=300255, nelems=0, elem type=char[])
ARR 500003af (sz=88, trace=300006, nelems=0, elem type=char[])
ARR 500003b0 (sz=160, trace=300006, nelems=0, elem type=char[])
OBJ 500003b1 (sz=24, trace=300256, class=java.lang.String@5000013c)
ARR 500003b2 (sz=128, trace=300257, nelems=0, elem type=char[])
OBJ 500003b3 (sz=24, trace=300258, class=java.lang.StringBuilder@50000075)
ARR 500003b4 (sz=48, trace=300259, nelems=0, elem type=char[])
ARR 500003b5 (sz=136, trace=300006, nelems=0, elem type=char[])
OBJ 500003b6 (sz=24, trace=300260, class=java.lang.String@5000013c)
	value		500003b7
ARR 500003b7 (sz=120, trace=300111, nelems=60, elem type=char[])
OBJ 500003b8 (sz=32, trace=300140, class=java.util.HashMap$Entry@50000131)
	key		500003b6
	value		500002cb
ARR 500003b9 (sz=96, trace=300204, nelems=0, elem type=char[])
ARR 500003ba (sz=136, trace=300205, nelems=0, elem type=byte[])
ARR 500003bb (sz=56, trace=300206, nelems=0, elem type=byte[])
OBJ 500003bc (sz=16, trace=300261, class=java.util.HashSet@500000cb)
OBJ 500003bd (sz=48, trace=300045, class=java.util.HashMap@50000107)
OBJ 500003be (sz=24, trace=300262, class=java.lang.String@5000013c)
ARR 500003bf (sz=64, trace=300263, nelems=0, elem type=char[])
OBJ 500003c0 (sz=24, trace=300108, class=java.lang.StringBuilder@50000075)
ARR 500003c1 (sz=48, trace=300109, nelems=0, elem type=char[])
ARR 500003c2 (sz=120, trace=300006, nelems=0, elem type=char[])
OBJ 500003c3 (sz=24, trace=300110, class=java.lang.String@5000013c)
	value		500003c4
ARR 500003c4 (sz=98, trace=300111, nelems=49, elem type=char[])
OBJ 500003c5 (sz=24, trace=300113, class=sun.misc.URLClassPath$3@5000020e)
OBJ 500003c6 (sz=24, trace=300118, class=java.lang.StringBuilder@50000075)
ARR 500003c7 (sz=48, trace=300119, nelems=0, elem type=char[])
OBJ 500003c8 (sz=24, trace=300128, class=java.lang.StringBuffer@50000042)
ARR 500003c9 (sz=112, trace=300129, nelems=0, elem type=char[])
OBJ 500003ca (sz=24, trace=300130, class=java.lang.String@5000013c)
ARR 500003cb (sz=112, trace=300131, nelems=0, elem type=char[])
ARR 500003cc (sz=112, trace=300006, nelems=0, elem type=char[])
ARR 500003cd (sz=208, trace=300006, nelems=0, elem type=char[])
OBJ 500003ce (sz=24, trace=300132, class=java.lang.String@5000013c)
	value		500003cf
ARR 500003cf (sz=98, trace=300133, nelems=49, elem type=char[])
OBJ 500003d0 (sz=64, trace=300134, class=java.net.URL@500000e1)
	protocol	50001a8e
	host		5000173a
	file		500003ce
	authority	5000173a
	path		500003ce
	handler		50001938
OBJ 500003d1 (sz=24, trace=300135, class=java.net.Parts@50000113)
OBJ 500003d2 (sz=48, trace=300136, class=sun.misc.URLClassPath$JarLoader@50000211)
	base		500003d0
	jar		500003dc
	csu		50001945
	handler		50001938
	lmap		50001939
OBJ 500003d3 (sz=32, trace=300137, class=java.io.File@500000e5)
OBJ 500003d4 (sz=16, trace=300142, class=sun.misc.URLClassPath$JarLoader$1@500002cd)
OBJ 500003d5 (sz=24, trace=300144, class=sun.misc.FileURLMapper@500002cf)
OBJ 500003d6 (sz=32, trace=300145, class=java.io.File@500000e5)
ARR 500003d7 (sz=144, trace=300010, nelems=0, elem type=byte[])
ARR 500003d8 (sz=64, trace=300011, nelems=0, elem type=byte[])
OBJ 500003d9 (sz=24, trace=300012, class=java.lang.String@5000013c)
ARR 500003da (sz=40, trace=300013, nelems=0, elem type=char[])
OBJ 500003db (sz=32, trace=300152, class=java.io.File@500000e5)
OBJ 500003dc (sz=64, trace=300171, class=java.util.jar.JarFile@500002d6)
	name		50001a7d
	zc		500003e4
	streams		500003de
	inflaterCache	500003e2
	manEntry	5000041e
OBJ 500003dd (sz=40, trace=300172, class=java.lang.ref.Finalizer@50000115)
	referent	500003dc
	queue		50001701
	next		5000037a
	prev		50000423
OBJ 500003de (sz=56, trace=300173, class=java.util.WeakHashMap@50000021)
	table		500003e1
	queue		500003df
OBJ 500003df (sz=32, trace=300174, class=java.lang.ref.ReferenceQueue@500000c2)
	lock		500003e0
OBJ 500003e0 (sz=16, trace=300175, class=java.lang.ref.ReferenceQueue$Lock@50000130)
ARR 500003e1 (sz=80, trace=300176, nelems=0, elem type=java.util.WeakHashMap$Entry[]@50000013)
OBJ 500003e2 (sz=24, trace=300178, class=java.util.ArrayDeque@50000333)
	elements	500003e3
ARR 500003e3 (sz=80, trace=300179, nelems=1, elem type=java.lang.Object[]@5000011b)
	[0]		50000424
OBJ 500003e4 (sz=32, trace=300181, class=java.util.zip.ZipCoder@50000336)
	cs		50001a92
	enc		500003ea
ARR 500003e5 (sz=144, trace=300182, nelems=0, elem type=byte[])
ARR 500003e6 (sz=64, trace=300011, nelems=0, elem type=byte[])
ARR 500003e7 (sz=144, trace=300183, nelems=0, elem type=byte[])
ARR 500003e8 (sz=64, trace=300011, nelems=0, elem type=byte[])
ARR 500003e9 (sz=1, trace=300202, nelems=1, elem type=byte[])
OBJ 500003ea (sz=48, trace=300203, class=sun.nio.cs.UTF_8$Encoder@500000cd)
	charset		50001a92
	replacement	500003e9
	malformedInputAction	50001ecf
	unmappableCharacterAction	50001ecf
ARR 500003eb (sz=56, trace=300204, nelems=0, elem type=char[])
ARR 500003ec (sz=80, trace=300205, nelems=0, elem type=byte[])
ARR 500003ed (sz=40, trace=300206, nelems=0, elem type=byte[])
OBJ 500003ef (sz=24, trace=300265, class=sun.security.action.GetPropertyAction@5000012a)
ARR 500003f0 (sz=56, trace=300266, nelems=10, elem type=java.lang.String[]@5000013d)
	[0]		500003f3
	[1]		500003f7
	[2]		500003fb
	[3]		500003ff
	[4]		50000403
	[5]		50000407
	[6]		5000040b
	[7]		5000040f
	[8]		50000414
	[9]		50000418
OBJ 500003f1 (sz=24, trace=300267, class=java.lang.StringBuilder@50000075)
ARR 500003f2 (sz=48, trace=300268, nelems=0, elem type=char[])
OBJ 500003f3 (sz=24, trace=300269, class=java.lang.String@5000013c)
	value		500003f4
ARR 500003f4 (sz=14, trace=300270, nelems=7, elem type=char[])
OBJ 500003f5 (sz=24, trace=300271, class=java.lang.StringBuilder@50000075)
ARR 500003f6 (sz=48, trace=300272, nelems=0, elem type=char[])
OBJ 500003f7 (sz=24, trace=300273, class=java.lang.String@5000013c)
	value		500003f8
ARR 500003f8 (sz=30, trace=300274, nelems=15, elem type=char[])
OBJ 500003f9 (sz=24, trace=300275, class=java.lang.StringBuilder@50000075)
ARR 500003fa (sz=48, trace=300276, nelems=0, elem type=char[])
OBJ 500003fb (sz=24, trace=300277, class=java.lang.String@5000013c)
	value		500003fc
ARR 500003fc (sz=18, trace=300278, nelems=9, elem type=char[])
OBJ 500003fd (sz=24, trace=300279, class=java.lang.StringBuilder@50000075)
ARR 500003fe (sz=48, trace=300280, nelems=0, elem type=char[])
OBJ 500003ff (sz=24, trace=300281, class=java.lang.String@5000013c)
	value		50000400
ARR 50000400 (sz=16, trace=300282, nelems=8, elem type=char[])
OBJ 50000401 (sz=24, trace=300283, class=java.lang.StringBuilder@50000075)
ARR 50000402 (sz=48, trace=300284, nelems=0, elem type=char[])
OBJ 50000403 (sz=24, trace=300285, class=java.lang.String@5000013c)
	value		50000404
ARR 50000404 (sz=26, trace=300286, nelems=13, elem type=char[])
OBJ 50000405 (sz=24, trace=300287, class=java.lang.StringBuilder@50000075)
ARR 50000406 (sz=48, trace=300288, nelems=0, elem type=char[])
OBJ 50000407 (sz=24, trace=300289, class=java.lang.String@5000013c)
	value		50000408
ARR 50000408 (sz=20, trace=300290, nelems=10, elem type=char[])
OBJ 50000409 (sz=24, trace=300291, class=java.lang.StringBuilder@50000075)
ARR 5000040a (sz=48, trace=300292, nelems=0, elem type=char[])
OBJ 5000040b (sz=24, trace=300293, class=java.lang.String@5000013c)
	value		5000040c
ARR 5000040c (sz=24, trace=300294, nelems=12, elem type=char[])
OBJ 5000040d (sz=24, trace=300295, class=java.lang.StringBuilder@50000075)
ARR 5000040e (sz=48, trace=300296, nelems=0, elem type=char[])
OBJ 5000040f (sz=24, trace=300297, class=java.lang.String@5000013c)
	value		50000410
ARR 50000410 (sz=30, trace=300298, nelems=15, elem type=char[])
OBJ 50000411 (sz=24, trace=300299, class=java.lang.StringBuilder@50000075)
ARR 50000412 (sz=48, trace=300300, nelems=0, elem type=char[])
ARR 50000413 (sz=88, trace=300006, nelems=0, elem type=char[])
OBJ 50000414 (sz=24, trace=300301, class=java.lang.String@5000013c)
	value		50000415
ARR 50000415 (sz=40, trace=300302, nelems=20, elem type=char[])
OBJ 50000416 (sz=24, trace=300303, class=java.lang.StringBuilder@50000075)
ARR 50000417 (sz=48, trace=300304, nelems=0, elem type=char[])
OBJ 50000418 (sz=24, trace=300305, class=java.lang.String@5000013c)
	value		50000419
ARR 50000419 (sz=28, trace=300306, nelems=14, elem type=char[])
ARR 5000041a (sz=56, trace=300204, nelems=0, elem type=char[])
ARR 5000041b (sz=80, trace=300205, nelems=0, elem type=byte[])
ARR 5000041c (sz=40, trace=300206, nelems=0, elem type=byte[])
OBJ 5000041d (sz=64, trace=300208, class=java.util.zip.ZipEntry@50000360)
OBJ 5000041e (sz=80, trace=300210, class=java.util.jar.JarFile$JarFileEntry@50000363)
	name		500017b0
	this$0		500003dc
ARR 5000041f (sz=56, trace=300307, nelems=0, elem type=char[])
ARR 50000420 (sz=80, trace=300308, nelems=0, elem type=byte[])
ARR 50000421 (sz=40, trace=300309, nelems=0, elem type=byte[])
OBJ 50000422 (sz=56, trace=300310, class=java.util.zip.ZipFile$ZipFileInputStream@5000036e)
	this$0		500003dc
OBJ 50000423 (sz=40, trace=300172, class=java.lang.ref.Finalizer@50000115)
	referent	50000422
	queue		50001701
	next		500003dd
	prev		50000425
OBJ 50000424 (sz=48, trace=300311, class=java.util.zip.Inflater@50000371)
	zsRef		50000426
	buf		50000372
OBJ 50000425 (sz=40, trace=300172, class=java.lang.ref.Finalizer@50000115)
	referent	50000424
	queue		50001701
	next		50000423
	prev		50000428
OBJ 50000426 (sz=24, trace=300223, class=java.util.zip.ZStreamRef@50000375)
OBJ 50000427 (sz=56, trace=300225, class=java.util.zip.ZipFile$ZipFileInflaterInputStream@50000378)
	in		50000422
	inf		50000424
	buf		5000042b
	singleByteBuf	50000429
	b		5000042a
	zfin		50000422
	this$0		500003dc
OBJ 50000428 (sz=40, trace=300172, class=java.lang.ref.Finalizer@50000115)
	referent	50000427
	queue		50001701
	next		50000425
	prev		50000451
ARR 50000429 (sz=1, trace=300312, nelems=1, elem type=byte[])
ARR 5000042a (sz=512, trace=300313, nelems=512, elem type=byte[])
ARR 5000042b (sz=62, trace=300314, nelems=62, elem type=byte[])
OBJ 5000042c (sz=40, trace=300229, class=java.util.WeakHashMap$Entry@50000012)
ARR 5000042e (sz=16, trace=300316, nelems=0, elem type=byte[])
ARR 5000042f (sz=80, trace=300317, nelems=0, elem type=byte[])
OBJ 50000430 (sz=32, trace=300140, class=java.util.HashMap$Entry@50000131)
	key		500003c3
	value		500003d2
	next		50000753
ARR 50000431 (sz=96, trace=300204, nelems=0, elem type=char[])
ARR 50000432 (sz=136, trace=300205, nelems=0, elem type=byte[])
ARR 50000433 (sz=56, trace=300206, nelems=0, elem type=byte[])
OBJ 50000434 (sz=24, trace=300108, class=java.lang.StringBuilder@50000075)
ARR 50000435 (sz=48, trace=300109, nelems=0, elem type=char[])
ARR 50000436 (sz=120, trace=300006, nelems=0, elem type=char[])
OBJ 50000437 (sz=24, trace=300110, class=java.lang.String@5000013c)
ARR 50000438 (sz=120, trace=300111, nelems=0, elem type=char[])
OBJ 50000439 (sz=24, trace=300113, class=sun.misc.URLClassPath$3@5000020e)
OBJ 5000043a (sz=24, trace=300118, class=java.lang.StringBuilder@50000075)
ARR 5000043b (sz=48, trace=300119, nelems=0, elem type=char[])
OBJ 5000043c (sz=24, trace=300128, class=java.lang.StringBuffer@50000042)
ARR 5000043d (sz=120, trace=300129, nelems=0, elem type=char[])
OBJ 5000043e (sz=24, trace=300130, class=java.lang.String@5000013c)
ARR 5000043f (sz=120, trace=300131, nelems=0, elem type=char[])
ARR 50000440 (sz=120, trace=300006, nelems=0, elem type=char[])
ARR 50000441 (sz=216, trace=300006, nelems=0, elem type=char[])
OBJ 50000442 (sz=24, trace=300132, class=java.lang.String@5000013c)
	value		50000443
ARR 50000443 (sz=102, trace=300133, nelems=51, elem type=char[])
OBJ 50000444 (sz=64, trace=300134, class=java.net.URL@500000e1)
	protocol	50001a8e
	host		5000173a
	file		50000442
	authority	5000173a
	path		50000442
	handler		50001938
OBJ 50000445 (sz=24, trace=300135, class=java.net.Parts@50000113)
OBJ 50000446 (sz=48, trace=300136, class=sun.misc.URLClassPath$JarLoader@50000211)
	base		50000444
	jar		50000450
	csu		50001946
	index		50000472
	handler		50001938
	lmap		50001939
OBJ 50000447 (sz=32, trace=300137, class=java.io.File@500000e5)
OBJ 50000448 (sz=16, trace=300142, class=sun.misc.URLClassPath$JarLoader$1@500002cd)
OBJ 50000449 (sz=24, trace=300144, class=sun.misc.FileURLMapper@500002cf)
OBJ 5000044a (sz=32, trace=300145, class=java.io.File@500000e5)
ARR 5000044b (sz=152, trace=300010, nelems=0, elem type=byte[])
ARR 5000044c (sz=64, trace=300011, nelems=0, elem type=byte[])
OBJ 5000044d (sz=24, trace=300012, class=java.lang.String@5000013c)
ARR 5000044e (sz=40, trace=300013, nelems=0, elem type=char[])
OBJ 5000044f (sz=32, trace=300152, class=java.io.File@500000e5)
OBJ 50000450 (sz=64, trace=300171, class=java.util.jar.JarFile@500002d6)
	name		50001a7b
	zc		50000458
	streams		50000452
	inflaterCache	50000456
OBJ 50000451 (sz=40, trace=300172, class=java.lang.ref.Finalizer@50000115)
	referent	50000450
	queue		50001701
	next		50000428
	prev		50000468
OBJ 50000452 (sz=56, trace=300173, class=java.util.WeakHashMap@50000021)
	table		50000455
	queue		50000453
OBJ 50000453 (sz=32, trace=300174, class=java.lang.ref.ReferenceQueue@500000c2)
	lock		50000454
OBJ 50000454 (sz=16, trace=300175, class=java.lang.ref.ReferenceQueue$Lock@50000130)
ARR 50000455 (sz=80, trace=300176, nelems=11, elem type=java.util.WeakHashMap$Entry[]@50000013)
	[10]		50000471
OBJ 50000456 (sz=24, trace=300178, class=java.util.ArrayDeque@50000333)
	elements	50000457
ARR 50000457 (sz=80, trace=300179, nelems=0, elem type=java.lang.Object[]@5000011b)
OBJ 50000458 (sz=32, trace=300181, class=java.util.zip.ZipCoder@50000336)
	cs		50001a92
	enc		5000045e
ARR 50000459 (sz=152, trace=300182, nelems=0, elem type=byte[])
ARR 5000045a (sz=64, trace=300011, nelems=0, elem type=byte[])
ARR 5000045b (sz=152, trace=300183, nelems=0, elem type=byte[])
ARR 5000045c (sz=64, trace=300011, nelems=0, elem type=byte[])
ARR 5000045d (sz=1, trace=300202, nelems=1, elem type=byte[])
OBJ 5000045e (sz=48, trace=300203, class=sun.nio.cs.UTF_8$Encoder@500000cd)
	charset		50001a92
	replacement	5000045d
	malformedInputAction	50001ecf
	unmappableCharacterAction	50001ecf
ARR 5000045f (sz=56, trace=300204, nelems=0, elem type=char[])
ARR 50000460 (sz=80, trace=300205, nelems=0, elem type=byte[])
ARR 50000461 (sz=40, trace=300206, nelems=0, elem type=byte[])
OBJ 50000462 (sz=64, trace=300208, class=java.util.zip.ZipEntry@50000360)
OBJ 50000463 (sz=80, trace=300210, class=java.util.jar.JarFile$JarFileEntry@50000363)
ARR 50000464 (sz=56, trace=300214, nelems=0, elem type=char[])
ARR 50000465 (sz=80, trace=300215, nelems=0, elem type=byte[])
ARR 50000466 (sz=40, trace=300216, nelems=0, elem type=byte[])
OBJ 50000467 (sz=56, trace=300218, class=java.util.zip.ZipFile$ZipFileInputStream@5000036e)
	this$0		50000450
OBJ 50000468 (sz=40, trace=300172, class=java.lang.ref.Finalizer@50000115)
	referent	50000467
	queue		50001701
	next		50000451
	prev		5000046a
OBJ 50000469 (sz=48, trace=300221, class=java.util.zip.Inflater@50000371)
	zsRef		5000046b
	buf		50000470
OBJ 5000046a (sz=40, trace=300172, class=java.lang.ref.Finalizer@50000115)
	referent	50000469
	queue		50001701
	next		50000468
	prev		5000046d
OBJ 5000046b (sz=24, trace=300223, class=java.util.zip.ZStreamRef@50000375)
OBJ 5000046c (sz=56, trace=300225, class=java.util.zip.ZipFile$ZipFileInflaterInputStream@50000378)
	in		50000467
	inf		50000469
	buf		50000470
	singleByteBuf	5000046e
	b		5000046f
	zfin		50000467
	this$0		50000450
OBJ 5000046d (sz=40, trace=300172, class=java.lang.ref.Finalizer@50000115)
	referent	5000046c
	queue		50001701
	next		5000046a
	prev		500004f0
ARR 5000046e (sz=1, trace=300226, nelems=1, elem type=byte[])
ARR 5000046f (sz=512, trace=300227, nelems=512, elem type=byte[])
ARR 50000470 (sz=201, trace=300228, nelems=201, elem type=byte[])
OBJ 50000471 (sz=40, trace=300229, class=java.util.WeakHashMap$Entry@50000012)
	referent	5000046c
	queue		50000453
	value		50000469
OBJ 50000472 (sz=24, trace=300230, class=sun.misc.JarIndex@5000035a)
	indexMap	50000473
	jarMap		50000474
	jarFiles	500004bc
OBJ 50000473 (sz=48, trace=300231, class=java.util.HashMap@50000107)
	table		50000489
OBJ 50000474 (sz=48, trace=300232, class=java.util.HashMap@50000107)
	table		5000048d
OBJ 50000475 (sz=24, trace=300233, class=java.io.InputStreamReader@50000140)
OBJ 50000476 (sz=40, trace=300235, class=sun.nio.cs.UTF_8$Decoder@50000165)
OBJ 50000477 (sz=48, trace=300236, class=sun.nio.cs.StreamDecoder@50000056)
ARR 50000478 (sz=8208, trace=300237, nelems=0, elem type=byte[])
OBJ 50000479 (sz=48, trace=300238, class=java.nio.HeapByteBuffer@50000044)
OBJ 5000047a (sz=48, trace=300239, class=java.io.BufferedReader@50000124)
ARR 5000047b (sz=16400, trace=300240, nelems=0, elem type=char[])
OBJ 5000047c (sz=32, trace=300034, class=java.util.Vector@50000032)
ARR 5000047d (sz=56, trace=300241, nelems=0, elem type=java.lang.Object[]@5000011b)
OBJ 5000047e (sz=48, trace=300242, class=java.nio.HeapCharBuffer@500000d6)
OBJ 5000047f (sz=24, trace=300243, class=java.lang.String@5000013c)
ARR 50000480 (sz=64, trace=300244, nelems=0, elem type=char[])
OBJ 50000481 (sz=24, trace=300243, class=java.lang.String@5000013c)
ARR 50000482 (sz=16, trace=300244, nelems=0, elem type=char[])
OBJ 50000483 (sz=24, trace=300243, class=java.lang.String@5000013c)
	value		50000484
ARR 50000484 (sz=24, trace=300244, nelems=12, elem type=char[])
OBJ 50000485 (sz=24, trace=300245, class=java.lang.String@5000013c)
	value		50000486
ARR 50000486 (sz=6, trace=300244, nelems=3, elem type=char[])
OBJ 50000487 (sz=32, trace=300067, class=java.util.LinkedList@500001c7)
	first		50000488
	last		50000488
OBJ 50000488 (sz=24, trace=300246, class=java.util.LinkedList$Node@500001cb)
	item		50000483
ARR 50000489 (sz=80, trace=300247, nelems=15, elem type=java.util.HashMap$Entry[]@50000132)
	[1]		500004b7
	[3]		5000048a
	[4]		5000049f
	[10]		500004ab
	[11]		500004b1
	[12]		50000493
	[14]		500004a5
OBJ 5000048a (sz=32, trace=300140, class=java.util.HashMap$Entry@50000131)
	key		50000485
	value		50000487
OBJ 5000048b (sz=32, trace=300067, class=java.util.LinkedList@500001c7)
	first		5000048c
	last		500004b8
OBJ 5000048c (sz=24, trace=300246, class=java.util.LinkedList$Node@500001cb)
	item		50000485
	next		50000494
ARR 5000048d (sz=80, trace=300248, nelems=3, elem type=java.util.HashMap$Entry[]@50000132)
	[2]		5000048e
OBJ 5000048e (sz=32, trace=300140, class=java.util.HashMap$Entry@50000131)
	key		50000483
	value		5000048b
OBJ 5000048f (sz=24, trace=300245, class=java.lang.String@5000013c)
	value		50000490
ARR 50000490 (sz=14, trace=300244, nelems=7, elem type=char[])
OBJ 50000491 (sz=32, trace=300067, class=java.util.LinkedList@500001c7)
	first		50000492
	last		50000492
OBJ 50000492 (sz=24, trace=300246, class=java.util.LinkedList$Node@500001cb)
	item		50000483
OBJ 50000493 (sz=32, trace=300140, class=java.util.HashMap$Entry@50000131)
	key		5000048f
	value		50000491
OBJ 50000494 (sz=24, trace=300249, class=java.util.LinkedList$Node@500001cb)
	item		5000048f
	next		5000049a
	prev		5000048c
OBJ 50000495 (sz=24, trace=300245, class=java.lang.String@5000013c)
	value		50000496
ARR 50000496 (sz=22, trace=300244, nelems=11, elem type=char[])
OBJ 50000497 (sz=32, trace=300067, class=java.util.LinkedList@500001c7)
	first		50000498
	last		50000498
OBJ 50000498 (sz=24, trace=300246, class=java.util.LinkedList$Node@500001cb)
	item		50000483
OBJ 50000499 (sz=32, trace=300140, class=java.util.HashMap$Entry@50000131)
	key		50000495
	value		50000497
OBJ 5000049a (sz=24, trace=300249, class=java.util.LinkedList$Node@500001cb)
	item		50000495
	next		500004a0
	prev		50000494
OBJ 5000049b (sz=24, trace=300245, class=java.lang.String@5000013c)
	value		5000049c
ARR 5000049c (sz=48, trace=300244, nelems=24, elem type=char[])
OBJ 5000049d (sz=32, trace=300067, class=java.util.LinkedList@500001c7)
	first		5000049e
	last		5000049e
OBJ 5000049e (sz=24, trace=300246, class=java.util.LinkedList$Node@500001cb)
	item		50000483
OBJ 5000049f (sz=32, trace=300140, class=java.util.HashMap$Entry@50000131)
	key		5000049b
	value		5000049d
OBJ 500004a0 (sz=24, trace=300249, class=java.util.LinkedList$Node@500001cb)
	item		5000049b
	next		500004a6
	prev		5000049a
OBJ 500004a1 (sz=24, trace=300245, class=java.lang.String@5000013c)
	value		500004a2
ARR 500004a2 (sz=68, trace=300244, nelems=34, elem type=char[])
OBJ 500004a3 (sz=32, trace=300067, class=java.util.LinkedList@500001c7)
	first		500004a4
	last		500004a4
OBJ 500004a4 (sz=24, trace=300246, class=java.util.LinkedList$Node@500001cb)
	item		50000483
OBJ 500004a5 (sz=32, trace=300140, class=java.util.HashMap$Entry@50000131)
	key		500004a1
	value		500004a3
OBJ 500004a6 (sz=24, trace=300249, class=java.util.LinkedList$Node@500001cb)
	item		500004a1
	next		500004ac
	prev		500004a0
OBJ 500004a7 (sz=24, trace=300245, class=java.lang.String@5000013c)
	value		500004a8
ARR 500004a8 (sz=68, trace=300244, nelems=34, elem type=char[])
OBJ 500004a9 (sz=32, trace=300067, class=java.util.LinkedList@500001c7)
	first		500004aa
	last		500004aa
OBJ 500004aa (sz=24, trace=300246, class=java.util.LinkedList$Node@500001cb)
	item		50000483
OBJ 500004ab (sz=32, trace=300140, class=java.util.HashMap$Entry@50000131)
	key		500004a7
	value		500004a9
	next		50000499
OBJ 500004ac (sz=24, trace=300249, class=java.util.LinkedList$Node@500001cb)
	item		500004a7
	next		500004b2
	prev		500004a6
OBJ 500004ad (sz=24, trace=300245, class=java.lang.String@5000013c)
	value		500004ae
ARR 500004ae (sz=34, trace=300244, nelems=17, elem type=char[])
OBJ 500004af (sz=32, trace=300067, class=java.util.LinkedList@500001c7)
	first		500004b0
	last		500004b0
OBJ 500004b0 (sz=24, trace=300246, class=java.util.LinkedList$Node@500001cb)
	item		50000483
OBJ 500004b1 (sz=32, trace=300140, class=java.util.HashMap$Entry@50000131)
	key		500004ad
	value		500004af
OBJ 500004b2 (sz=24, trace=300249, class=java.util.LinkedList$Node@500001cb)
	item		500004ad
	next		500004b8
	prev		500004ac
OBJ 500004b3 (sz=24, trace=300245, class=java.lang.String@5000013c)
	value		500004b4
ARR 500004b4 (sz=48, trace=300244, nelems=24, elem type=char[])
OBJ 500004b5 (sz=32, trace=300067, class=java.util.LinkedList@500001c7)
	first		500004b6
	last		500004b6
OBJ 500004b6 (sz=24, trace=300246, class=java.util.LinkedList$Node@500001cb)
	item		50000483
OBJ 500004b7 (sz=32, trace=300140, class=java.util.HashMap$Entry@50000131)
	key		500004b3
	value		500004b5
OBJ 500004b8 (sz=24, trace=300249, class=java.util.LinkedList$Node@500001cb)
	item		500004b3
	prev		500004b2
OBJ 500004b9 (sz=24, trace=300245, class=java.lang.String@5000013c)
ARR 500004ba (sz=16, trace=300244, nelems=0, elem type=char[])
OBJ 500004bb (sz=48, trace=300242, class=java.nio.HeapCharBuffer@500000d6)
ARR 500004bc (sz=24, trace=300250, nelems=1, elem type=java.lang.String[]@5000013d)
	[0]		50000483
OBJ 500004bd (sz=64, trace=300251, class=java.net.URL@500000e1)
OBJ 500004be (sz=24, trace=300252, class=java.lang.StringBuilder@50000075)
ARR 500004bf (sz=48, trace=300253, nelems=0, elem type=char[])
OBJ 500004c0 (sz=24, trace=300254, class=java.lang.String@5000013c)
ARR 500004c1 (sz=80, trace=300255, nelems=0, elem type=char[])
ARR 500004c2 (sz=88, trace=300006, nelems=0, elem type=char[])
ARR 500004c3 (sz=160, trace=300006, nelems=0, elem type=char[])
OBJ 500004c4 (sz=24, trace=300256, class=java.lang.String@5000013c)
ARR 500004c5 (sz=104, trace=300257, nelems=0, elem type=char[])
OBJ 500004c6 (sz=24, trace=300258, class=java.lang.StringBuilder@50000075)
ARR 500004c7 (sz=48, trace=300259, nelems=0, elem type=char[])
ARR 500004c8 (sz=120, trace=300006, nelems=0, elem type=char[])
OBJ 500004c9 (sz=24, trace=300260, class=java.lang.String@5000013c)
	value		500004ca
ARR 500004ca (sz=102, trace=300111, nelems=51, elem type=char[])
OBJ 500004cb (sz=32, trace=300140, class=java.util.HashMap$Entry@50000131)
	key		500004c9
	value		50000446
ARR 500004cc (sz=96, trace=300204, nelems=0, elem type=char[])
ARR 500004cd (sz=136, trace=300205, nelems=0, elem type=byte[])
ARR 500004ce (sz=56, trace=300206, nelems=0, elem type=byte[])
OBJ 500004cf (sz=16, trace=300261, class=java.util.HashSet@500000cb)
OBJ 500004d0 (sz=48, trace=300045, class=java.util.HashMap@50000107)
OBJ 500004d1 (sz=24, trace=300262, class=java.lang.String@5000013c)
ARR 500004d2 (sz=64, trace=300263, nelems=0, elem type=char[])
OBJ 500004d3 (sz=24, trace=300108, class=java.lang.StringBuilder@50000075)
ARR 500004d4 (sz=48, trace=300109, nelems=0, elem type=char[])
ARR 500004d5 (sz=120, trace=300006, nelems=0, elem type=char[])
OBJ 500004d6 (sz=24, trace=300110, class=java.lang.String@5000013c)
ARR 500004d7 (sz=120, trace=300111, nelems=0, elem type=char[])
OBJ 500004d8 (sz=24, trace=300113, class=sun.misc.URLClassPath$3@5000020e)
OBJ 500004d9 (sz=24, trace=300118, class=java.lang.StringBuilder@50000075)
ARR 500004da (sz=48, trace=300119, nelems=0, elem type=char[])
OBJ 500004db (sz=24, trace=300128, class=java.lang.StringBuffer@50000042)
ARR 500004dc (sz=112, trace=300129, nelems=0, elem type=char[])
OBJ 500004dd (sz=24, trace=300130, class=java.lang.String@5000013c)
ARR 500004de (sz=112, trace=300131, nelems=0, elem type=char[])
ARR 500004df (sz=112, trace=300006, nelems=0, elem type=char[])
ARR 500004e0 (sz=216, trace=300006, nelems=0, elem type=char[])
OBJ 500004e1 (sz=24, trace=300132, class=java.lang.String@5000013c)
	value		500004e2
ARR 500004e2 (sz=100, trace=300133, nelems=50, elem type=char[])
OBJ 500004e3 (sz=64, trace=300134, class=java.net.URL@500000e1)
	protocol	50001a8e
	host		5000173a
	file		500004e1
	authority	5000173a
	path		500004e1
	handler		50001938
OBJ 500004e4 (sz=24, trace=300135, class=java.net.Parts@50000113)
OBJ 500004e5 (sz=48, trace=300136, class=sun.misc.URLClassPath$JarLoader@50000211)
	base		500004e3
	jar		500004ef
	csu		50001947
	index		50000511
	handler		50001938
	lmap		50001939
OBJ 500004e6 (sz=32, trace=300137, class=java.io.File@500000e5)
OBJ 500004e7 (sz=16, trace=300142, class=sun.misc.URLClassPath$JarLoader$1@500002cd)
OBJ 500004e8 (sz=24, trace=300144, class=sun.misc.FileURLMapper@500002cf)
OBJ 500004e9 (sz=32, trace=300145, class=java.io.File@500000e5)
ARR 500004ea (sz=152, trace=300010, nelems=0, elem type=byte[])
ARR 500004eb (sz=64, trace=300011, nelems=0, elem type=byte[])
OBJ 500004ec (sz=24, trace=300012, class=java.lang.String@5000013c)
ARR 500004ed (sz=40, trace=300013, nelems=0, elem type=char[])
OBJ 500004ee (sz=32, trace=300152, class=java.io.File@500000e5)
OBJ 500004ef (sz=64, trace=300171, class=java.util.jar.JarFile@500002d6)
	name		50001a79
	zc		500004f7
	streams		500004f1
	inflaterCache	500004f5
OBJ 500004f0 (sz=40, trace=300172, class=java.lang.ref.Finalizer@50000115)
	referent	500004ef
	queue		50001701
	next		5000046d
	prev		50000507
OBJ 500004f1 (sz=56, trace=300173, class=java.util.WeakHashMap@50000021)
	table		500004f4
	queue		500004f2
OBJ 500004f2 (sz=32, trace=300174, class=java.lang.ref.ReferenceQueue@500000c2)
	lock		500004f3
OBJ 500004f3 (sz=16, trace=300175, class=java.lang.ref.ReferenceQueue$Lock@50000130)
ARR 500004f4 (sz=80, trace=300176, nelems=4, elem type=java.util.WeakHashMap$Entry[]@50000013)
	[3]		50000510
OBJ 500004f5 (sz=24, trace=300178, class=java.util.ArrayDeque@50000333)
	elements	500004f6
ARR 500004f6 (sz=80, trace=300179, nelems=0, elem type=java.lang.Object[]@5000011b)
OBJ 500004f7 (sz=32, trace=300181, class=java.util.zip.ZipCoder@50000336)
	cs		50001a92
	enc		500004fd
ARR 500004f8 (sz=152, trace=300182, nelems=0, elem type=byte[])
ARR 500004f9 (sz=64, trace=300011, nelems=0, elem type=byte[])
ARR 500004fa (sz=152, trace=300183, nelems=0, elem type=byte[])
ARR 500004fb (sz=64, trace=300011, nelems=0, elem type=byte[])
ARR 500004fc (sz=1, trace=300202, nelems=1, elem type=byte[])
OBJ 500004fd (sz=48, trace=300203, class=sun.nio.cs.UTF_8$Encoder@500000cd)
	charset		50001a92
	replacement	500004fc
	malformedInputAction	50001ecf
	unmappableCharacterAction	50001ecf
ARR 500004fe (sz=56, trace=300204, nelems=0, elem type=char[])
ARR 500004ff (sz=80, trace=300205, nelems=0, elem type=byte[])
ARR 50000500 (sz=40, trace=300206, nelems=0, elem type=byte[])
OBJ 50000501 (sz=64, trace=300208, class=java.util.zip.ZipEntry@50000360)
OBJ 50000502 (sz=80, trace=300210, class=java.util.jar.JarFile$JarFileEntry@50000363)
ARR 50000503 (sz=56, trace=300214, nelems=0, elem type=char[])
ARR 50000504 (sz=80, trace=300215, nelems=0, elem type=byte[])
ARR 50000505 (sz=40, trace=300216, nelems=0, elem type=byte[])
OBJ 50000506 (sz=56, trace=300218, class=java.util.zip.ZipFile$ZipFileInputStream@5000036e)
	this$0		500004ef
OBJ 50000507 (sz=40, trace=300172, class=java.lang.ref.Finalizer@50000115)
	referent	50000506
	queue		50001701
	next		500004f0
	prev		50000509
OBJ 50000508 (sz=48, trace=300221, class=java.util.zip.Inflater@50000371)
	zsRef		5000050a
	buf		5000050f
OBJ 50000509 (sz=40, trace=300172, class=java.lang.ref.Finalizer@50000115)
	referent	50000508
	queue		50001701
	next		50000507
	prev		5000050c
OBJ 5000050a (sz=24, trace=300223, class=java.util.zip.ZStreamRef@50000375)
OBJ 5000050b (sz=56, trace=300225, class=java.util.zip.ZipFile$ZipFileInflaterInputStream@50000378)
	in		50000506
	inf		50000508
	buf		5000050f
	singleByteBuf	5000050d
	b		5000050e
	zfin		50000506
	this$0		500004ef
OBJ 5000050c (sz=40, trace=300172, class=java.lang.ref.Finalizer@50000115)
	referent	5000050b
	queue		50001701
	next		50000509
	prev		50000571
ARR 5000050d (sz=1, trace=300226, nelems=1, elem type=byte[])
ARR 5000050e (sz=512, trace=300227, nelems=512, elem type=byte[])
ARR 5000050f (sz=72, trace=300228, nelems=72, elem type=byte[])
OBJ 50000510 (sz=40, trace=300229, class=java.util.WeakHashMap$Entry@50000012)
	referent	5000050b
	queue		500004f2
	value		50000508
OBJ 50000511 (sz=24, trace=300230, class=sun.misc.JarIndex@5000035a)
	indexMap	50000512
	jarMap		50000513
	jarFiles	5000053d
OBJ 50000512 (sz=48, trace=300231, class=java.util.HashMap@50000107)
	table		50000528
OBJ 50000513 (sz=48, trace=300232, class=java.util.HashMap@50000107)
	table		5000052c
OBJ 50000514 (sz=24, trace=300233, class=java.io.InputStreamReader@50000140)
OBJ 50000515 (sz=40, trace=300235, class=sun.nio.cs.UTF_8$Decoder@50000165)
OBJ 50000516 (sz=48, trace=300236, class=sun.nio.cs.StreamDecoder@50000056)
ARR 50000517 (sz=8208, trace=300237, nelems=0, elem type=byte[])
OBJ 50000518 (sz=48, trace=300238, class=java.nio.HeapByteBuffer@50000044)
OBJ 50000519 (sz=48, trace=300239, class=java.io.BufferedReader@50000124)
ARR 5000051a (sz=16400, trace=300240, nelems=0, elem type=char[])
OBJ 5000051b (sz=32, trace=300034, class=java.util.Vector@50000032)
ARR 5000051c (sz=56, trace=300241, nelems=0, elem type=java.lang.Object[]@5000011b)
OBJ 5000051d (sz=48, trace=300242, class=java.nio.HeapCharBuffer@500000d6)
OBJ 5000051e (sz=24, trace=300243, class=java.lang.String@5000013c)
ARR 5000051f (sz=64, trace=300244, nelems=0, elem type=char[])
OBJ 50000520 (sz=24, trace=300243, class=java.lang.String@5000013c)
ARR 50000521 (sz=16, trace=300244, nelems=0, elem type=char[])
OBJ 50000522 (sz=24, trace=300243, class=java.lang.String@5000013c)
	value		50000523
ARR 50000523 (sz=22, trace=300244, nelems=11, elem type=char[])
OBJ 50000524 (sz=24, trace=300245, class=java.lang.String@5000013c)
	value		50000525
ARR 50000525 (sz=10, trace=300244, nelems=5, elem type=char[])
OBJ 50000526 (sz=32, trace=300067, class=java.util.LinkedList@500001c7)
	first		50000527
	last		50000527
OBJ 50000527 (sz=24, trace=300246, class=java.util.LinkedList$Node@500001cb)
	item		50000522
ARR 50000528 (sz=80, trace=300247, nelems=7, elem type=java.util.HashMap$Entry[]@50000132)
	[0]		50000538
	[5]		50000532
	[6]		50000529
OBJ 50000529 (sz=32, trace=300140, class=java.util.HashMap$Entry@50000131)
	key		50000524
	value		50000526
OBJ 5000052a (sz=32, trace=300067, class=java.util.LinkedList@500001c7)
	first		5000052b
	last		50000539
OBJ 5000052b (sz=24, trace=300246, class=java.util.LinkedList$Node@500001cb)
	item		50000524
	next		50000533
ARR 5000052c (sz=80, trace=300248, nelems=7, elem type=java.util.HashMap$Entry[]@50000132)
	[6]		5000052d
OBJ 5000052d (sz=32, trace=300140, class=java.util.HashMap$Entry@50000131)
	key		50000522
	value		5000052a
OBJ 5000052e (sz=24, trace=300245, class=java.lang.String@5000013c)
	value		5000052f
ARR 5000052f (sz=22, trace=300244, nelems=11, elem type=char[])
OBJ 50000530 (sz=32, trace=300067, class=java.util.LinkedList@500001c7)
	first		50000531
	last		50000531
OBJ 50000531 (sz=24, trace=300246, class=java.util.LinkedList$Node@500001cb)
	item		50000522
OBJ 50000532 (sz=32, trace=300140, class=java.util.HashMap$Entry@50000131)
	key		5000052e
	value		50000530
OBJ 50000533 (sz=24, trace=300249, class=java.util.LinkedList$Node@500001cb)
	item		5000052e
	next		50000539
	prev		5000052b
OBJ 50000534 (sz=24, trace=300245, class=java.lang.String@5000013c)
	value		50000535
ARR 50000535 (sz=30, trace=300244, nelems=15, elem type=char[])
OBJ 50000536 (sz=32, trace=300067, class=java.util.LinkedList@500001c7)
	first		50000537
	last		50000537
OBJ 50000537 (sz=24, trace=300246, class=java.util.LinkedList$Node@500001cb)
	item		50000522
OBJ 50000538 (sz=32, trace=300140, class=java.util.HashMap$Entry@50000131)
	key		50000534
	value		50000536
OBJ 50000539 (sz=24, trace=300249, class=java.util.LinkedList$Node@500001cb)
	item		50000534
	prev		50000533
OBJ 5000053a (sz=24, trace=300245, class=java.lang.String@5000013c)
ARR 5000053b (sz=16, trace=300244, nelems=0, elem type=char[])
OBJ 5000053c (sz=48, trace=300242, class=java.nio.HeapCharBuffer@500000d6)
ARR 5000053d (sz=24, trace=300250, nelems=1, elem type=java.lang.String[]@5000013d)
	[0]		50000522
OBJ 5000053e (sz=64, trace=300251, class=java.net.URL@500000e1)
OBJ 5000053f (sz=24, trace=300252, class=java.lang.StringBuilder@50000075)
ARR 50000540 (sz=48, trace=300253, nelems=0, elem type=char[])
OBJ 50000541 (sz=24, trace=300254, class=java.lang.String@5000013c)
ARR 50000542 (sz=80, trace=300255, nelems=0, elem type=char[])
ARR 50000543 (sz=88, trace=300006, nelems=0, elem type=char[])
ARR 50000544 (sz=160, trace=300006, nelems=0, elem type=char[])
OBJ 50000545 (sz=24, trace=300256, class=java.lang.String@5000013c)
ARR 50000546 (sz=104, trace=300257, nelems=0, elem type=char[])
OBJ 50000547 (sz=24, trace=300258, class=java.lang.StringBuilder@50000075)
ARR 50000548 (sz=48, trace=300259, nelems=0, elem type=char[])
ARR 50000549 (sz=120, trace=300006, nelems=0, elem type=char[])
OBJ 5000054a (sz=24, trace=300260, class=java.lang.String@5000013c)
	value		5000054b
ARR 5000054b (sz=100, trace=300111, nelems=50, elem type=char[])
OBJ 5000054c (sz=32, trace=300140, class=java.util.HashMap$Entry@50000131)
	key		5000054a
	value		500004e5
ARR 5000054d (sz=96, trace=300204, nelems=0, elem type=char[])
ARR 5000054e (sz=136, trace=300205, nelems=0, elem type=byte[])
ARR 5000054f (sz=56, trace=300206, nelems=0, elem type=byte[])
OBJ 50000550 (sz=16, trace=300261, class=java.util.HashSet@500000cb)
OBJ 50000551 (sz=48, trace=300045, class=java.util.HashMap@50000107)
OBJ 50000552 (sz=24, trace=300262, class=java.lang.String@5000013c)
ARR 50000553 (sz=64, trace=300263, nelems=0, elem type=char[])
OBJ 50000554 (sz=24, trace=300108, class=java.lang.StringBuilder@50000075)
ARR 50000555 (sz=48, trace=300109, nelems=0, elem type=char[])
ARR 50000556 (sz=120, trace=300006, nelems=0, elem type=char[])
OBJ 50000557 (sz=24, trace=300110, class=java.lang.String@5000013c)
ARR 50000558 (sz=120, trace=300111, nelems=0, elem type=char[])
OBJ 50000559 (sz=24, trace=300113, class=sun.misc.URLClassPath$3@5000020e)
OBJ 5000055a (sz=24, trace=300118, class=java.lang.StringBuilder@50000075)
ARR 5000055b (sz=48, trace=300119, nelems=0, elem type=char[])
OBJ 5000055c (sz=24, trace=300128, class=java.lang.StringBuffer@50000042)
ARR 5000055d (sz=120, trace=300129, nelems=0, elem type=char[])
OBJ 5000055e (sz=24, trace=300130, class=java.lang.String@5000013c)
ARR 5000055f (sz=120, trace=300131, nelems=0, elem type=char[])
ARR 50000560 (sz=120, trace=300006, nelems=0, elem type=char[])
ARR 50000561 (sz=216, trace=300006, nelems=0, elem type=char[])
OBJ 50000562 (sz=24, trace=300132, class=java.lang.String@5000013c)
	value		50000563
ARR 50000563 (sz=102, trace=300133, nelems=51, elem type=char[])
OBJ 50000564 (sz=64, trace=300134, class=java.net.URL@500000e1)
	protocol	50001a8e
	host		5000173a
	file		50000562
	authority	5000173a
	path		50000562
	handler		50001938
OBJ 50000565 (sz=24, trace=300135, class=java.net.Parts@50000113)
OBJ 50000566 (sz=48, trace=300136, class=sun.misc.URLClassPath$JarLoader@50000211)
	base		50000564
	jar		50000570
	csu		50001948
	index		50000592
	handler		50001938
	lmap		50001939
OBJ 50000567 (sz=32, trace=300137, class=java.io.File@500000e5)
OBJ 50000568 (sz=16, trace=300142, class=sun.misc.URLClassPath$JarLoader$1@500002cd)
OBJ 50000569 (sz=24, trace=300144, class=sun.misc.FileURLMapper@500002cf)
OBJ 5000056a (sz=32, trace=300145, class=java.io.File@500000e5)
ARR 5000056b (sz=152, trace=300010, nelems=0, elem type=byte[])
ARR 5000056c (sz=64, trace=300011, nelems=0, elem type=byte[])
OBJ 5000056d (sz=24, trace=300012, class=java.lang.String@5000013c)
ARR 5000056e (sz=40, trace=300013, nelems=0, elem type=char[])
OBJ 5000056f (sz=32, trace=300152, class=java.io.File@500000e5)
OBJ 50000570 (sz=64, trace=300171, class=java.util.jar.JarFile@500002d6)
	name		50001a77
	zc		50000578
	streams		50000572
	inflaterCache	50000576
OBJ 50000571 (sz=40, trace=300172, class=java.lang.ref.Finalizer@50000115)
	referent	50000570
	queue		50001701
	next		5000050c
	prev		50000588
OBJ 50000572 (sz=56, trace=300173, class=java.util.WeakHashMap@50000021)
	table		50000575
	queue		50000573
OBJ 50000573 (sz=32, trace=300174, class=java.lang.ref.ReferenceQueue@500000c2)
	lock		50000574
OBJ 50000574 (sz=16, trace=300175, class=java.lang.ref.ReferenceQueue$Lock@50000130)
ARR 50000575 (sz=80, trace=300176, nelems=6, elem type=java.util.WeakHashMap$Entry[]@50000013)
	[5]		50000591
OBJ 50000576 (sz=24, trace=300178, class=java.util.ArrayDeque@50000333)
	elements	50000577
ARR 50000577 (sz=80, trace=300179, nelems=0, elem type=java.lang.Object[]@5000011b)
OBJ 50000578 (sz=32, trace=300181, class=java.util.zip.ZipCoder@50000336)
	cs		50001a92
	enc		5000057e
ARR 50000579 (sz=152, trace=300182, nelems=0, elem type=byte[])
ARR 5000057a (sz=64, trace=300011, nelems=0, elem type=byte[])
ARR 5000057b (sz=152, trace=300183, nelems=0, elem type=byte[])
ARR 5000057c (sz=64, trace=300011, nelems=0, elem type=byte[])
ARR 5000057d (sz=1, trace=300202, nelems=1, elem type=byte[])
OBJ 5000057e (sz=48, trace=300203, class=sun.nio.cs.UTF_8$Encoder@500000cd)
	charset		50001a92
	replacement	5000057d
	malformedInputAction	50001ecf
	unmappableCharacterAction	50001ecf
ARR 5000057f (sz=56, trace=300204, nelems=0, elem type=char[])
ARR 50000580 (sz=80, trace=300205, nelems=0, elem type=byte[])
ARR 50000581 (sz=40, trace=300206, nelems=0, elem type=byte[])
OBJ 50000582 (sz=64, trace=300208, class=java.util.zip.ZipEntry@50000360)
OBJ 50000583 (sz=80, trace=300210, class=java.util.jar.JarFile$JarFileEntry@50000363)
ARR 50000584 (sz=56, trace=300214, nelems=0, elem type=char[])
ARR 50000585 (sz=80, trace=300215, nelems=0, elem type=byte[])
ARR 50000586 (sz=40, trace=300216, nelems=0, elem type=byte[])
OBJ 50000587 (sz=56, trace=300218, class=java.util.zip.ZipFile$ZipFileInputStream@5000036e)
	this$0		50000570
OBJ 50000588 (sz=40, trace=300172, class=java.lang.ref.Finalizer@50000115)
	referent	50000587
	queue		50001701
	next		50000571
	prev		5000058a
OBJ 50000589 (sz=48, trace=300221, class=java.util.zip.Inflater@50000371)
	zsRef		5000058b
	buf		50000590
OBJ 5000058a (sz=40, trace=300172, class=java.lang.ref.Finalizer@50000115)
	referent	50000589
	queue		50001701
	next		50000588
	prev		5000058d
OBJ 5000058b (sz=24, trace=300223, class=java.util.zip.ZStreamRef@50000375)
OBJ 5000058c (sz=56, trace=300225, class=java.util.zip.ZipFile$ZipFileInflaterInputStream@50000378)
	in		50000587
	inf		50000589
	buf		50000590
	singleByteBuf	5000058e
	b		5000058f
	zfin		50000587
	this$0		50000570
OBJ 5000058d (sz=40, trace=300172, class=java.lang.ref.Finalizer@50000115)
	referent	5000058c
	queue		50001701
	next		5000058a
	prev		500006d9
ARR 5000058e (sz=1, trace=300226, nelems=1, elem type=byte[])
ARR 5000058f (sz=512, trace=300227, nelems=512, elem type=byte[])
ARR 50000590 (sz=1556, trace=300228, nelems=1556, elem type=byte[])
OBJ 50000591 (sz=40, trace=300229, class=java.util.WeakHashMap$Entry@50000012)
	referent	5000058c
	queue		50000573
	value		50000589
OBJ 50000592 (sz=24, trace=300230, class=sun.misc.JarIndex@5000035a)
	indexMap	50000593
	jarMap		50000594
	jarFiles	500006a4
OBJ 50000593 (sz=48, trace=300231, class=java.util.HashMap@50000107)
	table		5000063e
OBJ 50000594 (sz=48, trace=300232, class=java.util.HashMap@50000107)
	table		500005ad
OBJ 50000595 (sz=24, trace=300233, class=java.io.InputStreamReader@50000140)
OBJ 50000596 (sz=40, trace=300235, class=sun.nio.cs.UTF_8$Decoder@50000165)
OBJ 50000597 (sz=48, trace=300236, class=sun.nio.cs.StreamDecoder@50000056)
ARR 50000598 (sz=8208, trace=300237, nelems=0, elem type=byte[])
OBJ 50000599 (sz=48, trace=300238, class=java.nio.HeapByteBuffer@50000044)
OBJ 5000059a (sz=48, trace=300239, class=java.io.BufferedReader@50000124)
ARR 5000059b (sz=16400, trace=300240, nelems=0, elem type=char[])
OBJ 5000059c (sz=32, trace=300034, class=java.util.Vector@50000032)
ARR 5000059d (sz=56, trace=300241, nelems=0, elem type=java.lang.Object[]@5000011b)
OBJ 5000059e (sz=48, trace=300242, class=java.nio.HeapCharBuffer@500000d6)
OBJ 5000059f (sz=24, trace=300243, class=java.lang.String@5000013c)
ARR 500005a0 (sz=64, trace=300244, nelems=0, elem type=char[])
OBJ 500005a1 (sz=24, trace=300243, class=java.lang.String@5000013c)
ARR 500005a2 (sz=16, trace=300244, nelems=0, elem type=char[])
OBJ 500005a3 (sz=24, trace=300243, class=java.lang.String@5000013c)
	value		500005a4
ARR 500005a4 (sz=24, trace=300244, nelems=12, elem type=char[])
OBJ 500005a5 (sz=24, trace=300245, class=java.lang.String@5000013c)
	value		500005a6
ARR 500005a6 (sz=6, trace=300244, nelems=3, elem type=char[])
OBJ 500005a7 (sz=32, trace=300067, class=java.util.LinkedList@500001c7)
	first		500005a8
	last		500005a8
OBJ 500005a8 (sz=24, trace=300246, class=java.util.LinkedList$Node@500001cb)
	item		500005a3
ARR 500005a9 (sz=80, trace=300247, nelems=0, elem type=java.util.HashMap$Entry[]@50000132)
OBJ 500005aa (sz=32, trace=300140, class=java.util.HashMap$Entry@50000131)
	key		500005a5
	value		500005a7
OBJ 500005ab (sz=32, trace=300067, class=java.util.LinkedList@500001c7)
	first		500005ac
	last		500006a0
OBJ 500005ac (sz=24, trace=300246, class=java.util.LinkedList$Node@500001cb)
	item		500005a5
	next		500005b4
ARR 500005ad (sz=80, trace=300248, nelems=8, elem type=java.util.HashMap$Entry[]@50000132)
	[7]		500005ae
OBJ 500005ae (sz=32, trace=300140, class=java.util.HashMap$Entry@50000131)
	key		500005a3
	value		500005ab
OBJ 500005af (sz=24, trace=300245, class=java.lang.String@5000013c)
	value		500005b0
ARR 500005b0 (sz=14, trace=300244, nelems=7, elem type=char[])
OBJ 500005b1 (sz=32, trace=300067, class=java.util.LinkedList@500001c7)
	first		500005b2
	last		500005b2
OBJ 500005b2 (sz=24, trace=300246, class=java.util.LinkedList$Node@500001cb)
	item		500005a3
OBJ 500005b3 (sz=32, trace=300140, class=java.util.HashMap$Entry@50000131)
	key		500005af
	value		500005b1
OBJ 500005b4 (sz=24, trace=300249, class=java.util.LinkedList$Node@500001cb)
	item		500005af
	next		500005ba
	prev		500005ac
OBJ 500005b5 (sz=24, trace=300245, class=java.lang.String@5000013c)
	value		500005b6
ARR 500005b6 (sz=22, trace=300244, nelems=11, elem type=char[])
OBJ 500005b7 (sz=32, trace=300067, class=java.util.LinkedList@500001c7)
	first		500005b8
	last		500005b8
OBJ 500005b8 (sz=24, trace=300246, class=java.util.LinkedList$Node@500001cb)
	item		500005a3
OBJ 500005b9 (sz=32, trace=300140, class=java.util.HashMap$Entry@50000131)
	key		500005b5
	value		500005b7
	next		50000608
OBJ 500005ba (sz=24, trace=300249, class=java.util.LinkedList$Node@500001cb)
	item		500005b5
	next		500005c0
	prev		500005b4
OBJ 500005bb (sz=24, trace=300245, class=java.lang.String@5000013c)
	value		500005bc
ARR 500005bc (sz=40, trace=300244, nelems=20, elem type=char[])
OBJ 500005bd (sz=32, trace=300067, class=java.util.LinkedList@500001c7)
	first		500005be
	last		500005be
OBJ 500005be (sz=24, trace=300246, class=java.util.LinkedList$Node@500001cb)
	item		500005a3
OBJ 500005bf (sz=32, trace=300140, class=java.util.HashMap$Entry@50000131)
	key		500005bb
	value		500005bd
	next		50000626
OBJ 500005c0 (sz=24, trace=300249, class=java.util.LinkedList$Node@500001cb)
	item		500005bb
	next		500005c6
	prev		500005ba
OBJ 500005c1 (sz=24, trace=300245, class=java.lang.String@5000013c)
	value		500005c2
ARR 500005c2 (sz=38, trace=300244, nelems=19, elem type=char[])
OBJ 500005c3 (sz=32, trace=300067, class=java.util.LinkedList@500001c7)
	first		500005c4
	last		500005c4
OBJ 500005c4 (sz=24, trace=300246, class=java.util.LinkedList$Node@500001cb)
	item		500005a3
OBJ 500005c5 (sz=32, trace=300140, class=java.util.HashMap$Entry@50000131)
	key		500005c1
	value		500005c3
OBJ 500005c6 (sz=24, trace=300249, class=java.util.LinkedList$Node@500001cb)
	item		500005c1
	next		500005cc
	prev		500005c0
OBJ 500005c7 (sz=24, trace=300245, class=java.lang.String@5000013c)
	value		500005c8
ARR 500005c8 (sz=48, trace=300244, nelems=24, elem type=char[])
OBJ 500005c9 (sz=32, trace=300067, class=java.util.LinkedList@500001c7)
	first		500005ca
	last		500005ca
OBJ 500005ca (sz=24, trace=300246, class=java.util.LinkedList$Node@500001cb)
	item		500005a3
OBJ 500005cb (sz=32, trace=300140, class=java.util.HashMap$Entry@50000131)
	key		500005c7
	value		500005c9
OBJ 500005cc (sz=24, trace=300249, class=java.util.LinkedList$Node@500001cb)
	item		500005c7
	next		500005d2
	prev		500005c6
OBJ 500005cd (sz=24, trace=300245, class=java.lang.String@5000013c)
	value		500005ce
ARR 500005ce (sz=60, trace=300244, nelems=30, elem type=char[])
OBJ 500005cf (sz=32, trace=300067, class=java.util.LinkedList@500001c7)
	first		500005d0
	last		500005d0
OBJ 500005d0 (sz=24, trace=300246, class=java.util.LinkedList$Node@500001cb)
	item		500005a3
OBJ 500005d1 (sz=32, trace=300140, class=java.util.HashMap$Entry@50000131)
	key		500005cd
	value		500005cf
OBJ 500005d2 (sz=24, trace=300249, class=java.util.LinkedList$Node@500001cb)
	item		500005cd
	next		500005d8
	prev		500005cc
OBJ 500005d3 (sz=24, trace=300245, class=java.lang.String@5000013c)
	value		500005d4
ARR 500005d4 (sz=34, trace=300244, nelems=17, elem type=char[])
OBJ 500005d5 (sz=32, trace=300067, class=java.util.LinkedList@500001c7)
	first		500005d6
	last		500005d6
OBJ 500005d6 (sz=24, trace=300246, class=java.util.LinkedList$Node@500001cb)
	item		500005a3
OBJ 500005d7 (sz=32, trace=300140, class=java.util.HashMap$Entry@50000131)
	key		500005d3
	value		500005d5
	next		50000620
OBJ 500005d8 (sz=24, trace=300249, class=java.util.LinkedList$Node@500001cb)
	item		500005d3
	next		500005de
	prev		500005d2
OBJ 500005d9 (sz=24, trace=300245, class=java.lang.String@5000013c)
	value		500005da
ARR 500005da (sz=48, trace=300244, nelems=24, elem type=char[])
OBJ 500005db (sz=32, trace=300067, class=java.util.LinkedList@500001c7)
	first		500005dc
	last		500005dc
OBJ 500005dc (sz=24, trace=300246, class=java.util.LinkedList$Node@500001cb)
	item		500005a3
OBJ 500005dd (sz=32, trace=300140, class=java.util.HashMap$Entry@50000131)
	key		500005d9
	value		500005db
OBJ 500005de (sz=24, trace=300249, class=java.util.LinkedList$Node@500001cb)
	item		500005d9
	next		500005e4
	prev		500005d8
OBJ 500005df (sz=24, trace=300245, class=java.lang.String@5000013c)
	value		500005e0
ARR 500005e0 (sz=46, trace=300244, nelems=23, elem type=char[])
OBJ 500005e1 (sz=32, trace=300067, class=java.util.LinkedList@500001c7)
	first		500005e2
	last		500005e2
OBJ 500005e2 (sz=24, trace=300246, class=java.util.LinkedList$Node@500001cb)
	item		500005a3
OBJ 500005e3 (sz=32, trace=300140, class=java.util.HashMap$Entry@50000131)
	key		500005df
	value		500005e1
OBJ 500005e4 (sz=24, trace=300249, class=java.util.LinkedList$Node@500001cb)
	item		500005df
	next		500005ea
	prev		500005de
OBJ 500005e5 (sz=24, trace=300245, class=java.lang.String@5000013c)
	value		500005e6
ARR 500005e6 (sz=54, trace=300244, nelems=27, elem type=char[])
OBJ 500005e7 (sz=32, trace=300067, class=java.util.LinkedList@500001c7)
	first		500005e8
	last		500005e8
OBJ 500005e8 (sz=24, trace=300246, class=java.util.LinkedList$Node@500001cb)
	item		500005a3
OBJ 500005e9 (sz=32, trace=300140, class=java.util.HashMap$Entry@50000131)
	key		500005e5
	value		500005e7
OBJ 500005ea (sz=24, trace=300249, class=java.util.LinkedList$Node@500001cb)
	item		500005e5
	next		500005f0
	prev		500005e4
OBJ 500005eb (sz=24, trace=300245, class=java.lang.String@5000013c)
	value		500005ec
ARR 500005ec (sz=82, trace=300244, nelems=41, elem type=char[])
OBJ 500005ed (sz=32, trace=300067, class=java.util.LinkedList@500001c7)
	first		500005ee
	last		500005ee
OBJ 500005ee (sz=24, trace=300246, class=java.util.LinkedList$Node@500001cb)
	item		500005a3
OBJ 500005ef (sz=32, trace=300140, class=java.util.HashMap$Entry@50000131)
	key		500005eb
	value		500005ed
OBJ 500005f0 (sz=24, trace=300249, class=java.util.LinkedList$Node@500001cb)
	item		500005eb
	next		500005f7
	prev		500005ea
OBJ 500005f1 (sz=24, trace=300245, class=java.lang.String@5000013c)
	value		500005f2
ARR 500005f2 (sz=72, trace=300244, nelems=36, elem type=char[])
OBJ 500005f3 (sz=32, trace=300067, class=java.util.LinkedList@500001c7)
	first		500005f4
	last		500005f4
OBJ 500005f4 (sz=24, trace=300246, class=java.util.LinkedList$Node@500001cb)
	item		500005a3
ARR 500005f5 (sz=144, trace=300318, nelems=0, elem type=java.util.HashMap$Entry[]@50000132)
OBJ 500005f6 (sz=32, trace=300140, class=java.util.HashMap$Entry@50000131)
	key		500005f1
	value		500005f3
	next		50000602
OBJ 500005f7 (sz=24, trace=300249, class=java.util.LinkedList$Node@500001cb)
	item		500005f1
	next		500005fd
	prev		500005f0
OBJ 500005f8 (sz=24, trace=300245, class=java.lang.String@5000013c)
	value		500005f9
ARR 500005f9 (sz=66, trace=300244, nelems=33, elem type=char[])
OBJ 500005fa (sz=32, trace=300067, class=java.util.LinkedList@500001c7)
	first		500005fb
	last		500005fb
OBJ 500005fb (sz=24, trace=300246, class=java.util.LinkedList$Node@500001cb)
	item		500005a3
OBJ 500005fc (sz=32, trace=300140, class=java.util.HashMap$Entry@50000131)
	key		500005f8
	value		500005fa
OBJ 500005fd (sz=24, trace=300249, class=java.util.LinkedList$Node@500001cb)
	item		500005f8
	next		50000603
	prev		500005f7
OBJ 500005fe (sz=24, trace=300245, class=java.lang.String@5000013c)
	value		500005ff
ARR 500005ff (sz=70, trace=300244, nelems=35, elem type=char[])
OBJ 50000600 (sz=32, trace=300067, class=java.util.LinkedList@500001c7)
	first		50000601
	last		50000601
OBJ 50000601 (sz=24, trace=300246, class=java.util.LinkedList$Node@500001cb)
	item		500005a3
OBJ 50000602 (sz=32, trace=300140, class=java.util.HashMap$Entry@50000131)
	key		500005fe
	value		50000600
OBJ 50000603 (sz=24, trace=300249, class=java.util.LinkedList$Node@500001cb)
	item		500005fe
	next		50000609
	prev		500005fd
OBJ 50000604 (sz=24, trace=300245, class=java.lang.String@5000013c)
	value		50000605
ARR 50000605 (sz=68, trace=300244, nelems=34, elem type=char[])
OBJ 50000606 (sz=32, trace=300067, class=java.util.LinkedList@500001c7)
	first		50000607
	last		50000607
OBJ 50000607 (sz=24, trace=300246, class=java.util.LinkedList$Node@500001cb)
	item		500005a3
OBJ 50000608 (sz=32, trace=300140, class=java.util.HashMap$Entry@50000131)
	key		50000604
	value		50000606
OBJ 50000609 (sz=24, trace=300249, class=java.util.LinkedList$Node@500001cb)
	item		50000604
	next		5000060f
	prev		50000603
OBJ 5000060a (sz=24, trace=300245, class=java.lang.String@5000013c)
	value		5000060b
ARR 5000060b (sz=60, trace=300244, nelems=30, elem type=char[])
OBJ 5000060c (sz=32, trace=300067, class=java.util.LinkedList@500001c7)
	first		5000060d
	last		5000060d
OBJ 5000060d (sz=24, trace=300246, class=java.util.LinkedList$Node@500001cb)
	item		500005a3
OBJ 5000060e (sz=32, trace=300140, class=java.util.HashMap$Entry@50000131)
	key		5000060a
	value		5000060c
OBJ 5000060f (sz=24, trace=300249, class=java.util.LinkedList$Node@500001cb)
	item		5000060a
	next		50000615
	prev		50000609
OBJ 50000610 (sz=24, trace=300245, class=java.lang.String@5000013c)
	value		50000611
ARR 50000611 (sz=58, trace=300244, nelems=29, elem type=char[])
OBJ 50000612 (sz=32, trace=300067, class=java.util.LinkedList@500001c7)
	first		50000613
	last		50000613
OBJ 50000613 (sz=24, trace=300246, class=java.util.LinkedList$Node@500001cb)
	item		500005a3
OBJ 50000614 (sz=32, trace=300140, class=java.util.HashMap$Entry@50000131)
	key		50000610
	value		50000612
OBJ 50000615 (sz=24, trace=300249, class=java.util.LinkedList$Node@500001cb)
	item		50000610
	next		5000061b
	prev		5000060f
OBJ 50000616 (sz=24, trace=300245, class=java.lang.String@5000013c)
	value		50000617
ARR 50000617 (sz=52, trace=300244, nelems=26, elem type=char[])
OBJ 50000618 (sz=32, trace=300067, class=java.util.LinkedList@500001c7)
	first		50000619
	last		50000619
OBJ 50000619 (sz=24, trace=300246, class=java.util.LinkedList$Node@500001cb)
	item		500005a3
OBJ 5000061a (sz=32, trace=300140, class=java.util.HashMap$Entry@50000131)
	key		50000616
	value		50000618
OBJ 5000061b (sz=24, trace=300249, class=java.util.LinkedList$Node@500001cb)
	item		50000616
	next		50000621
	prev		50000615
OBJ 5000061c (sz=24, trace=300245, class=java.lang.String@5000013c)
	value		5000061d
ARR 5000061d (sz=46, trace=300244, nelems=23, elem type=char[])
OBJ 5000061e (sz=32, trace=300067, class=java.util.LinkedList@500001c7)
	first		5000061f
	last		5000061f
OBJ 5000061f (sz=24, trace=300246, class=java.util.LinkedList$Node@500001cb)
	item		500005a3
OBJ 50000620 (sz=32, trace=300140, class=java.util.HashMap$Entry@50000131)
	key		5000061c
	value		5000061e
OBJ 50000621 (sz=24, trace=300249, class=java.util.LinkedList$Node@500001cb)
	item		5000061c
	next		50000627
	prev		5000061b
OBJ 50000622 (sz=24, trace=300245, class=java.lang.String@5000013c)
	value		50000623
ARR 50000623 (sz=50, trace=300244, nelems=25, elem type=char[])
OBJ 50000624 (sz=32, trace=300067, class=java.util.LinkedList@500001c7)
	first		50000625
	last		50000625
OBJ 50000625 (sz=24, trace=300246, class=java.util.LinkedList$Node@500001cb)
	item		500005a3
OBJ 50000626 (sz=32, trace=300140, class=java.util.HashMap$Entry@50000131)
	key		50000622
	value		50000624
OBJ 50000627 (sz=24, trace=300249, class=java.util.LinkedList$Node@500001cb)
	item		50000622
	next		5000062d
	prev		50000621
OBJ 50000628 (sz=24, trace=300245, class=java.lang.String@5000013c)
	value		50000629
ARR 50000629 (sz=70, trace=300244, nelems=35, elem type=char[])
OBJ 5000062a (sz=32, trace=300067, class=java.util.LinkedList@500001c7)
	first		5000062b
	last		5000062b
OBJ 5000062b (sz=24, trace=300246, class=java.util.LinkedList$Node@500001cb)
	item		500005a3
OBJ 5000062c (sz=32, trace=300140, class=java.util.HashMap$Entry@50000131)
	key		50000628
	value		5000062a
OBJ 5000062d (sz=24, trace=300249, class=java.util.LinkedList$Node@500001cb)
	item		50000628
	next		50000633
	prev		50000627
OBJ 5000062e (sz=24, trace=300245, class=java.lang.String@5000013c)
	value		5000062f
ARR 5000062f (sz=56, trace=300244, nelems=28, elem type=char[])
OBJ 50000630 (sz=32, trace=300067, class=java.util.LinkedList@500001c7)
	first		50000631
	last		50000631
OBJ 50000631 (sz=24, trace=300246, class=java.util.LinkedList$Node@500001cb)
	item		500005a3
OBJ 50000632 (sz=32, trace=300140, class=java.util.HashMap$Entry@50000131)
	key		5000062e
	value		50000630
OBJ 50000633 (sz=24, trace=300249, class=java.util.LinkedList$Node@500001cb)
	item		5000062e
	next		50000639
	prev		5000062d
OBJ 50000634 (sz=24, trace=300245, class=java.lang.String@5000013c)
	value		50000635
ARR 50000635 (sz=62, trace=300244, nelems=31, elem type=char[])
OBJ 50000636 (sz=32, trace=300067, class=java.util.LinkedList@500001c7)
	first		50000637
	last		50000637
OBJ 50000637 (sz=24, trace=300246, class=java.util.LinkedList$Node@500001cb)
	item		500005a3
OBJ 50000638 (sz=32, trace=300140, class=java.util.HashMap$Entry@50000131)
	key		50000634
	value		50000636
OBJ 50000639 (sz=24, trace=300249, class=java.util.LinkedList$Node@500001cb)
	item		50000634
	next		50000640
	prev		50000633
OBJ 5000063a (sz=24, trace=300245, class=java.lang.String@5000013c)
	value		5000063b
ARR 5000063b (sz=80, trace=300244, nelems=40, elem type=char[])
OBJ 5000063c (sz=32, trace=300067, class=java.util.LinkedList@500001c7)
	first		5000063d
	last		5000063d
OBJ 5000063d (sz=24, trace=300246, class=java.util.LinkedList$Node@500001cb)
	item		500005a3
ARR 5000063e (sz=272, trace=300318, nelems=63, elem type=java.util.HashMap$Entry[]@50000132)
	[1]		500005dd
	[2]		500005bf
	[3]		500005aa
	[4]		5000069f
	[7]		50000663
	[9]		5000062c
	[11]		500005d7
	[13]		5000065d
	[14]		5000066f
	[18]		5000064b
	[20]		500005cb
	[22]		50000675
	[24]		50000614
	[25]		500005c5
	[26]		50000687
	[28]		500005ef
	[29]		500005e3
	[32]		5000060e
	[35]		50000681
	[38]		50000651
	[40]		500005e9
	[43]		50000699
	[44]		500005b3
	[45]		5000068d
	[46]		5000061a
	[47]		500005d1
	[51]		500005fc
	[52]		50000645
	[53]		50000669
	[58]		50000638
	[60]		5000063f
	[62]		50000693
OBJ 5000063f (sz=32, trace=300140, class=java.util.HashMap$Entry@50000131)
	key		5000063a
	value		5000063c
OBJ 50000640 (sz=24, trace=300249, class=java.util.LinkedList$Node@500001cb)
	item		5000063a
	next		50000646
	prev		50000639
OBJ 50000641 (sz=24, trace=300245, class=java.lang.String@5000013c)
	value		50000642
ARR 50000642 (sz=74, trace=300244, nelems=37, elem type=char[])
OBJ 50000643 (sz=32, trace=300067, class=java.util.LinkedList@500001c7)
	first		50000644
	last		50000644
OBJ 50000644 (sz=24, trace=300246, class=java.util.LinkedList$Node@500001cb)
	item		500005a3
OBJ 50000645 (sz=32, trace=300140, class=java.util.HashMap$Entry@50000131)
	key		50000641
	value		50000643
OBJ 50000646 (sz=24, trace=300249, class=java.util.LinkedList$Node@500001cb)
	item		50000641
	next		5000064c
	prev		50000640
OBJ 50000647 (sz=24, trace=300245, class=java.lang.String@5000013c)
	value		50000648
ARR 50000648 (sz=82, trace=300244, nelems=41, elem type=char[])
OBJ 50000649 (sz=32, trace=300067, class=java.util.LinkedList@500001c7)
	first		5000064a
	last		5000064a
OBJ 5000064a (sz=24, trace=300246, class=java.util.LinkedList$Node@500001cb)
	item		500005a3
OBJ 5000064b (sz=32, trace=300140, class=java.util.HashMap$Entry@50000131)
	key		50000647
	value		50000649
OBJ 5000064c (sz=24, trace=300249, class=java.util.LinkedList$Node@500001cb)
	item		50000647
	next		50000652
	prev		50000646
OBJ 5000064d (sz=24, trace=300245, class=java.lang.String@5000013c)
	value		5000064e
ARR 5000064e (sz=90, trace=300244, nelems=45, elem type=char[])
OBJ 5000064f (sz=32, trace=300067, class=java.util.LinkedList@500001c7)
	first		50000650
	last		50000650
OBJ 50000650 (sz=24, trace=300246, class=java.util.LinkedList$Node@500001cb)
	item		500005a3
OBJ 50000651 (sz=32, trace=300140, class=java.util.HashMap$Entry@50000131)
	key		5000064d
	value		5000064f
OBJ 50000652 (sz=24, trace=300249, class=java.util.LinkedList$Node@500001cb)
	item		5000064d
	next		50000658
	prev		5000064c
OBJ 50000653 (sz=24, trace=300245, class=java.lang.String@5000013c)
	value		50000654
ARR 50000654 (sz=98, trace=300244, nelems=49, elem type=char[])
OBJ 50000655 (sz=32, trace=300067, class=java.util.LinkedList@500001c7)
	first		50000656
	last		50000656
OBJ 50000656 (sz=24, trace=300246, class=java.util.LinkedList$Node@500001cb)
	item		500005a3
OBJ 50000657 (sz=32, trace=300140, class=java.util.HashMap$Entry@50000131)
	key		50000653
	value		50000655
OBJ 50000658 (sz=24, trace=300249, class=java.util.LinkedList$Node@500001cb)
	item		50000653
	next		5000065e
	prev		50000652
OBJ 50000659 (sz=24, trace=300245, class=java.lang.String@5000013c)
	value		5000065a
ARR 5000065a (sz=110, trace=300244, nelems=55, elem type=char[])
OBJ 5000065b (sz=32, trace=300067, class=java.util.LinkedList@500001c7)
	first		5000065c
	last		5000065c
OBJ 5000065c (sz=24, trace=300246, class=java.util.LinkedList$Node@500001cb)
	item		500005a3
OBJ 5000065d (sz=32, trace=300140, class=java.util.HashMap$Entry@50000131)
	key		50000659
	value		5000065b
OBJ 5000065e (sz=24, trace=300249, class=java.util.LinkedList$Node@500001cb)
	item		50000659
	next		50000664
	prev		50000658
OBJ 5000065f (sz=24, trace=300245, class=java.lang.String@5000013c)
	value		50000660
ARR 50000660 (sz=130, trace=300244, nelems=65, elem type=char[])
OBJ 50000661 (sz=32, trace=300067, class=java.util.LinkedList@500001c7)
	first		50000662
	last		50000662
OBJ 50000662 (sz=24, trace=300246, class=java.util.LinkedList$Node@500001cb)
	item		500005a3
OBJ 50000663 (sz=32, trace=300140, class=java.util.HashMap$Entry@50000131)
	key		5000065f
	value		50000661
OBJ 50000664 (sz=24, trace=300249, class=java.util.LinkedList$Node@500001cb)
	item		5000065f
	next		5000066a
	prev		5000065e
OBJ 50000665 (sz=24, trace=300245, class=java.lang.String@5000013c)
	value		50000666
ARR 50000666 (sz=158, trace=300244, nelems=79, elem type=char[])
OBJ 50000667 (sz=32, trace=300067, class=java.util.LinkedList@500001c7)
	first		50000668
	last		50000668
OBJ 50000668 (sz=24, trace=300246, class=java.util.LinkedList$Node@500001cb)
	item		500005a3
OBJ 50000669 (sz=32, trace=300140, class=java.util.HashMap$Entry@50000131)
	key		50000665
	value		50000667
OBJ 5000066a (sz=24, trace=300249, class=java.util.LinkedList$Node@500001cb)
	item		50000665
	next		50000670
	prev		50000664
OBJ 5000066b (sz=24, trace=300245, class=java.lang.String@5000013c)
	value		5000066c
ARR 5000066c (sz=142, trace=300244, nelems=71, elem type=char[])
OBJ 5000066d (sz=32, trace=300067, class=java.util.LinkedList@500001c7)
	first		5000066e
	last		5000066e
OBJ 5000066e (sz=24, trace=300246, class=java.util.LinkedList$Node@500001cb)
	item		500005a3
OBJ 5000066f (sz=32, trace=300140, class=java.util.HashMap$Entry@50000131)
	key		5000066b
	value		5000066d
OBJ 50000670 (sz=24, trace=300249, class=java.util.LinkedList$Node@500001cb)
	item		5000066b
	next		50000676
	prev		5000066a
OBJ 50000671 (sz=24, trace=300245, class=java.lang.String@5000013c)
	value		50000672
ARR 50000672 (sz=128, trace=300244, nelems=64, elem type=char[])
OBJ 50000673 (sz=32, trace=300067, class=java.util.LinkedList@500001c7)
	first		50000674
	last		50000674
OBJ 50000674 (sz=24, trace=300246, class=java.util.LinkedList$Node@500001cb)
	item		500005a3
OBJ 50000675 (sz=32, trace=300140, class=java.util.HashMap$Entry@50000131)
	key		50000671
	value		50000673
	next		50000657
OBJ 50000676 (sz=24, trace=300249, class=java.util.LinkedList$Node@500001cb)
	item		50000671
	next		5000067c
	prev		50000670
OBJ 50000677 (sz=24, trace=300245, class=java.lang.String@5000013c)
	value		50000678
ARR 50000678 (sz=122, trace=300244, nelems=61, elem type=char[])
OBJ 50000679 (sz=32, trace=300067, class=java.util.LinkedList@500001c7)
	first		5000067a
	last		5000067a
OBJ 5000067a (sz=24, trace=300246, class=java.util.LinkedList$Node@500001cb)
	item		500005a3
OBJ 5000067b (sz=32, trace=300140, class=java.util.HashMap$Entry@50000131)
	key		50000677
	value		50000679
	next		500005b9
OBJ 5000067c (sz=24, trace=300249, class=java.util.LinkedList$Node@500001cb)
	item		50000677
	next		50000682
	prev		50000676
OBJ 5000067d (sz=24, trace=300245, class=java.lang.String@5000013c)
	value		5000067e
ARR 5000067e (sz=128, trace=300244, nelems=64, elem type=char[])
OBJ 5000067f (sz=32, trace=300067, class=java.util.LinkedList@500001c7)
	first		50000680
	last		50000680
OBJ 50000680 (sz=24, trace=300246, class=java.util.LinkedList$Node@500001cb)
	item		500005a3
OBJ 50000681 (sz=32, trace=300140, class=java.util.HashMap$Entry@50000131)
	key		5000067d
	value		5000067f
OBJ 50000682 (sz=24, trace=300249, class=java.util.LinkedList$Node@500001cb)
	item		5000067d
	next		50000688
	prev		5000067c
OBJ 50000683 (sz=24, trace=300245, class=java.lang.String@5000013c)
	value		50000684
ARR 50000684 (sz=86, trace=300244, nelems=43, elem type=char[])
OBJ 50000685 (sz=32, trace=300067, class=java.util.LinkedList@500001c7)
	first		50000686
	last		50000686
OBJ 50000686 (sz=24, trace=300246, class=java.util.LinkedList$Node@500001cb)
	item		500005a3
OBJ 50000687 (sz=32, trace=300140, class=java.util.HashMap$Entry@50000131)
	key		50000683
	value		50000685
	next		5000067b
OBJ 50000688 (sz=24, trace=300249, class=java.util.LinkedList$Node@500001cb)
	item		50000683
	next		5000068e
	prev		50000682
OBJ 50000689 (sz=24, trace=300245, class=java.lang.String@5000013c)
	value		5000068a
ARR 5000068a (sz=98, trace=300244, nelems=49, elem type=char[])
OBJ 5000068b (sz=32, trace=300067, class=java.util.LinkedList@500001c7)
	first		5000068c
	last		5000068c
OBJ 5000068c (sz=24, trace=300246, class=java.util.LinkedList$Node@500001cb)
	item		500005a3
OBJ 5000068d (sz=32, trace=300140, class=java.util.HashMap$Entry@50000131)
	key		50000689
	value		5000068b
OBJ 5000068e (sz=24, trace=300249, class=java.util.LinkedList$Node@500001cb)
	item		50000689
	next		50000694
	prev		50000688
OBJ 5000068f (sz=24, trace=300245, class=java.lang.String@5000013c)
	value		50000690
ARR 50000690 (sz=106, trace=300244, nelems=53, elem type=char[])
OBJ 50000691 (sz=32, trace=300067, class=java.util.LinkedList@500001c7)
	first		50000692
	last		50000692
OBJ 50000692 (sz=24, trace=300246, class=java.util.LinkedList$Node@500001cb)
	item		500005a3
OBJ 50000693 (sz=32, trace=300140, class=java.util.HashMap$Entry@50000131)
	key		5000068f
	value		50000691
	next		50000632
OBJ 50000694 (sz=24, trace=300249, class=java.util.LinkedList$Node@500001cb)
	item		5000068f
	next		5000069a
	prev		5000068e
OBJ 50000695 (sz=24, trace=300245, class=java.lang.String@5000013c)
	value		50000696
ARR 50000696 (sz=46, trace=300244, nelems=23, elem type=char[])
OBJ 50000697 (sz=32, trace=300067, class=java.util.LinkedList@500001c7)
	first		50000698
	last		50000698
OBJ 50000698 (sz=24, trace=300246, class=java.util.LinkedList$Node@500001cb)
	item		500005a3
OBJ 50000699 (sz=32, trace=300140, class=java.util.HashMap$Entry@50000131)
	key		50000695
	value		50000697
	next		500005f6
OBJ 5000069a (sz=24, trace=300249, class=java.util.LinkedList$Node@500001cb)
	item		50000695
	next		500006a0
	prev		50000694
OBJ 5000069b (sz=24, trace=300245, class=java.lang.String@5000013c)
	value		5000069c
ARR 5000069c (sz=52, trace=300244, nelems=26, elem type=char[])
OBJ 5000069d (sz=32, trace=300067, class=java.util.LinkedList@500001c7)
	first		5000069e
	last		5000069e
OBJ 5000069e (sz=24, trace=300246, class=java.util.LinkedList$Node@500001cb)
	item		500005a3
OBJ 5000069f (sz=32, trace=300140, class=java.util.HashMap$Entry@50000131)
	key		5000069b
	value		5000069d
OBJ 500006a0 (sz=24, trace=300249, class=java.util.LinkedList$Node@500001cb)
	item		5000069b
	prev		5000069a
OBJ 500006a1 (sz=24, trace=300245, class=java.lang.String@5000013c)
ARR 500006a2 (sz=16, trace=300244, nelems=0, elem type=char[])
OBJ 500006a3 (sz=48, trace=300242, class=java.nio.HeapCharBuffer@500000d6)
ARR 500006a4 (sz=24, trace=300250, nelems=1, elem type=java.lang.String[]@5000013d)
	[0]		500005a3
OBJ 500006a5 (sz=64, trace=300251, class=java.net.URL@500000e1)
OBJ 500006a6 (sz=24, trace=300252, class=java.lang.StringBuilder@50000075)
ARR 500006a7 (sz=48, trace=300253, nelems=0, elem type=char[])
OBJ 500006a8 (sz=24, trace=300254, class=java.lang.String@5000013c)
ARR 500006a9 (sz=80, trace=300255, nelems=0, elem type=char[])
ARR 500006aa (sz=88, trace=300006, nelems=0, elem type=char[])
ARR 500006ab (sz=160, trace=300006, nelems=0, elem type=char[])
OBJ 500006ac (sz=24, trace=300256, class=java.lang.String@5000013c)
ARR 500006ad (sz=104, trace=300257, nelems=0, elem type=char[])
OBJ 500006ae (sz=24, trace=300258, class=java.lang.StringBuilder@50000075)
ARR 500006af (sz=48, trace=300259, nelems=0, elem type=char[])
ARR 500006b0 (sz=120, trace=300006, nelems=0, elem type=char[])
OBJ 500006b1 (sz=24, trace=300260, class=java.lang.String@5000013c)
	value		500006b2
ARR 500006b2 (sz=102, trace=300111, nelems=51, elem type=char[])
OBJ 500006b3 (sz=32, trace=300140, class=java.util.HashMap$Entry@50000131)
	key		500006b1
	value		50000566
ARR 500006b4 (sz=80, trace=300138, nelems=0, elem type=java.lang.Object[]@5000011b)
ARR 500006b5 (sz=96, trace=300204, nelems=0, elem type=char[])
ARR 500006b6 (sz=136, trace=300205, nelems=0, elem type=byte[])
ARR 500006b7 (sz=56, trace=300206, nelems=0, elem type=byte[])
OBJ 500006b8 (sz=16, trace=300261, class=java.util.HashSet@500000cb)
OBJ 500006b9 (sz=48, trace=300045, class=java.util.HashMap@50000107)
OBJ 500006ba (sz=24, trace=300262, class=java.lang.String@5000013c)
ARR 500006bb (sz=64, trace=300263, nelems=0, elem type=char[])
OBJ 500006bc (sz=24, trace=300108, class=java.lang.StringBuilder@50000075)
ARR 500006bd (sz=48, trace=300109, nelems=0, elem type=char[])
ARR 500006be (sz=120, trace=300006, nelems=0, elem type=char[])
OBJ 500006bf (sz=24, trace=300110, class=java.lang.String@5000013c)
ARR 500006c0 (sz=120, trace=300111, nelems=0, elem type=char[])
OBJ 500006c1 (sz=24, trace=300113, class=sun.misc.URLClassPath$3@5000020e)
OBJ 500006c2 (sz=24, trace=300118, class=java.lang.StringBuilder@50000075)
ARR 500006c3 (sz=48, trace=300119, nelems=0, elem type=char[])
OBJ 500006c4 (sz=24, trace=300128, class=java.lang.StringBuffer@50000042)
ARR 500006c5 (sz=120, trace=300129, nelems=0, elem type=char[])
OBJ 500006c6 (sz=24, trace=300130, class=java.lang.String@5000013c)
ARR 500006c7 (sz=120, trace=300131, nelems=0, elem type=char[])
ARR 500006c8 (sz=120, trace=300006, nelems=0, elem type=char[])
ARR 500006c9 (sz=224, trace=300006, nelems=0, elem type=char[])
OBJ 500006ca (sz=24, trace=300132, class=java.lang.String@5000013c)
	value		500006cb
ARR 500006cb (sz=104, trace=300133, nelems=52, elem type=char[])
OBJ 500006cc (sz=64, trace=300134, class=java.net.URL@500000e1)
	protocol	50001a8e
	host		5000173a
	file		500006ca
	authority	5000173a
	path		500006ca
	handler		50001938
OBJ 500006cd (sz=24, trace=300135, class=java.net.Parts@50000113)
OBJ 500006ce (sz=48, trace=300136, class=sun.misc.URLClassPath$JarLoader@50000211)
	base		500006cc
	jar		500006d8
	csu		50001949
	index		500006fa
	handler		50001938
	lmap		50001939
OBJ 500006cf (sz=32, trace=300137, class=java.io.File@500000e5)
OBJ 500006d0 (sz=16, trace=300142, class=sun.misc.URLClassPath$JarLoader$1@500002cd)
OBJ 500006d1 (sz=24, trace=300144, class=sun.misc.FileURLMapper@500002cf)
OBJ 500006d2 (sz=32, trace=300145, class=java.io.File@500000e5)
ARR 500006d3 (sz=152, trace=300010, nelems=0, elem type=byte[])
ARR 500006d4 (sz=64, trace=300011, nelems=0, elem type=byte[])
OBJ 500006d5 (sz=24, trace=300012, class=java.lang.String@5000013c)
ARR 500006d6 (sz=48, trace=300013, nelems=0, elem type=char[])
OBJ 500006d7 (sz=32, trace=300152, class=java.io.File@500000e5)
OBJ 500006d8 (sz=64, trace=300171, class=java.util.jar.JarFile@500002d6)
	name		50001a75
	zc		500006e0
	streams		500006da
	inflaterCache	500006de
OBJ 500006d9 (sz=40, trace=300172, class=java.lang.ref.Finalizer@50000115)
	referent	500006d8
	queue		50001701
	next		5000058d
	prev		500006f0
OBJ 500006da (sz=56, trace=300173, class=java.util.WeakHashMap@50000021)
	table		500006dd
	queue		500006db
OBJ 500006db (sz=32, trace=300174, class=java.lang.ref.ReferenceQueue@500000c2)
	lock		500006dc
OBJ 500006dc (sz=16, trace=300175, class=java.lang.ref.ReferenceQueue$Lock@50000130)
ARR 500006dd (sz=80, trace=300176, nelems=8, elem type=java.util.WeakHashMap$Entry[]@50000013)
	[7]		500006f9
OBJ 500006de (sz=24, trace=300178, class=java.util.ArrayDeque@50000333)
	elements	500006df
ARR 500006df (sz=80, trace=300179, nelems=0, elem type=java.lang.Object[]@5000011b)
OBJ 500006e0 (sz=32, trace=300181, class=java.util.zip.ZipCoder@50000336)
	cs		50001a92
	enc		500006e6
ARR 500006e1 (sz=152, trace=300182, nelems=0, elem type=byte[])
ARR 500006e2 (sz=64, trace=300011, nelems=0, elem type=byte[])
ARR 500006e3 (sz=152, trace=300183, nelems=0, elem type=byte[])
ARR 500006e4 (sz=64, trace=300011, nelems=0, elem type=byte[])
ARR 500006e5 (sz=1, trace=300202, nelems=1, elem type=byte[])
OBJ 500006e6 (sz=48, trace=300203, class=sun.nio.cs.UTF_8$Encoder@500000cd)
	charset		50001a92
	replacement	500006e5
	malformedInputAction	50001ecf
	unmappableCharacterAction	50001ecf
ARR 500006e7 (sz=56, trace=300204, nelems=0, elem type=char[])
ARR 500006e8 (sz=80, trace=300205, nelems=0, elem type=byte[])
ARR 500006e9 (sz=40, trace=300206, nelems=0, elem type=byte[])
OBJ 500006ea (sz=64, trace=300208, class=java.util.zip.ZipEntry@50000360)
OBJ 500006eb (sz=80, trace=300210, class=java.util.jar.JarFile$JarFileEntry@50000363)
ARR 500006ec (sz=56, trace=300214, nelems=0, elem type=char[])
ARR 500006ed (sz=80, trace=300215, nelems=0, elem type=byte[])
ARR 500006ee (sz=40, trace=300216, nelems=0, elem type=byte[])
OBJ 500006ef (sz=56, trace=300218, class=java.util.zip.ZipFile$ZipFileInputStream@5000036e)
	this$0		500006d8
OBJ 500006f0 (sz=40, trace=300172, class=java.lang.ref.Finalizer@50000115)
	referent	500006ef
	queue		50001701
	next		500006d9
	prev		500006f2
OBJ 500006f1 (sz=48, trace=300221, class=java.util.zip.Inflater@50000371)
	zsRef		500006f3
	buf		500006f8
OBJ 500006f2 (sz=40, trace=300172, class=java.lang.ref.Finalizer@50000115)
	referent	500006f1
	queue		50001701
	next		500006f0
	prev		500006f5
OBJ 500006f3 (sz=24, trace=300223, class=java.util.zip.ZStreamRef@50000375)
OBJ 500006f4 (sz=56, trace=300225, class=java.util.zip.ZipFile$ZipFileInflaterInputStream@50000378)
	in		500006ef
	inf		500006f1
	buf		500006f8
	singleByteBuf	500006f6
	b		500006f7
	zfin		500006ef
	this$0		500006d8
OBJ 500006f5 (sz=40, trace=300172, class=java.lang.ref.Finalizer@50000115)
	referent	500006f4
	queue		50001701
	next		500006f2
	prev		50000778
ARR 500006f6 (sz=1, trace=300226, nelems=1, elem type=byte[])
ARR 500006f7 (sz=512, trace=300227, nelems=512, elem type=byte[])
ARR 500006f8 (sz=201, trace=300228, nelems=201, elem type=byte[])
OBJ 500006f9 (sz=40, trace=300229, class=java.util.WeakHashMap$Entry@50000012)
	referent	500006f4
	queue		500006db
	value		500006f1
OBJ 500006fa (sz=24, trace=300230, class=sun.misc.JarIndex@5000035a)
	indexMap	500006fb
	jarMap		500006fc
	jarFiles	50000744
OBJ 500006fb (sz=48, trace=300231, class=java.util.HashMap@50000107)
	table		50000711
OBJ 500006fc (sz=48, trace=300232, class=java.util.HashMap@50000107)
	table		50000715
OBJ 500006fd (sz=24, trace=300233, class=java.io.InputStreamReader@50000140)
OBJ 500006fe (sz=40, trace=300235, class=sun.nio.cs.UTF_8$Decoder@50000165)
OBJ 500006ff (sz=48, trace=300236, class=sun.nio.cs.StreamDecoder@50000056)
ARR 50000700 (sz=8208, trace=300237, nelems=0, elem type=byte[])
OBJ 50000701 (sz=48, trace=300238, class=java.nio.HeapByteBuffer@50000044)
OBJ 50000702 (sz=48, trace=300239, class=java.io.BufferedReader@50000124)
ARR 50000703 (sz=16400, trace=300240, nelems=0, elem type=char[])
OBJ 50000704 (sz=32, trace=300034, class=java.util.Vector@50000032)
ARR 50000705 (sz=56, trace=300241, nelems=0, elem type=java.lang.Object[]@5000011b)
OBJ 50000706 (sz=48, trace=300242, class=java.nio.HeapCharBuffer@500000d6)
OBJ 50000707 (sz=24, trace=300243, class=java.lang.String@5000013c)
ARR 50000708 (sz=64, trace=300244, nelems=0, elem type=char[])
OBJ 50000709 (sz=24, trace=300243, class=java.lang.String@5000013c)
ARR 5000070a (sz=16, trace=300244, nelems=0, elem type=char[])
OBJ 5000070b (sz=24, trace=300243, class=java.lang.String@5000013c)
	value		5000070c
ARR 5000070c (sz=26, trace=300244, nelems=13, elem type=char[])
OBJ 5000070d (sz=24, trace=300245, class=java.lang.String@5000013c)
	value		5000070e
ARR 5000070e (sz=6, trace=300244, nelems=3, elem type=char[])
OBJ 5000070f (sz=32, trace=300067, class=java.util.LinkedList@500001c7)
	first		50000710
	last		50000710
OBJ 50000710 (sz=24, trace=300246, class=java.util.LinkedList$Node@500001cb)
	item		5000070b
ARR 50000711 (sz=80, trace=300247, nelems=16, elem type=java.util.HashMap$Entry[]@50000132)
	[0]		5000072d
	[2]		5000073f
	[3]		50000712
	[5]		50000721
	[12]		5000071b
	[13]		50000727
	[14]		50000739
	[15]		50000733
OBJ 50000712 (sz=32, trace=300140, class=java.util.HashMap$Entry@50000131)
	key		5000070d
	value		5000070f
OBJ 50000713 (sz=32, trace=300067, class=java.util.LinkedList@500001c7)
	first		50000714
	last		50000740
OBJ 50000714 (sz=24, trace=300246, class=java.util.LinkedList$Node@500001cb)
	item		5000070d
	next		5000071c
ARR 50000715 (sz=80, trace=300248, nelems=10, elem type=java.util.HashMap$Entry[]@50000132)
	[9]		50000716
OBJ 50000716 (sz=32, trace=300140, class=java.util.HashMap$Entry@50000131)
	key		5000070b
	value		50000713
OBJ 50000717 (sz=24, trace=300245, class=java.lang.String@5000013c)
	value		50000718
ARR 50000718 (sz=14, trace=300244, nelems=7, elem type=char[])
OBJ 50000719 (sz=32, trace=300067, class=java.util.LinkedList@500001c7)
	first		5000071a
	last		5000071a
OBJ 5000071a (sz=24, trace=300246, class=java.util.LinkedList$Node@500001cb)
	item		5000070b
OBJ 5000071b (sz=32, trace=300140, class=java.util.HashMap$Entry@50000131)
	key		50000717
	value		50000719
OBJ 5000071c (sz=24, trace=300249, class=java.util.LinkedList$Node@500001cb)
	item		50000717
	next		50000722
	prev		50000714
OBJ 5000071d (sz=24, trace=300245, class=java.lang.String@5000013c)
	value		5000071e
ARR 5000071e (sz=26, trace=300244, nelems=13, elem type=char[])
OBJ 5000071f (sz=32, trace=300067, class=java.util.LinkedList@500001c7)
	first		50000720
	last		50000720
OBJ 50000720 (sz=24, trace=300246, class=java.util.LinkedList$Node@500001cb)
	item		5000070b
OBJ 50000721 (sz=32, trace=300140, class=java.util.HashMap$Entry@50000131)
	key		5000071d
	value		5000071f
OBJ 50000722 (sz=24, trace=300249, class=java.util.LinkedList$Node@500001cb)
	item		5000071d
	next		50000728
	prev		5000071c
OBJ 50000723 (sz=24, trace=300245, class=java.lang.String@5000013c)
	value		50000724
ARR 50000724 (sz=34, trace=300244, nelems=17, elem type=char[])
OBJ 50000725 (sz=32, trace=300067, class=java.util.LinkedList@500001c7)
	first		50000726
	last		50000726
OBJ 50000726 (sz=24, trace=300246, class=java.util.LinkedList$Node@500001cb)
	item		5000070b
OBJ 50000727 (sz=32, trace=300140, class=java.util.HashMap$Entry@50000131)
	key		50000723
	value		50000725
OBJ 50000728 (sz=24, trace=300249, class=java.util.LinkedList$Node@500001cb)
	item		50000723
	next		5000072e
	prev		50000722
OBJ 50000729 (sz=24, trace=300245, class=java.lang.String@5000013c)
	value		5000072a
ARR 5000072a (sz=46, trace=300244, nelems=23, elem type=char[])
OBJ 5000072b (sz=32, trace=300067, class=java.util.LinkedList@500001c7)
	first		5000072c
	last		5000072c
OBJ 5000072c (sz=24, trace=300246, class=java.util.LinkedList$Node@500001cb)
	item		5000070b
OBJ 5000072d (sz=32, trace=300140, class=java.util.HashMap$Entry@50000131)
	key		50000729
	value		5000072b
OBJ 5000072e (sz=24, trace=300249, class=java.util.LinkedList$Node@500001cb)
	item		50000729
	next		50000734
	prev		50000728
OBJ 5000072f (sz=24, trace=300245, class=java.lang.String@5000013c)
	value		50000730
ARR 50000730 (sz=54, trace=300244, nelems=27, elem type=char[])
OBJ 50000731 (sz=32, trace=300067, class=java.util.LinkedList@500001c7)
	first		50000732
	last		50000732
OBJ 50000732 (sz=24, trace=300246, class=java.util.LinkedList$Node@500001cb)
	item		5000070b
OBJ 50000733 (sz=32, trace=300140, class=java.util.HashMap$Entry@50000131)
	key		5000072f
	value		50000731
OBJ 50000734 (sz=24, trace=300249, class=java.util.LinkedList$Node@500001cb)
	item		5000072f
	next		5000073a
	prev		5000072e
OBJ 50000735 (sz=24, trace=300245, class=java.lang.String@5000013c)
	value		50000736
ARR 50000736 (sz=62, trace=300244, nelems=31, elem type=char[])
OBJ 50000737 (sz=32, trace=300067, class=java.util.LinkedList@500001c7)
	first		50000738
	last		50000738
OBJ 50000738 (sz=24, trace=300246, class=java.util.LinkedList$Node@500001cb)
	item		5000070b
OBJ 50000739 (sz=32, trace=300140, class=java.util.HashMap$Entry@50000131)
	key		50000735
	value		50000737
OBJ 5000073a (sz=24, trace=300249, class=java.util.LinkedList$Node@500001cb)
	item		50000735
	next		50000740
	prev		50000734
OBJ 5000073b (sz=24, trace=300245, class=java.lang.String@5000013c)
	value		5000073c
ARR 5000073c (sz=64, trace=300244, nelems=32, elem type=char[])
OBJ 5000073d (sz=32, trace=300067, class=java.util.LinkedList@500001c7)
	first		5000073e
	last		5000073e
OBJ 5000073e (sz=24, trace=300246, class=java.util.LinkedList$Node@500001cb)
	item		5000070b
OBJ 5000073f (sz=32, trace=300140, class=java.util.HashMap$Entry@50000131)
	key		5000073b
	value		5000073d
OBJ 50000740 (sz=24, trace=300249, class=java.util.LinkedList$Node@500001cb)
	item		5000073b
	prev		5000073a
OBJ 50000741 (sz=24, trace=300245, class=java.lang.String@5000013c)
ARR 50000742 (sz=16, trace=300244, nelems=0, elem type=char[])
OBJ 50000743 (sz=48, trace=300242, class=java.nio.HeapCharBuffer@500000d6)
ARR 50000744 (sz=24, trace=300250, nelems=1, elem type=java.lang.String[]@5000013d)
	[0]		5000070b
OBJ 50000745 (sz=64, trace=300251, class=java.net.URL@500000e1)
OBJ 50000746 (sz=24, trace=300252, class=java.lang.StringBuilder@50000075)
ARR 50000747 (sz=48, trace=300253, nelems=0, elem type=char[])
OBJ 50000748 (sz=24, trace=300254, class=java.lang.String@5000013c)
ARR 50000749 (sz=80, trace=300255, nelems=0, elem type=char[])
ARR 5000074a (sz=88, trace=300006, nelems=0, elem type=char[])
ARR 5000074b (sz=160, trace=300006, nelems=0, elem type=char[])
OBJ 5000074c (sz=24, trace=300256, class=java.lang.String@5000013c)
ARR 5000074d (sz=112, trace=300257, nelems=0, elem type=char[])
OBJ 5000074e (sz=24, trace=300258, class=java.lang.StringBuilder@50000075)
ARR 5000074f (sz=48, trace=300259, nelems=0, elem type=char[])
ARR 50000750 (sz=120, trace=300006, nelems=0, elem type=char[])
OBJ 50000751 (sz=24, trace=300260, class=java.lang.String@5000013c)
	value		50000752
ARR 50000752 (sz=104, trace=300111, nelems=52, elem type=char[])
OBJ 50000753 (sz=32, trace=300140, class=java.util.HashMap$Entry@50000131)
	key		50000751
	value		500006ce
ARR 50000754 (sz=96, trace=300204, nelems=0, elem type=char[])
ARR 50000755 (sz=136, trace=300205, nelems=0, elem type=byte[])
ARR 50000756 (sz=56, trace=300206, nelems=0, elem type=byte[])
OBJ 50000757 (sz=16, trace=300261, class=java.util.HashSet@500000cb)
OBJ 50000758 (sz=48, trace=300045, class=java.util.HashMap@50000107)
OBJ 50000759 (sz=24, trace=300262, class=java.lang.String@5000013c)
ARR 5000075a (sz=64, trace=300263, nelems=0, elem type=char[])
OBJ 5000075b (sz=24, trace=300108, class=java.lang.StringBuilder@50000075)
ARR 5000075c (sz=48, trace=300109, nelems=0, elem type=char[])
ARR 5000075d (sz=120, trace=300006, nelems=0, elem type=char[])
OBJ 5000075e (sz=24, trace=300110, class=java.lang.String@5000013c)
ARR 5000075f (sz=120, trace=300111, nelems=0, elem type=char[])
OBJ 50000760 (sz=24, trace=300113, class=sun.misc.URLClassPath$3@5000020e)
OBJ 50000761 (sz=24, trace=300118, class=java.lang.StringBuilder@50000075)
ARR 50000762 (sz=48, trace=300119, nelems=0, elem type=char[])
OBJ 50000763 (sz=24, trace=300128, class=java.lang.StringBuffer@50000042)
ARR 50000764 (sz=120, trace=300129, nelems=0, elem type=char[])
OBJ 50000765 (sz=24, trace=300130, class=java.lang.String@5000013c)
ARR 50000766 (sz=120, trace=300131, nelems=0, elem type=char[])
ARR 50000767 (sz=120, trace=300006, nelems=0, elem type=char[])
ARR 50000768 (sz=216, trace=300006, nelems=0, elem type=char[])
OBJ 50000769 (sz=24, trace=300132, class=java.lang.String@5000013c)
	value		5000076a
ARR 5000076a (sz=102, trace=300133, nelems=51, elem type=char[])
OBJ 5000076b (sz=64, trace=300134, class=java.net.URL@500000e1)
	protocol	50001a8e
	host		5000173a
	file		50000769
	authority	5000173a
	path		50000769
	handler		50001938
OBJ 5000076c (sz=24, trace=300135, class=java.net.Parts@50000113)
OBJ 5000076d (sz=48, trace=300136, class=sun.misc.URLClassPath$JarLoader@50000211)
	base		5000076b
	jar		50000777
	csu		5000194a
	index		5000079c
	handler		50001938
	lmap		50001939
OBJ 5000076e (sz=32, trace=300137, class=java.io.File@500000e5)
OBJ 5000076f (sz=16, trace=300142, class=sun.misc.URLClassPath$JarLoader$1@500002cd)
OBJ 50000770 (sz=24, trace=300144, class=sun.misc.FileURLMapper@500002cf)
OBJ 50000771 (sz=32, trace=300145, class=java.io.File@500000e5)
ARR 50000772 (sz=152, trace=300010, nelems=0, elem type=byte[])
ARR 50000773 (sz=64, trace=300011, nelems=0, elem type=byte[])
OBJ 50000774 (sz=24, trace=300012, class=java.lang.String@5000013c)
ARR 50000775 (sz=40, trace=300013, nelems=0, elem type=char[])
OBJ 50000776 (sz=32, trace=300152, class=java.io.File@500000e5)
OBJ 50000777 (sz=64, trace=300171, class=java.util.jar.JarFile@500002d6)
	name		50001a73
	zc		5000077f
	streams		50000779
	inflaterCache	5000077d
OBJ 50000778 (sz=40, trace=300172, class=java.lang.ref.Finalizer@50000115)
	referent	50000777
	queue		50001701
	next		500006f5
	prev		50000792
OBJ 50000779 (sz=56, trace=300173, class=java.util.WeakHashMap@50000021)
	table		5000077c
	queue		5000077a
OBJ 5000077a (sz=32, trace=300174, class=java.lang.ref.ReferenceQueue@500000c2)
	lock		5000077b
OBJ 5000077b (sz=16, trace=300175, class=java.lang.ref.ReferenceQueue$Lock@50000130)
ARR 5000077c (sz=80, trace=300176, nelems=15, elem type=java.util.WeakHashMap$Entry[]@50000013)
	[14]		5000079b
OBJ 5000077d (sz=24, trace=300178, class=java.util.ArrayDeque@50000333)
	elements	5000077e
ARR 5000077e (sz=80, trace=300179, nelems=0, elem type=java.lang.Object[]@5000011b)
OBJ 5000077f (sz=32, trace=300181, class=java.util.zip.ZipCoder@50000336)
	cs		50001a92
	enc		50000785
ARR 50000780 (sz=152, trace=300182, nelems=0, elem type=byte[])
ARR 50000781 (sz=64, trace=300011, nelems=0, elem type=byte[])
ARR 50000782 (sz=152, trace=300183, nelems=0, elem type=byte[])
ARR 50000783 (sz=64, trace=300011, nelems=0, elem type=byte[])
ARR 50000784 (sz=1, trace=300202, nelems=1, elem type=byte[])
OBJ 50000785 (sz=48, trace=300203, class=sun.nio.cs.UTF_8$Encoder@500000cd)
	charset		50001a92
	replacement	50000784
	malformedInputAction	50001ecf
	unmappableCharacterAction	50001ecf
ARR 50000786 (sz=56, trace=300204, nelems=0, elem type=char[])
ARR 50000787 (sz=80, trace=300205, nelems=0, elem type=byte[])
ARR 50000788 (sz=40, trace=300206, nelems=0, elem type=byte[])
OBJ 50000789 (sz=64, trace=300208, class=java.util.zip.ZipEntry@50000360)
OBJ 5000078a (sz=80, trace=300210, class=java.util.jar.JarFile$JarFileEntry@50000363)
ARR 5000078b (sz=104, trace=300211, nelems=0, elem type=char[])
OBJ 5000078c (sz=24, trace=300212, class=java.lang.String@5000013c)
ARR 5000078d (sz=104, trace=300213, nelems=0, elem type=char[])
ARR 5000078e (sz=56, trace=300214, nelems=0, elem type=char[])
ARR 5000078f (sz=80, trace=300215, nelems=0, elem type=byte[])
ARR 50000790 (sz=40, trace=300216, nelems=0, elem type=byte[])
OBJ 50000791 (sz=56, trace=300218, class=java.util.zip.ZipFile$ZipFileInputStream@5000036e)
	this$0		50000777
OBJ 50000792 (sz=40, trace=300172, class=java.lang.ref.Finalizer@50000115)
	referent	50000791
	queue		50001701
	next		50000778
	prev		50000794
OBJ 50000793 (sz=48, trace=300221, class=java.util.zip.Inflater@50000371)
	zsRef		50000795
	buf		5000079a
OBJ 50000794 (sz=40, trace=300172, class=java.lang.ref.Finalizer@50000115)
	referent	50000793
	queue		50001701
	next		50000792
	prev		50000797
OBJ 50000795 (sz=24, trace=300223, class=java.util.zip.ZStreamRef@50000375)
OBJ 50000796 (sz=56, trace=300225, class=java.util.zip.ZipFile$ZipFileInflaterInputStream@50000378)
	in		50000791
	inf		50000793
	buf		5000079a
	singleByteBuf	50000798
	b		50000799
	zfin		50000791
	this$0		50000777
OBJ 50000797 (sz=40, trace=300172, class=java.lang.ref.Finalizer@50000115)
	referent	50000796
	queue		50001701
	next		50000794
	prev		5000086f
ARR 50000798 (sz=1, trace=300226, nelems=1, elem type=byte[])
ARR 50000799 (sz=512, trace=300227, nelems=512, elem type=byte[])
ARR 5000079a (sz=484, trace=300228, nelems=484, elem type=byte[])
OBJ 5000079b (sz=40, trace=300229, class=java.util.WeakHashMap$Entry@50000012)
	referent	50000796
	queue		5000077a
	value		50000793
OBJ 5000079c (sz=24, trace=300230, class=sun.misc.JarIndex@5000035a)
	indexMap	5000079d
	jarMap		5000079e
	jarFiles	5000083b
OBJ 5000079d (sz=48, trace=300231, class=java.util.HashMap@50000107)
	table		500007ff
OBJ 5000079e (sz=48, trace=300232, class=java.util.HashMap@50000107)
	table		500007b7
OBJ 5000079f (sz=24, trace=300233, class=java.io.InputStreamReader@50000140)
OBJ 500007a0 (sz=40, trace=300235, class=sun.nio.cs.UTF_8$Decoder@50000165)
OBJ 500007a1 (sz=48, trace=300236, class=sun.nio.cs.StreamDecoder@50000056)
ARR 500007a2 (sz=8208, trace=300237, nelems=0, elem type=byte[])
OBJ 500007a3 (sz=48, trace=300238, class=java.nio.HeapByteBuffer@50000044)
OBJ 500007a4 (sz=48, trace=300239, class=java.io.BufferedReader@50000124)
ARR 500007a5 (sz=16400, trace=300240, nelems=0, elem type=char[])
OBJ 500007a6 (sz=32, trace=300034, class=java.util.Vector@50000032)
ARR 500007a7 (sz=56, trace=300241, nelems=0, elem type=java.lang.Object[]@5000011b)
OBJ 500007a8 (sz=48, trace=300242, class=java.nio.HeapCharBuffer@500000d6)
OBJ 500007a9 (sz=24, trace=300243, class=java.lang.String@5000013c)
ARR 500007aa (sz=64, trace=300244, nelems=0, elem type=char[])
OBJ 500007ab (sz=24, trace=300243, class=java.lang.String@5000013c)
ARR 500007ac (sz=16, trace=300244, nelems=0, elem type=char[])
OBJ 500007ad (sz=24, trace=300243, class=java.lang.String@5000013c)
	value		500007ae
ARR 500007ae (sz=24, trace=300244, nelems=12, elem type=char[])
OBJ 500007af (sz=24, trace=300245, class=java.lang.String@5000013c)
	value		500007b0
ARR 500007b0 (sz=6, trace=300244, nelems=3, elem type=char[])
OBJ 500007b1 (sz=32, trace=300067, class=java.util.LinkedList@500001c7)
	first		500007b2
	last		500007b2
OBJ 500007b2 (sz=24, trace=300246, class=java.util.LinkedList$Node@500001cb)
	item		500007ad
ARR 500007b3 (sz=80, trace=300247, nelems=0, elem type=java.util.HashMap$Entry[]@50000132)
OBJ 500007b4 (sz=32, trace=300140, class=java.util.HashMap$Entry@50000131)
	key		500007af
	value		500007b1
OBJ 500007b5 (sz=32, trace=300067, class=java.util.LinkedList@500001c7)
	first		500007b6
	last		50000837
OBJ 500007b6 (sz=24, trace=300246, class=java.util.LinkedList$Node@500001cb)
	item		500007af
	next		500007be
ARR 500007b7 (sz=80, trace=300248, nelems=14, elem type=java.util.HashMap$Entry[]@50000132)
	[13]		500007b8
OBJ 500007b8 (sz=32, trace=300140, class=java.util.HashMap$Entry@50000131)
	key		500007ad
	value		500007b5
OBJ 500007b9 (sz=24, trace=300245, class=java.lang.String@5000013c)
	value		500007ba
ARR 500007ba (sz=14, trace=300244, nelems=7, elem type=char[])
OBJ 500007bb (sz=32, trace=300067, class=java.util.LinkedList@500001c7)
	first		500007bc
	last		500007bc
OBJ 500007bc (sz=24, trace=300246, class=java.util.LinkedList$Node@500001cb)
	item		500007ad
OBJ 500007bd (sz=32, trace=300140, class=java.util.HashMap$Entry@50000131)
	key		500007b9
	value		500007bb
OBJ 500007be (sz=24, trace=300249, class=java.util.LinkedList$Node@500001cb)
	item		500007b9
	next		500007c4
	prev		500007b6
OBJ 500007bf (sz=24, trace=300245, class=java.lang.String@5000013c)
	value		500007c0
ARR 500007c0 (sz=26, trace=300244, nelems=13, elem type=char[])
OBJ 500007c1 (sz=32, trace=300067, class=java.util.LinkedList@500001c7)
	first		500007c2
	last		500007c2
OBJ 500007c2 (sz=24, trace=300246, class=java.util.LinkedList$Node@500001cb)
	item		500007ad
OBJ 500007c3 (sz=32, trace=300140, class=java.util.HashMap$Entry@50000131)
	key		500007bf
	value		500007c1
OBJ 500007c4 (sz=24, trace=300249, class=java.util.LinkedList$Node@500001cb)
	item		500007bf
	next		500007ca
	prev		500007be
OBJ 500007c5 (sz=24, trace=300245, class=java.lang.String@5000013c)
	value		500007c6
ARR 500007c6 (sz=34, trace=300244, nelems=17, elem type=char[])
OBJ 500007c7 (sz=32, trace=300067, class=java.util.LinkedList@500001c7)
	first		500007c8
	last		500007c8
OBJ 500007c8 (sz=24, trace=300246, class=java.util.LinkedList$Node@500001cb)
	item		500007ad
OBJ 500007c9 (sz=32, trace=300140, class=java.util.HashMap$Entry@50000131)
	key		500007c5
	value		500007c7
OBJ 500007ca (sz=24, trace=300249, class=java.util.LinkedList$Node@500001cb)
	item		500007c5
	next		500007d0
	prev		500007c4
OBJ 500007cb (sz=24, trace=300245, class=java.lang.String@5000013c)
	value		500007cc
ARR 500007cc (sz=52, trace=300244, nelems=26, elem type=char[])
OBJ 500007cd (sz=32, trace=300067, class=java.util.LinkedList@500001c7)
	first		500007ce
	last		500007ce
OBJ 500007ce (sz=24, trace=300246, class=java.util.LinkedList$Node@500001cb)
	item		500007ad
OBJ 500007cf (sz=32, trace=300140, class=java.util.HashMap$Entry@50000131)
	key		500007cb
	value		500007cd
OBJ 500007d0 (sz=24, trace=300249, class=java.util.LinkedList$Node@500001cb)
	item		500007cb
	next		500007d6
	prev		500007ca
OBJ 500007d1 (sz=24, trace=300245, class=java.lang.String@5000013c)
	value		500007d2
ARR 500007d2 (sz=44, trace=300244, nelems=22, elem type=char[])
OBJ 500007d3 (sz=32, trace=300067, class=java.util.LinkedList@500001c7)
	first		500007d4
	last		500007d4
OBJ 500007d4 (sz=24, trace=300246, class=java.util.LinkedList$Node@500001cb)
	item		500007ad
OBJ 500007d5 (sz=32, trace=300140, class=java.util.HashMap$Entry@50000131)
	key		500007d1
	value		500007d3
OBJ 500007d6 (sz=24, trace=300249, class=java.util.LinkedList$Node@500001cb)
	item		500007d1
	next		500007dc
	prev		500007d0
OBJ 500007d7 (sz=24, trace=300245, class=java.lang.String@5000013c)
	value		500007d8
ARR 500007d8 (sz=50, trace=300244, nelems=25, elem type=char[])
OBJ 500007d9 (sz=32, trace=300067, class=java.util.LinkedList@500001c7)
	first		500007da
	last		500007da
OBJ 500007da (sz=24, trace=300246, class=java.util.LinkedList$Node@500001cb)
	item		500007ad
OBJ 500007db (sz=32, trace=300140, class=java.util.HashMap$Entry@50000131)
	key		500007d7
	value		500007d9
OBJ 500007dc (sz=24, trace=300249, class=java.util.LinkedList$Node@500001cb)
	item		500007d7
	next		500007e2
	prev		500007d6
OBJ 500007dd (sz=24, trace=300245, class=java.lang.String@5000013c)
	value		500007de
ARR 500007de (sz=48, trace=300244, nelems=24, elem type=char[])
OBJ 500007df (sz=32, trace=300067, class=java.util.LinkedList@500001c7)
	first		500007e0
	last		500007e0
OBJ 500007e0 (sz=24, trace=300246, class=java.util.LinkedList$Node@500001cb)
	item		500007ad
OBJ 500007e1 (sz=32, trace=300140, class=java.util.HashMap$Entry@50000131)
	key		500007dd
	value		500007df
OBJ 500007e2 (sz=24, trace=300249, class=java.util.LinkedList$Node@500001cb)
	item		500007dd
	next		500007e8
	prev		500007dc
OBJ 500007e3 (sz=24, trace=300245, class=java.lang.String@5000013c)
	value		500007e4
ARR 500007e4 (sz=42, trace=300244, nelems=21, elem type=char[])
OBJ 500007e5 (sz=32, trace=300067, class=java.util.LinkedList@500001c7)
	first		500007e6
	last		500007e6
OBJ 500007e6 (sz=24, trace=300246, class=java.util.LinkedList$Node@500001cb)
	item		500007ad
OBJ 500007e7 (sz=32, trace=300140, class=java.util.HashMap$Entry@50000131)
	key		500007e3
	value		500007e5
OBJ 500007e8 (sz=24, trace=300249, class=java.util.LinkedList$Node@500001cb)
	item		500007e3
	next		500007ee
	prev		500007e2
OBJ 500007e9 (sz=24, trace=300245, class=java.lang.String@5000013c)
	value		500007ea
ARR 500007ea (sz=54, trace=300244, nelems=27, elem type=char[])
OBJ 500007eb (sz=32, trace=300067, class=java.util.LinkedList@500001c7)
	first		500007ec
	last		500007ec
OBJ 500007ec (sz=24, trace=300246, class=java.util.LinkedList$Node@500001cb)
	item		500007ad
OBJ 500007ed (sz=32, trace=300140, class=java.util.HashMap$Entry@50000131)
	key		500007e9
	value		500007eb
OBJ 500007ee (sz=24, trace=300249, class=java.util.LinkedList$Node@500001cb)
	item		500007e9
	next		500007f4
	prev		500007e8
OBJ 500007ef (sz=24, trace=300245, class=java.lang.String@5000013c)
	value		500007f0
ARR 500007f0 (sz=44, trace=300244, nelems=22, elem type=char[])
OBJ 500007f1 (sz=32, trace=300067, class=java.util.LinkedList@500001c7)
	first		500007f2
	last		500007f2
OBJ 500007f2 (sz=24, trace=300246, class=java.util.LinkedList$Node@500001cb)
	item		500007ad
OBJ 500007f3 (sz=32, trace=300140, class=java.util.HashMap$Entry@50000131)
	key		500007ef
	value		500007f1
OBJ 500007f4 (sz=24, trace=300249, class=java.util.LinkedList$Node@500001cb)
	item		500007ef
	next		500007fa
	prev		500007ee
OBJ 500007f5 (sz=24, trace=300245, class=java.lang.String@5000013c)
	value		500007f6
ARR 500007f6 (sz=48, trace=300244, nelems=24, elem type=char[])
OBJ 500007f7 (sz=32, trace=300067, class=java.util.LinkedList@500001c7)
	first		500007f8
	last		500007f8
OBJ 500007f8 (sz=24, trace=300246, class=java.util.LinkedList$Node@500001cb)
	item		500007ad
OBJ 500007f9 (sz=32, trace=300140, class=java.util.HashMap$Entry@50000131)
	key		500007f5
	value		500007f7
OBJ 500007fa (sz=24, trace=300249, class=java.util.LinkedList$Node@500001cb)
	item		500007f5
	next		50000801
	prev		500007f4
OBJ 500007fb (sz=24, trace=300245, class=java.lang.String@5000013c)
	value		500007fc
ARR 500007fc (sz=10, trace=300244, nelems=5, elem type=char[])
OBJ 500007fd (sz=32, trace=300067, class=java.util.LinkedList@500001c7)
	first		500007fe
	last		500007fe
OBJ 500007fe (sz=24, trace=300246, class=java.util.LinkedList$Node@500001cb)
	item		500007ad
ARR 500007ff (sz=144, trace=300318, nelems=31, elem type=java.util.HashMap$Entry[]@50000132)
	[0]		500007ed
	[1]		50000824
	[3]		50000830
	[4]		500007e7
	[5]		500007c3
	[6]		5000080c
	[7]		500007f9
	[8]		50000812
	[11]		500007d5
	[12]		500007bd
	[13]		500007c9
	[18]		500007cf
	[20]		500007db
	[21]		50000806
	[22]		50000818
	[25]		5000081e
	[27]		500007f3
	[29]		5000082a
	[30]		50000836
OBJ 50000800 (sz=32, trace=300140, class=java.util.HashMap$Entry@50000131)
	key		500007fb
	value		500007fd
	next		500007e1
OBJ 50000801 (sz=24, trace=300249, class=java.util.LinkedList$Node@500001cb)
	item		500007fb
	next		50000807
	prev		500007fa
OBJ 50000802 (sz=24, trace=300245, class=java.lang.String@5000013c)
	value		50000803
ARR 50000803 (sz=22, trace=300244, nelems=11, elem type=char[])
OBJ 50000804 (sz=32, trace=300067, class=java.util.LinkedList@500001c7)
	first		50000805
	last		50000805
OBJ 50000805 (sz=24, trace=300246, class=java.util.LinkedList$Node@500001cb)
	item		500007ad
OBJ 50000806 (sz=32, trace=300140, class=java.util.HashMap$Entry@50000131)
	key		50000802
	value		50000804
OBJ 50000807 (sz=24, trace=300249, class=java.util.LinkedList$Node@500001cb)
	item		50000802
	next		5000080d
	prev		50000801
OBJ 50000808 (sz=24, trace=300245, class=java.lang.String@5000013c)
	value		50000809
ARR 50000809 (sz=30, trace=300244, nelems=15, elem type=char[])
OBJ 5000080a (sz=32, trace=300067, class=java.util.LinkedList@500001c7)
	first		5000080b
	last		5000080b
OBJ 5000080b (sz=24, trace=300246, class=java.util.LinkedList$Node@500001cb)
	item		500007ad
OBJ 5000080c (sz=32, trace=300140, class=java.util.HashMap$Entry@50000131)
	key		50000808
	value		5000080a
OBJ 5000080d (sz=24, trace=300249, class=java.util.LinkedList$Node@500001cb)
	item		50000808
	next		50000813
	prev		50000807
OBJ 5000080e (sz=24, trace=300245, class=java.lang.String@5000013c)
	value		5000080f
ARR 5000080f (sz=48, trace=300244, nelems=24, elem type=char[])
OBJ 50000810 (sz=32, trace=300067, class=java.util.LinkedList@500001c7)
	first		50000811
	last		50000811
OBJ 50000811 (sz=24, trace=300246, class=java.util.LinkedList$Node@500001cb)
	item		500007ad
OBJ 50000812 (sz=32, trace=300140, class=java.util.HashMap$Entry@50000131)
	key		5000080e
	value		50000810
OBJ 50000813 (sz=24, trace=300249, class=java.util.LinkedList$Node@500001cb)
	item		5000080e
	next		50000819
	prev		5000080d
OBJ 50000814 (sz=24, trace=300245, class=java.lang.String@5000013c)
	value		50000815
ARR 50000815 (sz=48, trace=300244, nelems=24, elem type=char[])
OBJ 50000816 (sz=32, trace=300067, class=java.util.LinkedList@500001c7)
	first		50000817
	last		50000817
OBJ 50000817 (sz=24, trace=300246, class=java.util.LinkedList$Node@500001cb)
	item		500007ad
OBJ 50000818 (sz=32, trace=300140, class=java.util.HashMap$Entry@50000131)
	key		50000814
	value		50000816
	next		50000800
OBJ 50000819 (sz=24, trace=300249, class=java.util.LinkedList$Node@500001cb)
	item		50000814
	next		5000081f
	prev		50000813
OBJ 5000081a (sz=24, trace=300245, class=java.lang.String@5000013c)
	value		5000081b
ARR 5000081b (sz=48, trace=300244, nelems=24, elem type=char[])
OBJ 5000081c (sz=32, trace=300067, class=java.util.LinkedList@500001c7)
	first		5000081d
	last		5000081d
OBJ 5000081d (sz=24, trace=300246, class=java.util.LinkedList$Node@500001cb)
	item		500007ad
OBJ 5000081e (sz=32, trace=300140, class=java.util.HashMap$Entry@50000131)
	key		5000081a
	value		5000081c
OBJ 5000081f (sz=24, trace=300249, class=java.util.LinkedList$Node@500001cb)
	item		5000081a
	next		50000825
	prev		50000819
OBJ 50000820 (sz=24, trace=300245, class=java.lang.String@5000013c)
	value		50000821
ARR 50000821 (sz=44, trace=300244, nelems=22, elem type=char[])
OBJ 50000822 (sz=32, trace=300067, class=java.util.LinkedList@500001c7)
	first		50000823
	last		50000823
OBJ 50000823 (sz=24, trace=300246, class=java.util.LinkedList$Node@500001cb)
	item		500007ad
OBJ 50000824 (sz=32, trace=300140, class=java.util.HashMap$Entry@50000131)
	key		50000820
	value		50000822
OBJ 50000825 (sz=24, trace=300249, class=java.util.LinkedList$Node@500001cb)
	item		50000820
	next		5000082b
	prev		5000081f
OBJ 50000826 (sz=24, trace=300245, class=java.lang.String@5000013c)
	value		50000827
ARR 50000827 (sz=50, trace=300244, nelems=25, elem type=char[])
OBJ 50000828 (sz=32, trace=300067, class=java.util.LinkedList@500001c7)
	first		50000829
	last		50000829
OBJ 50000829 (sz=24, trace=300246, class=java.util.LinkedList$Node@500001cb)
	item		500007ad
OBJ 5000082a (sz=32, trace=300140, class=java.util.HashMap$Entry@50000131)
	key		50000826
	value		50000828
OBJ 5000082b (sz=24, trace=300249, class=java.util.LinkedList$Node@500001cb)
	item		50000826
	next		50000831
	prev		50000825
OBJ 5000082c (sz=24, trace=300245, class=java.lang.String@5000013c)
	value		5000082d
ARR 5000082d (sz=40, trace=300244, nelems=20, elem type=char[])
OBJ 5000082e (sz=32, trace=300067, class=java.util.LinkedList@500001c7)
	first		5000082f
	last		5000082f
OBJ 5000082f (sz=24, trace=300246, class=java.util.LinkedList$Node@500001cb)
	item		500007ad
OBJ 50000830 (sz=32, trace=300140, class=java.util.HashMap$Entry@50000131)
	key		5000082c
	value		5000082e
	next		500007b4
OBJ 50000831 (sz=24, trace=300249, class=java.util.LinkedList$Node@500001cb)
	item		5000082c
	next		50000837
	prev		5000082b
OBJ 50000832 (sz=24, trace=300245, class=java.lang.String@5000013c)
	value		50000833
ARR 50000833 (sz=44, trace=300244, nelems=22, elem type=char[])
OBJ 50000834 (sz=32, trace=300067, class=java.util.LinkedList@500001c7)
	first		50000835
	last		50000835
OBJ 50000835 (sz=24, trace=300246, class=java.util.LinkedList$Node@500001cb)
	item		500007ad
OBJ 50000836 (sz=32, trace=300140, class=java.util.HashMap$Entry@50000131)
	key		50000832
	value		50000834
OBJ 50000837 (sz=24, trace=300249, class=java.util.LinkedList$Node@500001cb)
	item		50000832
	prev		50000831
OBJ 50000838 (sz=24, trace=300245, class=java.lang.String@5000013c)
ARR 50000839 (sz=16, trace=300244, nelems=0, elem type=char[])
OBJ 5000083a (sz=48, trace=300242, class=java.nio.HeapCharBuffer@500000d6)
ARR 5000083b (sz=24, trace=300250, nelems=1, elem type=java.lang.String[]@5000013d)
	[0]		500007ad
OBJ 5000083c (sz=64, trace=300251, class=java.net.URL@500000e1)
OBJ 5000083d (sz=24, trace=300252, class=java.lang.StringBuilder@50000075)
ARR 5000083e (sz=48, trace=300253, nelems=0, elem type=char[])
OBJ 5000083f (sz=24, trace=300254, class=java.lang.String@5000013c)
ARR 50000840 (sz=80, trace=300255, nelems=0, elem type=char[])
ARR 50000841 (sz=88, trace=300006, nelems=0, elem type=char[])
ARR 50000842 (sz=160, trace=300006, nelems=0, elem type=char[])
OBJ 50000843 (sz=24, trace=300256, class=java.lang.String@5000013c)
ARR 50000844 (sz=104, trace=300257, nelems=0, elem type=char[])
OBJ 50000845 (sz=24, trace=300258, class=java.lang.StringBuilder@50000075)
ARR 50000846 (sz=48, trace=300259, nelems=0, elem type=char[])
ARR 50000847 (sz=120, trace=300006, nelems=0, elem type=char[])
OBJ 50000848 (sz=24, trace=300260, class=java.lang.String@5000013c)
	value		50000849
ARR 50000849 (sz=102, trace=300111, nelems=51, elem type=char[])
OBJ 5000084a (sz=32, trace=300140, class=java.util.HashMap$Entry@50000131)
	key		50000848
	value		5000076d
ARR 5000084b (sz=96, trace=300204, nelems=0, elem type=char[])
ARR 5000084c (sz=136, trace=300205, nelems=0, elem type=byte[])
ARR 5000084d (sz=56, trace=300206, nelems=0, elem type=byte[])
OBJ 5000084e (sz=16, trace=300261, class=java.util.HashSet@500000cb)
OBJ 5000084f (sz=48, trace=300045, class=java.util.HashMap@50000107)
OBJ 50000850 (sz=24, trace=300262, class=java.lang.String@5000013c)
ARR 50000851 (sz=64, trace=300263, nelems=0, elem type=char[])
OBJ 50000852 (sz=24, trace=300108, class=java.lang.StringBuilder@50000075)
ARR 50000853 (sz=48, trace=300109, nelems=0, elem type=char[])
ARR 50000854 (sz=152, trace=300006, nelems=0, elem type=char[])
OBJ 50000855 (sz=24, trace=300110, class=java.lang.String@5000013c)
ARR 50000856 (sz=152, trace=300111, nelems=0, elem type=char[])
OBJ 50000857 (sz=24, trace=300113, class=sun.misc.URLClassPath$3@5000020e)
OBJ 50000858 (sz=24, trace=300118, class=java.lang.StringBuilder@50000075)
ARR 50000859 (sz=48, trace=300119, nelems=0, elem type=char[])
OBJ 5000085a (sz=24, trace=300128, class=java.lang.StringBuffer@50000042)
ARR 5000085b (sz=144, trace=300129, nelems=0, elem type=char[])
OBJ 5000085c (sz=24, trace=300130, class=java.lang.String@5000013c)
ARR 5000085d (sz=144, trace=300131, nelems=0, elem type=char[])
ARR 5000085e (sz=144, trace=300006, nelems=0, elem type=char[])
ARR 5000085f (sz=280, trace=300006, nelems=0, elem type=char[])
OBJ 50000860 (sz=24, trace=300132, class=java.lang.String@5000013c)
ARR 50000861 (sz=152, trace=300133, nelems=0, elem type=char[])
OBJ 50000862 (sz=64, trace=300134, class=java.net.URL@500000e1)
OBJ 50000863 (sz=24, trace=300135, class=java.net.Parts@50000113)
OBJ 50000864 (sz=48, trace=300136, class=sun.misc.URLClassPath$JarLoader@50000211)
OBJ 50000865 (sz=32, trace=300137, class=java.io.File@500000e5)
OBJ 50000866 (sz=16, trace=300142, class=sun.misc.URLClassPath$JarLoader$1@500002cd)
OBJ 50000867 (sz=24, trace=300144, class=sun.misc.FileURLMapper@500002cf)
OBJ 50000868 (sz=32, trace=300145, class=java.io.File@500000e5)
ARR 50000869 (sz=200, trace=300010, nelems=0, elem type=byte[])
ARR 5000086a (sz=80, trace=300011, nelems=0, elem type=byte[])
OBJ 5000086b (sz=24, trace=300012, class=java.lang.String@5000013c)
ARR 5000086c (sz=72, trace=300013, nelems=0, elem type=char[])
OBJ 5000086d (sz=32, trace=300152, class=java.io.File@500000e5)
OBJ 5000086e (sz=64, trace=300171, class=java.util.jar.JarFile@500002d6)
	zc		50000876
	streams		50000870
	inflaterCache	50000874
OBJ 5000086f (sz=40, trace=300172, class=java.lang.ref.Finalizer@50000115)
	referent	5000086e
	queue		50001701
	next		50000797
	prev		500008a0
OBJ 50000870 (sz=56, trace=300173, class=java.util.WeakHashMap@50000021)
	table		50000873
	queue		50000871
OBJ 50000871 (sz=32, trace=300174, class=java.lang.ref.ReferenceQueue@500000c2)
	lock		50000872
OBJ 50000872 (sz=16, trace=300175, class=java.lang.ref.ReferenceQueue$Lock@50000130)
ARR 50000873 (sz=80, trace=300176, nelems=0, elem type=java.util.WeakHashMap$Entry[]@50000013)
OBJ 50000874 (sz=24, trace=300178, class=java.util.ArrayDeque@50000333)
	elements	50000875
ARR 50000875 (sz=80, trace=300179, nelems=0, elem type=java.lang.Object[]@5000011b)
OBJ 50000876 (sz=32, trace=300181, class=java.util.zip.ZipCoder@50000336)
	cs		50001a92
ARR 50000877 (sz=200, trace=300182, nelems=0, elem type=byte[])
ARR 50000878 (sz=80, trace=300011, nelems=0, elem type=byte[])
ARR 50000879 (sz=200, trace=300183, nelems=0, elem type=byte[])
ARR 5000087a (sz=80, trace=300011, nelems=0, elem type=byte[])
OBJ 5000087b (sz=24, trace=300319, class=java.lang.String@5000013c)
ARR 5000087c (sz=72, trace=300320, nelems=0, elem type=char[])
OBJ 5000087f (sz=32, trace=300322, class=java.util.zip.ZipException@5000087e)
OBJ 50000881 (sz=40, trace=300324, class=java.security.PrivilegedActionException@50000880)
OBJ 50000882 (sz=40, trace=300324, class=java.security.PrivilegedActionException@50000880)
OBJ 50000883 (sz=24, trace=300108, class=java.lang.StringBuilder@50000075)
ARR 50000884 (sz=48, trace=300109, nelems=0, elem type=char[])
ARR 50000885 (sz=120, trace=300006, nelems=0, elem type=char[])
OBJ 50000886 (sz=24, trace=300110, class=java.lang.String@5000013c)
ARR 50000887 (sz=120, trace=300111, nelems=0, elem type=char[])
OBJ 50000888 (sz=24, trace=300113, class=sun.misc.URLClassPath$3@5000020e)
OBJ 50000889 (sz=24, trace=300118, class=java.lang.StringBuilder@50000075)
ARR 5000088a (sz=48, trace=300119, nelems=0, elem type=char[])
OBJ 5000088b (sz=24, trace=300128, class=java.lang.StringBuffer@50000042)
ARR 5000088c (sz=120, trace=300129, nelems=0, elem type=char[])
OBJ 5000088d (sz=24, trace=300130, class=java.lang.String@5000013c)
ARR 5000088e (sz=120, trace=300131, nelems=0, elem type=char[])
ARR 5000088f (sz=120, trace=300006, nelems=0, elem type=char[])
ARR 50000890 (sz=224, trace=300006, nelems=0, elem type=char[])
OBJ 50000891 (sz=24, trace=300132, class=java.lang.String@5000013c)
ARR 50000892 (sz=120, trace=300133, nelems=0, elem type=char[])
OBJ 50000893 (sz=64, trace=300134, class=java.net.URL@500000e1)
OBJ 50000894 (sz=24, trace=300135, class=java.net.Parts@50000113)
OBJ 50000895 (sz=48, trace=300136, class=sun.misc.URLClassPath$JarLoader@50000211)
OBJ 50000896 (sz=32, trace=300137, class=java.io.File@500000e5)
OBJ 50000897 (sz=16, trace=300142, class=sun.misc.URLClassPath$JarLoader$1@500002cd)
OBJ 50000898 (sz=24, trace=300144, class=sun.misc.FileURLMapper@500002cf)
OBJ 50000899 (sz=32, trace=300145, class=java.io.File@500000e5)
ARR 5000089a (sz=152, trace=300010, nelems=0, elem type=byte[])
ARR 5000089b (sz=64, trace=300011, nelems=0, elem type=byte[])
OBJ 5000089c (sz=24, trace=300012, class=java.lang.String@5000013c)
ARR 5000089d (sz=48, trace=300013, nelems=0, elem type=char[])
OBJ 5000089e (sz=32, trace=300152, class=java.io.File@500000e5)
OBJ 5000089f (sz=64, trace=300171, class=java.util.jar.JarFile@500002d6)
	zc		500008a7
	streams		500008a1
	inflaterCache	500008a5
OBJ 500008a0 (sz=40, trace=300172, class=java.lang.ref.Finalizer@50000115)
	referent	5000089f
	queue		50001701
	next		5000086f
	prev		500008ce
OBJ 500008a1 (sz=56, trace=300173, class=java.util.WeakHashMap@50000021)
	table		500008a4
	queue		500008a2
OBJ 500008a2 (sz=32, trace=300174, class=java.lang.ref.ReferenceQueue@500000c2)
	lock		500008a3
OBJ 500008a3 (sz=16, trace=300175, class=java.lang.ref.ReferenceQueue$Lock@50000130)
ARR 500008a4 (sz=80, trace=300176, nelems=0, elem type=java.util.WeakHashMap$Entry[]@50000013)
OBJ 500008a5 (sz=24, trace=300178, class=java.util.ArrayDeque@50000333)
	elements	500008a6
ARR 500008a6 (sz=80, trace=300179, nelems=0, elem type=java.lang.Object[]@5000011b)
OBJ 500008a7 (sz=32, trace=300181, class=java.util.zip.ZipCoder@50000336)
	cs		50001a92
ARR 500008a8 (sz=152, trace=300182, nelems=0, elem type=byte[])
ARR 500008a9 (sz=64, trace=300011, nelems=0, elem type=byte[])
ARR 500008aa (sz=152, trace=300183, nelems=0, elem type=byte[])
ARR 500008ab (sz=64, trace=300011, nelems=0, elem type=byte[])
OBJ 500008ac (sz=24, trace=300319, class=java.lang.String@5000013c)
ARR 500008ad (sz=72, trace=300320, nelems=0, elem type=char[])
OBJ 500008ae (sz=32, trace=300322, class=java.util.zip.ZipException@5000087e)
OBJ 500008af (sz=40, trace=300324, class=java.security.PrivilegedActionException@50000880)
OBJ 500008b0 (sz=40, trace=300324, class=java.security.PrivilegedActionException@50000880)
OBJ 500008b1 (sz=24, trace=300108, class=java.lang.StringBuilder@50000075)
ARR 500008b2 (sz=48, trace=300109, nelems=0, elem type=char[])
ARR 500008b3 (sz=136, trace=300006, nelems=0, elem type=char[])
OBJ 500008b4 (sz=24, trace=300110, class=java.lang.String@5000013c)
ARR 500008b5 (sz=136, trace=300111, nelems=0, elem type=char[])
OBJ 500008b6 (sz=24, trace=300113, class=sun.misc.URLClassPath$3@5000020e)
OBJ 500008b7 (sz=24, trace=300118, class=java.lang.StringBuilder@50000075)
ARR 500008b8 (sz=48, trace=300119, nelems=0, elem type=char[])
OBJ 500008b9 (sz=24, trace=300128, class=java.lang.StringBuffer@50000042)
ARR 500008ba (sz=128, trace=300129, nelems=0, elem type=char[])
OBJ 500008bb (sz=24, trace=300130, class=java.lang.String@5000013c)
ARR 500008bc (sz=128, trace=300131, nelems=0, elem type=char[])
ARR 500008bd (sz=128, trace=300006, nelems=0, elem type=char[])
ARR 500008be (sz=240, trace=300006, nelems=0, elem type=char[])
OBJ 500008bf (sz=24, trace=300132, class=java.lang.String@5000013c)
ARR 500008c0 (sz=136, trace=300133, nelems=0, elem type=char[])
OBJ 500008c1 (sz=64, trace=300134, class=java.net.URL@500000e1)
OBJ 500008c2 (sz=24, trace=300135, class=java.net.Parts@50000113)
OBJ 500008c3 (sz=48, trace=300136, class=sun.misc.URLClassPath$JarLoader@50000211)
OBJ 500008c4 (sz=32, trace=300137, class=java.io.File@500000e5)
OBJ 500008c5 (sz=16, trace=300142, class=sun.misc.URLClassPath$JarLoader$1@500002cd)
OBJ 500008c6 (sz=24, trace=300144, class=sun.misc.FileURLMapper@500002cf)
OBJ 500008c7 (sz=32, trace=300145, class=java.io.File@500000e5)
ARR 500008c8 (sz=168, trace=300010, nelems=0, elem type=byte[])
ARR 500008c9 (sz=72, trace=300011, nelems=0, elem type=byte[])
OBJ 500008ca (sz=24, trace=300012, class=java.lang.String@5000013c)
ARR 500008cb (sz=56, trace=300013, nelems=0, elem type=char[])
OBJ 500008cc (sz=32, trace=300152, class=java.io.File@500000e5)
OBJ 500008cd (sz=64, trace=300171, class=java.util.jar.JarFile@500002d6)
	zc		500008d5
	streams		500008cf
	inflaterCache	500008d3
OBJ 500008ce (sz=40, trace=300172, class=java.lang.ref.Finalizer@50000115)
	referent	500008cd
	queue		50001701
	next		500008a0
	prev		500008fc
OBJ 500008cf (sz=56, trace=300173, class=java.util.WeakHashMap@50000021)
	table		500008d2
	queue		500008d0
OBJ 500008d0 (sz=32, trace=300174, class=java.lang.ref.ReferenceQueue@500000c2)
	lock		500008d1
OBJ 500008d1 (sz=16, trace=300175, class=java.lang.ref.ReferenceQueue$Lock@50000130)
ARR 500008d2 (sz=80, trace=300176, nelems=0, elem type=java.util.WeakHashMap$Entry[]@50000013)
OBJ 500008d3 (sz=24, trace=300178, class=java.util.ArrayDeque@50000333)
	elements	500008d4
ARR 500008d4 (sz=80, trace=300179, nelems=0, elem type=java.lang.Object[]@5000011b)
OBJ 500008d5 (sz=32, trace=300181, class=java.util.zip.ZipCoder@50000336)
	cs		50001a92
ARR 500008d6 (sz=168, trace=300182, nelems=0, elem type=byte[])
ARR 500008d7 (sz=72, trace=300011, nelems=0, elem type=byte[])
ARR 500008d8 (sz=168, trace=300183, nelems=0, elem type=byte[])
ARR 500008d9 (sz=72, trace=300011, nelems=0, elem type=byte[])
OBJ 500008da (sz=24, trace=300319, class=java.lang.String@5000013c)
ARR 500008db (sz=72, trace=300320, nelems=0, elem type=char[])
OBJ 500008dc (sz=32, trace=300322, class=java.util.zip.ZipException@5000087e)
OBJ 500008dd (sz=40, trace=300324, class=java.security.PrivilegedActionException@50000880)
OBJ 500008de (sz=40, trace=300324, class=java.security.PrivilegedActionException@50000880)
OBJ 500008df (sz=24, trace=300108, class=java.lang.StringBuilder@50000075)
ARR 500008e0 (sz=48, trace=300109, nelems=0, elem type=char[])
ARR 500008e1 (sz=136, trace=300006, nelems=0, elem type=char[])
OBJ 500008e2 (sz=24, trace=300110, class=java.lang.String@5000013c)
ARR 500008e3 (sz=136, trace=300111, nelems=0, elem type=char[])
OBJ 500008e4 (sz=24, trace=300113, class=sun.misc.URLClassPath$3@5000020e)
OBJ 500008e5 (sz=24, trace=300118, class=java.lang.StringBuilder@50000075)
ARR 500008e6 (sz=48, trace=300119, nelems=0, elem type=char[])
OBJ 500008e7 (sz=24, trace=300128, class=java.lang.StringBuffer@50000042)
ARR 500008e8 (sz=128, trace=300129, nelems=0, elem type=char[])
OBJ 500008e9 (sz=24, trace=300130, class=java.lang.String@5000013c)
ARR 500008ea (sz=128, trace=300131, nelems=0, elem type=char[])
ARR 500008eb (sz=128, trace=300006, nelems=0, elem type=char[])
ARR 500008ec (sz=240, trace=300006, nelems=0, elem type=char[])
OBJ 500008ed (sz=24, trace=300132, class=java.lang.String@5000013c)
ARR 500008ee (sz=136, trace=300133, nelems=0, elem type=char[])
OBJ 500008ef (sz=64, trace=300134, class=java.net.URL@500000e1)
OBJ 500008f0 (sz=24, trace=300135, class=java.net.Parts@50000113)
OBJ 500008f1 (sz=48, trace=300136, class=sun.misc.URLClassPath$JarLoader@50000211)
OBJ 500008f2 (sz=32, trace=300137, class=java.io.File@500000e5)
OBJ 500008f3 (sz=16, trace=300142, class=sun.misc.URLClassPath$JarLoader$1@500002cd)
OBJ 500008f4 (sz=24, trace=300144, class=sun.misc.FileURLMapper@500002cf)
OBJ 500008f5 (sz=32, trace=300145, class=java.io.File@500000e5)
ARR 500008f6 (sz=168, trace=300010, nelems=0, elem type=byte[])
ARR 500008f7 (sz=72, trace=300011, nelems=0, elem type=byte[])
OBJ 500008f8 (sz=24, trace=300012, class=java.lang.String@5000013c)
ARR 500008f9 (sz=56, trace=300013, nelems=0, elem type=char[])
OBJ 500008fa (sz=32, trace=300152, class=java.io.File@500000e5)
OBJ 500008fb (sz=64, trace=300171, class=java.util.jar.JarFile@500002d6)
	zc		50000903
	streams		500008fd
	inflaterCache	50000901
OBJ 500008fc (sz=40, trace=300172, class=java.lang.ref.Finalizer@50000115)
	referent	500008fb
	queue		50001701
	next		500008ce
	prev		5000092a
OBJ 500008fd (sz=56, trace=300173, class=java.util.WeakHashMap@50000021)
	table		50000900
	queue		500008fe
OBJ 500008fe (sz=32, trace=300174, class=java.lang.ref.ReferenceQueue@500000c2)
	lock		500008ff
OBJ 500008ff (sz=16, trace=300175, class=java.lang.ref.ReferenceQueue$Lock@50000130)
ARR 50000900 (sz=80, trace=300176, nelems=0, elem type=java.util.WeakHashMap$Entry[]@50000013)
OBJ 50000901 (sz=24, trace=300178, class=java.util.ArrayDeque@50000333)
	elements	50000902
ARR 50000902 (sz=80, trace=300179, nelems=0, elem type=java.lang.Object[]@5000011b)
OBJ 50000903 (sz=32, trace=300181, class=java.util.zip.ZipCoder@50000336)
	cs		50001a92
ARR 50000904 (sz=168, trace=300182, nelems=0, elem type=byte[])
ARR 50000905 (sz=72, trace=300011, nelems=0, elem type=byte[])
ARR 50000906 (sz=168, trace=300183, nelems=0, elem type=byte[])
ARR 50000907 (sz=72, trace=300011, nelems=0, elem type=byte[])
OBJ 50000908 (sz=24, trace=300319, class=java.lang.String@5000013c)
ARR 50000909 (sz=72, trace=300320, nelems=0, elem type=char[])
OBJ 5000090a (sz=32, trace=300322, class=java.util.zip.ZipException@5000087e)
OBJ 5000090b (sz=40, trace=300324, class=java.security.PrivilegedActionException@50000880)
OBJ 5000090c (sz=40, trace=300324, class=java.security.PrivilegedActionException@50000880)
OBJ 5000090d (sz=24, trace=300108, class=java.lang.StringBuilder@50000075)
ARR 5000090e (sz=48, trace=300109, nelems=0, elem type=char[])
ARR 5000090f (sz=136, trace=300006, nelems=0, elem type=char[])
OBJ 50000910 (sz=24, trace=300110, class=java.lang.String@5000013c)
ARR 50000911 (sz=136, trace=300111, nelems=0, elem type=char[])
OBJ 50000912 (sz=24, trace=300113, class=sun.misc.URLClassPath$3@5000020e)
OBJ 50000913 (sz=24, trace=300118, class=java.lang.StringBuilder@50000075)
ARR 50000914 (sz=48, trace=300119, nelems=0, elem type=char[])
OBJ 50000915 (sz=24, trace=300128, class=java.lang.StringBuffer@50000042)
ARR 50000916 (sz=128, trace=300129, nelems=0, elem type=char[])
OBJ 50000917 (sz=24, trace=300130, class=java.lang.String@5000013c)
ARR 50000918 (sz=128, trace=300131, nelems=0, elem type=char[])
ARR 50000919 (sz=128, trace=300006, nelems=0, elem type=char[])
ARR 5000091a (sz=240, trace=300006, nelems=0, elem type=char[])
OBJ 5000091b (sz=24, trace=300132, class=java.lang.String@5000013c)
ARR 5000091c (sz=136, trace=300133, nelems=0, elem type=char[])
OBJ 5000091d (sz=64, trace=300134, class=java.net.URL@500000e1)
OBJ 5000091e (sz=24, trace=300135, class=java.net.Parts@50000113)
OBJ 5000091f (sz=48, trace=300136, class=sun.misc.URLClassPath$JarLoader@50000211)
OBJ 50000920 (sz=32, trace=300137, class=java.io.File@500000e5)
OBJ 50000921 (sz=16, trace=300142, class=sun.misc.URLClassPath$JarLoader$1@500002cd)
OBJ 50000922 (sz=24, trace=300144, class=sun.misc.FileURLMapper@500002cf)
OBJ 50000923 (sz=32, trace=300145, class=java.io.File@500000e5)
ARR 50000924 (sz=168, trace=300010, nelems=0, elem type=byte[])
ARR 50000925 (sz=72, trace=300011, nelems=0, elem type=byte[])
OBJ 50000926 (sz=24, trace=300012, class=java.lang.String@5000013c)
ARR 50000927 (sz=56, trace=300013, nelems=0, elem type=char[])
OBJ 50000928 (sz=32, trace=300152, class=java.io.File@500000e5)
OBJ 50000929 (sz=64, trace=300171, class=java.util.jar.JarFile@500002d6)
	zc		50000931
	streams		5000092b
	inflaterCache	5000092f
OBJ 5000092a (sz=40, trace=300172, class=java.lang.ref.Finalizer@50000115)
	referent	50000929
	queue		50001701
	next		500008fc
	prev		50000958
OBJ 5000092b (sz=56, trace=300173, class=java.util.WeakHashMap@50000021)
	table		5000092e
	queue		5000092c
OBJ 5000092c (sz=32, trace=300174, class=java.lang.ref.ReferenceQueue@500000c2)
	lock		5000092d
OBJ 5000092d (sz=16, trace=300175, class=java.lang.ref.ReferenceQueue$Lock@50000130)
ARR 5000092e (sz=80, trace=300176, nelems=0, elem type=java.util.WeakHashMap$Entry[]@50000013)
OBJ 5000092f (sz=24, trace=300178, class=java.util.ArrayDeque@50000333)
	elements	50000930
ARR 50000930 (sz=80, trace=300179, nelems=0, elem type=java.lang.Object[]@5000011b)
OBJ 50000931 (sz=32, trace=300181, class=java.util.zip.ZipCoder@50000336)
	cs		50001a92
ARR 50000932 (sz=168, trace=300182, nelems=0, elem type=byte[])
ARR 50000933 (sz=72, trace=300011, nelems=0, elem type=byte[])
ARR 50000934 (sz=168, trace=300183, nelems=0, elem type=byte[])
ARR 50000935 (sz=72, trace=300011, nelems=0, elem type=byte[])
OBJ 50000936 (sz=24, trace=300319, class=java.lang.String@5000013c)
ARR 50000937 (sz=72, trace=300320, nelems=0, elem type=char[])
OBJ 50000938 (sz=32, trace=300322, class=java.util.zip.ZipException@5000087e)
OBJ 50000939 (sz=40, trace=300324, class=java.security.PrivilegedActionException@50000880)
OBJ 5000093a (sz=40, trace=300324, class=java.security.PrivilegedActionException@50000880)
OBJ 5000093b (sz=24, trace=300108, class=java.lang.StringBuilder@50000075)
ARR 5000093c (sz=48, trace=300109, nelems=0, elem type=char[])
ARR 5000093d (sz=136, trace=300006, nelems=0, elem type=char[])
OBJ 5000093e (sz=24, trace=300110, class=java.lang.String@5000013c)
ARR 5000093f (sz=136, trace=300111, nelems=0, elem type=char[])
OBJ 50000940 (sz=24, trace=300113, class=sun.misc.URLClassPath$3@5000020e)
OBJ 50000941 (sz=24, trace=300118, class=java.lang.StringBuilder@50000075)
ARR 50000942 (sz=48, trace=300119, nelems=0, elem type=char[])
OBJ 50000943 (sz=24, trace=300128, class=java.lang.StringBuffer@50000042)
ARR 50000944 (sz=128, trace=300129, nelems=0, elem type=char[])
OBJ 50000945 (sz=24, trace=300130, class=java.lang.String@5000013c)
ARR 50000946 (sz=128, trace=300131, nelems=0, elem type=char[])
ARR 50000947 (sz=128, trace=300006, nelems=0, elem type=char[])
ARR 50000948 (sz=248, trace=300006, nelems=0, elem type=char[])
OBJ 50000949 (sz=24, trace=300132, class=java.lang.String@5000013c)
ARR 5000094a (sz=136, trace=300133, nelems=0, elem type=char[])
OBJ 5000094b (sz=64, trace=300134, class=java.net.URL@500000e1)
OBJ 5000094c (sz=24, trace=300135, class=java.net.Parts@50000113)
OBJ 5000094d (sz=48, trace=300136, class=sun.misc.URLClassPath$JarLoader@50000211)
OBJ 5000094e (sz=32, trace=300137, class=java.io.File@500000e5)
OBJ 5000094f (sz=16, trace=300142, class=sun.misc.URLClassPath$JarLoader$1@500002cd)
OBJ 50000950 (sz=24, trace=300144, class=sun.misc.FileURLMapper@500002cf)
OBJ 50000951 (sz=32, trace=300145, class=java.io.File@500000e5)
ARR 50000952 (sz=176, trace=300010, nelems=0, elem type=byte[])
ARR 50000953 (sz=72, trace=300011, nelems=0, elem type=byte[])
OBJ 50000954 (sz=24, trace=300012, class=java.lang.String@5000013c)
ARR 50000955 (sz=56, trace=300013, nelems=0, elem type=char[])
OBJ 50000956 (sz=32, trace=300152, class=java.io.File@500000e5)
OBJ 50000957 (sz=64, trace=300171, class=java.util.jar.JarFile@500002d6)
	zc		5000095f
	streams		50000959
	inflaterCache	5000095d
OBJ 50000958 (sz=40, trace=300172, class=java.lang.ref.Finalizer@50000115)
	referent	50000957
	queue		50001701
	next		5000092a
	prev		50000986
OBJ 50000959 (sz=56, trace=300173, class=java.util.WeakHashMap@50000021)
	table		5000095c
	queue		5000095a
OBJ 5000095a (sz=32, trace=300174, class=java.lang.ref.ReferenceQueue@500000c2)
	lock		5000095b
OBJ 5000095b (sz=16, trace=300175, class=java.lang.ref.ReferenceQueue$Lock@50000130)
ARR 5000095c (sz=80, trace=300176, nelems=0, elem type=java.util.WeakHashMap$Entry[]@50000013)
OBJ 5000095d (sz=24, trace=300178, class=java.util.ArrayDeque@50000333)
	elements	5000095e
ARR 5000095e (sz=80, trace=300179, nelems=0, elem type=java.lang.Object[]@5000011b)
OBJ 5000095f (sz=32, trace=300181, class=java.util.zip.ZipCoder@50000336)
	cs		50001a92
ARR 50000960 (sz=176, trace=300182, nelems=0, elem type=byte[])
ARR 50000961 (sz=72, trace=300011, nelems=0, elem type=byte[])
ARR 50000962 (sz=176, trace=300183, nelems=0, elem type=byte[])
ARR 50000963 (sz=72, trace=300011, nelems=0, elem type=byte[])
OBJ 50000964 (sz=24, trace=300319, class=java.lang.String@5000013c)
ARR 50000965 (sz=72, trace=300320, nelems=0, elem type=char[])
OBJ 50000966 (sz=32, trace=300322, class=java.util.zip.ZipException@5000087e)
OBJ 50000967 (sz=40, trace=300324, class=java.security.PrivilegedActionException@50000880)
OBJ 50000968 (sz=40, trace=300324, class=java.security.PrivilegedActionException@50000880)
OBJ 50000969 (sz=24, trace=300108, class=java.lang.StringBuilder@50000075)
ARR 5000096a (sz=48, trace=300109, nelems=0, elem type=char[])
ARR 5000096b (sz=136, trace=300006, nelems=0, elem type=char[])
OBJ 5000096c (sz=24, trace=300110, class=java.lang.String@5000013c)
	value		5000096d
ARR 5000096d (sz=116, trace=300111, nelems=58, elem type=char[])
OBJ 5000096e (sz=24, trace=300113, class=sun.misc.URLClassPath$3@5000020e)
OBJ 5000096f (sz=24, trace=300118, class=java.lang.StringBuilder@50000075)
ARR 50000970 (sz=48, trace=300119, nelems=0, elem type=char[])
OBJ 50000971 (sz=24, trace=300128, class=java.lang.StringBuffer@50000042)
ARR 50000972 (sz=128, trace=300129, nelems=0, elem type=char[])
OBJ 50000973 (sz=24, trace=300130, class=java.lang.String@5000013c)
ARR 50000974 (sz=128, trace=300131, nelems=0, elem type=char[])
ARR 50000975 (sz=128, trace=300006, nelems=0, elem type=char[])
ARR 50000976 (sz=248, trace=300006, nelems=0, elem type=char[])
OBJ 50000977 (sz=24, trace=300132, class=java.lang.String@5000013c)
	value		50000978
ARR 50000978 (sz=116, trace=300133, nelems=58, elem type=char[])
OBJ 50000979 (sz=64, trace=300134, class=java.net.URL@500000e1)
	protocol	50001a8e
	host		5000173a
	file		50000977
	authority	5000173a
	path		50000977
	handler		50001938
OBJ 5000097a (sz=24, trace=300135, class=java.net.Parts@50000113)
OBJ 5000097b (sz=48, trace=300136, class=sun.misc.URLClassPath$JarLoader@50000211)
	base		50000979
	jar		50000985
	csu		50001951
	handler		50001938
	lmap		50001939
OBJ 5000097c (sz=32, trace=300137, class=java.io.File@500000e5)
OBJ 5000097d (sz=16, trace=300142, class=sun.misc.URLClassPath$JarLoader$1@500002cd)
OBJ 5000097e (sz=24, trace=300144, class=sun.misc.FileURLMapper@500002cf)
OBJ 5000097f (sz=32, trace=300145, class=java.io.File@500000e5)
ARR 50000980 (sz=176, trace=300010, nelems=0, elem type=byte[])
ARR 50000981 (sz=72, trace=300011, nelems=0, elem type=byte[])
OBJ 50000982 (sz=24, trace=300012, class=java.lang.String@5000013c)
ARR 50000983 (sz=56, trace=300013, nelems=0, elem type=char[])
OBJ 50000984 (sz=32, trace=300152, class=java.io.File@500000e5)
OBJ 50000985 (sz=64, trace=300171, class=java.util.jar.JarFile@500002d6)
	name		50001a65
	zc		5000098d
	streams		50000987
	inflaterCache	5000098b
	manEntry	5000099b
OBJ 50000986 (sz=40, trace=300172, class=java.lang.ref.Finalizer@50000115)
	referent	50000985
	queue		50001701
	next		50000958
	prev		500009a0
OBJ 50000987 (sz=56, trace=300173, class=java.util.WeakHashMap@50000021)
	table		5000098a
	queue		50000988
OBJ 50000988 (sz=32, trace=300174, class=java.lang.ref.ReferenceQueue@500000c2)
	lock		50000989
OBJ 50000989 (sz=16, trace=300175, class=java.lang.ref.ReferenceQueue$Lock@50000130)
ARR 5000098a (sz=80, trace=300176, nelems=0, elem type=java.util.WeakHashMap$Entry[]@50000013)
OBJ 5000098b (sz=24, trace=300178, class=java.util.ArrayDeque@50000333)
	elements	5000098c
ARR 5000098c (sz=80, trace=300179, nelems=1, elem type=java.lang.Object[]@5000011b)
	[0]		500009a1
OBJ 5000098d (sz=32, trace=300181, class=java.util.zip.ZipCoder@50000336)
	cs		50001a92
	enc		50000993
ARR 5000098e (sz=176, trace=300182, nelems=0, elem type=byte[])
ARR 5000098f (sz=72, trace=300011, nelems=0, elem type=byte[])
ARR 50000990 (sz=176, trace=300183, nelems=0, elem type=byte[])
ARR 50000991 (sz=72, trace=300011, nelems=0, elem type=byte[])
ARR 50000992 (sz=1, trace=300202, nelems=1, elem type=byte[])
OBJ 50000993 (sz=48, trace=300203, class=sun.nio.cs.UTF_8$Encoder@500000cd)
	charset		50001a92
	replacement	50000992
	malformedInputAction	50001ecf
	unmappableCharacterAction	50001ecf
ARR 50000994 (sz=56, trace=300204, nelems=0, elem type=char[])
ARR 50000995 (sz=80, trace=300205, nelems=0, elem type=byte[])
ARR 50000996 (sz=40, trace=300206, nelems=0, elem type=byte[])
ARR 50000997 (sz=56, trace=300204, nelems=0, elem type=char[])
ARR 50000998 (sz=80, trace=300205, nelems=0, elem type=byte[])
ARR 50000999 (sz=40, trace=300206, nelems=0, elem type=byte[])
OBJ 5000099a (sz=64, trace=300208, class=java.util.zip.ZipEntry@50000360)
OBJ 5000099b (sz=80, trace=300210, class=java.util.jar.JarFile$JarFileEntry@50000363)
	name		500017b0
	this$0		50000985
ARR 5000099c (sz=56, trace=300307, nelems=0, elem type=char[])
ARR 5000099d (sz=80, trace=300308, nelems=0, elem type=byte[])
ARR 5000099e (sz=40, trace=300309, nelems=0, elem type=byte[])
OBJ 5000099f (sz=56, trace=300310, class=java.util.zip.ZipFile$ZipFileInputStream@5000036e)
	this$0		50000985
OBJ 500009a0 (sz=40, trace=300172, class=java.lang.ref.Finalizer@50000115)
	referent	5000099f
	queue		50001701
	next		50000986
	prev		500009a2
OBJ 500009a1 (sz=48, trace=300311, class=java.util.zip.Inflater@50000371)
	zsRef		500009a3
	buf		50000372
OBJ 500009a2 (sz=40, trace=300172, class=java.lang.ref.Finalizer@50000115)
	referent	500009a1
	queue		50001701
	next		500009a0
	prev		500009a5
OBJ 500009a3 (sz=24, trace=300223, class=java.util.zip.ZStreamRef@50000375)
OBJ 500009a4 (sz=56, trace=300225, class=java.util.zip.ZipFile$ZipFileInflaterInputStream@50000378)
	in		5000099f
	inf		500009a1
	buf		500009a8
	singleByteBuf	500009a6
	b		500009a7
	zfin		5000099f
	this$0		50000985
OBJ 500009a5 (sz=40, trace=300172, class=java.lang.ref.Finalizer@50000115)
	referent	500009a4
	queue		50001701
	next		500009a2
	prev		500009ce
ARR 500009a6 (sz=1, trace=300312, nelems=1, elem type=byte[])
ARR 500009a7 (sz=512, trace=300313, nelems=512, elem type=byte[])
ARR 500009a8 (sz=306, trace=300314, nelems=306, elem type=byte[])
OBJ 500009a9 (sz=40, trace=300229, class=java.util.WeakHashMap$Entry@50000012)
ARR 500009aa (sz=16, trace=300316, nelems=0, elem type=byte[])
ARR 500009ab (sz=320, trace=300317, nelems=0, elem type=byte[])
ARR 500009ac (sz=144, trace=300325, nelems=30, elem type=java.util.HashMap$Entry[]@50000132)
	[5]		5000023b
	[7]		5000054c
	[11]		500006b3
	[12]		50000a76
	[13]		500004cb
	[16]		50000254
	[17]		50000286
	[18]		50000aed
	[20]		5000084a
	[21]		5000029f
	[22]		5000026d
	[26]		50000430
	[28]		500002b8
	[29]		50000a2a
OBJ 500009ad (sz=32, trace=300140, class=java.util.HashMap$Entry@50000131)
	key		5000096c
	value		5000097b
ARR 500009ae (sz=96, trace=300204, nelems=0, elem type=char[])
ARR 500009af (sz=136, trace=300205, nelems=0, elem type=byte[])
ARR 500009b0 (sz=56, trace=300206, nelems=0, elem type=byte[])
OBJ 500009b1 (sz=24, trace=300108, class=java.lang.StringBuilder@50000075)
ARR 500009b2 (sz=48, trace=300109, nelems=0, elem type=char[])
ARR 500009b3 (sz=128, trace=300006, nelems=0, elem type=char[])
OBJ 500009b4 (sz=24, trace=300110, class=java.lang.String@5000013c)
ARR 500009b5 (sz=128, trace=300111, nelems=0, elem type=char[])
OBJ 500009b6 (sz=24, trace=300113, class=sun.misc.URLClassPath$3@5000020e)
OBJ 500009b7 (sz=24, trace=300118, class=java.lang.StringBuilder@50000075)
ARR 500009b8 (sz=48, trace=300119, nelems=0, elem type=char[])
OBJ 500009b9 (sz=24, trace=300128, class=java.lang.StringBuffer@50000042)
ARR 500009ba (sz=120, trace=300129, nelems=0, elem type=char[])
OBJ 500009bb (sz=24, trace=300130, class=java.lang.String@5000013c)
ARR 500009bc (sz=120, trace=300131, nelems=0, elem type=char[])
ARR 500009bd (sz=120, trace=300006, nelems=0, elem type=char[])
ARR 500009be (sz=224, trace=300006, nelems=0, elem type=char[])
OBJ 500009bf (sz=24, trace=300132, class=java.lang.String@5000013c)
	value		500009c0
ARR 500009c0 (sz=106, trace=300133, nelems=53, elem type=char[])
OBJ 500009c1 (sz=64, trace=300134, class=java.net.URL@500000e1)
	protocol	50001a8e
	host		5000173a
	file		500009bf
	authority	5000173a
	path		500009bf
	handler		50001938
OBJ 500009c2 (sz=24, trace=300135, class=java.net.Parts@50000113)
OBJ 500009c3 (sz=48, trace=300136, class=sun.misc.URLClassPath$JarLoader@50000211)
	base		500009c1
	jar		500009cd
	csu		50001952
	index		500009ef
	handler		50001938
	lmap		50001939
OBJ 500009c4 (sz=32, trace=300137, class=java.io.File@500000e5)
OBJ 500009c5 (sz=16, trace=300142, class=sun.misc.URLClassPath$JarLoader$1@500002cd)
OBJ 500009c6 (sz=24, trace=300144, class=sun.misc.FileURLMapper@500002cf)
OBJ 500009c7 (sz=32, trace=300145, class=java.io.File@500000e5)
ARR 500009c8 (sz=160, trace=300010, nelems=0, elem type=byte[])
ARR 500009c9 (sz=64, trace=300011, nelems=0, elem type=byte[])
OBJ 500009ca (sz=24, trace=300012, class=java.lang.String@5000013c)
ARR 500009cb (sz=48, trace=300013, nelems=0, elem type=char[])
OBJ 500009cc (sz=32, trace=300152, class=java.io.File@500000e5)
OBJ 500009cd (sz=64, trace=300171, class=java.util.jar.JarFile@500002d6)
	name		50001a63
	zc		500009d5
	streams		500009cf
	inflaterCache	500009d3
OBJ 500009ce (sz=40, trace=300172, class=java.lang.ref.Finalizer@50000115)
	referent	500009cd
	queue		50001701
	next		500009a5
	prev		500009e5
OBJ 500009cf (sz=56, trace=300173, class=java.util.WeakHashMap@50000021)
	table		500009d2
	queue		500009d0
OBJ 500009d0 (sz=32, trace=300174, class=java.lang.ref.ReferenceQueue@500000c2)
	lock		500009d1
OBJ 500009d1 (sz=16, trace=300175, class=java.lang.ref.ReferenceQueue$Lock@50000130)
ARR 500009d2 (sz=80, trace=300176, nelems=14, elem type=java.util.WeakHashMap$Entry[]@50000013)
	[13]		500009ee
OBJ 500009d3 (sz=24, trace=300178, class=java.util.ArrayDeque@50000333)
	elements	500009d4
ARR 500009d4 (sz=80, trace=300179, nelems=0, elem type=java.lang.Object[]@5000011b)
OBJ 500009d5 (sz=32, trace=300181, class=java.util.zip.ZipCoder@50000336)
	cs		50001a92
	enc		500009db
ARR 500009d6 (sz=160, trace=300182, nelems=0, elem type=byte[])
ARR 500009d7 (sz=64, trace=300011, nelems=0, elem type=byte[])
ARR 500009d8 (sz=160, trace=300183, nelems=0, elem type=byte[])
ARR 500009d9 (sz=64, trace=300011, nelems=0, elem type=byte[])
ARR 500009da (sz=1, trace=300202, nelems=1, elem type=byte[])
OBJ 500009db (sz=48, trace=300203, class=sun.nio.cs.UTF_8$Encoder@500000cd)
	charset		50001a92
	replacement	500009da
	malformedInputAction	50001ecf
	unmappableCharacterAction	50001ecf
ARR 500009dc (sz=56, trace=300204, nelems=0, elem type=char[])
ARR 500009dd (sz=80, trace=300205, nelems=0, elem type=byte[])
ARR 500009de (sz=40, trace=300206, nelems=0, elem type=byte[])
OBJ 500009df (sz=64, trace=300208, class=java.util.zip.ZipEntry@50000360)
OBJ 500009e0 (sz=80, trace=300210, class=java.util.jar.JarFile$JarFileEntry@50000363)
ARR 500009e1 (sz=56, trace=300214, nelems=0, elem type=char[])
ARR 500009e2 (sz=80, trace=300215, nelems=0, elem type=byte[])
ARR 500009e3 (sz=40, trace=300216, nelems=0, elem type=byte[])
OBJ 500009e4 (sz=56, trace=300218, class=java.util.zip.ZipFile$ZipFileInputStream@5000036e)
	this$0		500009cd
OBJ 500009e5 (sz=40, trace=300172, class=java.lang.ref.Finalizer@50000115)
	referent	500009e4
	queue		50001701
	next		500009ce
	prev		500009e7
OBJ 500009e6 (sz=48, trace=300221, class=java.util.zip.Inflater@50000371)
	zsRef		500009e8
	buf		500009ed
OBJ 500009e7 (sz=40, trace=300172, class=java.lang.ref.Finalizer@50000115)
	referent	500009e6
	queue		50001701
	next		500009e5
	prev		500009ea
OBJ 500009e8 (sz=24, trace=300223, class=java.util.zip.ZStreamRef@50000375)
OBJ 500009e9 (sz=56, trace=300225, class=java.util.zip.ZipFile$ZipFileInflaterInputStream@50000378)
	in		500009e4
	inf		500009e6
	buf		500009ed
	singleByteBuf	500009eb
	b		500009ec
	zfin		500009e4
	this$0		500009cd
OBJ 500009ea (sz=40, trace=300172, class=java.lang.ref.Finalizer@50000115)
	referent	500009e9
	queue		50001701
	next		500009e7
	prev		50000a4f
ARR 500009eb (sz=1, trace=300226, nelems=1, elem type=byte[])
ARR 500009ec (sz=512, trace=300227, nelems=512, elem type=byte[])
ARR 500009ed (sz=69, trace=300228, nelems=69, elem type=byte[])
OBJ 500009ee (sz=40, trace=300229, class=java.util.WeakHashMap$Entry@50000012)
	referent	500009e9
	queue		500009d0
	value		500009e6
OBJ 500009ef (sz=24, trace=300230, class=sun.misc.JarIndex@5000035a)
	indexMap	500009f0
	jarMap		500009f1
	jarFiles	50000a1b
OBJ 500009f0 (sz=48, trace=300231, class=java.util.HashMap@50000107)
	table		50000a06
OBJ 500009f1 (sz=48, trace=300232, class=java.util.HashMap@50000107)
	table		50000a0a
OBJ 500009f2 (sz=24, trace=300233, class=java.io.InputStreamReader@50000140)
OBJ 500009f3 (sz=40, trace=300235, class=sun.nio.cs.UTF_8$Decoder@50000165)
OBJ 500009f4 (sz=48, trace=300236, class=sun.nio.cs.StreamDecoder@50000056)
ARR 500009f5 (sz=8208, trace=300237, nelems=0, elem type=byte[])
OBJ 500009f6 (sz=48, trace=300238, class=java.nio.HeapByteBuffer@50000044)
OBJ 500009f7 (sz=48, trace=300239, class=java.io.BufferedReader@50000124)
ARR 500009f8 (sz=16400, trace=300240, nelems=0, elem type=char[])
OBJ 500009f9 (sz=32, trace=300034, class=java.util.Vector@50000032)
ARR 500009fa (sz=56, trace=300241, nelems=0, elem type=java.lang.Object[]@5000011b)
OBJ 500009fb (sz=48, trace=300242, class=java.nio.HeapCharBuffer@500000d6)
OBJ 500009fc (sz=24, trace=300243, class=java.lang.String@5000013c)
ARR 500009fd (sz=64, trace=300244, nelems=0, elem type=char[])
OBJ 500009fe (sz=24, trace=300243, class=java.lang.String@5000013c)
ARR 500009ff (sz=16, trace=300244, nelems=0, elem type=char[])
OBJ 50000a00 (sz=24, trace=300243, class=java.lang.String@5000013c)
	value		50000a01
ARR 50000a01 (sz=28, trace=300244, nelems=14, elem type=char[])
OBJ 50000a02 (sz=24, trace=300245, class=java.lang.String@5000013c)
	value		50000a03
ARR 50000a03 (sz=6, trace=300244, nelems=3, elem type=char[])
OBJ 50000a04 (sz=32, trace=300067, class=java.util.LinkedList@500001c7)
	first		50000a05
	last		50000a05
OBJ 50000a05 (sz=24, trace=300246, class=java.util.LinkedList$Node@500001cb)
	item		50000a00
ARR 50000a06 (sz=80, trace=300247, nelems=15, elem type=java.util.HashMap$Entry[]@50000132)
	[3]		50000a07
	[4]		50000a16
	[14]		50000a10
OBJ 50000a07 (sz=32, trace=300140, class=java.util.HashMap$Entry@50000131)
	key		50000a02
	value		50000a04
OBJ 50000a08 (sz=32, trace=300067, class=java.util.LinkedList@500001c7)
	first		50000a09
	last		50000a17
OBJ 50000a09 (sz=24, trace=300246, class=java.util.LinkedList$Node@500001cb)
	item		50000a02
	next		50000a11
ARR 50000a0a (sz=80, trace=300248, nelems=5, elem type=java.util.HashMap$Entry[]@50000132)
	[4]		50000a0b
OBJ 50000a0b (sz=32, trace=300140, class=java.util.HashMap$Entry@50000131)
	key		50000a00
	value		50000a08
OBJ 50000a0c (sz=24, trace=300245, class=java.lang.String@5000013c)
	value		50000a0d
ARR 50000a0d (sz=18, trace=300244, nelems=9, elem type=char[])
OBJ 50000a0e (sz=32, trace=300067, class=java.util.LinkedList@500001c7)
	first		50000a0f
	last		50000a0f
OBJ 50000a0f (sz=24, trace=300246, class=java.util.LinkedList$Node@500001cb)
	item		50000a00
OBJ 50000a10 (sz=32, trace=300140, class=java.util.HashMap$Entry@50000131)
	key		50000a0c
	value		50000a0e
OBJ 50000a11 (sz=24, trace=300249, class=java.util.LinkedList$Node@500001cb)
	item		50000a0c
	next		50000a17
	prev		50000a09
OBJ 50000a12 (sz=24, trace=300245, class=java.lang.String@5000013c)
	value		50000a13
ARR 50000a13 (sz=26, trace=300244, nelems=13, elem type=char[])
OBJ 50000a14 (sz=32, trace=300067, class=java.util.LinkedList@500001c7)
	first		50000a15
	last		50000a15
OBJ 50000a15 (sz=24, trace=300246, class=java.util.LinkedList$Node@500001cb)
	item		50000a00
OBJ 50000a16 (sz=32, trace=300140, class=java.util.HashMap$Entry@50000131)
	key		50000a12
	value		50000a14
OBJ 50000a17 (sz=24, trace=300249, class=java.util.LinkedList$Node@500001cb)
	item		50000a12
	prev		50000a11
OBJ 50000a18 (sz=24, trace=300245, class=java.lang.String@5000013c)
ARR 50000a19 (sz=16, trace=300244, nelems=0, elem type=char[])
OBJ 50000a1a (sz=48, trace=300242, class=java.nio.HeapCharBuffer@500000d6)
ARR 50000a1b (sz=24, trace=300250, nelems=1, elem type=java.lang.String[]@5000013d)
	[0]		50000a00
OBJ 50000a1c (sz=64, trace=300251, class=java.net.URL@500000e1)
OBJ 50000a1d (sz=24, trace=300252, class=java.lang.StringBuilder@50000075)
ARR 50000a1e (sz=48, trace=300253, nelems=0, elem type=char[])
OBJ 50000a1f (sz=24, trace=300254, class=java.lang.String@5000013c)
ARR 50000a20 (sz=80, trace=300255, nelems=0, elem type=char[])
ARR 50000a21 (sz=88, trace=300006, nelems=0, elem type=char[])
ARR 50000a22 (sz=160, trace=300006, nelems=0, elem type=char[])
OBJ 50000a23 (sz=24, trace=300256, class=java.lang.String@5000013c)
ARR 50000a24 (sz=112, trace=300257, nelems=0, elem type=char[])
OBJ 50000a25 (sz=24, trace=300258, class=java.lang.StringBuilder@50000075)
ARR 50000a26 (sz=48, trace=300259, nelems=0, elem type=char[])
ARR 50000a27 (sz=128, trace=300006, nelems=0, elem type=char[])
OBJ 50000a28 (sz=24, trace=300260, class=java.lang.String@5000013c)
	value		50000a29
ARR 50000a29 (sz=106, trace=300111, nelems=53, elem type=char[])
OBJ 50000a2a (sz=32, trace=300140, class=java.util.HashMap$Entry@50000131)
	key		50000a28
	value		500009c3
	next		500009ad
ARR 50000a2b (sz=96, trace=300204, nelems=0, elem type=char[])
ARR 50000a2c (sz=136, trace=300205, nelems=0, elem type=byte[])
ARR 50000a2d (sz=56, trace=300206, nelems=0, elem type=byte[])
OBJ 50000a2e (sz=16, trace=300261, class=java.util.HashSet@500000cb)
OBJ 50000a2f (sz=48, trace=300045, class=java.util.HashMap@50000107)
OBJ 50000a30 (sz=24, trace=300262, class=java.lang.String@5000013c)
ARR 50000a31 (sz=64, trace=300263, nelems=0, elem type=char[])
OBJ 50000a32 (sz=24, trace=300108, class=java.lang.StringBuilder@50000075)
ARR 50000a33 (sz=48, trace=300109, nelems=0, elem type=char[])
ARR 50000a34 (sz=120, trace=300006, nelems=0, elem type=char[])
OBJ 50000a35 (sz=24, trace=300110, class=java.lang.String@5000013c)
	value		50000a36
ARR 50000a36 (sz=98, trace=300111, nelems=49, elem type=char[])
OBJ 50000a37 (sz=24, trace=300113, class=sun.misc.URLClassPath$3@5000020e)
OBJ 50000a38 (sz=24, trace=300118, class=java.lang.StringBuilder@50000075)
ARR 50000a39 (sz=48, trace=300119, nelems=0, elem type=char[])
OBJ 50000a3a (sz=24, trace=300128, class=java.lang.StringBuffer@50000042)
ARR 50000a3b (sz=112, trace=300129, nelems=0, elem type=char[])
OBJ 50000a3c (sz=24, trace=300130, class=java.lang.String@5000013c)
ARR 50000a3d (sz=112, trace=300131, nelems=0, elem type=char[])
ARR 50000a3e (sz=112, trace=300006, nelems=0, elem type=char[])
ARR 50000a3f (sz=208, trace=300006, nelems=0, elem type=char[])
OBJ 50000a40 (sz=24, trace=300132, class=java.lang.String@5000013c)
	value		50000a41
ARR 50000a41 (sz=98, trace=300133, nelems=49, elem type=char[])
OBJ 50000a42 (sz=64, trace=300134, class=java.net.URL@500000e1)
	protocol	50001a8e
	host		5000173a
	file		50000a40
	authority	5000173a
	path		50000a40
	handler		50001938
OBJ 50000a43 (sz=24, trace=300135, class=java.net.Parts@50000113)
OBJ 50000a44 (sz=48, trace=300136, class=sun.misc.URLClassPath$JarLoader@50000211)
	base		50000a42
	jar		50000a4e
	csu		50001953
	handler		50001938
	lmap		50001939
OBJ 50000a45 (sz=32, trace=300137, class=java.io.File@500000e5)
OBJ 50000a46 (sz=16, trace=300142, class=sun.misc.URLClassPath$JarLoader$1@500002cd)
OBJ 50000a47 (sz=24, trace=300144, class=sun.misc.FileURLMapper@500002cf)
OBJ 50000a48 (sz=32, trace=300145, class=java.io.File@500000e5)
ARR 50000a49 (sz=144, trace=300010, nelems=0, elem type=byte[])
ARR 50000a4a (sz=64, trace=300011, nelems=0, elem type=byte[])
OBJ 50000a4b (sz=24, trace=300012, class=java.lang.String@5000013c)
ARR 50000a4c (sz=40, trace=300013, nelems=0, elem type=char[])
OBJ 50000a4d (sz=32, trace=300152, class=java.io.File@500000e5)
OBJ 50000a4e (sz=64, trace=300171, class=java.util.jar.JarFile@500002d6)
	name		50001a61
	zc		50000a56
	streams		50000a50
	inflaterCache	50000a54
	manEntry	50000a64
OBJ 50000a4f (sz=40, trace=300172, class=java.lang.ref.Finalizer@50000115)
	referent	50000a4e
	queue		50001701
	next		500009ea
	prev		50000a69
OBJ 50000a50 (sz=56, trace=300173, class=java.util.WeakHashMap@50000021)
	table		50000a53
	queue		50000a51
OBJ 50000a51 (sz=32, trace=300174, class=java.lang.ref.ReferenceQueue@500000c2)
	lock		50000a52
OBJ 50000a52 (sz=16, trace=300175, class=java.lang.ref.ReferenceQueue$Lock@50000130)
ARR 50000a53 (sz=80, trace=300176, nelems=0, elem type=java.util.WeakHashMap$Entry[]@50000013)
OBJ 50000a54 (sz=24, trace=300178, class=java.util.ArrayDeque@50000333)
	elements	50000a55
ARR 50000a55 (sz=80, trace=300179, nelems=1, elem type=java.lang.Object[]@5000011b)
	[0]		50000a6a
OBJ 50000a56 (sz=32, trace=300181, class=java.util.zip.ZipCoder@50000336)
	cs		50001a92
	enc		50000a5c
ARR 50000a57 (sz=144, trace=300182, nelems=0, elem type=byte[])
ARR 50000a58 (sz=64, trace=300011, nelems=0, elem type=byte[])
ARR 50000a59 (sz=144, trace=300183, nelems=0, elem type=byte[])
ARR 50000a5a (sz=64, trace=300011, nelems=0, elem type=byte[])
ARR 50000a5b (sz=1, trace=300202, nelems=1, elem type=byte[])
OBJ 50000a5c (sz=48, trace=300203, class=sun.nio.cs.UTF_8$Encoder@500000cd)
	charset		50001a92
	replacement	50000a5b
	malformedInputAction	50001ecf
	unmappableCharacterAction	50001ecf
ARR 50000a5d (sz=56, trace=300204, nelems=0, elem type=char[])
ARR 50000a5e (sz=80, trace=300205, nelems=0, elem type=byte[])
ARR 50000a5f (sz=40, trace=300206, nelems=0, elem type=byte[])
ARR 50000a60 (sz=56, trace=300204, nelems=0, elem type=char[])
ARR 50000a61 (sz=80, trace=300205, nelems=0, elem type=byte[])
ARR 50000a62 (sz=40, trace=300206, nelems=0, elem type=byte[])
OBJ 50000a63 (sz=64, trace=300208, class=java.util.zip.ZipEntry@50000360)
OBJ 50000a64 (sz=80, trace=300210, class=java.util.jar.JarFile$JarFileEntry@50000363)
	name		500017b0
	this$0		50000a4e
ARR 50000a65 (sz=56, trace=300307, nelems=0, elem type=char[])
ARR 50000a66 (sz=80, trace=300308, nelems=0, elem type=byte[])
ARR 50000a67 (sz=40, trace=300309, nelems=0, elem type=byte[])
OBJ 50000a68 (sz=56, trace=300310, class=java.util.zip.ZipFile$ZipFileInputStream@5000036e)
	this$0		50000a4e
OBJ 50000a69 (sz=40, trace=300172, class=java.lang.ref.Finalizer@50000115)
	referent	50000a68
	queue		50001701
	next		50000a4f
	prev		50000a6b
OBJ 50000a6a (sz=48, trace=300311, class=java.util.zip.Inflater@50000371)
	zsRef		50000a6c
	buf		50000372
OBJ 50000a6b (sz=40, trace=300172, class=java.lang.ref.Finalizer@50000115)
	referent	50000a6a
	queue		50001701
	next		50000a69
	prev		50000a6e
OBJ 50000a6c (sz=24, trace=300223, class=java.util.zip.ZStreamRef@50000375)
OBJ 50000a6d (sz=56, trace=300225, class=java.util.zip.ZipFile$ZipFileInflaterInputStream@50000378)
	in		50000a68
	inf		50000a6a
	buf		50000a71
	singleByteBuf	50000a6f
	b		50000a70
	zfin		50000a68
	this$0		50000a4e
OBJ 50000a6e (sz=40, trace=300172, class=java.lang.ref.Finalizer@50000115)
	referent	50000a6d
	queue		50001701
	next		50000a6b
	prev		50000a97
ARR 50000a6f (sz=1, trace=300312, nelems=1, elem type=byte[])
ARR 50000a70 (sz=512, trace=300313, nelems=512, elem type=byte[])
ARR 50000a71 (sz=76, trace=300314, nelems=76, elem type=byte[])
OBJ 50000a72 (sz=40, trace=300229, class=java.util.WeakHashMap$Entry@50000012)
ARR 50000a73 (sz=16, trace=300316, nelems=0, elem type=byte[])
ARR 50000a74 (sz=96, trace=300317, nelems=0, elem type=byte[])
ARR 50000a75 (sz=104, trace=300138, nelems=17, elem type=java.lang.Object[]@5000011b)
	[0]		50000233
	[1]		5000024e
	[2]		50000267
	[3]		50000280
	[4]		50000299
	[5]		500002b2
	[6]		500002cb
	[7]		500003d2
	[8]		50000446
	[9]		500004e5
	[10]		50000566
	[11]		500006ce
	[12]		5000076d
	[13]		5000097b
	[14]		500009c3
	[15]		50000a44
	[16]		50000a8c
OBJ 50000a76 (sz=32, trace=300140, class=java.util.HashMap$Entry@50000131)
	key		50000a35
	value		50000a44
ARR 50000a77 (sz=96, trace=300204, nelems=0, elem type=char[])
ARR 50000a78 (sz=136, trace=300205, nelems=0, elem type=byte[])
ARR 50000a79 (sz=56, trace=300206, nelems=0, elem type=byte[])
OBJ 50000a7a (sz=24, trace=300108, class=java.lang.StringBuilder@50000075)
ARR 50000a7b (sz=48, trace=300109, nelems=0, elem type=char[])
ARR 50000a7c (sz=120, trace=300006, nelems=0, elem type=char[])
OBJ 50000a7d (sz=24, trace=300110, class=java.lang.String@5000013c)
ARR 50000a7e (sz=120, trace=300111, nelems=0, elem type=char[])
OBJ 50000a7f (sz=24, trace=300113, class=sun.misc.URLClassPath$3@5000020e)
OBJ 50000a80 (sz=24, trace=300118, class=java.lang.StringBuilder@50000075)
ARR 50000a81 (sz=48, trace=300119, nelems=0, elem type=char[])
OBJ 50000a82 (sz=24, trace=300128, class=java.lang.StringBuffer@50000042)
ARR 50000a83 (sz=112, trace=300129, nelems=0, elem type=char[])
OBJ 50000a84 (sz=24, trace=300130, class=java.lang.String@5000013c)
ARR 50000a85 (sz=112, trace=300131, nelems=0, elem type=char[])
ARR 50000a86 (sz=112, trace=300006, nelems=0, elem type=char[])
ARR 50000a87 (sz=216, trace=300006, nelems=0, elem type=char[])
OBJ 50000a88 (sz=24, trace=300132, class=java.lang.String@5000013c)
	value		50000a89
ARR 50000a89 (sz=100, trace=300133, nelems=50, elem type=char[])
OBJ 50000a8a (sz=64, trace=300134, class=java.net.URL@500000e1)
	protocol	50001a8e
	host		5000173a
	file		50000a88
	authority	5000173a
	path		50000a88
	handler		50001938
OBJ 50000a8b (sz=24, trace=300135, class=java.net.Parts@50000113)
OBJ 50000a8c (sz=48, trace=300136, class=sun.misc.URLClassPath$JarLoader@50000211)
	base		50000a8a
	jar		50000a96
	csu		50001954
	index		50000ab8
	handler		50001938
	lmap		50001939
OBJ 50000a8d (sz=32, trace=300137, class=java.io.File@500000e5)
OBJ 50000a8e (sz=16, trace=300142, class=sun.misc.URLClassPath$JarLoader$1@500002cd)
OBJ 50000a8f (sz=24, trace=300144, class=sun.misc.FileURLMapper@500002cf)
OBJ 50000a90 (sz=32, trace=300145, class=java.io.File@500000e5)
ARR 50000a91 (sz=152, trace=300010, nelems=0, elem type=byte[])
ARR 50000a92 (sz=64, trace=300011, nelems=0, elem type=byte[])
OBJ 50000a93 (sz=24, trace=300012, class=java.lang.String@5000013c)
ARR 50000a94 (sz=40, trace=300013, nelems=0, elem type=char[])
OBJ 50000a95 (sz=32, trace=300152, class=java.io.File@500000e5)
OBJ 50000a96 (sz=64, trace=300171, class=java.util.jar.JarFile@500002d6)
	name		50001a5f
	zc		50000a9e
	streams		50000a98
	inflaterCache	50000a9c
OBJ 50000a97 (sz=40, trace=300172, class=java.lang.ref.Finalizer@50000115)
	referent	50000a96
	queue		50001701
	next		50000a6e
	prev		50000aae
OBJ 50000a98 (sz=56, trace=300173, class=java.util.WeakHashMap@50000021)
	table		50000a9b
	queue		50000a99
OBJ 50000a99 (sz=32, trace=300174, class=java.lang.ref.ReferenceQueue@500000c2)
	lock		50000a9a
OBJ 50000a9a (sz=16, trace=300175, class=java.lang.ref.ReferenceQueue$Lock@50000130)
ARR 50000a9b (sz=80, trace=300176, nelems=7, elem type=java.util.WeakHashMap$Entry[]@50000013)
	[6]		50000ab7
OBJ 50000a9c (sz=24, trace=300178, class=java.util.ArrayDeque@50000333)
	elements	50000a9d
ARR 50000a9d (sz=80, trace=300179, nelems=0, elem type=java.lang.Object[]@5000011b)
OBJ 50000a9e (sz=32, trace=300181, class=java.util.zip.ZipCoder@50000336)
	cs		50001a92
	enc		50000aa4
ARR 50000a9f (sz=152, trace=300182, nelems=0, elem type=byte[])
ARR 50000aa0 (sz=64, trace=300011, nelems=0, elem type=byte[])
ARR 50000aa1 (sz=152, trace=300183, nelems=0, elem type=byte[])
ARR 50000aa2 (sz=64, trace=300011, nelems=0, elem type=byte[])
ARR 50000aa3 (sz=1, trace=300202, nelems=1, elem type=byte[])
OBJ 50000aa4 (sz=48, trace=300203, class=sun.nio.cs.UTF_8$Encoder@500000cd)
	charset		50001a92
	replacement	50000aa3
	malformedInputAction	50001ecf
	unmappableCharacterAction	50001ecf
ARR 50000aa5 (sz=56, trace=300204, nelems=0, elem type=char[])
ARR 50000aa6 (sz=80, trace=300205, nelems=0, elem type=byte[])
ARR 50000aa7 (sz=40, trace=300206, nelems=0, elem type=byte[])
OBJ 50000aa8 (sz=64, trace=300208, class=java.util.zip.ZipEntry@50000360)
OBJ 50000aa9 (sz=80, trace=300210, class=java.util.jar.JarFile$JarFileEntry@50000363)
ARR 50000aaa (sz=56, trace=300214, nelems=0, elem type=char[])
ARR 50000aab (sz=80, trace=300215, nelems=0, elem type=byte[])
ARR 50000aac (sz=40, trace=300216, nelems=0, elem type=byte[])
OBJ 50000aad (sz=56, trace=300218, class=java.util.zip.ZipFile$ZipFileInputStream@5000036e)
	this$0		50000a96
OBJ 50000aae (sz=40, trace=300172, class=java.lang.ref.Finalizer@50000115)
	referent	50000aad
	queue		50001701
	next		50000a97
	prev		50000ab0
OBJ 50000aaf (sz=48, trace=300221, class=java.util.zip.Inflater@50000371)
	zsRef		50000ab1
	buf		50000ab6
OBJ 50000ab0 (sz=40, trace=300172, class=java.lang.ref.Finalizer@50000115)
	referent	50000aaf
	queue		50001701
	next		50000aae
	prev		50000ab3
OBJ 50000ab1 (sz=24, trace=300223, class=java.util.zip.ZStreamRef@50000375)
OBJ 50000ab2 (sz=56, trace=300225, class=java.util.zip.ZipFile$ZipFileInflaterInputStream@50000378)
	in		50000aad
	inf		50000aaf
	buf		50000ab6
	singleByteBuf	50000ab4
	b		50000ab5
	zfin		50000aad
	this$0		50000a96
OBJ 50000ab3 (sz=40, trace=300172, class=java.lang.ref.Finalizer@50000115)
	referent	50000ab2
	queue		50001701
	next		50000ab0
	prev		50000b12
ARR 50000ab4 (sz=1, trace=300226, nelems=1, elem type=byte[])
ARR 50000ab5 (sz=512, trace=300227, nelems=512, elem type=byte[])
ARR 50000ab6 (sz=58, trace=300228, nelems=58, elem type=byte[])
OBJ 50000ab7 (sz=40, trace=300229, class=java.util.WeakHashMap$Entry@50000012)
	referent	50000ab2
	queue		50000a99
	value		50000aaf
OBJ 50000ab8 (sz=24, trace=300230, class=sun.misc.JarIndex@5000035a)
	indexMap	50000ab9
	jarMap		50000aba
	jarFiles	50000ade
OBJ 50000ab9 (sz=48, trace=300231, class=java.util.HashMap@50000107)
	table		50000acf
OBJ 50000aba (sz=48, trace=300232, class=java.util.HashMap@50000107)
	table		50000ad3
OBJ 50000abb (sz=24, trace=300233, class=java.io.InputStreamReader@50000140)
OBJ 50000abc (sz=40, trace=300235, class=sun.nio.cs.UTF_8$Decoder@50000165)
OBJ 50000abd (sz=48, trace=300236, class=sun.nio.cs.StreamDecoder@50000056)
ARR 50000abe (sz=8208, trace=300237, nelems=0, elem type=byte[])
OBJ 50000abf (sz=48, trace=300238, class=java.nio.HeapByteBuffer@50000044)
OBJ 50000ac0 (sz=48, trace=300239, class=java.io.BufferedReader@50000124)
ARR 50000ac1 (sz=16400, trace=300240, nelems=0, elem type=char[])
OBJ 50000ac2 (sz=32, trace=300034, class=java.util.Vector@50000032)
ARR 50000ac3 (sz=56, trace=300241, nelems=0, elem type=java.lang.Object[]@5000011b)
OBJ 50000ac4 (sz=48, trace=300242, class=java.nio.HeapCharBuffer@500000d6)
OBJ 50000ac5 (sz=24, trace=300243, class=java.lang.String@5000013c)
ARR 50000ac6 (sz=64, trace=300244, nelems=0, elem type=char[])
OBJ 50000ac7 (sz=24, trace=300243, class=java.lang.String@5000013c)
ARR 50000ac8 (sz=16, trace=300244, nelems=0, elem type=char[])
OBJ 50000ac9 (sz=24, trace=300243, class=java.lang.String@5000013c)
	value		50000aca
ARR 50000aca (sz=22, trace=300244, nelems=11, elem type=char[])
OBJ 50000acb (sz=24, trace=300245, class=java.lang.String@5000013c)
	value		50000acc
ARR 50000acc (sz=10, trace=300244, nelems=5, elem type=char[])
OBJ 50000acd (sz=32, trace=300067, class=java.util.LinkedList@500001c7)
	first		50000ace
	last		50000ace
OBJ 50000ace (sz=24, trace=300246, class=java.util.LinkedList$Node@500001cb)
	item		50000ac9
ARR 50000acf (sz=80, trace=300247, nelems=7, elem type=java.util.HashMap$Entry[]@50000132)
	[3]		50000ad9
	[6]		50000ad0
OBJ 50000ad0 (sz=32, trace=300140, class=java.util.HashMap$Entry@50000131)
	key		50000acb
	value		50000acd
OBJ 50000ad1 (sz=32, trace=300067, class=java.util.LinkedList@500001c7)
	first		50000ad2
	last		50000ada
OBJ 50000ad2 (sz=24, trace=300246, class=java.util.LinkedList$Node@500001cb)
	item		50000acb
	next		50000ada
ARR 50000ad3 (sz=80, trace=300248, nelems=16, elem type=java.util.HashMap$Entry[]@50000132)
	[15]		50000ad4
OBJ 50000ad4 (sz=32, trace=300140, class=java.util.HashMap$Entry@50000131)
	key		50000ac9
	value		50000ad1
OBJ 50000ad5 (sz=24, trace=300245, class=java.lang.String@5000013c)
	value		50000ad6
ARR 50000ad6 (sz=26, trace=300244, nelems=13, elem type=char[])
OBJ 50000ad7 (sz=32, trace=300067, class=java.util.LinkedList@500001c7)
	first		50000ad8
	last		50000ad8
OBJ 50000ad8 (sz=24, trace=300246, class=java.util.LinkedList$Node@500001cb)
	item		50000ac9
OBJ 50000ad9 (sz=32, trace=300140, class=java.util.HashMap$Entry@50000131)
	key		50000ad5
	value		50000ad7
OBJ 50000ada (sz=24, trace=300249, class=java.util.LinkedList$Node@500001cb)
	item		50000ad5
	prev		50000ad2
OBJ 50000adb (sz=24, trace=300245, class=java.lang.String@5000013c)
ARR 50000adc (sz=16, trace=300244, nelems=0, elem type=char[])
OBJ 50000add (sz=48, trace=300242, class=java.nio.HeapCharBuffer@500000d6)
ARR 50000ade (sz=24, trace=300250, nelems=1, elem type=java.lang.String[]@5000013d)
	[0]		50000ac9
OBJ 50000adf (sz=64, trace=300251, class=java.net.URL@500000e1)
OBJ 50000ae0 (sz=24, trace=300252, class=java.lang.StringBuilder@50000075)
ARR 50000ae1 (sz=48, trace=300253, nelems=0, elem type=char[])
OBJ 50000ae2 (sz=24, trace=300254, class=java.lang.String@5000013c)
ARR 50000ae3 (sz=80, trace=300255, nelems=0, elem type=char[])
ARR 50000ae4 (sz=88, trace=300006, nelems=0, elem type=char[])
ARR 50000ae5 (sz=160, trace=300006, nelems=0, elem type=char[])
OBJ 50000ae6 (sz=24, trace=300256, class=java.lang.String@5000013c)
ARR 50000ae7 (sz=104, trace=300257, nelems=0, elem type=char[])
OBJ 50000ae8 (sz=24, trace=300258, class=java.lang.StringBuilder@50000075)
ARR 50000ae9 (sz=48, trace=300259, nelems=0, elem type=char[])
ARR 50000aea (sz=120, trace=300006, nelems=0, elem type=char[])
OBJ 50000aeb (sz=24, trace=300260, class=java.lang.String@5000013c)
	value		50000aec
ARR 50000aec (sz=100, trace=300111, nelems=50, elem type=char[])
OBJ 50000aed (sz=32, trace=300140, class=java.util.HashMap$Entry@50000131)
	key		50000aeb
	value		50000a8c
ARR 50000aee (sz=96, trace=300204, nelems=0, elem type=char[])
ARR 50000aef (sz=136, trace=300205, nelems=0, elem type=byte[])
ARR 50000af0 (sz=56, trace=300206, nelems=0, elem type=byte[])
OBJ 50000af1 (sz=16, trace=300261, class=java.util.HashSet@500000cb)
OBJ 50000af2 (sz=48, trace=300045, class=java.util.HashMap@50000107)
OBJ 50000af3 (sz=24, trace=300262, class=java.lang.String@5000013c)
ARR 50000af4 (sz=64, trace=300263, nelems=0, elem type=char[])
OBJ 50000af5 (sz=24, trace=300108, class=java.lang.StringBuilder@50000075)
ARR 50000af6 (sz=48, trace=300109, nelems=0, elem type=char[])
ARR 50000af7 (sz=96, trace=300006, nelems=0, elem type=char[])
OBJ 50000af8 (sz=24, trace=300110, class=java.lang.String@5000013c)
ARR 50000af9 (sz=96, trace=300111, nelems=0, elem type=char[])
OBJ 50000afa (sz=24, trace=300113, class=sun.misc.URLClassPath$3@5000020e)
OBJ 50000afb (sz=24, trace=300118, class=java.lang.StringBuilder@50000075)
ARR 50000afc (sz=48, trace=300119, nelems=0, elem type=char[])
OBJ 50000afd (sz=24, trace=300128, class=java.lang.StringBuffer@50000042)
ARR 50000afe (sz=88, trace=300129, nelems=0, elem type=char[])
OBJ 50000aff (sz=24, trace=300130, class=java.lang.String@5000013c)
ARR 50000b00 (sz=88, trace=300131, nelems=0, elem type=char[])
ARR 50000b01 (sz=88, trace=300006, nelems=0, elem type=char[])
ARR 50000b02 (sz=168, trace=300006, nelems=0, elem type=char[])
OBJ 50000b03 (sz=24, trace=300132, class=java.lang.String@5000013c)
ARR 50000b04 (sz=96, trace=300133, nelems=0, elem type=char[])
OBJ 50000b05 (sz=64, trace=300134, class=java.net.URL@500000e1)
OBJ 50000b06 (sz=24, trace=300135, class=java.net.Parts@50000113)
OBJ 50000b07 (sz=48, trace=300136, class=sun.misc.URLClassPath$JarLoader@50000211)
OBJ 50000b08 (sz=32, trace=300137, class=java.io.File@500000e5)
OBJ 50000b09 (sz=16, trace=300142, class=sun.misc.URLClassPath$JarLoader$1@500002cd)
OBJ 50000b0a (sz=24, trace=300144, class=sun.misc.FileURLMapper@500002cf)
OBJ 50000b0b (sz=32, trace=300145, class=java.io.File@500000e5)
ARR 50000b0c (sz=112, trace=300010, nelems=0, elem type=byte[])
ARR 50000b0d (sz=48, trace=300011, nelems=0, elem type=byte[])
OBJ 50000b0e (sz=24, trace=300012, class=java.lang.String@5000013c)
ARR 50000b0f (sz=56, trace=300013, nelems=0, elem type=char[])
OBJ 50000b10 (sz=32, trace=300152, class=java.io.File@500000e5)
OBJ 50000b11 (sz=64, trace=300171, class=java.util.jar.JarFile@500002d6)
	zc		50000b19
	streams		50000b13
	inflaterCache	50000b17
OBJ 50000b12 (sz=40, trace=300172, class=java.lang.ref.Finalizer@50000115)
	referent	50000b11
	queue		50001701
	next		50000ab3
	prev		50000ba2
OBJ 50000b13 (sz=56, trace=300173, class=java.util.WeakHashMap@50000021)
	table		50000b16
	queue		50000b14
OBJ 50000b14 (sz=32, trace=300174, class=java.lang.ref.ReferenceQueue@500000c2)
	lock		50000b15
OBJ 50000b15 (sz=16, trace=300175, class=java.lang.ref.ReferenceQueue$Lock@50000130)
ARR 50000b16 (sz=80, trace=300176, nelems=0, elem type=java.util.WeakHashMap$Entry[]@50000013)
OBJ 50000b17 (sz=24, trace=300178, class=java.util.ArrayDeque@50000333)
	elements	50000b18
ARR 50000b18 (sz=80, trace=300179, nelems=0, elem type=java.lang.Object[]@5000011b)
OBJ 50000b19 (sz=32, trace=300181, class=java.util.zip.ZipCoder@50000336)
	cs		50001a92
ARR 50000b1a (sz=112, trace=300182, nelems=0, elem type=byte[])
ARR 50000b1b (sz=48, trace=300011, nelems=0, elem type=byte[])
ARR 50000b1c (sz=112, trace=300183, nelems=0, elem type=byte[])
ARR 50000b1d (sz=48, trace=300011, nelems=0, elem type=byte[])
OBJ 50000b1e (sz=24, trace=300319, class=java.lang.String@5000013c)
ARR 50000b1f (sz=72, trace=300320, nelems=0, elem type=char[])
OBJ 50000b20 (sz=32, trace=300322, class=java.util.zip.ZipException@5000087e)
OBJ 50000b21 (sz=40, trace=300324, class=java.security.PrivilegedActionException@50000880)
OBJ 50000b22 (sz=40, trace=300324, class=java.security.PrivilegedActionException@50000880)
OBJ 50000b23 (sz=40, trace=300326, class=java.lang.ClassNotFoundException@5000014f)
OBJ 50000b24 (sz=40, trace=300327, class=java.security.PrivilegedActionException@50000880)
OBJ 50000b25 (sz=24, trace=300328, class=java.net.URLClassLoader$1@50000202)
ARR 50000b26 (sz=88, trace=300103, nelems=0, elem type=char[])
OBJ 50000b27 (sz=24, trace=300104, class=java.lang.String@5000013c)
ARR 50000b28 (sz=96, trace=300105, nelems=0, elem type=char[])
OBJ 50000b29 (sz=24, trace=300106, class=java.lang.String@5000013c)
OBJ 50000b2a (sz=24, trace=300108, class=java.lang.StringBuilder@50000075)
ARR 50000b2b (sz=48, trace=300109, nelems=0, elem type=char[])
ARR 50000b2c (sz=88, trace=300006, nelems=0, elem type=char[])
OBJ 50000b2d (sz=24, trace=300110, class=java.lang.String@5000013c)
	value		50000b2e
ARR 50000b2e (sz=70, trace=300111, nelems=35, elem type=char[])
OBJ 50000b2f (sz=24, trace=300113, class=sun.misc.URLClassPath$3@5000020e)
OBJ 50000b31 (sz=24, trace=300330, class=sun.misc.URLClassPath$FileLoader@50000b30)
	base		50001f8c
	dir		50000b3f
OBJ 50000b32 (sz=32, trace=300331, class=java.io.File@500000e5)
OBJ 50000b33 (sz=24, trace=300332, class=java.lang.StringBuffer@50000042)
ARR 50000b34 (sz=72, trace=300333, nelems=0, elem type=char[])
OBJ 50000b35 (sz=24, trace=300334, class=java.lang.String@5000013c)
ARR 50000b36 (sz=72, trace=300335, nelems=0, elem type=char[])
OBJ 50000b37 (sz=24, trace=300336, class=java.lang.String@5000013c)
	value		50000b38
ARR 50000b38 (sz=54, trace=300337, nelems=27, elem type=char[])
OBJ 50000b39 (sz=24, trace=300338, class=java.lang.String@5000013c)
ARR 50000b3a (sz=56, trace=300339, nelems=0, elem type=char[])
ARR 50000b3b (sz=104, trace=300340, nelems=0, elem type=byte[])
ARR 50000b3c (sz=48, trace=300011, nelems=0, elem type=byte[])
OBJ 50000b3d (sz=24, trace=300341, class=java.io.ExpiringCache$Entry@50000015)
	val		50001a38
OBJ 50000b3e (sz=40, trace=300342, class=java.util.LinkedHashMap$Entry@50000148)
	key		50000b37
	value		50000b3d
	next		500019c3
	before		5000199e
	after		50000bb9
OBJ 50000b3f (sz=32, trace=300343, class=java.io.File@500000e5)
	path		50001a38
ARR 50000b40 (sz=56, trace=300138, nelems=1, elem type=java.lang.Object[]@5000011b)
	[0]		50000b31
ARR 50000b41 (sz=80, trace=300139, nelems=1, elem type=java.util.HashMap$Entry[]@50000132)
	[0]		50000b42
OBJ 50000b42 (sz=32, trace=300140, class=java.util.HashMap$Entry@50000131)
	key		50000b2d
	value		50000b31
OBJ 50000b43 (sz=64, trace=300344, class=java.net.URL@500000e1)
OBJ 50000b44 (sz=24, trace=300252, class=java.lang.StringBuilder@50000075)
ARR 50000b45 (sz=48, trace=300253, nelems=0, elem type=char[])
ARR 50000b46 (sz=88, trace=300006, nelems=0, elem type=char[])
OBJ 50000b47 (sz=24, trace=300256, class=java.lang.String@5000013c)
ARR 50000b48 (sz=80, trace=300257, nelems=0, elem type=char[])
OBJ 50000b49 (sz=24, trace=300345, class=java.lang.String@5000013c)
ARR 50000b4a (sz=72, trace=300346, nelems=0, elem type=char[])
ARR 50000b4b (sz=208, trace=300347, nelems=0, elem type=char[])
ARR 50000b4c (sz=96, trace=300348, nelems=0, elem type=char[])
OBJ 50000b4d (sz=24, trace=300349, class=java.lang.String@5000013c)
ARR 50000b4e (sz=96, trace=300350, nelems=0, elem type=char[])
OBJ 50000b4f (sz=64, trace=300351, class=java.net.URL@500000e1)
OBJ 50000b50 (sz=24, trace=300252, class=java.lang.StringBuilder@50000075)
ARR 50000b51 (sz=48, trace=300253, nelems=0, elem type=char[])
ARR 50000b52 (sz=88, trace=300006, nelems=0, elem type=char[])
ARR 50000b53 (sz=160, trace=300006, nelems=0, elem type=char[])
OBJ 50000b54 (sz=24, trace=300256, class=java.lang.String@5000013c)
ARR 50000b55 (sz=152, trace=300257, nelems=0, elem type=char[])
OBJ 50000b56 (sz=32, trace=300352, class=java.io.File@500000e5)
OBJ 50000b57 (sz=24, trace=300353, class=java.lang.StringBuilder@50000075)
ARR 50000b58 (sz=48, trace=300354, nelems=0, elem type=char[])
ARR 50000b59 (sz=88, trace=300006, nelems=0, elem type=char[])
ARR 50000b5a (sz=160, trace=300006, nelems=0, elem type=char[])
OBJ 50000b5b (sz=24, trace=300355, class=java.lang.String@5000013c)
ARR 50000b5c (sz=152, trace=300356, nelems=0, elem type=char[])
ARR 50000b5d (sz=224, trace=300010, nelems=0, elem type=byte[])
ARR 50000b5e (sz=88, trace=300011, nelems=0, elem type=byte[])
OBJ 50000b5f (sz=24, trace=300012, class=java.lang.String@5000013c)
ARR 50000b60 (sz=56, trace=300013, nelems=0, elem type=char[])
OBJ 50000b61 (sz=40, trace=300326, class=java.lang.ClassNotFoundException@5000014f)
OBJ 50000b62 (sz=40, trace=300327, class=java.security.PrivilegedActionException@50000880)
OBJ 50000b63 (sz=24, trace=300097, class=java.lang.StringBuilder@50000075)
ARR 50000b64 (sz=112, trace=300098, nelems=0, elem type=char[])
OBJ 50000b65 (sz=24, trace=300099, class=java.lang.String@5000013c)
ARR 50000b66 (sz=88, trace=300100, nelems=0, elem type=char[])
OBJ 50000b67 (sz=24, trace=300357, class=java.lang.StringBuilder@50000075)
ARR 50000b68 (sz=112, trace=300358, nelems=0, elem type=char[])
ARR 50000b69 (sz=88, trace=300359, nelems=0, elem type=char[])
OBJ 50000b6a (sz=24, trace=300360, class=java.lang.String@5000013c)
OBJ 50000b6b (sz=24, trace=300361, class=java.lang.String@5000013c)
ARR 50000b6c (sz=112, trace=300362, nelems=0, elem type=char[])
OBJ 50000b6e (sz=32, trace=300364, class=java.util.ResourceBundle$Control$1@50000b6d)
OBJ 50000b71 (sz=16, trace=300367, class=sun.misc.Launcher$BootClassPathHolder$1@50000b70)
ARR 50000b72 (sz=48, trace=300368, nelems=0, elem type=java.io.File[]@500000e6)
OBJ 50000b73 (sz=24, trace=300369, class=java.lang.String@5000013c)
ARR 50000b74 (sz=192, trace=300370, nelems=0, elem type=char[])
OBJ 50000b75 (sz=32, trace=300371, class=java.io.File@500000e5)
OBJ 50000b76 (sz=24, trace=300369, class=java.lang.String@5000013c)
ARR 50000b77 (sz=176, trace=300370, nelems=0, elem type=char[])
OBJ 50000b78 (sz=32, trace=300371, class=java.io.File@500000e5)
OBJ 50000b79 (sz=24, trace=300369, class=java.lang.String@5000013c)
ARR 50000b7a (sz=192, trace=300370, nelems=0, elem type=char[])
OBJ 50000b7b (sz=32, trace=300371, class=java.io.File@500000e5)
OBJ 50000b7c (sz=24, trace=300369, class=java.lang.String@5000013c)
ARR 50000b7d (sz=176, trace=300370, nelems=0, elem type=char[])
OBJ 50000b7e (sz=32, trace=300371, class=java.io.File@500000e5)
OBJ 50000b7f (sz=24, trace=300369, class=java.lang.String@5000013c)
ARR 50000b80 (sz=176, trace=300370, nelems=0, elem type=char[])
OBJ 50000b81 (sz=32, trace=300371, class=java.io.File@500000e5)
OBJ 50000b82 (sz=24, trace=300369, class=java.lang.String@5000013c)
ARR 50000b83 (sz=184, trace=300370, nelems=0, elem type=char[])
OBJ 50000b84 (sz=32, trace=300371, class=java.io.File@500000e5)
OBJ 50000b85 (sz=24, trace=300369, class=java.lang.String@5000013c)
ARR 50000b86 (sz=176, trace=300370, nelems=0, elem type=char[])
OBJ 50000b87 (sz=32, trace=300371, class=java.io.File@500000e5)
OBJ 50000b88 (sz=24, trace=300372, class=java.lang.String@5000013c)
	value		50000b89
ARR 50000b89 (sz=150, trace=300373, nelems=75, elem type=char[])
OBJ 50000b8a (sz=32, trace=300374, class=java.io.File@500000e5)
OBJ 50000b8b (sz=16, trace=300375, class=java.util.HashSet@500000cb)
OBJ 50000b8c (sz=48, trace=300045, class=java.util.HashMap@50000107)
ARR 50000b8d (sz=272, trace=300010, nelems=0, elem type=byte[])
ARR 50000b8e (sz=104, trace=300011, nelems=0, elem type=byte[])
OBJ 50000b8f (sz=24, trace=300012, class=java.lang.String@5000013c)
ARR 50000b90 (sz=48, trace=300013, nelems=0, elem type=char[])
OBJ 50000b91 (sz=24, trace=300376, class=java.lang.String@5000013c)
	value		50000b92
ARR 50000b92 (sz=142, trace=300377, nelems=71, elem type=char[])
OBJ 50000b93 (sz=32, trace=300378, class=java.io.File@500000e5)
ARR 50000b94 (sz=80, trace=300379, nelems=0, elem type=java.util.HashMap$Entry[]@50000132)
OBJ 50000b95 (sz=32, trace=300140, class=java.util.HashMap$Entry@50000131)
OBJ 50000b96 (sz=32, trace=300380, class=java.io.File@500000e5)
OBJ 50000b97 (sz=24, trace=300353, class=java.lang.StringBuilder@50000075)
ARR 50000b98 (sz=48, trace=300354, nelems=0, elem type=char[])
ARR 50000b99 (sz=160, trace=300006, nelems=0, elem type=char[])
ARR 50000b9a (sz=304, trace=300381, nelems=0, elem type=char[])
OBJ 50000b9b (sz=24, trace=300355, class=java.lang.String@5000013c)
	value		50000b9c
ARR 50000b9c (sz=164, trace=300356, nelems=82, elem type=char[])
ARR 50000b9d (sz=264, trace=300010, nelems=0, elem type=byte[])
ARR 50000b9e (sz=104, trace=300011, nelems=0, elem type=byte[])
OBJ 50000b9f (sz=24, trace=300012, class=java.lang.String@5000013c)
ARR 50000ba0 (sz=40, trace=300013, nelems=0, elem type=char[])
OBJ 50000ba1 (sz=32, trace=300382, class=java.io.FileInputStream@5000007d)
	fd		50000ba4
	path		50000b9b
	closeLock	50000ba3
OBJ 50000ba2 (sz=40, trace=300172, class=java.lang.ref.Finalizer@50000115)
	referent	50000ba1
	queue		50001701
	next		50000b12
	prev		50001448
OBJ 50000ba3 (sz=16, trace=300383, class=java.lang.Object@5000011a)
OBJ 50000ba4 (sz=24, trace=300384, class=java.io.FileDescriptor@500000ec)
	useCount	50000ba5
OBJ 50000ba5 (sz=16, trace=300385, class=java.util.concurrent.atomic.AtomicInteger@5000000e)
ARR 50000ba6 (sz=264, trace=300386, nelems=0, elem type=byte[])
ARR 50000ba7 (sz=104, trace=300011, nelems=0, elem type=byte[])
OBJ 50000ba8 (sz=24, trace=300387, class=java.io.FileReader@50000057)
ARR 50000ba9 (sz=32, trace=300154, nelems=0, elem type=char[])
OBJ 50000baa (sz=24, trace=300155, class=java.lang.String@5000013c)
ARR 50000bab (sz=32, trace=300156, nelems=0, elem type=char[])
ARR 50000bac (sz=24, trace=300234, nelems=2, elem type=java.lang.Object[]@5000011b)
	[0]		50001a94
	[1]		50001a92
OBJ 50000bad (sz=40, trace=300235, class=sun.nio.cs.UTF_8$Decoder@50000165)
OBJ 50000bae (sz=48, trace=300236, class=sun.nio.cs.StreamDecoder@50000056)
ARR 50000baf (sz=8208, trace=300237, nelems=0, elem type=byte[])
OBJ 50000bb0 (sz=48, trace=300238, class=java.nio.HeapByteBuffer@50000044)
OBJ 50000bb1 (sz=48, trace=300388, class=java.io.BufferedReader@50000124)
ARR 50000bb2 (sz=16400, trace=300389, nelems=0, elem type=char[])
OBJ 50000bb3 (sz=24, trace=300390, class=java.util.ArrayList@50000114)
OBJ 50000bb4 (sz=24, trace=300338, class=java.lang.String@5000013c)
ARR 50000bb5 (sz=152, trace=300339, nelems=0, elem type=char[])
ARR 50000bb6 (sz=232, trace=300340, nelems=0, elem type=byte[])
ARR 50000bb7 (sz=88, trace=300011, nelems=0, elem type=byte[])
OBJ 50000bb8 (sz=24, trace=300341, class=java.io.ExpiringCache$Entry@50000015)
	val		50001a3a
OBJ 50000bb9 (sz=40, trace=300342, class=java.util.LinkedHashMap$Entry@50000148)
	key		50000b91
	value		50000bb8
	before		50000b3e
	after		50000d43
OBJ 50000bba (sz=24, trace=300391, class=java.lang.String@5000013c)
ARR 50000bbb (sz=152, trace=300339, nelems=0, elem type=char[])
OBJ 50000bbc (sz=32, trace=300392, class=java.io.File@500000e5)
ARR 50000bbd (sz=232, trace=300010, nelems=0, elem type=byte[])
ARR 50000bbe (sz=88, trace=300011, nelems=0, elem type=byte[])
OBJ 50000bbf (sz=24, trace=300012, class=java.lang.String@5000013c)
ARR 50000bc0 (sz=24, trace=300013, nelems=0, elem type=char[])
ARR 50000bc1 (sz=232, trace=300010, nelems=0, elem type=byte[])
ARR 50000bc2 (sz=88, trace=300011, nelems=0, elem type=byte[])
OBJ 50000bc3 (sz=24, trace=300012, class=java.lang.String@5000013c)
ARR 50000bc4 (sz=24, trace=300013, nelems=0, elem type=char[])
OBJ 50000bc5 (sz=32, trace=300393, class=java.io.File@500000e5)
OBJ 50000bc6 (sz=48, trace=300242, class=java.nio.HeapCharBuffer@500000d6)
OBJ 50000bc7 (sz=24, trace=300394, class=java.lang.String@5000013c)
ARR 50000bc8 (sz=40, trace=300244, nelems=0, elem type=char[])
OBJ 50000bc9 (sz=24, trace=300395, class=java.lang.String@5000013c)
ARR 50000bca (sz=120, trace=300244, nelems=0, elem type=char[])
OBJ 50000bcb (sz=24, trace=300395, class=java.lang.String@5000013c)
ARR 50000bcc (sz=136, trace=300244, nelems=0, elem type=char[])
OBJ 50000bcd (sz=24, trace=300395, class=java.lang.String@5000013c)
ARR 50000bce (sz=96, trace=300244, nelems=0, elem type=char[])
OBJ 50000bcf (sz=24, trace=300395, class=java.lang.String@5000013c)
ARR 50000bd0 (sz=40, trace=300244, nelems=0, elem type=char[])
OBJ 50000bd1 (sz=24, trace=300396, class=java.lang.String@5000013c)
ARR 50000bd2 (sz=40, trace=300397, nelems=0, elem type=char[])
OBJ 50000bd3 (sz=24, trace=300395, class=java.lang.String@5000013c)
	value		50000bd4
ARR 50000bd4 (sz=18, trace=300244, nelems=9, elem type=char[])
ARR 50000bd5 (sz=56, trace=300138, nelems=0, elem type=java.lang.Object[]@5000011b)
OBJ 50000bd6 (sz=24, trace=300395, class=java.lang.String@5000013c)
	value		50000bd7
ARR 50000bd7 (sz=18, trace=300244, nelems=9, elem type=char[])
OBJ 50000bd8 (sz=24, trace=300395, class=java.lang.String@5000013c)
	value		50000bd9
ARR 50000bd9 (sz=18, trace=300244, nelems=9, elem type=char[])
OBJ 50000bda (sz=24, trace=300395, class=java.lang.String@5000013c)
	value		50000bdb
ARR 50000bdb (sz=16, trace=300244, nelems=8, elem type=char[])
OBJ 50000bdc (sz=24, trace=300395, class=java.lang.String@5000013c)
ARR 50000bdd (sz=48, trace=300244, nelems=0, elem type=char[])
OBJ 50000bde (sz=32, trace=300398, class=java.io.File@500000e5)
	path		50000be3
OBJ 50000bdf (sz=24, trace=300353, class=java.lang.StringBuilder@50000075)
ARR 50000be0 (sz=48, trace=300354, nelems=0, elem type=char[])
ARR 50000be1 (sz=160, trace=300006, nelems=0, elem type=char[])
ARR 50000be2 (sz=304, trace=300381, nelems=0, elem type=char[])
OBJ 50000be3 (sz=24, trace=300355, class=java.lang.String@5000013c)
	value		50000be4
ARR 50000be4 (sz=164, trace=300356, nelems=82, elem type=char[])
OBJ 50000be5 (sz=24, trace=300399, class=sun.misc.MetaIndex@500000cc)
	contents	50001efa
ARR 50000be6 (sz=16, trace=300400, nelems=0, elem type=java.lang.String[]@5000013d)
OBJ 50000be7 (sz=32, trace=300140, class=java.util.HashMap$Entry@50000131)
	key		50000bde
	value		50000be5
OBJ 50000be8 (sz=24, trace=300396, class=java.lang.String@5000013c)
ARR 50000be9 (sz=40, trace=300397, nelems=0, elem type=char[])
OBJ 50000bea (sz=24, trace=300395, class=java.lang.String@5000013c)
	value		50000beb
ARR 50000beb (sz=108, trace=300244, nelems=54, elem type=char[])
OBJ 50000bec (sz=24, trace=300395, class=java.lang.String@5000013c)
	value		50000bed
ARR 50000bed (sz=14, trace=300244, nelems=7, elem type=char[])
OBJ 50000bee (sz=24, trace=300395, class=java.lang.String@5000013c)
	value		50000bef
ARR 50000bef (sz=14, trace=300244, nelems=7, elem type=char[])
OBJ 50000bf0 (sz=24, trace=300395, class=java.lang.String@5000013c)
	value		50000bf1
ARR 50000bf1 (sz=12, trace=300244, nelems=6, elem type=char[])
OBJ 50000bf2 (sz=24, trace=300395, class=java.lang.String@5000013c)
ARR 50000bf3 (sz=40, trace=300244, nelems=0, elem type=char[])
OBJ 50000bf4 (sz=32, trace=300398, class=java.io.File@500000e5)
	path		50000bf9
OBJ 50000bf5 (sz=24, trace=300353, class=java.lang.StringBuilder@50000075)
ARR 50000bf6 (sz=48, trace=300354, nelems=0, elem type=char[])
ARR 50000bf7 (sz=160, trace=300006, nelems=0, elem type=char[])
ARR 50000bf8 (sz=304, trace=300381, nelems=0, elem type=char[])
OBJ 50000bf9 (sz=24, trace=300355, class=java.lang.String@5000013c)
	value		50000bfa
ARR 50000bfa (sz=168, trace=300356, nelems=84, elem type=char[])
OBJ 50000bfb (sz=24, trace=300399, class=sun.misc.MetaIndex@500000cc)
	contents	50001f11
ARR 50000bfc (sz=16, trace=300400, nelems=0, elem type=java.lang.String[]@5000013d)
OBJ 50000bfd (sz=32, trace=300140, class=java.util.HashMap$Entry@50000131)
	key		50000bf4
	value		50000bfb
OBJ 50000bfe (sz=24, trace=300396, class=java.lang.String@5000013c)
ARR 50000bff (sz=32, trace=300397, nelems=0, elem type=char[])
OBJ 50000c00 (sz=24, trace=300395, class=java.lang.String@5000013c)
	value		50000c01
ARR 50000c01 (sz=24, trace=300244, nelems=12, elem type=char[])
OBJ 50000c02 (sz=24, trace=300395, class=java.lang.String@5000013c)
	value		50000c03
ARR 50000c03 (sz=24, trace=300244, nelems=12, elem type=char[])
OBJ 50000c04 (sz=24, trace=300395, class=java.lang.String@5000013c)
	value		50000c05
ARR 50000c05 (sz=42, trace=300244, nelems=21, elem type=char[])
OBJ 50000c06 (sz=24, trace=300395, class=java.lang.String@5000013c)
	value		50000c07
ARR 50000c07 (sz=40, trace=300244, nelems=20, elem type=char[])
OBJ 50000c08 (sz=24, trace=300395, class=java.lang.String@5000013c)
ARR 50000c09 (sz=40, trace=300244, nelems=0, elem type=char[])
OBJ 50000c0a (sz=32, trace=300398, class=java.io.File@500000e5)
	path		50000c0f
OBJ 50000c0b (sz=24, trace=300353, class=java.lang.StringBuilder@50000075)
ARR 50000c0c (sz=48, trace=300354, nelems=0, elem type=char[])
ARR 50000c0d (sz=160, trace=300006, nelems=0, elem type=char[])
ARR 50000c0e (sz=304, trace=300381, nelems=0, elem type=char[])
OBJ 50000c0f (sz=24, trace=300355, class=java.lang.String@5000013c)
	value		50000c10
ARR 50000c10 (sz=158, trace=300356, nelems=79, elem type=char[])
OBJ 50000c11 (sz=24, trace=300399, class=sun.misc.MetaIndex@500000cc)
	contents	50001efc
ARR 50000c12 (sz=16, trace=300400, nelems=0, elem type=java.lang.String[]@5000013d)
OBJ 50000c13 (sz=32, trace=300140, class=java.util.HashMap$Entry@50000131)
	key		50000c0a
	value		50000c11
OBJ 50000c14 (sz=24, trace=300396, class=java.lang.String@5000013c)
ARR 50000c15 (sz=32, trace=300397, nelems=0, elem type=char[])
OBJ 50000c16 (sz=24, trace=300395, class=java.lang.String@5000013c)
	value		50000c17
ARR 50000c17 (sz=30, trace=300244, nelems=15, elem type=char[])
OBJ 50000c18 (sz=24, trace=300395, class=java.lang.String@5000013c)
	value		50000c19
ARR 50000c19 (sz=22, trace=300244, nelems=11, elem type=char[])
OBJ 50000c1a (sz=24, trace=300395, class=java.lang.String@5000013c)
	value		50000c1b
ARR 50000c1b (sz=26, trace=300244, nelems=13, elem type=char[])
OBJ 50000c1c (sz=24, trace=300395, class=java.lang.String@5000013c)
ARR 50000c1d (sz=40, trace=300244, nelems=0, elem type=char[])
OBJ 50000c1e (sz=32, trace=300398, class=java.io.File@500000e5)
	path		50000c23
OBJ 50000c1f (sz=24, trace=300353, class=java.lang.StringBuilder@50000075)
ARR 50000c20 (sz=48, trace=300354, nelems=0, elem type=char[])
ARR 50000c21 (sz=160, trace=300006, nelems=0, elem type=char[])
ARR 50000c22 (sz=304, trace=300381, nelems=0, elem type=char[])
OBJ 50000c23 (sz=24, trace=300355, class=java.lang.String@5000013c)
	value		50000c24
ARR 50000c24 (sz=158, trace=300356, nelems=79, elem type=char[])
OBJ 50000c25 (sz=24, trace=300399, class=sun.misc.MetaIndex@500000cc)
	contents	50001f26
ARR 50000c26 (sz=16, trace=300400, nelems=0, elem type=java.lang.String[]@5000013d)
OBJ 50000c27 (sz=32, trace=300140, class=java.util.HashMap$Entry@50000131)
	key		50000c1e
	value		50000c25
OBJ 50000c28 (sz=24, trace=300396, class=java.lang.String@5000013c)
ARR 50000c29 (sz=32, trace=300397, nelems=0, elem type=char[])
OBJ 50000c2a (sz=24, trace=300395, class=java.lang.String@5000013c)
	value		50000c2b
ARR 50000c2b (sz=24, trace=300244, nelems=12, elem type=char[])
OBJ 50000c2c (sz=24, trace=300395, class=java.lang.String@5000013c)
	value		50000c2d
ARR 50000c2d (sz=24, trace=300244, nelems=12, elem type=char[])
OBJ 50000c2e (sz=24, trace=300395, class=java.lang.String@5000013c)
ARR 50000c2f (sz=64, trace=300244, nelems=0, elem type=char[])
OBJ 50000c30 (sz=32, trace=300398, class=java.io.File@500000e5)
	path		50000c35
OBJ 50000c31 (sz=24, trace=300353, class=java.lang.StringBuilder@50000075)
ARR 50000c32 (sz=48, trace=300354, nelems=0, elem type=char[])
ARR 50000c33 (sz=160, trace=300006, nelems=0, elem type=char[])
ARR 50000c34 (sz=304, trace=300381, nelems=0, elem type=char[])
OBJ 50000c35 (sz=24, trace=300355, class=java.lang.String@5000013c)
	value		50000c36
ARR 50000c36 (sz=160, trace=300356, nelems=80, elem type=char[])
OBJ 50000c37 (sz=24, trace=300399, class=sun.misc.MetaIndex@500000cc)
	contents	50001f3c
ARR 50000c38 (sz=16, trace=300400, nelems=0, elem type=java.lang.String[]@5000013d)
OBJ 50000c39 (sz=32, trace=300140, class=java.util.HashMap$Entry@50000131)
	key		50000c30
	value		50000c37
OBJ 50000c3a (sz=24, trace=300396, class=java.lang.String@5000013c)
ARR 50000c3b (sz=56, trace=300397, nelems=0, elem type=char[])
OBJ 50000c3c (sz=24, trace=300395, class=java.lang.String@5000013c)
ARR 50000c3d (sz=48, trace=300244, nelems=0, elem type=char[])
OBJ 50000c3e (sz=24, trace=300396, class=java.lang.String@5000013c)
ARR 50000c3f (sz=48, trace=300397, nelems=0, elem type=char[])
OBJ 50000c40 (sz=24, trace=300395, class=java.lang.String@5000013c)
	value		50000c41
ARR 50000c41 (sz=54, trace=300244, nelems=27, elem type=char[])
OBJ 50000c42 (sz=24, trace=300395, class=java.lang.String@5000013c)
	value		50000c43
ARR 50000c43 (sz=96, trace=300244, nelems=48, elem type=char[])
OBJ 50000c44 (sz=24, trace=300395, class=java.lang.String@5000013c)
	value		50000c45
ARR 50000c45 (sz=28, trace=300244, nelems=14, elem type=char[])
OBJ 50000c46 (sz=24, trace=300395, class=java.lang.String@5000013c)
	value		50000c47
ARR 50000c47 (sz=108, trace=300244, nelems=54, elem type=char[])
OBJ 50000c48 (sz=24, trace=300395, class=java.lang.String@5000013c)
	value		50000c49
ARR 50000c49 (sz=18, trace=300244, nelems=9, elem type=char[])
OBJ 50000c4a (sz=24, trace=300395, class=java.lang.String@5000013c)
	value		50000c4b
ARR 50000c4b (sz=106, trace=300244, nelems=53, elem type=char[])
OBJ 50000c4c (sz=24, trace=300395, class=java.lang.String@5000013c)
	value		50000c4d
ARR 50000c4d (sz=114, trace=300244, nelems=57, elem type=char[])
OBJ 50000c4e (sz=24, trace=300395, class=java.lang.String@5000013c)
	value		50000c4f
ARR 50000c4f (sz=22, trace=300244, nelems=11, elem type=char[])
OBJ 50000c50 (sz=24, trace=300395, class=java.lang.String@5000013c)
	value		50000c51
ARR 50000c51 (sz=114, trace=300244, nelems=57, elem type=char[])
OBJ 50000c52 (sz=24, trace=300395, class=java.lang.String@5000013c)
	value		50000c53
ARR 50000c53 (sz=14, trace=300244, nelems=7, elem type=char[])
OBJ 50000c54 (sz=24, trace=300395, class=java.lang.String@5000013c)
	value		50000c55
ARR 50000c55 (sz=114, trace=300244, nelems=57, elem type=char[])
ARR 50000c56 (sz=80, trace=300138, nelems=0, elem type=java.lang.Object[]@5000011b)
OBJ 50000c57 (sz=24, trace=300395, class=java.lang.String@5000013c)
	value		50000c58
ARR 50000c58 (sz=32, trace=300244, nelems=16, elem type=char[])
OBJ 50000c59 (sz=24, trace=300395, class=java.lang.String@5000013c)
	value		50000c5a
ARR 50000c5a (sz=98, trace=300244, nelems=49, elem type=char[])
OBJ 50000c5b (sz=24, trace=300395, class=java.lang.String@5000013c)
	value		50000c5c
ARR 50000c5c (sz=14, trace=300244, nelems=7, elem type=char[])
OBJ 50000c5d (sz=24, trace=300395, class=java.lang.String@5000013c)
	value		50000c5e
ARR 50000c5e (sz=106, trace=300244, nelems=53, elem type=char[])
OBJ 50000c5f (sz=24, trace=300395, class=java.lang.String@5000013c)
	value		50000c60
ARR 50000c60 (sz=14, trace=300244, nelems=7, elem type=char[])
ARR 50000c61 (sz=104, trace=300138, nelems=0, elem type=java.lang.Object[]@5000011b)
OBJ 50000c62 (sz=24, trace=300395, class=java.lang.String@5000013c)
	value		50000c63
ARR 50000c63 (sz=18, trace=300244, nelems=9, elem type=char[])
OBJ 50000c64 (sz=24, trace=300395, class=java.lang.String@5000013c)
	value		50000c65
ARR 50000c65 (sz=100, trace=300244, nelems=50, elem type=char[])
OBJ 50000c66 (sz=24, trace=300395, class=java.lang.String@5000013c)
	value		50000c67
ARR 50000c67 (sz=30, trace=300244, nelems=15, elem type=char[])
OBJ 50000c68 (sz=24, trace=300395, class=java.lang.String@5000013c)
	value		50000c69
ARR 50000c69 (sz=110, trace=300244, nelems=55, elem type=char[])
OBJ 50000c6a (sz=24, trace=300395, class=java.lang.String@5000013c)
	value		50000c6b
ARR 50000c6b (sz=18, trace=300244, nelems=9, elem type=char[])
OBJ 50000c6c (sz=24, trace=300395, class=java.lang.String@5000013c)
	value		50000c6d
ARR 50000c6d (sz=16, trace=300244, nelems=8, elem type=char[])
OBJ 50000c6e (sz=24, trace=300395, class=java.lang.String@5000013c)
	value		50000c6f
ARR 50000c6f (sz=18, trace=300244, nelems=9, elem type=char[])
ARR 50000c70 (sz=152, trace=300138, nelems=0, elem type=java.lang.Object[]@5000011b)
OBJ 50000c71 (sz=24, trace=300395, class=java.lang.String@5000013c)
	value		50000c72
ARR 50000c72 (sz=110, trace=300244, nelems=55, elem type=char[])
OBJ 50000c73 (sz=24, trace=300395, class=java.lang.String@5000013c)
	value		50000c74
ARR 50000c74 (sz=74, trace=300244, nelems=37, elem type=char[])
OBJ 50000c75 (sz=24, trace=300395, class=java.lang.String@5000013c)
	value		50000c76
ARR 50000c76 (sz=102, trace=300244, nelems=51, elem type=char[])
OBJ 50000c77 (sz=24, trace=300395, class=java.lang.String@5000013c)
	value		50000c78
ARR 50000c78 (sz=38, trace=300244, nelems=19, elem type=char[])
OBJ 50000c79 (sz=24, trace=300395, class=java.lang.String@5000013c)
	value		50000c7a
ARR 50000c7a (sz=26, trace=300244, nelems=13, elem type=char[])
OBJ 50000c7b (sz=24, trace=300395, class=java.lang.String@5000013c)
	value		50000c7c
ARR 50000c7c (sz=24, trace=300244, nelems=12, elem type=char[])
OBJ 50000c7d (sz=24, trace=300395, class=java.lang.String@5000013c)
	value		50000c7e
ARR 50000c7e (sz=24, trace=300244, nelems=12, elem type=char[])
OBJ 50000c7f (sz=24, trace=300395, class=java.lang.String@5000013c)
	value		50000c80
ARR 50000c80 (sz=132, trace=300244, nelems=66, elem type=char[])
OBJ 50000c81 (sz=24, trace=300395, class=java.lang.String@5000013c)
ARR 50000c82 (sz=32, trace=300244, nelems=0, elem type=char[])
OBJ 50000c83 (sz=32, trace=300398, class=java.io.File@500000e5)
	path		50000c88
OBJ 50000c84 (sz=24, trace=300353, class=java.lang.StringBuilder@50000075)
ARR 50000c85 (sz=48, trace=300354, nelems=0, elem type=char[])
ARR 50000c86 (sz=160, trace=300006, nelems=0, elem type=char[])
ARR 50000c87 (sz=304, trace=300381, nelems=0, elem type=char[])
OBJ 50000c88 (sz=24, trace=300355, class=java.lang.String@5000013c)
	value		50000c89
ARR 50000c89 (sz=170, trace=300356, nelems=85, elem type=char[])
OBJ 50000c8a (sz=24, trace=300399, class=sun.misc.MetaIndex@500000cc)
	contents	50001f32
ARR 50000c8b (sz=16, trace=300400, nelems=0, elem type=java.lang.String[]@5000013d)
OBJ 50000c8c (sz=32, trace=300140, class=java.util.HashMap$Entry@50000131)
	key		50000c83
	value		50000c8a
OBJ 50000c8d (sz=24, trace=300396, class=java.lang.String@5000013c)
ARR 50000c8e (sz=32, trace=300397, nelems=0, elem type=char[])
OBJ 50000c8f (sz=24, trace=300395, class=java.lang.String@5000013c)
	value		50000c90
ARR 50000c90 (sz=54, trace=300244, nelems=27, elem type=char[])
OBJ 50000c91 (sz=24, trace=300395, class=java.lang.String@5000013c)
	value		50000c92
ARR 50000c92 (sz=10, trace=300244, nelems=5, elem type=char[])
OBJ 50000c93 (sz=24, trace=300395, class=java.lang.String@5000013c)
	value		50000c94
ARR 50000c94 (sz=18, trace=300244, nelems=9, elem type=char[])
OBJ 50000c95 (sz=24, trace=300395, class=java.lang.String@5000013c)
	value		50000c96
ARR 50000c96 (sz=28, trace=300244, nelems=14, elem type=char[])
OBJ 50000c97 (sz=24, trace=300395, class=java.lang.String@5000013c)
	value		50000c98
ARR 50000c98 (sz=32, trace=300244, nelems=16, elem type=char[])
OBJ 50000c99 (sz=24, trace=300395, class=java.lang.String@5000013c)
	value		50000c9a
ARR 50000c9a (sz=30, trace=300244, nelems=15, elem type=char[])
OBJ 50000c9b (sz=24, trace=300395, class=java.lang.String@5000013c)
	value		50000c9c
ARR 50000c9c (sz=42, trace=300244, nelems=21, elem type=char[])
OBJ 50000c9d (sz=24, trace=300395, class=java.lang.String@5000013c)
	value		50000c9e
ARR 50000c9e (sz=28, trace=300244, nelems=14, elem type=char[])
OBJ 50000c9f (sz=24, trace=300395, class=java.lang.String@5000013c)
	value		50000ca0
ARR 50000ca0 (sz=28, trace=300244, nelems=14, elem type=char[])
OBJ 50000ca1 (sz=24, trace=300395, class=java.lang.String@5000013c)
	value		50000ca2
ARR 50000ca2 (sz=24, trace=300244, nelems=12, elem type=char[])
OBJ 50000ca3 (sz=24, trace=300395, class=java.lang.String@5000013c)
	value		50000ca4
ARR 50000ca4 (sz=38, trace=300244, nelems=19, elem type=char[])
OBJ 50000ca5 (sz=24, trace=300395, class=java.lang.String@5000013c)
	value		50000ca6
ARR 50000ca6 (sz=8, trace=300244, nelems=4, elem type=char[])
OBJ 50000ca7 (sz=24, trace=300395, class=java.lang.String@5000013c)
	value		50000ca8
ARR 50000ca8 (sz=36, trace=300244, nelems=18, elem type=char[])
OBJ 50000ca9 (sz=24, trace=300395, class=java.lang.String@5000013c)
	value		50000caa
ARR 50000caa (sz=24, trace=300244, nelems=12, elem type=char[])
OBJ 50000cab (sz=24, trace=300395, class=java.lang.String@5000013c)
	value		50000cac
ARR 50000cac (sz=26, trace=300244, nelems=13, elem type=char[])
OBJ 50000cad (sz=24, trace=300395, class=java.lang.String@5000013c)
	value		50000cae
ARR 50000cae (sz=30, trace=300244, nelems=15, elem type=char[])
OBJ 50000caf (sz=24, trace=300395, class=java.lang.String@5000013c)
	value		50000cb0
ARR 50000cb0 (sz=32, trace=300244, nelems=16, elem type=char[])
OBJ 50000cb1 (sz=24, trace=300395, class=java.lang.String@5000013c)
	value		50000cb2
ARR 50000cb2 (sz=24, trace=300244, nelems=12, elem type=char[])
OBJ 50000cb3 (sz=24, trace=300395, class=java.lang.String@5000013c)
	value		50000cb4
ARR 50000cb4 (sz=24, trace=300244, nelems=12, elem type=char[])
OBJ 50000cb5 (sz=24, trace=300395, class=java.lang.String@5000013c)
	value		50000cb6
ARR 50000cb6 (sz=16, trace=300244, nelems=8, elem type=char[])
OBJ 50000cb7 (sz=24, trace=300395, class=java.lang.String@5000013c)
	value		50000cb8
ARR 50000cb8 (sz=28, trace=300244, nelems=14, elem type=char[])
OBJ 50000cb9 (sz=24, trace=300395, class=java.lang.String@5000013c)
	value		50000cba
ARR 50000cba (sz=38, trace=300244, nelems=19, elem type=char[])
OBJ 50000cbb (sz=24, trace=300395, class=java.lang.String@5000013c)
	value		50000cbc
ARR 50000cbc (sz=20, trace=300244, nelems=10, elem type=char[])
OBJ 50000cbd (sz=24, trace=300395, class=java.lang.String@5000013c)
	value		50000cbe
ARR 50000cbe (sz=30, trace=300244, nelems=15, elem type=char[])
OBJ 50000cbf (sz=24, trace=300395, class=java.lang.String@5000013c)
	value		50000cc0
ARR 50000cc0 (sz=24, trace=300244, nelems=12, elem type=char[])
OBJ 50000cc1 (sz=24, trace=300395, class=java.lang.String@5000013c)
	value		50000cc2
ARR 50000cc2 (sz=30, trace=300244, nelems=15, elem type=char[])
OBJ 50000cc3 (sz=24, trace=300395, class=java.lang.String@5000013c)
	value		50000cc4
ARR 50000cc4 (sz=16, trace=300244, nelems=8, elem type=char[])
OBJ 50000cc5 (sz=24, trace=300395, class=java.lang.String@5000013c)
	value		50000cc6
ARR 50000cc6 (sz=30, trace=300244, nelems=15, elem type=char[])
OBJ 50000cc7 (sz=24, trace=300395, class=java.lang.String@5000013c)
	value		50000cc8
ARR 50000cc8 (sz=30, trace=300244, nelems=15, elem type=char[])
OBJ 50000cc9 (sz=24, trace=300395, class=java.lang.String@5000013c)
	value		50000cca
ARR 50000cca (sz=16, trace=300244, nelems=8, elem type=char[])
OBJ 50000ccb (sz=24, trace=300395, class=java.lang.String@5000013c)
	value		50000ccc
ARR 50000ccc (sz=16, trace=300244, nelems=8, elem type=char[])
OBJ 50000ccd (sz=24, trace=300395, class=java.lang.String@5000013c)
	value		50000cce
ARR 50000cce (sz=34, trace=300244, nelems=17, elem type=char[])
OBJ 50000ccf (sz=24, trace=300395, class=java.lang.String@5000013c)
	value		50000cd0
ARR 50000cd0 (sz=28, trace=300244, nelems=14, elem type=char[])
OBJ 50000cd1 (sz=24, trace=300395, class=java.lang.String@5000013c)
	value		50000cd2
ARR 50000cd2 (sz=20, trace=300244, nelems=10, elem type=char[])
ARR 50000cd3 (sz=216, trace=300138, nelems=0, elem type=java.lang.Object[]@5000011b)
OBJ 50000cd4 (sz=24, trace=300395, class=java.lang.String@5000013c)
	value		50000cd5
ARR 50000cd5 (sz=16, trace=300244, nelems=8, elem type=char[])
OBJ 50000cd6 (sz=24, trace=300395, class=java.lang.String@5000013c)
	value		50000cd7
ARR 50000cd7 (sz=24, trace=300244, nelems=12, elem type=char[])
OBJ 50000cd8 (sz=24, trace=300395, class=java.lang.String@5000013c)
	value		50000cd9
ARR 50000cd9 (sz=22, trace=300244, nelems=11, elem type=char[])
OBJ 50000cda (sz=24, trace=300395, class=java.lang.String@5000013c)
	value		50000cdb
ARR 50000cdb (sz=38, trace=300244, nelems=19, elem type=char[])
OBJ 50000cdc (sz=24, trace=300395, class=java.lang.String@5000013c)
	value		50000cdd
ARR 50000cdd (sz=34, trace=300244, nelems=17, elem type=char[])
OBJ 50000cde (sz=24, trace=300395, class=java.lang.String@5000013c)
	value		50000cdf
ARR 50000cdf (sz=26, trace=300244, nelems=13, elem type=char[])
OBJ 50000ce0 (sz=24, trace=300395, class=java.lang.String@5000013c)
	value		50000ce1
ARR 50000ce1 (sz=20, trace=300244, nelems=10, elem type=char[])
OBJ 50000ce2 (sz=24, trace=300395, class=java.lang.String@5000013c)
	value		50000ce3
ARR 50000ce3 (sz=44, trace=300244, nelems=22, elem type=char[])
OBJ 50000ce4 (sz=24, trace=300395, class=java.lang.String@5000013c)
	value		50000ce5
ARR 50000ce5 (sz=24, trace=300244, nelems=12, elem type=char[])
OBJ 50000ce6 (sz=24, trace=300395, class=java.lang.String@5000013c)
	value		50000ce7
ARR 50000ce7 (sz=12, trace=300244, nelems=6, elem type=char[])
OBJ 50000ce8 (sz=48, trace=300242, class=java.nio.HeapCharBuffer@500000d6)
OBJ 50000ce9 (sz=32, trace=300401, class=java.io.File@500000e5)
	path		50000cee
OBJ 50000cea (sz=24, trace=300353, class=java.lang.StringBuilder@50000075)
ARR 50000ceb (sz=48, trace=300354, nelems=0, elem type=char[])
ARR 50000cec (sz=160, trace=300006, nelems=0, elem type=char[])
ARR 50000ced (sz=304, trace=300381, nelems=0, elem type=char[])
OBJ 50000cee (sz=24, trace=300355, class=java.lang.String@5000013c)
	value		50000cef
ARR 50000cef (sz=156, trace=300356, nelems=78, elem type=char[])
OBJ 50000cf0 (sz=24, trace=300402, class=sun.misc.MetaIndex@500000cc)
	contents	50001efb
ARR 50000cf1 (sz=16, trace=300403, nelems=0, elem type=java.lang.String[]@5000013d)
ARR 50000cf2 (sz=144, trace=300404, nelems=32, elem type=java.util.HashMap$Entry[]@50000132)
	[0]		50000c39
	[4]		50001ef4
	[5]		50000c8c
	[7]		50001ef5
	[12]		50000c27
	[14]		50001ef6
	[15]		50001ef7
	[18]		50000bfd
	[20]		50001ef8
	[23]		50001ef9
	[25]		50000cf3
	[31]		50000be7
OBJ 50000cf3 (sz=32, trace=300140, class=java.util.HashMap$Entry@50000131)
	key		50000ce9
	value		50000cf0
	next		50000c13
ARR 50000cf4 (sz=256, trace=300010, nelems=0, elem type=byte[])
ARR 50000cf5 (sz=96, trace=300011, nelems=0, elem type=byte[])
OBJ 50000cf6 (sz=24, trace=300012, class=java.lang.String@5000013c)
ARR 50000cf7 (sz=32, trace=300013, nelems=0, elem type=char[])
OBJ 50000cf8 (sz=24, trace=300376, class=java.lang.String@5000013c)
ARR 50000cf9 (sz=160, trace=300377, nelems=0, elem type=char[])
OBJ 50000cfa (sz=32, trace=300378, class=java.io.File@500000e5)
ARR 50000cfb (sz=280, trace=300010, nelems=0, elem type=byte[])
ARR 50000cfc (sz=104, trace=300011, nelems=0, elem type=byte[])
OBJ 50000cfd (sz=24, trace=300012, class=java.lang.String@5000013c)
ARR 50000cfe (sz=48, trace=300013, nelems=0, elem type=char[])
OBJ 50000cff (sz=24, trace=300376, class=java.lang.String@5000013c)
ARR 50000d00 (sz=160, trace=300377, nelems=0, elem type=char[])
OBJ 50000d01 (sz=32, trace=300378, class=java.io.File@500000e5)
ARR 50000d02 (sz=256, trace=300010, nelems=0, elem type=byte[])
ARR 50000d03 (sz=96, trace=300011, nelems=0, elem type=byte[])
OBJ 50000d04 (sz=24, trace=300012, class=java.lang.String@5000013c)
ARR 50000d05 (sz=32, trace=300013, nelems=0, elem type=char[])
OBJ 50000d06 (sz=24, trace=300376, class=java.lang.String@5000013c)
ARR 50000d07 (sz=160, trace=300377, nelems=0, elem type=char[])
OBJ 50000d08 (sz=32, trace=300378, class=java.io.File@500000e5)
ARR 50000d09 (sz=256, trace=300010, nelems=0, elem type=byte[])
ARR 50000d0a (sz=96, trace=300011, nelems=0, elem type=byte[])
OBJ 50000d0b (sz=24, trace=300012, class=java.lang.String@5000013c)
ARR 50000d0c (sz=32, trace=300013, nelems=0, elem type=char[])
OBJ 50000d0d (sz=24, trace=300376, class=java.lang.String@5000013c)
ARR 50000d0e (sz=160, trace=300377, nelems=0, elem type=char[])
OBJ 50000d0f (sz=32, trace=300378, class=java.io.File@500000e5)
ARR 50000d10 (sz=272, trace=300010, nelems=0, elem type=byte[])
ARR 50000d11 (sz=104, trace=300011, nelems=0, elem type=byte[])
OBJ 50000d12 (sz=24, trace=300012, class=java.lang.String@5000013c)
ARR 50000d13 (sz=40, trace=300013, nelems=0, elem type=char[])
OBJ 50000d14 (sz=24, trace=300376, class=java.lang.String@5000013c)
ARR 50000d15 (sz=160, trace=300377, nelems=0, elem type=char[])
OBJ 50000d16 (sz=32, trace=300378, class=java.io.File@500000e5)
ARR 50000d17 (sz=256, trace=300010, nelems=0, elem type=byte[])
ARR 50000d18 (sz=96, trace=300011, nelems=0, elem type=byte[])
OBJ 50000d19 (sz=24, trace=300012, class=java.lang.String@5000013c)
ARR 50000d1a (sz=32, trace=300013, nelems=0, elem type=char[])
OBJ 50000d1b (sz=24, trace=300376, class=java.lang.String@5000013c)
ARR 50000d1c (sz=160, trace=300377, nelems=0, elem type=char[])
OBJ 50000d1d (sz=32, trace=300378, class=java.io.File@500000e5)
ARR 50000d1e (sz=248, trace=300010, nelems=0, elem type=byte[])
ARR 50000d1f (sz=96, trace=300011, nelems=0, elem type=byte[])
OBJ 50000d20 (sz=24, trace=300012, class=java.lang.String@5000013c)
ARR 50000d21 (sz=32, trace=300013, nelems=0, elem type=char[])
OBJ 50000d22 (sz=24, trace=300376, class=java.lang.String@5000013c)
ARR 50000d23 (sz=152, trace=300377, nelems=0, elem type=char[])
OBJ 50000d24 (sz=32, trace=300378, class=java.io.File@500000e5)
OBJ 50000d25 (sz=32, trace=300140, class=java.util.HashMap$Entry@50000131)
OBJ 50000d26 (sz=32, trace=300380, class=java.io.File@500000e5)
OBJ 50000d27 (sz=24, trace=300353, class=java.lang.StringBuilder@50000075)
ARR 50000d28 (sz=48, trace=300354, nelems=0, elem type=char[])
ARR 50000d29 (sz=152, trace=300006, nelems=0, elem type=char[])
ARR 50000d2a (sz=288, trace=300381, nelems=0, elem type=char[])
OBJ 50000d2b (sz=24, trace=300355, class=java.lang.String@5000013c)
ARR 50000d2c (sz=176, trace=300356, nelems=0, elem type=char[])
ARR 50000d2d (sz=256, trace=300010, nelems=0, elem type=byte[])
ARR 50000d2e (sz=96, trace=300011, nelems=0, elem type=byte[])
OBJ 50000d2f (sz=24, trace=300012, class=java.lang.String@5000013c)
ARR 50000d30 (sz=40, trace=300013, nelems=0, elem type=char[])
ARR 50000d31 (sz=48, trace=300405, nelems=0, elem type=java.net.URL[]@500000e2)
OBJ 50000d32 (sz=24, trace=300338, class=java.lang.String@5000013c)
ARR 50000d33 (sz=160, trace=300339, nelems=0, elem type=char[])
OBJ 50000d34 (sz=24, trace=300406, class=java.lang.String@5000013c)
ARR 50000d35 (sz=48, trace=300407, nelems=0, elem type=char[])
OBJ 50000d36 (sz=24, trace=300408, class=java.lang.StringBuilder@50000075)
ARR 50000d37 (sz=48, trace=300409, nelems=0, elem type=char[])
ARR 50000d38 (sz=160, trace=300006, nelems=0, elem type=char[])
ARR 50000d39 (sz=304, trace=300381, nelems=0, elem type=char[])
OBJ 50000d3a (sz=24, trace=300410, class=java.lang.String@5000013c)
	value		50000d3b
ARR 50000d3b (sz=170, trace=300411, nelems=85, elem type=char[])
OBJ 50000d3c (sz=24, trace=300412, class=java.lang.StringBuilder@50000075)
ARR 50000d3d (sz=48, trace=300413, nelems=0, elem type=char[])
ARR 50000d3e (sz=160, trace=300006, nelems=0, elem type=char[])
ARR 50000d3f (sz=304, trace=300381, nelems=0, elem type=char[])
OBJ 50000d40 (sz=24, trace=300414, class=java.lang.String@5000013c)
	value		50000d41
ARR 50000d41 (sz=170, trace=300415, nelems=85, elem type=char[])
OBJ 50000d42 (sz=24, trace=300416, class=java.io.ExpiringCache$Entry@50000015)
	val		50000d3a
OBJ 50000d43 (sz=40, trace=300342, class=java.util.LinkedHashMap$Entry@50000148)
	key		50000d40
	value		50000d42
	before		50000bb9
	after		50000d60
OBJ 50000d44 (sz=32, trace=300417, class=java.io.File@500000e5)
ARR 50000d45 (sz=392, trace=300418, nelems=0, elem type=char[])
ARR 50000d46 (sz=192, trace=300419, nelems=0, elem type=char[])
OBJ 50000d47 (sz=24, trace=300420, class=java.lang.String@5000013c)
	value		50000d48
ARR 50000d48 (sz=170, trace=300421, nelems=85, elem type=char[])
ARR 50000d49 (sz=272, trace=300010, nelems=0, elem type=byte[])
ARR 50000d4a (sz=104, trace=300011, nelems=0, elem type=byte[])
OBJ 50000d4b (sz=24, trace=300012, class=java.lang.String@5000013c)
ARR 50000d4c (sz=48, trace=300013, nelems=0, elem type=char[])
OBJ 50000d4d (sz=64, trace=300422, class=java.net.URL@500000e1)
	protocol	50001958
	host		5000173a
	file		50000d47
	authority	5000173a
	path		50000d47
	handler		50001956
OBJ 50000d4e (sz=24, trace=300423, class=java.net.Parts@50000113)
OBJ 50000d4f (sz=24, trace=300338, class=java.lang.String@5000013c)
ARR 50000d50 (sz=160, trace=300339, nelems=0, elem type=char[])
OBJ 50000d51 (sz=24, trace=300406, class=java.lang.String@5000013c)
ARR 50000d52 (sz=32, trace=300407, nelems=0, elem type=char[])
OBJ 50000d53 (sz=24, trace=300408, class=java.lang.StringBuilder@50000075)
ARR 50000d54 (sz=48, trace=300409, nelems=0, elem type=char[])
ARR 50000d55 (sz=160, trace=300006, nelems=0, elem type=char[])
ARR 50000d56 (sz=304, trace=300381, nelems=0, elem type=char[])
OBJ 50000d57 (sz=24, trace=300410, class=java.lang.String@5000013c)
	value		50000d58
ARR 50000d58 (sz=156, trace=300411, nelems=78, elem type=char[])
OBJ 50000d59 (sz=24, trace=300412, class=java.lang.StringBuilder@50000075)
ARR 50000d5a (sz=48, trace=300413, nelems=0, elem type=char[])
ARR 50000d5b (sz=160, trace=300006, nelems=0, elem type=char[])
ARR 50000d5c (sz=304, trace=300381, nelems=0, elem type=char[])
OBJ 50000d5d (sz=24, trace=300414, class=java.lang.String@5000013c)
	value		50000d5e
ARR 50000d5e (sz=156, trace=300415, nelems=78, elem type=char[])
OBJ 50000d5f (sz=24, trace=300416, class=java.io.ExpiringCache$Entry@50000015)
	val		50000d57
OBJ 50000d60 (sz=40, trace=300342, class=java.util.LinkedHashMap$Entry@50000148)
	key		50000d5d
	value		50000d5f
	next		500019a6
	before		50000d43
	after		50000d7d
OBJ 50000d61 (sz=32, trace=300417, class=java.io.File@500000e5)
ARR 50000d62 (sz=360, trace=300418, nelems=0, elem type=char[])
ARR 50000d63 (sz=176, trace=300419, nelems=0, elem type=char[])
OBJ 50000d64 (sz=24, trace=300420, class=java.lang.String@5000013c)
	value		50000d65
ARR 50000d65 (sz=156, trace=300421, nelems=78, elem type=char[])
ARR 50000d66 (sz=256, trace=300010, nelems=0, elem type=byte[])
ARR 50000d67 (sz=96, trace=300011, nelems=0, elem type=byte[])
OBJ 50000d68 (sz=24, trace=300012, class=java.lang.String@5000013c)
ARR 50000d69 (sz=32, trace=300013, nelems=0, elem type=char[])
OBJ 50000d6a (sz=64, trace=300422, class=java.net.URL@500000e1)
	protocol	50001958
	host		5000173a
	file		50000d64
	authority	5000173a
	path		50000d64
	handler		50001956
OBJ 50000d6b (sz=24, trace=300423, class=java.net.Parts@50000113)
OBJ 50000d6c (sz=24, trace=300338, class=java.lang.String@5000013c)
ARR 50000d6d (sz=160, trace=300339, nelems=0, elem type=char[])
OBJ 50000d6e (sz=24, trace=300406, class=java.lang.String@5000013c)
ARR 50000d6f (sz=48, trace=300407, nelems=0, elem type=char[])
OBJ 50000d70 (sz=24, trace=300408, class=java.lang.StringBuilder@50000075)
ARR 50000d71 (sz=48, trace=300409, nelems=0, elem type=char[])
ARR 50000d72 (sz=160, trace=300006, nelems=0, elem type=char[])
ARR 50000d73 (sz=304, trace=300381, nelems=0, elem type=char[])
OBJ 50000d74 (sz=24, trace=300410, class=java.lang.String@5000013c)
	value		50000d75
ARR 50000d75 (sz=172, trace=300411, nelems=86, elem type=char[])
OBJ 50000d76 (sz=24, trace=300412, class=java.lang.StringBuilder@50000075)
ARR 50000d77 (sz=48, trace=300413, nelems=0, elem type=char[])
ARR 50000d78 (sz=160, trace=300006, nelems=0, elem type=char[])
ARR 50000d79 (sz=304, trace=300381, nelems=0, elem type=char[])
OBJ 50000d7a (sz=24, trace=300414, class=java.lang.String@5000013c)
	value		50000d7b
ARR 50000d7b (sz=172, trace=300415, nelems=86, elem type=char[])
OBJ 50000d7c (sz=24, trace=300416, class=java.io.ExpiringCache$Entry@50000015)
	val		50000d74
OBJ 50000d7d (sz=40, trace=300342, class=java.util.LinkedHashMap$Entry@50000148)
	key		50000d7a
	value		50000d7c
	before		50000d60
	after		50000d9a
OBJ 50000d7e (sz=32, trace=300417, class=java.io.File@500000e5)
ARR 50000d7f (sz=392, trace=300418, nelems=0, elem type=char[])
ARR 50000d80 (sz=192, trace=300419, nelems=0, elem type=char[])
OBJ 50000d81 (sz=24, trace=300420, class=java.lang.String@5000013c)
	value		50000d82
ARR 50000d82 (sz=172, trace=300421, nelems=86, elem type=char[])
ARR 50000d83 (sz=280, trace=300010, nelems=0, elem type=byte[])
ARR 50000d84 (sz=104, trace=300011, nelems=0, elem type=byte[])
OBJ 50000d85 (sz=24, trace=300012, class=java.lang.String@5000013c)
ARR 50000d86 (sz=48, trace=300013, nelems=0, elem type=char[])
OBJ 50000d87 (sz=64, trace=300422, class=java.net.URL@500000e1)
	protocol	50001958
	host		5000173a
	file		50000d81
	authority	5000173a
	path		50000d81
	handler		50001956
OBJ 50000d88 (sz=24, trace=300423, class=java.net.Parts@50000113)
OBJ 50000d89 (sz=24, trace=300338, class=java.lang.String@5000013c)
ARR 50000d8a (sz=160, trace=300339, nelems=0, elem type=char[])
OBJ 50000d8b (sz=24, trace=300406, class=java.lang.String@5000013c)
ARR 50000d8c (sz=32, trace=300407, nelems=0, elem type=char[])
OBJ 50000d8d (sz=24, trace=300408, class=java.lang.StringBuilder@50000075)
ARR 50000d8e (sz=48, trace=300409, nelems=0, elem type=char[])
ARR 50000d8f (sz=160, trace=300006, nelems=0, elem type=char[])
ARR 50000d90 (sz=304, trace=300381, nelems=0, elem type=char[])
OBJ 50000d91 (sz=24, trace=300410, class=java.lang.String@5000013c)
	value		50000d92
ARR 50000d92 (sz=160, trace=300411, nelems=80, elem type=char[])
OBJ 50000d93 (sz=24, trace=300412, class=java.lang.StringBuilder@50000075)
ARR 50000d94 (sz=48, trace=300413, nelems=0, elem type=char[])
ARR 50000d95 (sz=160, trace=300006, nelems=0, elem type=char[])
ARR 50000d96 (sz=304, trace=300381, nelems=0, elem type=char[])
OBJ 50000d97 (sz=24, trace=300414, class=java.lang.String@5000013c)
	value		50000d98
ARR 50000d98 (sz=160, trace=300415, nelems=80, elem type=char[])
OBJ 50000d99 (sz=24, trace=300416, class=java.io.ExpiringCache$Entry@50000015)
	val		50000d91
OBJ 50000d9a (sz=40, trace=300342, class=java.util.LinkedHashMap$Entry@50000148)
	key		50000d97
	value		50000d99
	before		50000d7d
	after		50000db7
OBJ 50000d9b (sz=32, trace=300417, class=java.io.File@500000e5)
ARR 50000d9c (sz=368, trace=300418, nelems=0, elem type=char[])
ARR 50000d9d (sz=176, trace=300419, nelems=0, elem type=char[])
OBJ 50000d9e (sz=24, trace=300420, class=java.lang.String@5000013c)
	value		50000d9f
ARR 50000d9f (sz=160, trace=300421, nelems=80, elem type=char[])
ARR 50000da0 (sz=256, trace=300010, nelems=0, elem type=byte[])
ARR 50000da1 (sz=96, trace=300011, nelems=0, elem type=byte[])
OBJ 50000da2 (sz=24, trace=300012, class=java.lang.String@5000013c)
ARR 50000da3 (sz=32, trace=300013, nelems=0, elem type=char[])
OBJ 50000da4 (sz=64, trace=300422, class=java.net.URL@500000e1)
	protocol	50001958
	host		5000173a
	file		50000d9e
	authority	5000173a
	path		50000d9e
	handler		50001956
OBJ 50000da5 (sz=24, trace=300423, class=java.net.Parts@50000113)
OBJ 50000da6 (sz=24, trace=300338, class=java.lang.String@5000013c)
ARR 50000da7 (sz=160, trace=300339, nelems=0, elem type=char[])
OBJ 50000da8 (sz=24, trace=300406, class=java.lang.String@5000013c)
ARR 50000da9 (sz=32, trace=300407, nelems=0, elem type=char[])
OBJ 50000daa (sz=24, trace=300408, class=java.lang.StringBuilder@50000075)
ARR 50000dab (sz=48, trace=300409, nelems=0, elem type=char[])
ARR 50000dac (sz=160, trace=300006, nelems=0, elem type=char[])
ARR 50000dad (sz=304, trace=300381, nelems=0, elem type=char[])
OBJ 50000dae (sz=24, trace=300410, class=java.lang.String@5000013c)
	value		50000daf
ARR 50000daf (sz=158, trace=300411, nelems=79, elem type=char[])
OBJ 50000db0 (sz=24, trace=300412, class=java.lang.StringBuilder@50000075)
ARR 50000db1 (sz=48, trace=300413, nelems=0, elem type=char[])
ARR 50000db2 (sz=160, trace=300006, nelems=0, elem type=char[])
ARR 50000db3 (sz=304, trace=300381, nelems=0, elem type=char[])
OBJ 50000db4 (sz=24, trace=300414, class=java.lang.String@5000013c)
	value		50000db5
ARR 50000db5 (sz=158, trace=300415, nelems=79, elem type=char[])
OBJ 50000db6 (sz=24, trace=300416, class=java.io.ExpiringCache$Entry@50000015)
	val		50000dae
OBJ 50000db7 (sz=40, trace=300342, class=java.util.LinkedHashMap$Entry@50000148)
	key		50000db4
	value		50000db6
	before		50000d9a
	after		50000dd4
OBJ 50000db8 (sz=32, trace=300417, class=java.io.File@500000e5)
ARR 50000db9 (sz=368, trace=300418, nelems=0, elem type=char[])
ARR 50000dba (sz=176, trace=300419, nelems=0, elem type=char[])
OBJ 50000dbb (sz=24, trace=300420, class=java.lang.String@5000013c)
	value		50000dbc
ARR 50000dbc (sz=158, trace=300421, nelems=79, elem type=char[])
ARR 50000dbd (sz=256, trace=300010, nelems=0, elem type=byte[])
ARR 50000dbe (sz=96, trace=300011, nelems=0, elem type=byte[])
OBJ 50000dbf (sz=24, trace=300012, class=java.lang.String@5000013c)
ARR 50000dc0 (sz=32, trace=300013, nelems=0, elem type=char[])
OBJ 50000dc1 (sz=64, trace=300422, class=java.net.URL@500000e1)
	protocol	50001958
	host		5000173a
	file		50000dbb
	authority	5000173a
	path		50000dbb
	handler		50001956
OBJ 50000dc2 (sz=24, trace=300423, class=java.net.Parts@50000113)
OBJ 50000dc3 (sz=24, trace=300338, class=java.lang.String@5000013c)
ARR 50000dc4 (sz=160, trace=300339, nelems=0, elem type=char[])
OBJ 50000dc5 (sz=24, trace=300406, class=java.lang.String@5000013c)
ARR 50000dc6 (sz=40, trace=300407, nelems=0, elem type=char[])
OBJ 50000dc7 (sz=24, trace=300408, class=java.lang.StringBuilder@50000075)
ARR 50000dc8 (sz=48, trace=300409, nelems=0, elem type=char[])
ARR 50000dc9 (sz=160, trace=300006, nelems=0, elem type=char[])
ARR 50000dca (sz=304, trace=300381, nelems=0, elem type=char[])
OBJ 50000dcb (sz=24, trace=300410, class=java.lang.String@5000013c)
	value		50000dcc
ARR 50000dcc (sz=168, trace=300411, nelems=84, elem type=char[])
OBJ 50000dcd (sz=24, trace=300412, class=java.lang.StringBuilder@50000075)
ARR 50000dce (sz=48, trace=300413, nelems=0, elem type=char[])
ARR 50000dcf (sz=160, trace=300006, nelems=0, elem type=char[])
ARR 50000dd0 (sz=304, trace=300381, nelems=0, elem type=char[])
OBJ 50000dd1 (sz=24, trace=300414, class=java.lang.String@5000013c)
	value		50000dd2
ARR 50000dd2 (sz=168, trace=300415, nelems=84, elem type=char[])
OBJ 50000dd3 (sz=24, trace=300416, class=java.io.ExpiringCache$Entry@50000015)
	val		50000dcb
OBJ 50000dd4 (sz=40, trace=300342, class=java.util.LinkedHashMap$Entry@50000148)
	key		50000dd1
	value		50000dd3
	before		50000db7
	after		50000df1
OBJ 50000dd5 (sz=32, trace=300417, class=java.io.File@500000e5)
ARR 50000dd6 (sz=384, trace=300418, nelems=0, elem type=char[])
ARR 50000dd7 (sz=184, trace=300419, nelems=0, elem type=char[])
OBJ 50000dd8 (sz=24, trace=300420, class=java.lang.String@5000013c)
	value		50000dd9
ARR 50000dd9 (sz=168, trace=300421, nelems=84, elem type=char[])
ARR 50000dda (sz=272, trace=300010, nelems=0, elem type=byte[])
ARR 50000ddb (sz=104, trace=300011, nelems=0, elem type=byte[])
OBJ 50000ddc (sz=24, trace=300012, class=java.lang.String@5000013c)
ARR 50000ddd (sz=40, trace=300013, nelems=0, elem type=char[])
OBJ 50000dde (sz=64, trace=300422, class=java.net.URL@500000e1)
	protocol	50001958
	host		5000173a
	file		50000dd8
	authority	5000173a
	path		50000dd8
	handler		50001956
OBJ 50000ddf (sz=24, trace=300423, class=java.net.Parts@50000113)
OBJ 50000de0 (sz=24, trace=300338, class=java.lang.String@5000013c)
ARR 50000de1 (sz=160, trace=300339, nelems=0, elem type=char[])
OBJ 50000de2 (sz=24, trace=300406, class=java.lang.String@5000013c)
ARR 50000de3 (sz=32, trace=300407, nelems=0, elem type=char[])
OBJ 50000de4 (sz=24, trace=300408, class=java.lang.StringBuilder@50000075)
ARR 50000de5 (sz=48, trace=300409, nelems=0, elem type=char[])
ARR 50000de6 (sz=160, trace=300006, nelems=0, elem type=char[])
ARR 50000de7 (sz=304, trace=300381, nelems=0, elem type=char[])
OBJ 50000de8 (sz=24, trace=300410, class=java.lang.String@5000013c)
	value		50000de9
ARR 50000de9 (sz=158, trace=300411, nelems=79, elem type=char[])
OBJ 50000dea (sz=24, trace=300412, class=java.lang.StringBuilder@50000075)
ARR 50000deb (sz=48, trace=300413, nelems=0, elem type=char[])
ARR 50000dec (sz=160, trace=300006, nelems=0, elem type=char[])
ARR 50000ded (sz=304, trace=300381, nelems=0, elem type=char[])
OBJ 50000dee (sz=24, trace=300414, class=java.lang.String@5000013c)
	value		50000def
ARR 50000def (sz=158, trace=300415, nelems=79, elem type=char[])
OBJ 50000df0 (sz=24, trace=300416, class=java.io.ExpiringCache$Entry@50000015)
	val		50000de8
OBJ 50000df1 (sz=40, trace=300342, class=java.util.LinkedHashMap$Entry@50000148)
	key		50000dee
	value		50000df0
	before		50000dd4
	after		50000e02
OBJ 50000df2 (sz=32, trace=300417, class=java.io.File@500000e5)
ARR 50000df3 (sz=368, trace=300418, nelems=0, elem type=char[])
ARR 50000df4 (sz=176, trace=300419, nelems=0, elem type=char[])
OBJ 50000df5 (sz=24, trace=300420, class=java.lang.String@5000013c)
	value		50000df6
ARR 50000df6 (sz=158, trace=300421, nelems=79, elem type=char[])
ARR 50000df7 (sz=256, trace=300010, nelems=0, elem type=byte[])
ARR 50000df8 (sz=96, trace=300011, nelems=0, elem type=byte[])
OBJ 50000df9 (sz=24, trace=300012, class=java.lang.String@5000013c)
ARR 50000dfa (sz=32, trace=300013, nelems=0, elem type=char[])
OBJ 50000dfb (sz=64, trace=300422, class=java.net.URL@500000e1)
	protocol	50001958
	host		5000173a
	file		50000df5
	authority	5000173a
	path		50000df5
	handler		50001956
OBJ 50000dfc (sz=24, trace=300423, class=java.net.Parts@50000113)
OBJ 50000dfd (sz=24, trace=300338, class=java.lang.String@5000013c)
ARR 50000dfe (sz=152, trace=300339, nelems=0, elem type=char[])
ARR 50000dff (sz=248, trace=300340, nelems=0, elem type=byte[])
ARR 50000e00 (sz=96, trace=300011, nelems=0, elem type=byte[])
OBJ 50000e01 (sz=24, trace=300341, class=java.io.ExpiringCache$Entry@50000015)
	val		500019dd
OBJ 50000e02 (sz=40, trace=300342, class=java.util.LinkedHashMap$Entry@50000148)
	key		50000b88
	value		50000e01
	next		50000db7
	before		50000df1
	after		50001992
OBJ 50000e03 (sz=24, trace=300391, class=java.lang.String@5000013c)
ARR 50000e04 (sz=152, trace=300339, nelems=0, elem type=char[])
OBJ 50000e05 (sz=32, trace=300392, class=java.io.File@500000e5)
ARR 50000e06 (sz=248, trace=300010, nelems=0, elem type=byte[])
ARR 50000e07 (sz=96, trace=300011, nelems=0, elem type=byte[])
OBJ 50000e08 (sz=24, trace=300012, class=java.lang.String@5000013c)
ARR 50000e09 (sz=32, trace=300013, nelems=0, elem type=char[])
OBJ 50000e0a (sz=32, trace=300417, class=java.io.File@500000e5)
ARR 50000e0b (sz=352, trace=300418, nelems=0, elem type=char[])
ARR 50000e0c (sz=168, trace=300419, nelems=0, elem type=char[])
OBJ 50000e0d (sz=24, trace=300420, class=java.lang.String@5000013c)
	value		50000e0e
ARR 50000e0e (sz=150, trace=300421, nelems=75, elem type=char[])
ARR 50000e0f (sz=248, trace=300010, nelems=0, elem type=byte[])
ARR 50000e10 (sz=96, trace=300011, nelems=0, elem type=byte[])
OBJ 50000e11 (sz=24, trace=300012, class=java.lang.String@5000013c)
ARR 50000e12 (sz=32, trace=300013, nelems=0, elem type=char[])
OBJ 50000e13 (sz=64, trace=300422, class=java.net.URL@500000e1)
	protocol	50001958
	host		5000173a
	file		50000e0d
	authority	5000173a
	path		50000e0d
	handler		50001956
OBJ 50000e14 (sz=24, trace=300423, class=java.net.Parts@50000113)
OBJ 50000e15 (sz=40, trace=300424, class=sun.misc.URLClassPath@500000fc)
	path		50000e16
	urls		50000e17
	loaders		50000e19
	lmap		50000e1a
	jarHandler	50000e21
OBJ 50000e16 (sz=24, trace=300425, class=java.util.ArrayList@50000114)
	elementData	50000e1b
OBJ 50000e17 (sz=32, trace=300034, class=java.util.Stack@5000012b)
	elementData	50000e18
ARR 50000e18 (sz=56, trace=300426, nelems=0, elem type=java.lang.Object[]@5000011b)
OBJ 50000e19 (sz=24, trace=300427, class=java.util.ArrayList@50000114)
	elementData	50000e3a
OBJ 50000e1a (sz=48, trace=300428, class=java.util.HashMap@50000107)
	table		50000e3b
ARR 50000e1b (sz=56, trace=300138, nelems=8, elem type=java.lang.Object[]@5000011b)
	[0]		50000d4d
	[1]		50000d6a
	[2]		50000d87
	[3]		50000da4
	[4]		50000dc1
	[5]		50000dde
	[6]		50000dfb
	[7]		50000e13
OBJ 50000e1c (sz=24, trace=300429, class=java.lang.StringBuilder@50000075)
ARR 50000e1d (sz=48, trace=300430, nelems=0, elem type=char[])
ARR 50000e1e (sz=88, trace=300006, nelems=0, elem type=char[])
OBJ 50000e1f (sz=24, trace=300431, class=java.lang.String@5000013c)
ARR 50000e20 (sz=80, trace=300432, nelems=0, elem type=char[])
OBJ 50000e21 (sz=16, trace=300433, class=sun.net.www.protocol.jar.Handler@5000008e)
OBJ 50000e22 (sz=24, trace=300108, class=java.lang.StringBuilder@50000075)
ARR 50000e23 (sz=48, trace=300109, nelems=0, elem type=char[])
ARR 50000e24 (sz=200, trace=300006, nelems=0, elem type=char[])
OBJ 50000e25 (sz=24, trace=300110, class=java.lang.String@5000013c)
	value		50000e26
ARR 50000e26 (sz=184, trace=300111, nelems=92, elem type=char[])
OBJ 50000e27 (sz=24, trace=300113, class=sun.misc.URLClassPath$3@5000020e)
OBJ 50000e28 (sz=24, trace=300118, class=java.lang.StringBuilder@50000075)
ARR 50000e29 (sz=48, trace=300119, nelems=0, elem type=char[])
OBJ 50000e2a (sz=24, trace=300128, class=java.lang.StringBuffer@50000042)
ARR 50000e2b (sz=200, trace=300129, nelems=0, elem type=char[])
OBJ 50000e2c (sz=24, trace=300130, class=java.lang.String@5000013c)
ARR 50000e2d (sz=200, trace=300131, nelems=0, elem type=char[])
ARR 50000e2e (sz=200, trace=300006, nelems=0, elem type=char[])
ARR 50000e2f (sz=384, trace=300006, nelems=0, elem type=char[])
OBJ 50000e30 (sz=24, trace=300132, class=java.lang.String@5000013c)
	value		50000e31
ARR 50000e31 (sz=184, trace=300133, nelems=92, elem type=char[])
OBJ 50000e32 (sz=64, trace=300134, class=java.net.URL@500000e1)
	protocol	50001a8e
	host		5000173a
	file		50000e30
	authority	5000173a
	path		50000e30
	handler		50000e21
OBJ 50000e33 (sz=24, trace=300135, class=java.net.Parts@50000113)
OBJ 50000e34 (sz=48, trace=300136, class=sun.misc.URLClassPath$JarLoader@50000211)
	base		50000e32
	csu		50000d4d
	metaIndex	50000c8a
	handler		50000e21
	lmap		50000e1a
OBJ 50000e35 (sz=32, trace=300137, class=java.io.File@500000e5)
ARR 50000e36 (sz=272, trace=300010, nelems=0, elem type=byte[])
ARR 50000e37 (sz=104, trace=300011, nelems=0, elem type=byte[])
OBJ 50000e38 (sz=24, trace=300012, class=java.lang.String@5000013c)
ARR 50000e39 (sz=48, trace=300013, nelems=0, elem type=char[])
ARR 50000e3a (sz=56, trace=300138, nelems=6, elem type=java.lang.Object[]@5000011b)
	[0]		50000e34
	[1]		50000e4f
	[2]		50000e87
	[3]		50000ea0
	[4]		50000eb9
	[5]		50000ed2
ARR 50000e3b (sz=80, trace=300139, nelems=15, elem type=java.util.HashMap$Entry[]@50000132)
	[5]		50000ed8
	[6]		50000e8d
	[10]		50000e55
	[13]		50000e3c
	[14]		50000ea6
OBJ 50000e3c (sz=32, trace=300140, class=java.util.HashMap$Entry@50000131)
	key		50000e25
	value		50000e34
OBJ 50000e3d (sz=24, trace=300108, class=java.lang.StringBuilder@50000075)
ARR 50000e3e (sz=48, trace=300109, nelems=0, elem type=char[])
ARR 50000e3f (sz=192, trace=300006, nelems=0, elem type=char[])
OBJ 50000e40 (sz=24, trace=300110, class=java.lang.String@5000013c)
	value		50000e41
ARR 50000e41 (sz=170, trace=300111, nelems=85, elem type=char[])
OBJ 50000e42 (sz=24, trace=300113, class=sun.misc.URLClassPath$3@5000020e)
OBJ 50000e43 (sz=24, trace=300118, class=java.lang.StringBuilder@50000075)
ARR 50000e44 (sz=48, trace=300119, nelems=0, elem type=char[])
OBJ 50000e45 (sz=24, trace=300128, class=java.lang.StringBuffer@50000042)
ARR 50000e46 (sz=184, trace=300129, nelems=0, elem type=char[])
OBJ 50000e47 (sz=24, trace=300130, class=java.lang.String@5000013c)
ARR 50000e48 (sz=184, trace=300131, nelems=0, elem type=char[])
ARR 50000e49 (sz=184, trace=300006, nelems=0, elem type=char[])
ARR 50000e4a (sz=352, trace=300006, nelems=0, elem type=char[])
OBJ 50000e4b (sz=24, trace=300132, class=java.lang.String@5000013c)
	value		50000e4c
ARR 50000e4c (sz=170, trace=300133, nelems=85, elem type=char[])
OBJ 50000e4d (sz=64, trace=300134, class=java.net.URL@500000e1)
	protocol	50001a8e
	host		5000173a
	file		50000e4b
	authority	5000173a
	path		50000e4b
	handler		50000e21
OBJ 50000e4e (sz=24, trace=300135, class=java.net.Parts@50000113)
OBJ 50000e4f (sz=48, trace=300136, class=sun.misc.URLClassPath$JarLoader@50000211)
	base		50000e4d
	csu		50000d6a
	metaIndex	50000cf0
	handler		50000e21
	lmap		50000e1a
OBJ 50000e50 (sz=32, trace=300137, class=java.io.File@500000e5)
ARR 50000e51 (sz=256, trace=300010, nelems=0, elem type=byte[])
ARR 50000e52 (sz=96, trace=300011, nelems=0, elem type=byte[])
OBJ 50000e53 (sz=24, trace=300012, class=java.lang.String@5000013c)
ARR 50000e54 (sz=32, trace=300013, nelems=0, elem type=char[])
OBJ 50000e55 (sz=32, trace=300140, class=java.util.HashMap$Entry@50000131)
	key		50000e40
	value		50000e4f
OBJ 50000e56 (sz=24, trace=300108, class=java.lang.StringBuilder@50000075)
ARR 50000e57 (sz=48, trace=300109, nelems=0, elem type=char[])
ARR 50000e58 (sz=208, trace=300006, nelems=0, elem type=char[])
OBJ 50000e59 (sz=24, trace=300110, class=java.lang.String@5000013c)
ARR 50000e5a (sz=208, trace=300111, nelems=0, elem type=char[])
OBJ 50000e5b (sz=24, trace=300113, class=sun.misc.URLClassPath$3@5000020e)
OBJ 50000e5c (sz=24, trace=300118, class=java.lang.StringBuilder@50000075)
ARR 50000e5d (sz=48, trace=300119, nelems=0, elem type=char[])
OBJ 50000e5e (sz=24, trace=300128, class=java.lang.StringBuffer@50000042)
ARR 50000e5f (sz=200, trace=300129, nelems=0, elem type=char[])
OBJ 50000e60 (sz=24, trace=300130, class=java.lang.String@5000013c)
ARR 50000e61 (sz=200, trace=300131, nelems=0, elem type=char[])
ARR 50000e62 (sz=200, trace=300006, nelems=0, elem type=char[])
ARR 50000e63 (sz=384, trace=300006, nelems=0, elem type=char[])
OBJ 50000e64 (sz=24, trace=300132, class=java.lang.String@5000013c)
ARR 50000e65 (sz=208, trace=300133, nelems=0, elem type=char[])
OBJ 50000e66 (sz=64, trace=300134, class=java.net.URL@500000e1)
OBJ 50000e67 (sz=24, trace=300135, class=java.net.Parts@50000113)
OBJ 50000e68 (sz=48, trace=300136, class=sun.misc.URLClassPath$JarLoader@50000211)
OBJ 50000e69 (sz=32, trace=300137, class=java.io.File@500000e5)
OBJ 50000e6a (sz=16, trace=300142, class=sun.misc.URLClassPath$JarLoader$1@500002cd)
OBJ 50000e6b (sz=24, trace=300144, class=sun.misc.FileURLMapper@500002cf)
OBJ 50000e6c (sz=32, trace=300145, class=java.io.File@500000e5)
ARR 50000e6d (sz=280, trace=300010, nelems=0, elem type=byte[])
ARR 50000e6e (sz=104, trace=300011, nelems=0, elem type=byte[])
OBJ 50000e6f (sz=24, trace=300012, class=java.lang.String@5000013c)
ARR 50000e70 (sz=48, trace=300013, nelems=0, elem type=char[])
OBJ 50000e72 (sz=32, trace=300435, class=java.io.FileNotFoundException@50000e71)
OBJ 50000e73 (sz=40, trace=300324, class=java.security.PrivilegedActionException@50000880)
OBJ 50000e74 (sz=40, trace=300324, class=java.security.PrivilegedActionException@50000880)
OBJ 50000e75 (sz=24, trace=300108, class=java.lang.StringBuilder@50000075)
ARR 50000e76 (sz=48, trace=300109, nelems=0, elem type=char[])
ARR 50000e77 (sz=192, trace=300006, nelems=0, elem type=char[])
OBJ 50000e78 (sz=24, trace=300110, class=java.lang.String@5000013c)
	value		50000e79
ARR 50000e79 (sz=174, trace=300111, nelems=87, elem type=char[])
OBJ 50000e7a (sz=24, trace=300113, class=sun.misc.URLClassPath$3@5000020e)
OBJ 50000e7b (sz=24, trace=300118, class=java.lang.StringBuilder@50000075)
ARR 50000e7c (sz=48, trace=300119, nelems=0, elem type=char[])
OBJ 50000e7d (sz=24, trace=300128, class=java.lang.StringBuffer@50000042)
ARR 50000e7e (sz=192, trace=300129, nelems=0, elem type=char[])
OBJ 50000e7f (sz=24, trace=300130, class=java.lang.String@5000013c)
ARR 50000e80 (sz=192, trace=300131, nelems=0, elem type=char[])
ARR 50000e81 (sz=192, trace=300006, nelems=0, elem type=char[])
ARR 50000e82 (sz=360, trace=300006, nelems=0, elem type=char[])
OBJ 50000e83 (sz=24, trace=300132, class=java.lang.String@5000013c)
	value		50000e84
ARR 50000e84 (sz=174, trace=300133, nelems=87, elem type=char[])
OBJ 50000e85 (sz=64, trace=300134, class=java.net.URL@500000e1)
	protocol	50001a8e
	host		5000173a
	file		50000e83
	authority	5000173a
	path		50000e83
	handler		50000e21
OBJ 50000e86 (sz=24, trace=300135, class=java.net.Parts@50000113)
OBJ 50000e87 (sz=48, trace=300136, class=sun.misc.URLClassPath$JarLoader@50000211)
	base		50000e85
	csu		50000da4
	metaIndex	50000c37
	handler		50000e21
	lmap		50000e1a
OBJ 50000e88 (sz=32, trace=300137, class=java.io.File@500000e5)
ARR 50000e89 (sz=256, trace=300010, nelems=0, elem type=byte[])
ARR 50000e8a (sz=96, trace=300011, nelems=0, elem type=byte[])
OBJ 50000e8b (sz=24, trace=300012, class=java.lang.String@5000013c)
ARR 50000e8c (sz=32, trace=300013, nelems=0, elem type=char[])
OBJ 50000e8d (sz=32, trace=300140, class=java.util.HashMap$Entry@50000131)
	key		50000e78
	value		50000e87
OBJ 50000e8e (sz=24, trace=300108, class=java.lang.StringBuilder@50000075)
ARR 50000e8f (sz=48, trace=300109, nelems=0, elem type=char[])
ARR 50000e90 (sz=192, trace=300006, nelems=0, elem type=char[])
OBJ 50000e91 (sz=24, trace=300110, class=java.lang.String@5000013c)
	value		50000e92
ARR 50000e92 (sz=172, trace=300111, nelems=86, elem type=char[])
OBJ 50000e93 (sz=24, trace=300113, class=sun.misc.URLClassPath$3@5000020e)
OBJ 50000e94 (sz=24, trace=300118, class=java.lang.StringBuilder@50000075)
ARR 50000e95 (sz=48, trace=300119, nelems=0, elem type=char[])
OBJ 50000e96 (sz=24, trace=300128, class=java.lang.StringBuffer@50000042)
ARR 50000e97 (sz=184, trace=300129, nelems=0, elem type=char[])
OBJ 50000e98 (sz=24, trace=300130, class=java.lang.String@5000013c)
ARR 50000e99 (sz=184, trace=300131, nelems=0, elem type=char[])
ARR 50000e9a (sz=184, trace=300006, nelems=0, elem type=char[])
ARR 50000e9b (sz=360, trace=300006, nelems=0, elem type=char[])
OBJ 50000e9c (sz=24, trace=300132, class=java.lang.String@5000013c)
	value		50000e9d
ARR 50000e9d (sz=172, trace=300133, nelems=86, elem type=char[])
OBJ 50000e9e (sz=64, trace=300134, class=java.net.URL@500000e1)
	protocol	50001a8e
	host		5000173a
	file		50000e9c
	authority	5000173a
	path		50000e9c
	handler		50000e21
OBJ 50000e9f (sz=24, trace=300135, class=java.net.Parts@50000113)
OBJ 50000ea0 (sz=48, trace=300136, class=sun.misc.URLClassPath$JarLoader@50000211)
	base		50000e9e
	csu		50000dc1
	metaIndex	50000c11
	handler		50000e21
	lmap		50000e1a
OBJ 50000ea1 (sz=32, trace=300137, class=java.io.File@500000e5)
ARR 50000ea2 (sz=256, trace=300010, nelems=0, elem type=byte[])
ARR 50000ea3 (sz=96, trace=300011, nelems=0, elem type=byte[])
OBJ 50000ea4 (sz=24, trace=300012, class=java.lang.String@5000013c)
ARR 50000ea5 (sz=32, trace=300013, nelems=0, elem type=char[])
OBJ 50000ea6 (sz=32, trace=300140, class=java.util.HashMap$Entry@50000131)
	key		50000e91
	value		50000ea0
OBJ 50000ea7 (sz=24, trace=300108, class=java.lang.StringBuilder@50000075)
ARR 50000ea8 (sz=48, trace=300109, nelems=0, elem type=char[])
ARR 50000ea9 (sz=200, trace=300006, nelems=0, elem type=char[])
OBJ 50000eaa (sz=24, trace=300110, class=java.lang.String@5000013c)
	value		50000eab
ARR 50000eab (sz=182, trace=300111, nelems=91, elem type=char[])
OBJ 50000eac (sz=24, trace=300113, class=sun.misc.URLClassPath$3@5000020e)
OBJ 50000ead (sz=24, trace=300118, class=java.lang.StringBuilder@50000075)
ARR 50000eae (sz=48, trace=300119, nelems=0, elem type=char[])
OBJ 50000eaf (sz=24, trace=300128, class=java.lang.StringBuffer@50000042)
ARR 50000eb0 (sz=200, trace=300129, nelems=0, elem type=char[])
OBJ 50000eb1 (sz=24, trace=300130, class=java.lang.String@5000013c)
ARR 50000eb2 (sz=200, trace=300131, nelems=0, elem type=char[])
ARR 50000eb3 (sz=200, trace=300006, nelems=0, elem type=char[])
ARR 50000eb4 (sz=376, trace=300006, nelems=0, elem type=char[])
OBJ 50000eb5 (sz=24, trace=300132, class=java.lang.String@5000013c)
	value		50000eb6
ARR 50000eb6 (sz=182, trace=300133, nelems=91, elem type=char[])
OBJ 50000eb7 (sz=64, trace=300134, class=java.net.URL@500000e1)
	protocol	50001a8e
	host		5000173a
	file		50000eb5
	authority	5000173a
	path		50000eb5
	handler		50000e21
OBJ 50000eb8 (sz=24, trace=300135, class=java.net.Parts@50000113)
OBJ 50000eb9 (sz=48, trace=300136, class=sun.misc.URLClassPath$JarLoader@50000211)
	base		50000eb7
	csu		50000dde
	metaIndex	50000bfb
	handler		50000e21
	lmap		50000e1a
OBJ 50000eba (sz=32, trace=300137, class=java.io.File@500000e5)
ARR 50000ebb (sz=272, trace=300010, nelems=0, elem type=byte[])
ARR 50000ebc (sz=104, trace=300011, nelems=0, elem type=byte[])
OBJ 50000ebd (sz=24, trace=300012, class=java.lang.String@5000013c)
ARR 50000ebe (sz=40, trace=300013, nelems=0, elem type=char[])
OBJ 50000ebf (sz=32, trace=300140, class=java.util.HashMap$Entry@50000131)
	key		50000eaa
	value		50000eb9
OBJ 50000ec0 (sz=24, trace=300108, class=java.lang.StringBuilder@50000075)
ARR 50000ec1 (sz=48, trace=300109, nelems=0, elem type=char[])
ARR 50000ec2 (sz=192, trace=300006, nelems=0, elem type=char[])
OBJ 50000ec3 (sz=24, trace=300110, class=java.lang.String@5000013c)
	value		50000ec4
ARR 50000ec4 (sz=172, trace=300111, nelems=86, elem type=char[])
OBJ 50000ec5 (sz=24, trace=300113, class=sun.misc.URLClassPath$3@5000020e)
OBJ 50000ec6 (sz=24, trace=300118, class=java.lang.StringBuilder@50000075)
ARR 50000ec7 (sz=48, trace=300119, nelems=0, elem type=char[])
OBJ 50000ec8 (sz=24, trace=300128, class=java.lang.StringBuffer@50000042)
ARR 50000ec9 (sz=184, trace=300129, nelems=0, elem type=char[])
OBJ 50000eca (sz=24, trace=300130, class=java.lang.String@5000013c)
ARR 50000ecb (sz=184, trace=300131, nelems=0, elem type=char[])
ARR 50000ecc (sz=184, trace=300006, nelems=0, elem type=char[])
ARR 50000ecd (sz=360, trace=300006, nelems=0, elem type=char[])
OBJ 50000ece (sz=24, trace=300132, class=java.lang.String@5000013c)
	value		50000ecf
ARR 50000ecf (sz=172, trace=300133, nelems=86, elem type=char[])
OBJ 50000ed0 (sz=64, trace=300134, class=java.net.URL@500000e1)
	protocol	50001a8e
	host		5000173a
	file		50000ece
	authority	5000173a
	path		50000ece
	handler		50000e21
OBJ 50000ed1 (sz=24, trace=300135, class=java.net.Parts@50000113)
OBJ 50000ed2 (sz=48, trace=300136, class=sun.misc.URLClassPath$JarLoader@50000211)
	base		50000ed0
	csu		50000dfb
	metaIndex	50000c25
	handler		50000e21
	lmap		50000e1a
OBJ 50000ed3 (sz=32, trace=300137, class=java.io.File@500000e5)
ARR 50000ed4 (sz=256, trace=300010, nelems=0, elem type=byte[])
ARR 50000ed5 (sz=96, trace=300011, nelems=0, elem type=byte[])
OBJ 50000ed6 (sz=24, trace=300012, class=java.lang.String@5000013c)
ARR 50000ed7 (sz=32, trace=300013, nelems=0, elem type=char[])
OBJ 50000ed8 (sz=32, trace=300140, class=java.util.HashMap$Entry@50000131)
	key		50000ec3
	value		50000ed2
	next		50000ebf
OBJ 50000ed9 (sz=24, trace=300108, class=java.lang.StringBuilder@50000075)
ARR 50000eda (sz=48, trace=300109, nelems=0, elem type=char[])
ARR 50000edb (sz=184, trace=300006, nelems=0, elem type=char[])
OBJ 50000edc (sz=24, trace=300110, class=java.lang.String@5000013c)
ARR 50000edd (sz=184, trace=300111, nelems=0, elem type=char[])
OBJ 50000ede (sz=24, trace=300113, class=sun.misc.URLClassPath$3@5000020e)
OBJ 50000edf (sz=24, trace=300118, class=java.lang.StringBuilder@50000075)
ARR 50000ee0 (sz=48, trace=300119, nelems=0, elem type=char[])
OBJ 50000ee1 (sz=24, trace=300128, class=java.lang.StringBuffer@50000042)
ARR 50000ee2 (sz=176, trace=300129, nelems=0, elem type=char[])
OBJ 50000ee3 (sz=24, trace=300130, class=java.lang.String@5000013c)
ARR 50000ee4 (sz=176, trace=300131, nelems=0, elem type=char[])
ARR 50000ee5 (sz=176, trace=300006, nelems=0, elem type=char[])
ARR 50000ee6 (sz=344, trace=300006, nelems=0, elem type=char[])
OBJ 50000ee7 (sz=24, trace=300132, class=java.lang.String@5000013c)
ARR 50000ee8 (sz=184, trace=300133, nelems=0, elem type=char[])
OBJ 50000ee9 (sz=64, trace=300134, class=java.net.URL@500000e1)
OBJ 50000eea (sz=24, trace=300135, class=java.net.Parts@50000113)
OBJ 50000eeb (sz=48, trace=300136, class=sun.misc.URLClassPath$JarLoader@50000211)
OBJ 50000eec (sz=32, trace=300137, class=java.io.File@500000e5)
OBJ 50000eed (sz=16, trace=300142, class=sun.misc.URLClassPath$JarLoader$1@500002cd)
OBJ 50000eee (sz=24, trace=300144, class=sun.misc.FileURLMapper@500002cf)
OBJ 50000eef (sz=32, trace=300145, class=java.io.File@500000e5)
ARR 50000ef0 (sz=248, trace=300010, nelems=0, elem type=byte[])
ARR 50000ef1 (sz=96, trace=300011, nelems=0, elem type=byte[])
OBJ 50000ef2 (sz=24, trace=300012, class=java.lang.String@5000013c)
ARR 50000ef3 (sz=32, trace=300013, nelems=0, elem type=char[])
OBJ 50000ef4 (sz=32, trace=300435, class=java.io.FileNotFoundException@50000e71)
OBJ 50000ef5 (sz=40, trace=300324, class=java.security.PrivilegedActionException@50000880)
OBJ 50000ef6 (sz=40, trace=300324, class=java.security.PrivilegedActionException@50000880)
OBJ 50000ef8 (sz=24, trace=300437, class=java.net.URLClassLoader$2@50000ef7)
ARR 50000ef9 (sz=112, trace=300204, nelems=0, elem type=char[])
ARR 50000efa (sz=152, trace=300205, nelems=0, elem type=byte[])
ARR 50000efb (sz=64, trace=300206, nelems=0, elem type=byte[])
OBJ 50000efc (sz=16, trace=300261, class=java.util.HashSet@500000cb)
OBJ 50000efd (sz=48, trace=300045, class=java.util.HashMap@50000107)
OBJ 50000efe (sz=24, trace=300262, class=java.lang.String@5000013c)
ARR 50000eff (sz=64, trace=300263, nelems=0, elem type=char[])
ARR 50000f00 (sz=112, trace=300204, nelems=0, elem type=char[])
ARR 50000f01 (sz=152, trace=300205, nelems=0, elem type=byte[])
ARR 50000f02 (sz=64, trace=300206, nelems=0, elem type=byte[])
ARR 50000f03 (sz=112, trace=300204, nelems=0, elem type=char[])
ARR 50000f04 (sz=152, trace=300205, nelems=0, elem type=byte[])
ARR 50000f05 (sz=64, trace=300206, nelems=0, elem type=byte[])
OBJ 50000f06 (sz=16, trace=300261, class=java.util.HashSet@500000cb)
OBJ 50000f07 (sz=48, trace=300045, class=java.util.HashMap@50000107)
OBJ 50000f08 (sz=24, trace=300262, class=java.lang.String@5000013c)
ARR 50000f09 (sz=64, trace=300263, nelems=0, elem type=char[])
ARR 50000f0a (sz=112, trace=300204, nelems=0, elem type=char[])
ARR 50000f0b (sz=152, trace=300205, nelems=0, elem type=byte[])
ARR 50000f0c (sz=64, trace=300206, nelems=0, elem type=byte[])
OBJ 50000f0d (sz=16, trace=300261, class=java.util.HashSet@500000cb)
OBJ 50000f0e (sz=48, trace=300045, class=java.util.HashMap@50000107)
OBJ 50000f0f (sz=24, trace=300262, class=java.lang.String@5000013c)
ARR 50000f10 (sz=64, trace=300263, nelems=0, elem type=char[])
ARR 50000f11 (sz=112, trace=300204, nelems=0, elem type=char[])
ARR 50000f12 (sz=152, trace=300205, nelems=0, elem type=byte[])
ARR 50000f13 (sz=64, trace=300206, nelems=0, elem type=byte[])
OBJ 50000f14 (sz=16, trace=300261, class=java.util.HashSet@500000cb)
OBJ 50000f15 (sz=48, trace=300045, class=java.util.HashMap@50000107)
OBJ 50000f16 (sz=24, trace=300262, class=java.lang.String@5000013c)
ARR 50000f17 (sz=64, trace=300263, nelems=0, elem type=char[])
ARR 50000f18 (sz=112, trace=300204, nelems=0, elem type=char[])
ARR 50000f19 (sz=152, trace=300205, nelems=0, elem type=byte[])
ARR 50000f1a (sz=64, trace=300206, nelems=0, elem type=byte[])
OBJ 50000f1b (sz=16, trace=300261, class=java.util.HashSet@500000cb)
OBJ 50000f1c (sz=48, trace=300045, class=java.util.HashMap@50000107)
OBJ 50000f1d (sz=24, trace=300262, class=java.lang.String@5000013c)
ARR 50000f1e (sz=64, trace=300263, nelems=0, elem type=char[])
ARR 50000f1f (sz=112, trace=300204, nelems=0, elem type=char[])
ARR 50000f20 (sz=152, trace=300205, nelems=0, elem type=byte[])
ARR 50000f21 (sz=64, trace=300206, nelems=0, elem type=byte[])
OBJ 50000f22 (sz=16, trace=300261, class=java.util.HashSet@500000cb)
OBJ 50000f23 (sz=48, trace=300045, class=java.util.HashMap@50000107)
OBJ 50000f24 (sz=24, trace=300262, class=java.lang.String@5000013c)
ARR 50000f25 (sz=64, trace=300263, nelems=0, elem type=char[])
ARR 50000f26 (sz=112, trace=300204, nelems=0, elem type=char[])
ARR 50000f27 (sz=152, trace=300205, nelems=0, elem type=byte[])
ARR 50000f28 (sz=64, trace=300206, nelems=0, elem type=byte[])
ARR 50000f29 (sz=112, trace=300204, nelems=0, elem type=char[])
ARR 50000f2a (sz=152, trace=300205, nelems=0, elem type=byte[])
ARR 50000f2b (sz=64, trace=300206, nelems=0, elem type=byte[])
OBJ 50000f2c (sz=16, trace=300261, class=java.util.HashSet@500000cb)
OBJ 50000f2d (sz=48, trace=300045, class=java.util.HashMap@50000107)
OBJ 50000f2e (sz=24, trace=300262, class=java.lang.String@5000013c)
ARR 50000f2f (sz=64, trace=300263, nelems=0, elem type=char[])
ARR 50000f30 (sz=112, trace=300204, nelems=0, elem type=char[])
ARR 50000f31 (sz=152, trace=300205, nelems=0, elem type=byte[])
ARR 50000f32 (sz=64, trace=300206, nelems=0, elem type=byte[])
ARR 50000f33 (sz=112, trace=300204, nelems=0, elem type=char[])
ARR 50000f34 (sz=152, trace=300205, nelems=0, elem type=byte[])
ARR 50000f35 (sz=64, trace=300206, nelems=0, elem type=byte[])
OBJ 50000f36 (sz=16, trace=300261, class=java.util.HashSet@500000cb)
OBJ 50000f37 (sz=48, trace=300045, class=java.util.HashMap@50000107)
OBJ 50000f38 (sz=24, trace=300262, class=java.lang.String@5000013c)
ARR 50000f39 (sz=64, trace=300263, nelems=0, elem type=char[])
OBJ 50000f3a (sz=24, trace=300438, class=java.net.URLClassLoader$2@50000ef7)
OBJ 50000f3b (sz=64, trace=300439, class=java.net.URL@500000e1)
OBJ 50000f3c (sz=24, trace=300252, class=java.lang.StringBuilder@50000075)
ARR 50000f3d (sz=48, trace=300253, nelems=0, elem type=char[])
ARR 50000f3e (sz=88, trace=300006, nelems=0, elem type=char[])
OBJ 50000f3f (sz=24, trace=300256, class=java.lang.String@5000013c)
ARR 50000f40 (sz=80, trace=300257, nelems=0, elem type=char[])
OBJ 50000f41 (sz=24, trace=300345, class=java.lang.String@5000013c)
ARR 50000f42 (sz=72, trace=300346, nelems=0, elem type=char[])
ARR 50000f43 (sz=232, trace=300440, nelems=0, elem type=char[])
ARR 50000f44 (sz=112, trace=300441, nelems=0, elem type=char[])
OBJ 50000f45 (sz=24, trace=300442, class=java.lang.String@5000013c)
ARR 50000f46 (sz=112, trace=300350, nelems=0, elem type=char[])
OBJ 50000f47 (sz=64, trace=300443, class=java.net.URL@500000e1)
OBJ 50000f48 (sz=24, trace=300252, class=java.lang.StringBuilder@50000075)
ARR 50000f49 (sz=48, trace=300253, nelems=0, elem type=char[])
ARR 50000f4a (sz=88, trace=300006, nelems=0, elem type=char[])
ARR 50000f4b (sz=168, trace=300006, nelems=0, elem type=char[])
OBJ 50000f4c (sz=24, trace=300256, class=java.lang.String@5000013c)
ARR 50000f4d (sz=168, trace=300257, nelems=0, elem type=char[])
OBJ 50000f4e (sz=32, trace=300444, class=java.io.File@500000e5)
OBJ 50000f4f (sz=24, trace=300353, class=java.lang.StringBuilder@50000075)
ARR 50000f50 (sz=48, trace=300354, nelems=0, elem type=char[])
ARR 50000f51 (sz=88, trace=300006, nelems=0, elem type=char[])
ARR 50000f52 (sz=168, trace=300006, nelems=0, elem type=char[])
OBJ 50000f53 (sz=24, trace=300355, class=java.lang.String@5000013c)
ARR 50000f54 (sz=168, trace=300356, nelems=0, elem type=char[])
ARR 50000f55 (sz=240, trace=300010, nelems=0, elem type=byte[])
ARR 50000f56 (sz=96, trace=300011, nelems=0, elem type=byte[])
OBJ 50000f57 (sz=24, trace=300012, class=java.lang.String@5000013c)
ARR 50000f58 (sz=64, trace=300013, nelems=0, elem type=char[])
OBJ 50000f59 (sz=32, trace=300080, class=java.util.ResourceBundle$LoaderReference@500001c2)
	referent	5000019c
	queue		50000197
	cacheKey	5000222c
OBJ 50000f5a (sz=48, trace=300094, class=java.util.ResourceBundle$BundleReference@500001ed)
	referent	50000191
	queue		50000197
	cacheKey	5000222c
ARR 50000f5b (sz=24, trace=300445, nelems=0, elem type=java.util.concurrent.ConcurrentHashMap$HashEntry[]@5000012d)
OBJ 50000f5c (sz=40, trace=300076, class=java.util.concurrent.ConcurrentHashMap$Segment@50000010)
	sync		50000f5d
	table		50001553
OBJ 50000f5d (sz=32, trace=300026, class=java.util.concurrent.locks.ReentrantLock$NonfairSync@500000c1)
OBJ 50000f5e (sz=32, trace=300096, class=java.util.concurrent.ConcurrentHashMap$HashEntry@5000012c)
	key		5000222c
	value		50000f5a
OBJ 50000f5f (sz=32, trace=300080, class=java.util.ResourceBundle$LoaderReference@500001c2)
OBJ 50000f60 (sz=24, trace=300097, class=java.lang.StringBuilder@50000075)
ARR 50000f61 (sz=112, trace=300098, nelems=0, elem type=char[])
OBJ 50000f62 (sz=24, trace=300099, class=java.lang.String@5000013c)
	value		50000f63
ARR 50000f63 (sz=74, trace=300100, nelems=37, elem type=char[])
OBJ 50000f64 (sz=16, trace=300081, class=java.lang.Object@5000011a)
ARR 50000f65 (sz=24, trace=300082, nelems=1, elem type=java.util.concurrent.ConcurrentHashMap$HashEntry[]@5000012d)
	[0]		50000f68
OBJ 50000f66 (sz=40, trace=300076, class=java.util.concurrent.ConcurrentHashMap$Segment@50000010)
	sync		50000f67
	table		50000f65
OBJ 50000f67 (sz=32, trace=300026, class=java.util.concurrent.locks.ReentrantLock$NonfairSync@500000c1)
OBJ 50000f68 (sz=32, trace=300083, class=java.util.concurrent.ConcurrentHashMap$HashEntry@5000012c)
	key		50000f62
	value		50000f64
OBJ 50000f69 (sz=16, trace=300084, class=java.lang.Object@5000011a)
ARR 50000f6a (sz=24, trace=300082, nelems=1, elem type=java.util.concurrent.ConcurrentHashMap$HashEntry[]@5000012d)
	[0]		50000f6d
OBJ 50000f6b (sz=40, trace=300076, class=java.util.concurrent.ConcurrentHashMap$Segment@50000010)
	sync		50000f6c
	table		50000f6a
OBJ 50000f6c (sz=32, trace=300026, class=java.util.concurrent.locks.ReentrantLock$NonfairSync@500000c1)
OBJ 50000f6d (sz=32, trace=300083, class=java.util.concurrent.ConcurrentHashMap$HashEntry@5000012c)
	key		50000f62
	value		50000f69
OBJ 50000f6e (sz=24, trace=300102, class=java.net.URLClassLoader$1@50000202)
ARR 50000f6f (sz=96, trace=300103, nelems=0, elem type=char[])
OBJ 50000f70 (sz=24, trace=300104, class=java.lang.String@5000013c)
ARR 50000f71 (sz=104, trace=300105, nelems=0, elem type=char[])
OBJ 50000f72 (sz=24, trace=300106, class=java.lang.String@5000013c)
ARR 50000f73 (sz=104, trace=300204, nelems=0, elem type=char[])
ARR 50000f74 (sz=152, trace=300205, nelems=0, elem type=byte[])
ARR 50000f75 (sz=64, trace=300206, nelems=0, elem type=byte[])
OBJ 50000f76 (sz=16, trace=300261, class=java.util.HashSet@500000cb)
OBJ 50000f77 (sz=48, trace=300045, class=java.util.HashMap@50000107)
OBJ 50000f78 (sz=24, trace=300262, class=java.lang.String@5000013c)
ARR 50000f79 (sz=64, trace=300263, nelems=0, elem type=char[])
ARR 50000f7a (sz=104, trace=300204, nelems=0, elem type=char[])
ARR 50000f7b (sz=152, trace=300205, nelems=0, elem type=byte[])
ARR 50000f7c (sz=64, trace=300206, nelems=0, elem type=byte[])
ARR 50000f7d (sz=104, trace=300204, nelems=0, elem type=char[])
ARR 50000f7e (sz=152, trace=300205, nelems=0, elem type=byte[])
ARR 50000f7f (sz=64, trace=300206, nelems=0, elem type=byte[])
OBJ 50000f80 (sz=16, trace=300261, class=java.util.HashSet@500000cb)
OBJ 50000f81 (sz=48, trace=300045, class=java.util.HashMap@50000107)
OBJ 50000f82 (sz=24, trace=300262, class=java.lang.String@5000013c)
ARR 50000f83 (sz=64, trace=300263, nelems=0, elem type=char[])
ARR 50000f84 (sz=104, trace=300204, nelems=0, elem type=char[])
ARR 50000f85 (sz=152, trace=300205, nelems=0, elem type=byte[])
ARR 50000f86 (sz=64, trace=300206, nelems=0, elem type=byte[])
OBJ 50000f87 (sz=16, trace=300261, class=java.util.HashSet@500000cb)
OBJ 50000f88 (sz=48, trace=300045, class=java.util.HashMap@50000107)
OBJ 50000f89 (sz=24, trace=300262, class=java.lang.String@5000013c)
ARR 50000f8a (sz=64, trace=300263, nelems=0, elem type=char[])
ARR 50000f8b (sz=104, trace=300204, nelems=0, elem type=char[])
ARR 50000f8c (sz=152, trace=300205, nelems=0, elem type=byte[])
ARR 50000f8d (sz=64, trace=300206, nelems=0, elem type=byte[])
OBJ 50000f8e (sz=16, trace=300261, class=java.util.HashSet@500000cb)
OBJ 50000f8f (sz=48, trace=300045, class=java.util.HashMap@50000107)
OBJ 50000f90 (sz=24, trace=300262, class=java.lang.String@5000013c)
ARR 50000f91 (sz=64, trace=300263, nelems=0, elem type=char[])
ARR 50000f92 (sz=104, trace=300204, nelems=0, elem type=char[])
ARR 50000f93 (sz=152, trace=300205, nelems=0, elem type=byte[])
ARR 50000f94 (sz=64, trace=300206, nelems=0, elem type=byte[])
OBJ 50000f95 (sz=16, trace=300261, class=java.util.HashSet@500000cb)
OBJ 50000f96 (sz=48, trace=300045, class=java.util.HashMap@50000107)
OBJ 50000f97 (sz=24, trace=300262, class=java.lang.String@5000013c)
ARR 50000f98 (sz=64, trace=300263, nelems=0, elem type=char[])
ARR 50000f99 (sz=104, trace=300204, nelems=0, elem type=char[])
ARR 50000f9a (sz=152, trace=300205, nelems=0, elem type=byte[])
ARR 50000f9b (sz=64, trace=300206, nelems=0, elem type=byte[])
OBJ 50000f9c (sz=16, trace=300261, class=java.util.HashSet@500000cb)
OBJ 50000f9d (sz=48, trace=300045, class=java.util.HashMap@50000107)
OBJ 50000f9e (sz=24, trace=300262, class=java.lang.String@5000013c)
ARR 50000f9f (sz=64, trace=300263, nelems=0, elem type=char[])
ARR 50000fa0 (sz=104, trace=300204, nelems=0, elem type=char[])
ARR 50000fa1 (sz=152, trace=300205, nelems=0, elem type=byte[])
ARR 50000fa2 (sz=64, trace=300206, nelems=0, elem type=byte[])
ARR 50000fa3 (sz=104, trace=300204, nelems=0, elem type=char[])
ARR 50000fa4 (sz=152, trace=300205, nelems=0, elem type=byte[])
ARR 50000fa5 (sz=64, trace=300206, nelems=0, elem type=byte[])
OBJ 50000fa6 (sz=16, trace=300261, class=java.util.HashSet@500000cb)
OBJ 50000fa7 (sz=48, trace=300045, class=java.util.HashMap@50000107)
OBJ 50000fa8 (sz=24, trace=300262, class=java.lang.String@5000013c)
ARR 50000fa9 (sz=64, trace=300263, nelems=0, elem type=char[])
ARR 50000faa (sz=104, trace=300204, nelems=0, elem type=char[])
ARR 50000fab (sz=152, trace=300205, nelems=0, elem type=byte[])
ARR 50000fac (sz=64, trace=300206, nelems=0, elem type=byte[])
ARR 50000fad (sz=104, trace=300204, nelems=0, elem type=char[])
ARR 50000fae (sz=152, trace=300205, nelems=0, elem type=byte[])
ARR 50000faf (sz=64, trace=300206, nelems=0, elem type=byte[])
OBJ 50000fb0 (sz=16, trace=300261, class=java.util.HashSet@500000cb)
OBJ 50000fb1 (sz=48, trace=300045, class=java.util.HashMap@50000107)
OBJ 50000fb2 (sz=24, trace=300262, class=java.lang.String@5000013c)
ARR 50000fb3 (sz=64, trace=300263, nelems=0, elem type=char[])
OBJ 50000fb4 (sz=40, trace=300326, class=java.lang.ClassNotFoundException@5000014f)
OBJ 50000fb5 (sz=40, trace=300327, class=java.security.PrivilegedActionException@50000880)
OBJ 50000fb6 (sz=24, trace=300328, class=java.net.URLClassLoader$1@50000202)
ARR 50000fb7 (sz=96, trace=300103, nelems=0, elem type=char[])
OBJ 50000fb8 (sz=24, trace=300104, class=java.lang.String@5000013c)
ARR 50000fb9 (sz=104, trace=300105, nelems=0, elem type=char[])
OBJ 50000fba (sz=24, trace=300106, class=java.lang.String@5000013c)
OBJ 50000fbb (sz=64, trace=300344, class=java.net.URL@500000e1)
OBJ 50000fbc (sz=24, trace=300252, class=java.lang.StringBuilder@50000075)
ARR 50000fbd (sz=48, trace=300253, nelems=0, elem type=char[])
ARR 50000fbe (sz=88, trace=300006, nelems=0, elem type=char[])
OBJ 50000fbf (sz=24, trace=300256, class=java.lang.String@5000013c)
ARR 50000fc0 (sz=80, trace=300257, nelems=0, elem type=char[])
OBJ 50000fc1 (sz=24, trace=300345, class=java.lang.String@5000013c)
ARR 50000fc2 (sz=72, trace=300346, nelems=0, elem type=char[])
ARR 50000fc3 (sz=224, trace=300347, nelems=0, elem type=char[])
ARR 50000fc4 (sz=104, trace=300348, nelems=0, elem type=char[])
OBJ 50000fc5 (sz=24, trace=300349, class=java.lang.String@5000013c)
ARR 50000fc6 (sz=104, trace=300350, nelems=0, elem type=char[])
OBJ 50000fc7 (sz=64, trace=300351, class=java.net.URL@500000e1)
OBJ 50000fc8 (sz=24, trace=300252, class=java.lang.StringBuilder@50000075)
ARR 50000fc9 (sz=48, trace=300253, nelems=0, elem type=char[])
ARR 50000fca (sz=88, trace=300006, nelems=0, elem type=char[])
ARR 50000fcb (sz=160, trace=300006, nelems=0, elem type=char[])
OBJ 50000fcc (sz=24, trace=300256, class=java.lang.String@5000013c)
ARR 50000fcd (sz=160, trace=300257, nelems=0, elem type=char[])
OBJ 50000fce (sz=32, trace=300352, class=java.io.File@500000e5)
OBJ 50000fcf (sz=24, trace=300353, class=java.lang.StringBuilder@50000075)
ARR 50000fd0 (sz=48, trace=300354, nelems=0, elem type=char[])
ARR 50000fd1 (sz=88, trace=300006, nelems=0, elem type=char[])
ARR 50000fd2 (sz=160, trace=300006, nelems=0, elem type=char[])
OBJ 50000fd3 (sz=24, trace=300355, class=java.lang.String@5000013c)
ARR 50000fd4 (sz=160, trace=300356, nelems=0, elem type=char[])
ARR 50000fd5 (sz=232, trace=300010, nelems=0, elem type=byte[])
ARR 50000fd6 (sz=88, trace=300011, nelems=0, elem type=byte[])
OBJ 50000fd7 (sz=24, trace=300012, class=java.lang.String@5000013c)
ARR 50000fd8 (sz=56, trace=300013, nelems=0, elem type=char[])
OBJ 50000fd9 (sz=40, trace=300326, class=java.lang.ClassNotFoundException@5000014f)
OBJ 50000fda (sz=40, trace=300327, class=java.security.PrivilegedActionException@50000880)
OBJ 50000fdb (sz=24, trace=300097, class=java.lang.StringBuilder@50000075)
ARR 50000fdc (sz=112, trace=300098, nelems=0, elem type=char[])
OBJ 50000fdd (sz=24, trace=300099, class=java.lang.String@5000013c)
ARR 50000fde (sz=96, trace=300100, nelems=0, elem type=char[])
OBJ 50000fdf (sz=24, trace=300357, class=java.lang.StringBuilder@50000075)
ARR 50000fe0 (sz=112, trace=300358, nelems=0, elem type=char[])
ARR 50000fe1 (sz=96, trace=300359, nelems=0, elem type=char[])
OBJ 50000fe2 (sz=24, trace=300360, class=java.lang.String@5000013c)
OBJ 50000fe3 (sz=24, trace=300361, class=java.lang.String@5000013c)
ARR 50000fe4 (sz=112, trace=300362, nelems=0, elem type=char[])
OBJ 50000fe5 (sz=32, trace=300364, class=java.util.ResourceBundle$Control$1@50000b6d)
OBJ 50000fe6 (sz=24, trace=300437, class=java.net.URLClassLoader$2@50000ef7)
ARR 50000fe7 (sz=112, trace=300204, nelems=0, elem type=char[])
ARR 50000fe8 (sz=160, trace=300205, nelems=0, elem type=byte[])
ARR 50000fe9 (sz=64, trace=300206, nelems=0, elem type=byte[])
OBJ 50000fea (sz=16, trace=300261, class=java.util.HashSet@500000cb)
OBJ 50000feb (sz=48, trace=300045, class=java.util.HashMap@50000107)
OBJ 50000fec (sz=24, trace=300262, class=java.lang.String@5000013c)
ARR 50000fed (sz=64, trace=300263, nelems=0, elem type=char[])
ARR 50000fee (sz=112, trace=300204, nelems=0, elem type=char[])
ARR 50000fef (sz=160, trace=300205, nelems=0, elem type=byte[])
ARR 50000ff0 (sz=64, trace=300206, nelems=0, elem type=byte[])
ARR 50000ff1 (sz=112, trace=300204, nelems=0, elem type=char[])
ARR 50000ff2 (sz=160, trace=300205, nelems=0, elem type=byte[])
ARR 50000ff3 (sz=64, trace=300206, nelems=0, elem type=byte[])
OBJ 50000ff4 (sz=16, trace=300261, class=java.util.HashSet@500000cb)
OBJ 50000ff5 (sz=48, trace=300045, class=java.util.HashMap@50000107)
OBJ 50000ff6 (sz=24, trace=300262, class=java.lang.String@5000013c)
ARR 50000ff7 (sz=64, trace=300263, nelems=0, elem type=char[])
ARR 50000ff8 (sz=112, trace=300204, nelems=0, elem type=char[])
ARR 50000ff9 (sz=160, trace=300205, nelems=0, elem type=byte[])
ARR 50000ffa (sz=64, trace=300206, nelems=0, elem type=byte[])
OBJ 50000ffb (sz=16, trace=300261, class=java.util.HashSet@500000cb)
OBJ 50000ffc (sz=48, trace=300045, class=java.util.HashMap@50000107)
OBJ 50000ffd (sz=24, trace=300262, class=java.lang.String@5000013c)
ARR 50000ffe (sz=64, trace=300263, nelems=0, elem type=char[])
ARR 50000fff (sz=112, trace=300204, nelems=0, elem type=char[])
ARR 50001000 (sz=160, trace=300205, nelems=0, elem type=byte[])
ARR 50001001 (sz=64, trace=300206, nelems=0, elem type=byte[])
OBJ 50001002 (sz=16, trace=300261, class=java.util.HashSet@500000cb)
OBJ 50001003 (sz=48, trace=300045, class=java.util.HashMap@50000107)
OBJ 50001004 (sz=24, trace=300262, class=java.lang.String@5000013c)
ARR 50001005 (sz=64, trace=300263, nelems=0, elem type=char[])
ARR 50001006 (sz=112, trace=300204, nelems=0, elem type=char[])
ARR 50001007 (sz=160, trace=300205, nelems=0, elem type=byte[])
ARR 50001008 (sz=64, trace=300206, nelems=0, elem type=byte[])
OBJ 50001009 (sz=16, trace=300261, class=java.util.HashSet@500000cb)
OBJ 5000100a (sz=48, trace=300045, class=java.util.HashMap@50000107)
OBJ 5000100b (sz=24, trace=300262, class=java.lang.String@5000013c)
ARR 5000100c (sz=64, trace=300263, nelems=0, elem type=char[])
ARR 5000100d (sz=112, trace=300204, nelems=0, elem type=char[])
ARR 5000100e (sz=160, trace=300205, nelems=0, elem type=byte[])
ARR 5000100f (sz=64, trace=300206, nelems=0, elem type=byte[])
OBJ 50001010 (sz=16, trace=300261, class=java.util.HashSet@500000cb)
OBJ 50001011 (sz=48, trace=300045, class=java.util.HashMap@50000107)
OBJ 50001012 (sz=24, trace=300262, class=java.lang.String@5000013c)
ARR 50001013 (sz=64, trace=300263, nelems=0, elem type=char[])
ARR 50001014 (sz=112, trace=300204, nelems=0, elem type=char[])
ARR 50001015 (sz=160, trace=300205, nelems=0, elem type=byte[])
ARR 50001016 (sz=64, trace=300206, nelems=0, elem type=byte[])
ARR 50001017 (sz=112, trace=300204, nelems=0, elem type=char[])
ARR 50001018 (sz=160, trace=300205, nelems=0, elem type=byte[])
ARR 50001019 (sz=64, trace=300206, nelems=0, elem type=byte[])
OBJ 5000101a (sz=16, trace=300261, class=java.util.HashSet@500000cb)
OBJ 5000101b (sz=48, trace=300045, class=java.util.HashMap@50000107)
OBJ 5000101c (sz=24, trace=300262, class=java.lang.String@5000013c)
ARR 5000101d (sz=64, trace=300263, nelems=0, elem type=char[])
ARR 5000101e (sz=112, trace=300204, nelems=0, elem type=char[])
ARR 5000101f (sz=160, trace=300205, nelems=0, elem type=byte[])
ARR 50001020 (sz=64, trace=300206, nelems=0, elem type=byte[])
ARR 50001021 (sz=112, trace=300204, nelems=0, elem type=char[])
ARR 50001022 (sz=160, trace=300205, nelems=0, elem type=byte[])
ARR 50001023 (sz=64, trace=300206, nelems=0, elem type=byte[])
OBJ 50001024 (sz=16, trace=300261, class=java.util.HashSet@500000cb)
OBJ 50001025 (sz=48, trace=300045, class=java.util.HashMap@50000107)
OBJ 50001026 (sz=24, trace=300262, class=java.lang.String@5000013c)
ARR 50001027 (sz=64, trace=300263, nelems=0, elem type=char[])
OBJ 50001028 (sz=24, trace=300438, class=java.net.URLClassLoader$2@50000ef7)
OBJ 50001029 (sz=64, trace=300439, class=java.net.URL@500000e1)
OBJ 5000102a (sz=24, trace=300252, class=java.lang.StringBuilder@50000075)
ARR 5000102b (sz=48, trace=300253, nelems=0, elem type=char[])
ARR 5000102c (sz=88, trace=300006, nelems=0, elem type=char[])
OBJ 5000102d (sz=24, trace=300256, class=java.lang.String@5000013c)
ARR 5000102e (sz=80, trace=300257, nelems=0, elem type=char[])
OBJ 5000102f (sz=24, trace=300345, class=java.lang.String@5000013c)
ARR 50001030 (sz=72, trace=300346, nelems=0, elem type=char[])
ARR 50001031 (sz=240, trace=300440, nelems=0, elem type=char[])
ARR 50001032 (sz=112, trace=300441, nelems=0, elem type=char[])
OBJ 50001033 (sz=24, trace=300442, class=java.lang.String@5000013c)
ARR 50001034 (sz=112, trace=300350, nelems=0, elem type=char[])
OBJ 50001035 (sz=64, trace=300443, class=java.net.URL@500000e1)
OBJ 50001036 (sz=24, trace=300252, class=java.lang.StringBuilder@50000075)
ARR 50001037 (sz=48, trace=300253, nelems=0, elem type=char[])
ARR 50001038 (sz=88, trace=300006, nelems=0, elem type=char[])
ARR 50001039 (sz=168, trace=300006, nelems=0, elem type=char[])
OBJ 5000103a (sz=24, trace=300256, class=java.lang.String@5000013c)
ARR 5000103b (sz=168, trace=300257, nelems=0, elem type=char[])
OBJ 5000103c (sz=32, trace=300444, class=java.io.File@500000e5)
OBJ 5000103d (sz=24, trace=300353, class=java.lang.StringBuilder@50000075)
ARR 5000103e (sz=48, trace=300354, nelems=0, elem type=char[])
ARR 5000103f (sz=88, trace=300006, nelems=0, elem type=char[])
ARR 50001040 (sz=168, trace=300006, nelems=0, elem type=char[])
OBJ 50001041 (sz=24, trace=300355, class=java.lang.String@5000013c)
ARR 50001042 (sz=168, trace=300356, nelems=0, elem type=char[])
ARR 50001043 (sz=248, trace=300010, nelems=0, elem type=byte[])
ARR 50001044 (sz=96, trace=300011, nelems=0, elem type=byte[])
OBJ 50001045 (sz=24, trace=300012, class=java.lang.String@5000013c)
ARR 50001046 (sz=72, trace=300013, nelems=0, elem type=char[])
OBJ 50001047 (sz=32, trace=300080, class=java.util.ResourceBundle$LoaderReference@500001c2)
	referent	5000019c
	queue		50000197
	cacheKey	500021e5
OBJ 50001048 (sz=48, trace=300094, class=java.util.ResourceBundle$BundleReference@500001ed)
	referent	50000191
	queue		50000197
	cacheKey	500021e5
ARR 50001049 (sz=24, trace=300445, nelems=2, elem type=java.util.concurrent.ConcurrentHashMap$HashEntry[]@5000012d)
	[1]		5000104c
OBJ 5000104a (sz=40, trace=300076, class=java.util.concurrent.ConcurrentHashMap$Segment@50000010)
	sync		5000104b
	table		50001049
OBJ 5000104b (sz=32, trace=300026, class=java.util.concurrent.locks.ReentrantLock$NonfairSync@500000c1)
OBJ 5000104c (sz=32, trace=300096, class=java.util.concurrent.ConcurrentHashMap$HashEntry@5000012c)
	key		500021e5
	value		50001048
ARR 5000104e (sz=88, trace=300446, nelems=0, elem type=java.lang.Object[][]@5000104d)
ARR 5000104f (sz=24, trace=300447, nelems=0, elem type=java.lang.Object[]@5000011b)
ARR 50001050 (sz=24, trace=300448, nelems=0, elem type=java.lang.Object[]@5000011b)
ARR 50001051 (sz=24, trace=300449, nelems=0, elem type=java.lang.Object[]@5000011b)
ARR 50001052 (sz=24, trace=300450, nelems=0, elem type=java.lang.Object[]@5000011b)
ARR 50001053 (sz=24, trace=300451, nelems=0, elem type=java.lang.Object[]@5000011b)
ARR 50001054 (sz=24, trace=300452, nelems=0, elem type=java.lang.Object[]@5000011b)
ARR 50001055 (sz=24, trace=300453, nelems=0, elem type=java.lang.Object[]@5000011b)
ARR 50001056 (sz=24, trace=300454, nelems=0, elem type=java.lang.Object[]@5000011b)
ARR 50001057 (sz=24, trace=300455, nelems=0, elem type=java.lang.Object[]@5000011b)
ARR 50001058 (sz=24, trace=300456, nelems=0, elem type=java.lang.Object[]@5000011b)
ARR 50001059 (sz=24, trace=300457, nelems=0, elem type=java.lang.Object[]@5000011b)
ARR 5000105a (sz=24, trace=300458, nelems=0, elem type=java.lang.Object[]@5000011b)
ARR 5000105b (sz=24, trace=300459, nelems=0, elem type=java.lang.Object[]@5000011b)
ARR 5000105c (sz=24, trace=300460, nelems=0, elem type=java.lang.Object[]@5000011b)
ARR 5000105d (sz=24, trace=300461, nelems=0, elem type=java.lang.Object[]@5000011b)
ARR 5000105e (sz=24, trace=300462, nelems=0, elem type=java.lang.Object[]@5000011b)
ARR 5000105f (sz=24, trace=300463, nelems=0, elem type=java.lang.Object[]@5000011b)
OBJ 50001060 (sz=48, trace=300464, class=java.util.HashMap@50000107)
	table		50001061
ARR 50001061 (sz=144, trace=300465, nelems=32, elem type=java.util.HashMap$Entry[]@50000132)
	[0]		50001072
	[1]		5000106a
	[2]		5000106b
	[3]		5000106c
	[4]		50001066
	[5]		50001065
	[7]		50001067
	[13]		50001062
	[14]		5000106e
	[17]		50001068
	[18]		50001069
	[24]		50001071
	[25]		50001070
	[27]		50001064
	[28]		5000106f
	[31]		5000106d
OBJ 50001062 (sz=32, trace=300140, class=java.util.HashMap$Entry@50000131)
	key		50002208
	value		50002207
OBJ 50001063 (sz=32, trace=300140, class=java.util.HashMap$Entry@50000131)
	key		50002228
	value		50002227
OBJ 50001064 (sz=32, trace=300140, class=java.util.HashMap$Entry@50000131)
	key		500021f0
	value		500021ef
OBJ 50001065 (sz=32, trace=300140, class=java.util.HashMap$Entry@50000131)
	key		50002210
	value		5000220f
OBJ 50001066 (sz=32, trace=300140, class=java.util.HashMap$Entry@50000131)
	key		50002214
	value		50002213
OBJ 50001067 (sz=32, trace=300140, class=java.util.HashMap$Entry@50000131)
	key		5000220c
	value		5000220b
OBJ 50001068 (sz=32, trace=300140, class=java.util.HashMap$Entry@50000131)
	key		50002200
	value		500021ff
OBJ 50001069 (sz=32, trace=300140, class=java.util.HashMap$Entry@50000131)
	key		500021fc
	value		500021fb
OBJ 5000106a (sz=32, trace=300140, class=java.util.HashMap$Entry@50000131)
	key		50002220
	value		5000221f
OBJ 5000106b (sz=32, trace=300140, class=java.util.HashMap$Entry@50000131)
	key		5000221c
	value		5000221b
OBJ 5000106c (sz=32, trace=300140, class=java.util.HashMap$Entry@50000131)
	key		50002218
	value		50002217
OBJ 5000106d (sz=32, trace=300140, class=java.util.HashMap$Entry@50000131)
	key		500021e8
	value		500021e7
OBJ 5000106e (sz=32, trace=300140, class=java.util.HashMap$Entry@50000131)
	key		50002204
	value		50002203
OBJ 5000106f (sz=32, trace=300140, class=java.util.HashMap$Entry@50000131)
	key		500021ec
	value		500021eb
OBJ 50001070 (sz=32, trace=300140, class=java.util.HashMap$Entry@50000131)
	key		500021f4
	value		500021f3
OBJ 50001071 (sz=32, trace=300140, class=java.util.HashMap$Entry@50000131)
	key		500021f8
	value		500021f7
OBJ 50001072 (sz=32, trace=300140, class=java.util.HashMap$Entry@50000131)
	key		50002224
	value		50002223
	next		50001063
ARR 50001075 (sz=40, trace=300467, nelems=5, elem type=java.lang.String[]@5000013d)
	[0]		5000173a
	[1]		5000234d
	[2]		5000234e
	[3]		5000234f
	[4]		50002350
ARR 50001076 (sz=32, trace=300468, nelems=4, elem type=java.lang.String[]@5000013d)
	[0]		5000173a
	[1]		50002313
	[2]		50002311
	[3]		5000230a
ARR 50001077 (sz=40, trace=300469, nelems=5, elem type=java.lang.String[]@5000013d)
	[0]		5000173a
	[1]		50001980
	[2]		50002351
	[3]		5000197e
	[4]		50002352
ARR 50001078 (sz=20, trace=300470, nelems=5, elem type=int[])
OBJ 50001079 (sz=40, trace=300471, class=java.text.MessageFormat@50001074)
ARR 5000107b (sz=56, trace=300472, nelems=0, elem type=java.text.Format[]@5000107a)
ARR 5000107c (sz=56, trace=300473, nelems=0, elem type=int[])
ARR 5000107d (sz=56, trace=300474, nelems=0, elem type=int[])
OBJ 5000107f (sz=40, trace=300476, class=java.util.Locale$Category@5000107e)
	name		5000216f
	languageKey	50002170
	scriptKey	50002171
	countryKey	50002172
	variantKey	50002173
OBJ 50001080 (sz=40, trace=300477, class=java.util.Locale$Category@5000107e)
	name		50002174
	languageKey	50002175
	scriptKey	50002176
	countryKey	50002177
	variantKey	50002178
ARR 50001082 (sz=24, trace=300478, nelems=2, elem type=java.util.Locale$Category[]@50001081)
	[0]		5000107f
	[1]		50001080
ARR 50001084 (sz=8, trace=300480, nelems=2, elem type=int[])
OBJ 50001085 (sz=24, trace=300481, class=sun.security.action.GetPropertyAction@5000012a)
OBJ 50001086 (sz=24, trace=300482, class=sun.security.action.GetPropertyAction@5000012a)
OBJ 50001087 (sz=24, trace=300483, class=sun.security.action.GetPropertyAction@5000012a)
OBJ 50001088 (sz=24, trace=300484, class=sun.security.action.GetPropertyAction@5000012a)
OBJ 50001089 (sz=40, trace=300068, class=sun.util.locale.BaseLocale$Key@500000f7)
OBJ 5000108a (sz=24, trace=300069, class=java.util.Locale$LocaleKey@50000080)
ARR 5000108c (sz=32, trace=300485, nelems=0, elem type=java.lang.StringBuilder[]@5000108b)
OBJ 5000108d (sz=24, trace=300486, class=java.lang.StringBuilder@50000075)
ARR 5000108e (sz=48, trace=300487, nelems=0, elem type=char[])
OBJ 5000108f (sz=24, trace=300488, class=java.lang.StringBuilder@50000075)
ARR 50001090 (sz=48, trace=300489, nelems=0, elem type=char[])
ARR 50001091 (sz=32, trace=300490, nelems=0, elem type=java.lang.String[]@5000013d)
OBJ 50001092 (sz=24, trace=300491, class=java.lang.String@5000013c)
ARR 50001093 (sz=32, trace=300492, nelems=0, elem type=char[])
OBJ 50001094 (sz=24, trace=300491, class=java.lang.String@5000013c)
ARR 50001095 (sz=24, trace=300492, nelems=0, elem type=char[])
ARR 50001096 (sz=88, trace=300381, nelems=0, elem type=char[])
ARR 50001097 (sz=160, trace=300381, nelems=0, elem type=char[])
ARR 50001098 (sz=304, trace=300381, nelems=0, elem type=char[])
OBJ 50001099 (sz=24, trace=300488, class=java.lang.StringBuilder@50000075)
ARR 5000109a (sz=48, trace=300489, nelems=0, elem type=char[])
ARR 5000109b (sz=32, trace=300490, nelems=0, elem type=java.lang.String[]@5000013d)
OBJ 5000109c (sz=24, trace=300491, class=java.lang.String@5000013c)
ARR 5000109d (sz=168, trace=300492, nelems=0, elem type=char[])
OBJ 5000109e (sz=24, trace=300491, class=java.lang.String@5000013c)
ARR 5000109f (sz=24, trace=300492, nelems=0, elem type=char[])
ARR 500010a0 (sz=592, trace=300381, nelems=0, elem type=char[])
OBJ 500010a1 (sz=24, trace=300493, class=java.lang.String@5000013c)
ARR 500010a2 (sz=352, trace=300494, nelems=0, elem type=char[])
OBJ 500010a3 (sz=24, trace=300495, class=java.lang.StringBuffer@50000042)
ARR 500010a4 (sz=48, trace=300496, nelems=0, elem type=char[])
OBJ 500010a6 (sz=32, trace=300498, class=java.text.FieldPosition@500010a5)
OBJ 500010a7 (sz=24, trace=300499, class=java.lang.String@5000013c)
ARR 500010a8 (sz=32, trace=300500, nelems=0, elem type=char[])
OBJ 500010ad (sz=48, trace=300503, class=java.util.HashMap@50000107)
	table		500010af
OBJ 500010ae (sz=16, trace=300504, class=java.text.AttributedCharacterIterator$Attribute@500010aa)
	name		50001741
ARR 500010af (sz=48, trace=300505, nelems=4, elem type=java.util.HashMap$Entry[]@50000132)
	[2]		500010b4
	[3]		500010b0
OBJ 500010b0 (sz=32, trace=300140, class=java.util.HashMap$Entry@50000131)
	key		50001741
	value		500010ae
OBJ 500010b1 (sz=16, trace=300506, class=java.text.AttributedCharacterIterator$Attribute@500010aa)
	name		50002320
OBJ 500010b2 (sz=32, trace=300140, class=java.util.HashMap$Entry@50000131)
	key		50002320
	value		500010b1
OBJ 500010b3 (sz=16, trace=300507, class=java.text.AttributedCharacterIterator$Attribute@500010aa)
	name		50002321
OBJ 500010b4 (sz=32, trace=300140, class=java.util.HashMap$Entry@50000131)
	key		50002321
	value		500010b3
	next		500010b2
OBJ 500010b5 (sz=16, trace=300508, class=java.text.MessageFormat$Field@500010ac)
	name		50002359
OBJ 500010b6 (sz=24, trace=300499, class=java.lang.String@5000013c)
ARR 500010b7 (sz=152, trace=300500, nelems=0, elem type=char[])
ARR 500010b8 (sz=176, trace=300006, nelems=0, elem type=char[])
ARR 500010b9 (sz=336, trace=300006, nelems=0, elem type=char[])
OBJ 500010ba (sz=24, trace=300509, class=java.lang.String@5000013c)
ARR 500010bb (sz=208, trace=300510, nelems=0, elem type=char[])
ARR 500010bc (sz=656, trace=300006, nelems=0, elem type=char[])
OBJ 500010bd (sz=24, trace=300511, class=java.lang.String@5000013c)
ARR 500010be (sz=368, trace=300512, nelems=0, elem type=char[])
ARR 500010bf (sz=368, trace=300006, nelems=0, elem type=char[])
ARR 500010c0 (sz=24, trace=300513, nelems=0, elem type=java.lang.Object[]@5000011b)
ARR 500010c3 (sz=1040, trace=300515, nelems=256, elem type=java.lang.Integer[]@500010c2)
	[0]		500010c4
	[1]		500010c5
	[2]		500010c6
	[3]		500010c7
	[4]		500010c8
	[5]		500010c9
	[6]		500010ca
	[7]		500010cb
	[8]		500010cc
	[9]		500010cd
	[10]		500010ce
	[11]		500010cf
	[12]		500010d0
	[13]		500010d1
	[14]		500010d2
	[15]		500010d3
	[16]		500010d4
	[17]		500010d5
	[18]		500010d6
	[19]		500010d7
	[20]		500010d8
	[21]		500010d9
	[22]		500010da
	[23]		500010db
	[24]		500010dc
	[25]		500010dd
	[26]		500010de
	[27]		500010df
	[28]		500010e0
	[29]		500010e1
	[30]		500010e2
	[31]		500010e3
	[32]		500010e4
	[33]		500010e5
	[34]		500010e6
	[35]		500010e7
	[36]		500010e8
	[37]		500010e9
	[38]		500010ea
	[39]		500010eb
	[40]		500010ec
	[41]		500010ed
	[42]		500010ee
	[43]		500010ef
	[44]		500010f0
	[45]		500010f1
	[46]		500010f2
	[47]		500010f3
	[48]		500010f4
	[49]		500010f5
	[50]		500010f6
	[51]		500010f7
	[52]		500010f8
	[53]		500010f9
	[54]		500010fa
	[55]		500010fb
	[56]		500010fc
	[57]		500010fd
	[58]		500010fe
	[59]		500010ff
	[60]		50001100
	[61]		50001101
	[62]		50001102
	[63]		50001103
	[64]		50001104
	[65]		50001105
	[66]		50001106
	[67]		50001107
	[68]		50001108
	[69]		50001109
	[70]		5000110a
	[71]		5000110b
	[72]		5000110c
	[73]		5000110d
	[74]		5000110e
	[75]		5000110f
	[76]		50001110
	[77]		50001111
	[78]		50001112
	[79]		50001113
	[80]		50001114
	[81]		50001115
	[82]		50001116
	[83]		50001117
	[84]		50001118
	[85]		50001119
	[86]		5000111a
	[87]		5000111b
	[88]		5000111c
	[89]		5000111d
	[90]		5000111e
	[91]		5000111f
	[92]		50001120
	[93]		50001121
	[94]		50001122
	[95]		50001123
	[96]		50001124
	[97]		50001125
	[98]		50001126
	[99]		50001127
	[100]		50001128
	[101]		50001129
	[102]		5000112a
	[103]		5000112b
	[104]		5000112c
	[105]		5000112d
	[106]		5000112e
	[107]		5000112f
	[108]		50001130
	[109]		50001131
	[110]		50001132
	[111]		50001133
	[112]		50001134
	[113]		50001135
	[114]		50001136
	[115]		50001137
	[116]		50001138
	[117]		50001139
	[118]		5000113a
	[119]		5000113b
	[120]		5000113c
	[121]		5000113d
	[122]		5000113e
	[123]		5000113f
	[124]		50001140
	[125]		50001141
	[126]		50001142
	[127]		50001143
	[128]		50001144
	[129]		50001145
	[130]		50001146
	[131]		50001147
	[132]		50001148
	[133]		50001149
	[134]		5000114a
	[135]		5000114b
	[136]		5000114c
	[137]		5000114d
	[138]		5000114e
	[139]		5000114f
	[140]		50001150
	[141]		50001151
	[142]		50001152
	[143]		50001153
	[144]		50001154
	[145]		50001155
	[146]		50001156
	[147]		50001157
	[148]		50001158
	[149]		50001159
	[150]		5000115a
	[151]		5000115b
	[152]		5000115c
	[153]		5000115d
	[154]		5000115e
	[155]		5000115f
	[156]		50001160
	[157]		50001161
	[158]		50001162
	[159]		50001163
	[160]		50001164
	[161]		50001165
	[162]		50001166
	[163]		50001167
	[164]		50001168
	[165]		50001169
	[166]		5000116a
	[167]		5000116b
	[168]		5000116c
	[169]		5000116d
	[170]		5000116e
	[171]		5000116f
	[172]		50001170
	[173]		50001171
	[174]		50001172
	[175]		50001173
	[176]		50001174
	[177]		50001175
	[178]		50001176
	[179]		50001177
	[180]		50001178
	[181]		50001179
	[182]		5000117a
	[183]		5000117b
	[184]		5000117c
	[185]		5000117d
	[186]		5000117e
	[187]		5000117f
	[188]		50001180
	[189]		50001181
	[190]		50001182
	[191]		50001183
	[192]		50001184
	[193]		50001185
	[194]		50001186
	[195]		50001187
	[196]		50001188
	[197]		50001189
	[198]		5000118a
	[199]		5000118b
	[200]		5000118c
	[201]		5000118d
	[202]		5000118e
	[203]		5000118f
	[204]		50001190
	[205]		50001191
	[206]		50001192
	[207]		50001193
	[208]		50001194
	[209]		50001195
	[210]		50001196
	[211]		50001197
	[212]		50001198
	[213]		50001199
	[214]		5000119a
	[215]		5000119b
	[216]		5000119c
	[217]		5000119d
	[218]		5000119e
	[219]		5000119f
	[220]		500011a0
	[221]		500011a1
	[222]		500011a2
	[223]		500011a3
	[224]		500011a4
	[225]		500011a5
	[226]		500011a6
	[227]		500011a7
	[228]		500011a8
	[229]		500011a9
	[230]		500011aa
	[231]		500011ab
	[232]		500011ac
	[233]		500011ad
	[234]		500011ae
	[235]		500011af
	[236]		500011b0
	[237]		500011b1
	[238]		500011b2
	[239]		500011b3
	[240]		500011b4
	[241]		500011b5
	[242]		500011b6
	[243]		500011b7
	[244]		500011b8
	[245]		500011b9
	[246]		500011ba
	[247]		500011bb
	[248]		500011bc
	[249]		500011bd
	[250]		500011be
	[251]		500011bf
	[252]		500011c0
	[253]		500011c1
	[254]		500011c2
	[255]		500011c3
OBJ 500010c4 (sz=16, trace=300516, class=java.lang.Integer@50000134)
OBJ 500010c5 (sz=16, trace=300516, class=java.lang.Integer@50000134)
OBJ 500010c6 (sz=16, trace=300516, class=java.lang.Integer@50000134)
OBJ 500010c7 (sz=16, trace=300516, class=java.lang.Integer@50000134)
OBJ 500010c8 (sz=16, trace=300516, class=java.lang.Integer@50000134)
OBJ 500010c9 (sz=16, trace=300516, class=java.lang.Integer@50000134)
OBJ 500010ca (sz=16, trace=300516, class=java.lang.Integer@50000134)
OBJ 500010cb (sz=16, trace=300516, class=java.lang.Integer@50000134)
OBJ 500010cc (sz=16, trace=300516, class=java.lang.Integer@50000134)
OBJ 500010cd (sz=16, trace=300516, class=java.lang.Integer@50000134)
OBJ 500010ce (sz=16, trace=300516, class=java.lang.Integer@50000134)
OBJ 500010cf (sz=16, trace=300516, class=java.lang.Integer@50000134)
OBJ 500010d0 (sz=16, trace=300516, class=java.lang.Integer@50000134)
OBJ 500010d1 (sz=16, trace=300516, class=java.lang.Integer@50000134)
OBJ 500010d2 (sz=16, trace=300516, class=java.lang.Integer@50000134)
OBJ 500010d3 (sz=16, trace=300516, class=java.lang.Integer@50000134)
OBJ 500010d4 (sz=16, trace=300516, class=java.lang.Integer@50000134)
OBJ 500010d5 (sz=16, trace=300516, class=java.lang.Integer@50000134)
OBJ 500010d6 (sz=16, trace=300516, class=java.lang.Integer@50000134)
OBJ 500010d7 (sz=16, trace=300516, class=java.lang.Integer@50000134)
OBJ 500010d8 (sz=16, trace=300516, class=java.lang.Integer@50000134)
OBJ 500010d9 (sz=16, trace=300516, class=java.lang.Integer@50000134)
OBJ 500010da (sz=16, trace=300516, class=java.lang.Integer@50000134)
OBJ 500010db (sz=16, trace=300516, class=java.lang.Integer@50000134)
OBJ 500010dc (sz=16, trace=300516, class=java.lang.Integer@50000134)
OBJ 500010dd (sz=16, trace=300516, class=java.lang.Integer@50000134)
OBJ 500010de (sz=16, trace=300516, class=java.lang.Integer@50000134)
OBJ 500010df (sz=16, trace=300516, class=java.lang.Integer@50000134)
OBJ 500010e0 (sz=16, trace=300516, class=java.lang.Integer@50000134)
OBJ 500010e1 (sz=16, trace=300516, class=java.lang.Integer@50000134)
OBJ 500010e2 (sz=16, trace=300516, class=java.lang.Integer@50000134)
OBJ 500010e3 (sz=16, trace=300516, class=java.lang.Integer@50000134)
OBJ 500010e4 (sz=16, trace=300516, class=java.lang.Integer@50000134)
OBJ 500010e5 (sz=16, trace=300516, class=java.lang.Integer@50000134)
OBJ 500010e6 (sz=16, trace=300516, class=java.lang.Integer@50000134)
OBJ 500010e7 (sz=16, trace=300516, class=java.lang.Integer@50000134)
OBJ 500010e8 (sz=16, trace=300516, class=java.lang.Integer@50000134)
OBJ 500010e9 (sz=16, trace=300516, class=java.lang.Integer@50000134)
OBJ 500010ea (sz=16, trace=300516, class=java.lang.Integer@50000134)
OBJ 500010eb (sz=16, trace=300516, class=java.lang.Integer@50000134)
OBJ 500010ec (sz=16, trace=300516, class=java.lang.Integer@50000134)
OBJ 500010ed (sz=16, trace=300516, class=java.lang.Integer@50000134)
OBJ 500010ee (sz=16, trace=300516, class=java.lang.Integer@50000134)
OBJ 500010ef (sz=16, trace=300516, class=java.lang.Integer@50000134)
OBJ 500010f0 (sz=16, trace=300516, class=java.lang.Integer@50000134)
OBJ 500010f1 (sz=16, trace=300516, class=java.lang.Integer@50000134)
OBJ 500010f2 (sz=16, trace=300516, class=java.lang.Integer@50000134)
OBJ 500010f3 (sz=16, trace=300516, class=java.lang.Integer@50000134)
OBJ 500010f4 (sz=16, trace=300516, class=java.lang.Integer@50000134)
OBJ 500010f5 (sz=16, trace=300516, class=java.lang.Integer@50000134)
OBJ 500010f6 (sz=16, trace=300516, class=java.lang.Integer@50000134)
OBJ 500010f7 (sz=16, trace=300516, class=java.lang.Integer@50000134)
OBJ 500010f8 (sz=16, trace=300516, class=java.lang.Integer@50000134)
OBJ 500010f9 (sz=16, trace=300516, class=java.lang.Integer@50000134)
OBJ 500010fa (sz=16, trace=300516, class=java.lang.Integer@50000134)
OBJ 500010fb (sz=16, trace=300516, class=java.lang.Integer@50000134)
OBJ 500010fc (sz=16, trace=300516, class=java.lang.Integer@50000134)
OBJ 500010fd (sz=16, trace=300516, class=java.lang.Integer@50000134)
OBJ 500010fe (sz=16, trace=300516, class=java.lang.Integer@50000134)
OBJ 500010ff (sz=16, trace=300516, class=java.lang.Integer@50000134)
OBJ 50001100 (sz=16, trace=300516, class=java.lang.Integer@50000134)
OBJ 50001101 (sz=16, trace=300516, class=java.lang.Integer@50000134)
OBJ 50001102 (sz=16, trace=300516, class=java.lang.Integer@50000134)
OBJ 50001103 (sz=16, trace=300516, class=java.lang.Integer@50000134)
OBJ 50001104 (sz=16, trace=300516, class=java.lang.Integer@50000134)
OBJ 50001105 (sz=16, trace=300516, class=java.lang.Integer@50000134)
OBJ 50001106 (sz=16, trace=300516, class=java.lang.Integer@50000134)
OBJ 50001107 (sz=16, trace=300516, class=java.lang.Integer@50000134)
OBJ 50001108 (sz=16, trace=300516, class=java.lang.Integer@50000134)
OBJ 50001109 (sz=16, trace=300516, class=java.lang.Integer@50000134)
OBJ 5000110a (sz=16, trace=300516, class=java.lang.Integer@50000134)
OBJ 5000110b (sz=16, trace=300516, class=java.lang.Integer@50000134)
OBJ 5000110c (sz=16, trace=300516, class=java.lang.Integer@50000134)
OBJ 5000110d (sz=16, trace=300516, class=java.lang.Integer@50000134)
OBJ 5000110e (sz=16, trace=300516, class=java.lang.Integer@50000134)
OBJ 5000110f (sz=16, trace=300516, class=java.lang.Integer@50000134)
OBJ 50001110 (sz=16, trace=300516, class=java.lang.Integer@50000134)
OBJ 50001111 (sz=16, trace=300516, class=java.lang.Integer@50000134)
OBJ 50001112 (sz=16, trace=300516, class=java.lang.Integer@50000134)
OBJ 50001113 (sz=16, trace=300516, class=java.lang.Integer@50000134)
OBJ 50001114 (sz=16, trace=300516, class=java.lang.Integer@50000134)
OBJ 50001115 (sz=16, trace=300516, class=java.lang.Integer@50000134)
OBJ 50001116 (sz=16, trace=300516, class=java.lang.Integer@50000134)
OBJ 50001117 (sz=16, trace=300516, class=java.lang.Integer@50000134)
OBJ 50001118 (sz=16, trace=300516, class=java.lang.Integer@50000134)
OBJ 50001119 (sz=16, trace=300516, class=java.lang.Integer@50000134)
OBJ 5000111a (sz=16, trace=300516, class=java.lang.Integer@50000134)
OBJ 5000111b (sz=16, trace=300516, class=java.lang.Integer@50000134)
OBJ 5000111c (sz=16, trace=300516, class=java.lang.Integer@50000134)
OBJ 5000111d (sz=16, trace=300516, class=java.lang.Integer@50000134)
OBJ 5000111e (sz=16, trace=300516, class=java.lang.Integer@50000134)
OBJ 5000111f (sz=16, trace=300516, class=java.lang.Integer@50000134)
OBJ 50001120 (sz=16, trace=300516, class=java.lang.Integer@50000134)
OBJ 50001121 (sz=16, trace=300516, class=java.lang.Integer@50000134)
OBJ 50001122 (sz=16, trace=300516, class=java.lang.Integer@50000134)
OBJ 50001123 (sz=16, trace=300516, class=java.lang.Integer@50000134)
OBJ 50001124 (sz=16, trace=300516, class=java.lang.Integer@50000134)
OBJ 50001125 (sz=16, trace=300516, class=java.lang.Integer@50000134)
OBJ 50001126 (sz=16, trace=300516, class=java.lang.Integer@50000134)
OBJ 50001127 (sz=16, trace=300516, class=java.lang.Integer@50000134)
OBJ 50001128 (sz=16, trace=300516, class=java.lang.Integer@50000134)
OBJ 50001129 (sz=16, trace=300516, class=java.lang.Integer@50000134)
OBJ 5000112a (sz=16, trace=300516, class=java.lang.Integer@50000134)
OBJ 5000112b (sz=16, trace=300516, class=java.lang.Integer@50000134)
OBJ 5000112c (sz=16, trace=300516, class=java.lang.Integer@50000134)
OBJ 5000112d (sz=16, trace=300516, class=java.lang.Integer@50000134)
OBJ 5000112e (sz=16, trace=300516, class=java.lang.Integer@50000134)
OBJ 5000112f (sz=16, trace=300516, class=java.lang.Integer@50000134)
OBJ 50001130 (sz=16, trace=300516, class=java.lang.Integer@50000134)
OBJ 50001131 (sz=16, trace=300516, class=java.lang.Integer@50000134)
OBJ 50001132 (sz=16, trace=300516, class=java.lang.Integer@50000134)
OBJ 50001133 (sz=16, trace=300516, class=java.lang.Integer@50000134)
OBJ 50001134 (sz=16, trace=300516, class=java.lang.Integer@50000134)
OBJ 50001135 (sz=16, trace=300516, class=java.lang.Integer@50000134)
OBJ 50001136 (sz=16, trace=300516, class=java.lang.Integer@50000134)
OBJ 50001137 (sz=16, trace=300516, class=java.lang.Integer@50000134)
OBJ 50001138 (sz=16, trace=300516, class=java.lang.Integer@50000134)
OBJ 50001139 (sz=16, trace=300516, class=java.lang.Integer@50000134)
OBJ 5000113a (sz=16, trace=300516, class=java.lang.Integer@50000134)
OBJ 5000113b (sz=16, trace=300516, class=java.lang.Integer@50000134)
OBJ 5000113c (sz=16, trace=300516, class=java.lang.Integer@50000134)
OBJ 5000113d (sz=16, trace=300516, class=java.lang.Integer@50000134)
OBJ 5000113e (sz=16, trace=300516, class=java.lang.Integer@50000134)
OBJ 5000113f (sz=16, trace=300516, class=java.lang.Integer@50000134)
OBJ 50001140 (sz=16, trace=300516, class=java.lang.Integer@50000134)
OBJ 50001141 (sz=16, trace=300516, class=java.lang.Integer@50000134)
OBJ 50001142 (sz=16, trace=300516, class=java.lang.Integer@50000134)
OBJ 50001143 (sz=16, trace=300516, class=java.lang.Integer@50000134)
OBJ 50001144 (sz=16, trace=300516, class=java.lang.Integer@50000134)
OBJ 50001145 (sz=16, trace=300516, class=java.lang.Integer@50000134)
OBJ 50001146 (sz=16, trace=300516, class=java.lang.Integer@50000134)
OBJ 50001147 (sz=16, trace=300516, class=java.lang.Integer@50000134)
OBJ 50001148 (sz=16, trace=300516, class=java.lang.Integer@50000134)
OBJ 50001149 (sz=16, trace=300516, class=java.lang.Integer@50000134)
OBJ 5000114a (sz=16, trace=300516, class=java.lang.Integer@50000134)
OBJ 5000114b (sz=16, trace=300516, class=java.lang.Integer@50000134)
OBJ 5000114c (sz=16, trace=300516, class=java.lang.Integer@50000134)
OBJ 5000114d (sz=16, trace=300516, class=java.lang.Integer@50000134)
OBJ 5000114e (sz=16, trace=300516, class=java.lang.Integer@50000134)
OBJ 5000114f (sz=16, trace=300516, class=java.lang.Integer@50000134)
OBJ 50001150 (sz=16, trace=300516, class=java.lang.Integer@50000134)
OBJ 50001151 (sz=16, trace=300516, class=java.lang.Integer@50000134)
OBJ 50001152 (sz=16, trace=300516, class=java.lang.Integer@50000134)
OBJ 50001153 (sz=16, trace=300516, class=java.lang.Integer@50000134)
OBJ 50001154 (sz=16, trace=300516, class=java.lang.Integer@50000134)
OBJ 50001155 (sz=16, trace=300516, class=java.lang.Integer@50000134)
OBJ 50001156 (sz=16, trace=300516, class=java.lang.Integer@50000134)
OBJ 50001157 (sz=16, trace=300516, class=java.lang.Integer@50000134)
OBJ 50001158 (sz=16, trace=300516, class=java.lang.Integer@50000134)
OBJ 50001159 (sz=16, trace=300516, class=java.lang.Integer@50000134)
OBJ 5000115a (sz=16, trace=300516, class=java.lang.Integer@50000134)
OBJ 5000115b (sz=16, trace=300516, class=java.lang.Integer@50000134)
OBJ 5000115c (sz=16, trace=300516, class=java.lang.Integer@50000134)
OBJ 5000115d (sz=16, trace=300516, class=java.lang.Integer@50000134)
OBJ 5000115e (sz=16, trace=300516, class=java.lang.Integer@50000134)
OBJ 5000115f (sz=16, trace=300516, class=java.lang.Integer@50000134)
OBJ 50001160 (sz=16, trace=300516, class=java.lang.Integer@50000134)
OBJ 50001161 (sz=16, trace=300516, class=java.lang.Integer@50000134)
OBJ 50001162 (sz=16, trace=300516, class=java.lang.Integer@50000134)
OBJ 50001163 (sz=16, trace=300516, class=java.lang.Integer@50000134)
OBJ 50001164 (sz=16, trace=300516, class=java.lang.Integer@50000134)
OBJ 50001165 (sz=16, trace=300516, class=java.lang.Integer@50000134)
OBJ 50001166 (sz=16, trace=300516, class=java.lang.Integer@50000134)
OBJ 50001167 (sz=16, trace=300516, class=java.lang.Integer@50000134)
OBJ 50001168 (sz=16, trace=300516, class=java.lang.Integer@50000134)
OBJ 50001169 (sz=16, trace=300516, class=java.lang.Integer@50000134)
OBJ 5000116a (sz=16, trace=300516, class=java.lang.Integer@50000134)
OBJ 5000116b (sz=16, trace=300516, class=java.lang.Integer@50000134)
OBJ 5000116c (sz=16, trace=300516, class=java.lang.Integer@50000134)
OBJ 5000116d (sz=16, trace=300516, class=java.lang.Integer@50000134)
OBJ 5000116e (sz=16, trace=300516, class=java.lang.Integer@50000134)
OBJ 5000116f (sz=16, trace=300516, class=java.lang.Integer@50000134)
OBJ 50001170 (sz=16, trace=300516, class=java.lang.Integer@50000134)
OBJ 50001171 (sz=16, trace=300516, class=java.lang.Integer@50000134)
OBJ 50001172 (sz=16, trace=300516, class=java.lang.Integer@50000134)
OBJ 50001173 (sz=16, trace=300516, class=java.lang.Integer@50000134)
OBJ 50001174 (sz=16, trace=300516, class=java.lang.Integer@50000134)
OBJ 50001175 (sz=16, trace=300516, class=java.lang.Integer@50000134)
OBJ 50001176 (sz=16, trace=300516, class=java.lang.Integer@50000134)
OBJ 50001177 (sz=16, trace=300516, class=java.lang.Integer@50000134)
OBJ 50001178 (sz=16, trace=300516, class=java.lang.Integer@50000134)
OBJ 50001179 (sz=16, trace=300516, class=java.lang.Integer@50000134)
OBJ 5000117a (sz=16, trace=300516, class=java.lang.Integer@50000134)
OBJ 5000117b (sz=16, trace=300516, class=java.lang.Integer@50000134)
OBJ 5000117c (sz=16, trace=300516, class=java.lang.Integer@50000134)
OBJ 5000117d (sz=16, trace=300516, class=java.lang.Integer@50000134)
OBJ 5000117e (sz=16, trace=300516, class=java.lang.Integer@50000134)
OBJ 5000117f (sz=16, trace=300516, class=java.lang.Integer@50000134)
OBJ 50001180 (sz=16, trace=300516, class=java.lang.Integer@50000134)
OBJ 50001181 (sz=16, trace=300516, class=java.lang.Integer@50000134)
OBJ 50001182 (sz=16, trace=300516, class=java.lang.Integer@50000134)
OBJ 50001183 (sz=16, trace=300516, class=java.lang.Integer@50000134)
OBJ 50001184 (sz=16, trace=300516, class=java.lang.Integer@50000134)
OBJ 50001185 (sz=16, trace=300516, class=java.lang.Integer@50000134)
OBJ 50001186 (sz=16, trace=300516, class=java.lang.Integer@50000134)
OBJ 50001187 (sz=16, trace=300516, class=java.lang.Integer@50000134)
OBJ 50001188 (sz=16, trace=300516, class=java.lang.Integer@50000134)
OBJ 50001189 (sz=16, trace=300516, class=java.lang.Integer@50000134)
OBJ 5000118a (sz=16, trace=300516, class=java.lang.Integer@50000134)
OBJ 5000118b (sz=16, trace=300516, class=java.lang.Integer@50000134)
OBJ 5000118c (sz=16, trace=300516, class=java.lang.Integer@50000134)
OBJ 5000118d (sz=16, trace=300516, class=java.lang.Integer@50000134)
OBJ 5000118e (sz=16, trace=300516, class=java.lang.Integer@50000134)
OBJ 5000118f (sz=16, trace=300516, class=java.lang.Integer@50000134)
OBJ 50001190 (sz=16, trace=300516, class=java.lang.Integer@50000134)
OBJ 50001191 (sz=16, trace=300516, class=java.lang.Integer@50000134)
OBJ 50001192 (sz=16, trace=300516, class=java.lang.Integer@50000134)
OBJ 50001193 (sz=16, trace=300516, class=java.lang.Integer@50000134)
OBJ 50001194 (sz=16, trace=300516, class=java.lang.Integer@50000134)
OBJ 50001195 (sz=16, trace=300516, class=java.lang.Integer@50000134)
OBJ 50001196 (sz=16, trace=300516, class=java.lang.Integer@50000134)
OBJ 50001197 (sz=16, trace=300516, class=java.lang.Integer@50000134)
OBJ 50001198 (sz=16, trace=300516, class=java.lang.Integer@50000134)
OBJ 50001199 (sz=16, trace=300516, class=java.lang.Integer@50000134)
OBJ 5000119a (sz=16, trace=300516, class=java.lang.Integer@50000134)
OBJ 5000119b (sz=16, trace=300516, class=java.lang.Integer@50000134)
OBJ 5000119c (sz=16, trace=300516, class=java.lang.Integer@50000134)
OBJ 5000119d (sz=16, trace=300516, class=java.lang.Integer@50000134)
OBJ 5000119e (sz=16, trace=300516, class=java.lang.Integer@50000134)
OBJ 5000119f (sz=16, trace=300516, class=java.lang.Integer@50000134)
OBJ 500011a0 (sz=16, trace=300516, class=java.lang.Integer@50000134)
OBJ 500011a1 (sz=16, trace=300516, class=java.lang.Integer@50000134)
OBJ 500011a2 (sz=16, trace=300516, class=java.lang.Integer@50000134)
OBJ 500011a3 (sz=16, trace=300516, class=java.lang.Integer@50000134)
OBJ 500011a4 (sz=16, trace=300516, class=java.lang.Integer@50000134)
OBJ 500011a5 (sz=16, trace=300516, class=java.lang.Integer@50000134)
OBJ 500011a6 (sz=16, trace=300516, class=java.lang.Integer@50000134)
OBJ 500011a7 (sz=16, trace=300516, class=java.lang.Integer@50000134)
OBJ 500011a8 (sz=16, trace=300516, class=java.lang.Integer@50000134)
OBJ 500011a9 (sz=16, trace=300516, class=java.lang.Integer@50000134)
OBJ 500011aa (sz=16, trace=300516, class=java.lang.Integer@50000134)
OBJ 500011ab (sz=16, trace=300516, class=java.lang.Integer@50000134)
OBJ 500011ac (sz=16, trace=300516, class=java.lang.Integer@50000134)
OBJ 500011ad (sz=16, trace=300516, class=java.lang.Integer@50000134)
OBJ 500011ae (sz=16, trace=300516, class=java.lang.Integer@50000134)
OBJ 500011af (sz=16, trace=300516, class=java.lang.Integer@50000134)
OBJ 500011b0 (sz=16, trace=300516, class=java.lang.Integer@50000134)
OBJ 500011b1 (sz=16, trace=300516, class=java.lang.Integer@50000134)
OBJ 500011b2 (sz=16, trace=300516, class=java.lang.Integer@50000134)
OBJ 500011b3 (sz=16, trace=300516, class=java.lang.Integer@50000134)
OBJ 500011b4 (sz=16, trace=300516, class=java.lang.Integer@50000134)
OBJ 500011b5 (sz=16, trace=300516, class=java.lang.Integer@50000134)
OBJ 500011b6 (sz=16, trace=300516, class=java.lang.Integer@50000134)
OBJ 500011b7 (sz=16, trace=300516, class=java.lang.Integer@50000134)
OBJ 500011b8 (sz=16, trace=300516, class=java.lang.Integer@50000134)
OBJ 500011b9 (sz=16, trace=300516, class=java.lang.Integer@50000134)
OBJ 500011ba (sz=16, trace=300516, class=java.lang.Integer@50000134)
OBJ 500011bb (sz=16, trace=300516, class=java.lang.Integer@50000134)
OBJ 500011bc (sz=16, trace=300516, class=java.lang.Integer@50000134)
OBJ 500011bd (sz=16, trace=300516, class=java.lang.Integer@50000134)
OBJ 500011be (sz=16, trace=300516, class=java.lang.Integer@50000134)
OBJ 500011bf (sz=16, trace=300516, class=java.lang.Integer@50000134)
OBJ 500011c0 (sz=16, trace=300516, class=java.lang.Integer@50000134)
OBJ 500011c1 (sz=16, trace=300516, class=java.lang.Integer@50000134)
OBJ 500011c2 (sz=16, trace=300516, class=java.lang.Integer@50000134)
OBJ 500011c3 (sz=16, trace=300516, class=java.lang.Integer@50000134)
OBJ 500011c4 (sz=40, trace=300471, class=java.text.MessageFormat@50001074)
ARR 500011c5 (sz=56, trace=300517, nelems=0, elem type=java.text.Format[]@5000107a)
ARR 500011c6 (sz=56, trace=300518, nelems=0, elem type=int[])
ARR 500011c7 (sz=56, trace=300519, nelems=0, elem type=int[])
ARR 500011c8 (sz=32, trace=300485, nelems=0, elem type=java.lang.StringBuilder[]@5000108b)
OBJ 500011c9 (sz=24, trace=300486, class=java.lang.StringBuilder@50000075)
ARR 500011ca (sz=48, trace=300487, nelems=0, elem type=char[])
OBJ 500011cb (sz=24, trace=300488, class=java.lang.StringBuilder@50000075)
ARR 500011cc (sz=48, trace=300489, nelems=0, elem type=char[])
ARR 500011cd (sz=32, trace=300490, nelems=0, elem type=java.lang.String[]@5000013d)
OBJ 500011ce (sz=24, trace=300491, class=java.lang.String@5000013c)
ARR 500011cf (sz=32, trace=300492, nelems=0, elem type=char[])
OBJ 500011d0 (sz=24, trace=300491, class=java.lang.String@5000013c)
ARR 500011d1 (sz=24, trace=300492, nelems=0, elem type=char[])
OBJ 500011d2 (sz=24, trace=300488, class=java.lang.StringBuilder@50000075)
ARR 500011d3 (sz=48, trace=300489, nelems=0, elem type=char[])
ARR 500011d4 (sz=32, trace=300490, nelems=0, elem type=java.lang.String[]@5000013d)
OBJ 500011d5 (sz=24, trace=300491, class=java.lang.String@5000013c)
ARR 500011d6 (sz=48, trace=300492, nelems=0, elem type=char[])
OBJ 500011d7 (sz=24, trace=300491, class=java.lang.String@5000013c)
ARR 500011d8 (sz=24, trace=300492, nelems=0, elem type=char[])
ARR 500011d9 (sz=88, trace=300381, nelems=0, elem type=char[])
ARR 500011da (sz=160, trace=300381, nelems=0, elem type=char[])
OBJ 500011db (sz=24, trace=300493, class=java.lang.String@5000013c)
ARR 500011dc (sz=104, trace=300494, nelems=0, elem type=char[])
OBJ 500011dd (sz=24, trace=300495, class=java.lang.StringBuffer@50000042)
ARR 500011de (sz=48, trace=300496, nelems=0, elem type=char[])
OBJ 500011df (sz=32, trace=300498, class=java.text.FieldPosition@500010a5)
OBJ 500011e0 (sz=24, trace=300499, class=java.lang.String@5000013c)
ARR 500011e1 (sz=32, trace=300500, nelems=0, elem type=char[])
OBJ 500011e3 (sz=48, trace=300521, class=java.util.Hashtable@500000fa)
	table		500011e4
ARR 500011e4 (sz=32, trace=300522, nelems=2, elem type=java.util.Hashtable$Entry[]@50000123)
	[1]		5000138d
OBJ 500011e8 (sz=48, trace=300525, class=java.util.concurrent.ConcurrentHashMap@500000dd)
	segments	500011ec
ARR 500011e9 (sz=24, trace=300526, nelems=1, elem type=java.util.concurrent.ConcurrentHashMap$HashEntry[]@5000012d)
	[0]		50001524
OBJ 500011ea (sz=40, trace=300527, class=java.util.concurrent.ConcurrentHashMap$Segment@50000010)
	sync		500011eb
	table		500011e9
OBJ 500011eb (sz=32, trace=300026, class=java.util.concurrent.locks.ReentrantLock$NonfairSync@500000c1)
ARR 500011ec (sz=80, trace=300528, nelems=11, elem type=java.util.concurrent.ConcurrentHashMap$Segment[]@50000011)
	[0]		500011ea
	[8]		500013f5
	[10]		50001308
OBJ 500011ed (sz=24, trace=300529, class=java.util.Locale@5000004b)
	baseLocale	500011f0
	localeExtensions	5000128f
OBJ 500011ee (sz=40, trace=300530, class=sun.util.locale.BaseLocale$Key@500000f7)
OBJ 500011ef (sz=40, trace=300531, class=sun.util.locale.BaseLocale$Key@500000f7)
	lang		5000174a
	scrt		5000173a
	regn		5000174c
	vart		5000174c
OBJ 500011f0 (sz=32, trace=300532, class=sun.util.locale.BaseLocale@5000009a)
	language	5000174a
	script		5000173a
	region		5000174c
	variant		5000174c
OBJ 500011f1 (sz=48, trace=300074, class=sun.util.locale.LocaleObjectCache$CacheEntry@500000cf)
	referent	500011f0
	queue		50002085
	key		500011ef
OBJ 500011f2 (sz=32, trace=300077, class=java.util.concurrent.ConcurrentHashMap$HashEntry@5000012c)
	key		500011ef
	value		500011f1
ARR 500011f3 (sz=32, trace=300533, nelems=2, elem type=java.util.concurrent.ConcurrentHashMap$HashEntry[]@5000012d)
	[0]		500020ee
	[1]		500011f2
ARR 500011f7 (sz=528, trace=300536, nelems=128, elem type=java.lang.Character[]@500011f6)
	[0]		500011f8
	[1]		500011f9
	[2]		500011fa
	[3]		500011fb
	[4]		500011fc
	[5]		500011fd
	[6]		500011fe
	[7]		500011ff
	[8]		50001200
	[9]		50001201
	[10]		50001202
	[11]		50001203
	[12]		50001204
	[13]		50001205
	[14]		50001206
	[15]		50001207
	[16]		50001208
	[17]		50001209
	[18]		5000120a
	[19]		5000120b
	[20]		5000120c
	[21]		5000120d
	[22]		5000120e
	[23]		5000120f
	[24]		50001210
	[25]		50001211
	[26]		50001212
	[27]		50001213
	[28]		50001214
	[29]		50001215
	[30]		50001216
	[31]		50001217
	[32]		50001218
	[33]		50001219
	[34]		5000121a
	[35]		5000121b
	[36]		5000121c
	[37]		5000121d
	[38]		5000121e
	[39]		5000121f
	[40]		50001220
	[41]		50001221
	[42]		50001222
	[43]		50001223
	[44]		50001224
	[45]		50001225
	[46]		50001226
	[47]		50001227
	[48]		50001228
	[49]		50001229
	[50]		5000122a
	[51]		5000122b
	[52]		5000122c
	[53]		5000122d
	[54]		5000122e
	[55]		5000122f
	[56]		50001230
	[57]		50001231
	[58]		50001232
	[59]		50001233
	[60]		50001234
	[61]		50001235
	[62]		50001236
	[63]		50001237
	[64]		50001238
	[65]		50001239
	[66]		5000123a
	[67]		5000123b
	[68]		5000123c
	[69]		5000123d
	[70]		5000123e
	[71]		5000123f
	[72]		50001240
	[73]		50001241
	[74]		50001242
	[75]		50001243
	[76]		50001244
	[77]		50001245
	[78]		50001246
	[79]		50001247
	[80]		50001248
	[81]		50001249
	[82]		5000124a
	[83]		5000124b
	[84]		5000124c
	[85]		5000124d
	[86]		5000124e
	[87]		5000124f
	[88]		50001250
	[89]		50001251
	[90]		50001252
	[91]		50001253
	[92]		50001254
	[93]		50001255
	[94]		50001256
	[95]		50001257
	[96]		50001258
	[97]		50001259
	[98]		5000125a
	[99]		5000125b
	[100]		5000125c
	[101]		5000125d
	[102]		5000125e
	[103]		5000125f
	[104]		50001260
	[105]		50001261
	[106]		50001262
	[107]		50001263
	[108]		50001264
	[109]		50001265
	[110]		50001266
	[111]		50001267
	[112]		50001268
	[113]		50001269
	[114]		5000126a
	[115]		5000126b
	[116]		5000126c
	[117]		5000126d
	[118]		5000126e
	[119]		5000126f
	[120]		50001270
	[121]		50001271
	[122]		50001272
	[123]		50001273
	[124]		50001274
	[125]		50001275
	[126]		50001276
	[127]		50001277
OBJ 500011f8 (sz=16, trace=300537, class=java.lang.Character@5000004a)
OBJ 500011f9 (sz=16, trace=300537, class=java.lang.Character@5000004a)
OBJ 500011fa (sz=16, trace=300537, class=java.lang.Character@5000004a)
OBJ 500011fb (sz=16, trace=300537, class=java.lang.Character@5000004a)
OBJ 500011fc (sz=16, trace=300537, class=java.lang.Character@5000004a)
OBJ 500011fd (sz=16, trace=300537, class=java.lang.Character@5000004a)
OBJ 500011fe (sz=16, trace=300537, class=java.lang.Character@5000004a)
OBJ 500011ff (sz=16, trace=300537, class=java.lang.Character@5000004a)
OBJ 50001200 (sz=16, trace=300537, class=java.lang.Character@5000004a)
OBJ 50001201 (sz=16, trace=300537, class=java.lang.Character@5000004a)
OBJ 50001202 (sz=16, trace=300537, class=java.lang.Character@5000004a)
OBJ 50001203 (sz=16, trace=300537, class=java.lang.Character@5000004a)
OBJ 50001204 (sz=16, trace=300537, class=java.lang.Character@5000004a)
OBJ 50001205 (sz=16, trace=300537, class=java.lang.Character@5000004a)
OBJ 50001206 (sz=16, trace=300537, class=java.lang.Character@5000004a)
OBJ 50001207 (sz=16, trace=300537, class=java.lang.Character@5000004a)
OBJ 50001208 (sz=16, trace=300537, class=java.lang.Character@5000004a)
OBJ 50001209 (sz=16, trace=300537, class=java.lang.Character@5000004a)
OBJ 5000120a (sz=16, trace=300537, class=java.lang.Character@5000004a)
OBJ 5000120b (sz=16, trace=300537, class=java.lang.Character@5000004a)
OBJ 5000120c (sz=16, trace=300537, class=java.lang.Character@5000004a)
OBJ 5000120d (sz=16, trace=300537, class=java.lang.Character@5000004a)
OBJ 5000120e (sz=16, trace=300537, class=java.lang.Character@5000004a)
OBJ 5000120f (sz=16, trace=300537, class=java.lang.Character@5000004a)
OBJ 50001210 (sz=16, trace=300537, class=java.lang.Character@5000004a)
OBJ 50001211 (sz=16, trace=300537, class=java.lang.Character@5000004a)
OBJ 50001212 (sz=16, trace=300537, class=java.lang.Character@5000004a)
OBJ 50001213 (sz=16, trace=300537, class=java.lang.Character@5000004a)
OBJ 50001214 (sz=16, trace=300537, class=java.lang.Character@5000004a)
OBJ 50001215 (sz=16, trace=300537, class=java.lang.Character@5000004a)
OBJ 50001216 (sz=16, trace=300537, class=java.lang.Character@5000004a)
OBJ 50001217 (sz=16, trace=300537, class=java.lang.Character@5000004a)
OBJ 50001218 (sz=16, trace=300537, class=java.lang.Character@5000004a)
OBJ 50001219 (sz=16, trace=300537, class=java.lang.Character@5000004a)
OBJ 5000121a (sz=16, trace=300537, class=java.lang.Character@5000004a)
OBJ 5000121b (sz=16, trace=300537, class=java.lang.Character@5000004a)
OBJ 5000121c (sz=16, trace=300537, class=java.lang.Character@5000004a)
OBJ 5000121d (sz=16, trace=300537, class=java.lang.Character@5000004a)
OBJ 5000121e (sz=16, trace=300537, class=java.lang.Character@5000004a)
OBJ 5000121f (sz=16, trace=300537, class=java.lang.Character@5000004a)
OBJ 50001220 (sz=16, trace=300537, class=java.lang.Character@5000004a)
OBJ 50001221 (sz=16, trace=300537, class=java.lang.Character@5000004a)
OBJ 50001222 (sz=16, trace=300537, class=java.lang.Character@5000004a)
OBJ 50001223 (sz=16, trace=300537, class=java.lang.Character@5000004a)
OBJ 50001224 (sz=16, trace=300537, class=java.lang.Character@5000004a)
OBJ 50001225 (sz=16, trace=300537, class=java.lang.Character@5000004a)
OBJ 50001226 (sz=16, trace=300537, class=java.lang.Character@5000004a)
OBJ 50001227 (sz=16, trace=300537, class=java.lang.Character@5000004a)
OBJ 50001228 (sz=16, trace=300537, class=java.lang.Character@5000004a)
OBJ 50001229 (sz=16, trace=300537, class=java.lang.Character@5000004a)
OBJ 5000122a (sz=16, trace=300537, class=java.lang.Character@5000004a)
OBJ 5000122b (sz=16, trace=300537, class=java.lang.Character@5000004a)
OBJ 5000122c (sz=16, trace=300537, class=java.lang.Character@5000004a)
OBJ 5000122d (sz=16, trace=300537, class=java.lang.Character@5000004a)
OBJ 5000122e (sz=16, trace=300537, class=java.lang.Character@5000004a)
OBJ 5000122f (sz=16, trace=300537, class=java.lang.Character@5000004a)
OBJ 50001230 (sz=16, trace=300537, class=java.lang.Character@5000004a)
OBJ 50001231 (sz=16, trace=300537, class=java.lang.Character@5000004a)
OBJ 50001232 (sz=16, trace=300537, class=java.lang.Character@5000004a)
OBJ 50001233 (sz=16, trace=300537, class=java.lang.Character@5000004a)
OBJ 50001234 (sz=16, trace=300537, class=java.lang.Character@5000004a)
OBJ 50001235 (sz=16, trace=300537, class=java.lang.Character@5000004a)
OBJ 50001236 (sz=16, trace=300537, class=java.lang.Character@5000004a)
OBJ 50001237 (sz=16, trace=300537, class=java.lang.Character@5000004a)
OBJ 50001238 (sz=16, trace=300537, class=java.lang.Character@5000004a)
OBJ 50001239 (sz=16, trace=300537, class=java.lang.Character@5000004a)
OBJ 5000123a (sz=16, trace=300537, class=java.lang.Character@5000004a)
OBJ 5000123b (sz=16, trace=300537, class=java.lang.Character@5000004a)
OBJ 5000123c (sz=16, trace=300537, class=java.lang.Character@5000004a)
OBJ 5000123d (sz=16, trace=300537, class=java.lang.Character@5000004a)
OBJ 5000123e (sz=16, trace=300537, class=java.lang.Character@5000004a)
OBJ 5000123f (sz=16, trace=300537, class=java.lang.Character@5000004a)
OBJ 50001240 (sz=16, trace=300537, class=java.lang.Character@5000004a)
OBJ 50001241 (sz=16, trace=300537, class=java.lang.Character@5000004a)
OBJ 50001242 (sz=16, trace=300537, class=java.lang.Character@5000004a)
OBJ 50001243 (sz=16, trace=300537, class=java.lang.Character@5000004a)
OBJ 50001244 (sz=16, trace=300537, class=java.lang.Character@5000004a)
OBJ 50001245 (sz=16, trace=300537, class=java.lang.Character@5000004a)
OBJ 50001246 (sz=16, trace=300537, class=java.lang.Character@5000004a)
OBJ 50001247 (sz=16, trace=300537, class=java.lang.Character@5000004a)
OBJ 50001248 (sz=16, trace=300537, class=java.lang.Character@5000004a)
OBJ 50001249 (sz=16, trace=300537, class=java.lang.Character@5000004a)
OBJ 5000124a (sz=16, trace=300537, class=java.lang.Character@5000004a)
OBJ 5000124b (sz=16, trace=300537, class=java.lang.Character@5000004a)
OBJ 5000124c (sz=16, trace=300537, class=java.lang.Character@5000004a)
OBJ 5000124d (sz=16, trace=300537, class=java.lang.Character@5000004a)
OBJ 5000124e (sz=16, trace=300537, class=java.lang.Character@5000004a)
OBJ 5000124f (sz=16, trace=300537, class=java.lang.Character@5000004a)
OBJ 50001250 (sz=16, trace=300537, class=java.lang.Character@5000004a)
OBJ 50001251 (sz=16, trace=300537, class=java.lang.Character@5000004a)
OBJ 50001252 (sz=16, trace=300537, class=java.lang.Character@5000004a)
OBJ 50001253 (sz=16, trace=300537, class=java.lang.Character@5000004a)
OBJ 50001254 (sz=16, trace=300537, class=java.lang.Character@5000004a)
OBJ 50001255 (sz=16, trace=300537, class=java.lang.Character@5000004a)
OBJ 50001256 (sz=16, trace=300537, class=java.lang.Character@5000004a)
OBJ 50001257 (sz=16, trace=300537, class=java.lang.Character@5000004a)
OBJ 50001258 (sz=16, trace=300537, class=java.lang.Character@5000004a)
OBJ 50001259 (sz=16, trace=300537, class=java.lang.Character@5000004a)
OBJ 5000125a (sz=16, trace=300537, class=java.lang.Character@5000004a)
OBJ 5000125b (sz=16, trace=300537, class=java.lang.Character@5000004a)
OBJ 5000125c (sz=16, trace=300537, class=java.lang.Character@5000004a)
OBJ 5000125d (sz=16, trace=300537, class=java.lang.Character@5000004a)
OBJ 5000125e (sz=16, trace=300537, class=java.lang.Character@5000004a)
OBJ 5000125f (sz=16, trace=300537, class=java.lang.Character@5000004a)
OBJ 50001260 (sz=16, trace=300537, class=java.lang.Character@5000004a)
OBJ 50001261 (sz=16, trace=300537, class=java.lang.Character@5000004a)
OBJ 50001262 (sz=16, trace=300537, class=java.lang.Character@5000004a)
OBJ 50001263 (sz=16, trace=300537, class=java.lang.Character@5000004a)
OBJ 50001264 (sz=16, trace=300537, class=java.lang.Character@5000004a)
OBJ 50001265 (sz=16, trace=300537, class=java.lang.Character@5000004a)
OBJ 50001266 (sz=16, trace=300537, class=java.lang.Character@5000004a)
OBJ 50001267 (sz=16, trace=300537, class=java.lang.Character@5000004a)
OBJ 50001268 (sz=16, trace=300537, class=java.lang.Character@5000004a)
OBJ 50001269 (sz=16, trace=300537, class=java.lang.Character@5000004a)
OBJ 5000126a (sz=16, trace=300537, class=java.lang.Character@5000004a)
OBJ 5000126b (sz=16, trace=300537, class=java.lang.Character@5000004a)
OBJ 5000126c (sz=16, trace=300537, class=java.lang.Character@5000004a)
OBJ 5000126d (sz=16, trace=300537, class=java.lang.Character@5000004a)
OBJ 5000126e (sz=16, trace=300537, class=java.lang.Character@5000004a)
OBJ 5000126f (sz=16, trace=300537, class=java.lang.Character@5000004a)
OBJ 50001270 (sz=16, trace=300537, class=java.lang.Character@5000004a)
OBJ 50001271 (sz=16, trace=300537, class=java.lang.Character@5000004a)
OBJ 50001272 (sz=16, trace=300537, class=java.lang.Character@5000004a)
OBJ 50001273 (sz=16, trace=300537, class=java.lang.Character@5000004a)
OBJ 50001274 (sz=16, trace=300537, class=java.lang.Character@5000004a)
OBJ 50001275 (sz=16, trace=300537, class=java.lang.Character@5000004a)
OBJ 50001276 (sz=16, trace=300537, class=java.lang.Character@5000004a)
OBJ 50001277 (sz=16, trace=300537, class=java.lang.Character@5000004a)
OBJ 5000127a (sz=24, trace=300539, class=java.lang.StringBuilder@50000075)
ARR 5000127b (sz=48, trace=300540, nelems=0, elem type=char[])
OBJ 5000127c (sz=24, trace=300541, class=java.lang.String@5000013c)
	value		5000127d
ARR 5000127d (sz=22, trace=300542, nelems=11, elem type=char[])
OBJ 5000127e (sz=32, trace=300543, class=sun.util.locale.UnicodeLocaleExtension@50001279)
	value		5000127c
	id		50001281
	attributes	500018d5
	keywords	50001284
OBJ 5000127f (sz=24, trace=300544, class=java.lang.StringBuilder@50000075)
ARR 50001280 (sz=48, trace=300545, nelems=0, elem type=char[])
OBJ 50001281 (sz=24, trace=300546, class=java.lang.String@5000013c)
	value		50001282
ARR 50001282 (sz=26, trace=300547, nelems=13, elem type=char[])
OBJ 50001284 (sz=40, trace=300549, class=java.util.Collections$SingletonMap@50001283)
	k		50002163
	v		50002164
OBJ 50001285 (sz=24, trace=300550, class=java.lang.StringBuilder@50000075)
ARR 50001286 (sz=48, trace=300551, nelems=0, elem type=char[])
OBJ 50001287 (sz=24, trace=300552, class=java.lang.String@5000013c)
	value		50001288
ARR 50001288 (sz=14, trace=300542, nelems=7, elem type=char[])
OBJ 50001289 (sz=32, trace=300553, class=sun.util.locale.UnicodeLocaleExtension@50001279)
	value		50001287
	id		5000128c
	attributes	500018d5
	keywords	5000128e
OBJ 5000128a (sz=24, trace=300544, class=java.lang.StringBuilder@50000075)
ARR 5000128b (sz=48, trace=300545, nelems=0, elem type=char[])
OBJ 5000128c (sz=24, trace=300546, class=java.lang.String@5000013c)
	value		5000128d
ARR 5000128d (sz=18, trace=300547, nelems=9, elem type=char[])
OBJ 5000128e (sz=40, trace=300549, class=java.util.Collections$SingletonMap@50001283)
	k		50002165
	v		50002166
OBJ 5000128f (sz=24, trace=300554, class=sun.util.locale.LocaleExtensions@500011f4)
	extensionMap	50001290
	id		5000216b
OBJ 50001290 (sz=40, trace=300555, class=java.util.Collections$SingletonMap@50001283)
	k		5000126d
	v		5000127e
OBJ 50001291 (sz=24, trace=300556, class=sun.util.locale.LocaleExtensions@500011f4)
	extensionMap	50001292
	id		5000216c
OBJ 50001292 (sz=40, trace=300555, class=java.util.Collections$SingletonMap@50001283)
	k		5000126d
	v		50001289
OBJ 50001293 (sz=24, trace=300557, class=java.util.Locale@5000004b)
	baseLocale	50001296
	localeExtensions	50001291
OBJ 50001294 (sz=40, trace=300530, class=sun.util.locale.BaseLocale$Key@500000f7)
OBJ 50001295 (sz=40, trace=300531, class=sun.util.locale.BaseLocale$Key@500000f7)
	lang		5000174d
	scrt		5000173a
	regn		5000174e
	vart		5000174e
OBJ 50001296 (sz=32, trace=300532, class=sun.util.locale.BaseLocale@5000009a)
	language	5000174d
	script		5000173a
	region		5000174e
	variant		5000174e
OBJ 50001297 (sz=48, trace=300074, class=sun.util.locale.LocaleObjectCache$CacheEntry@500000cf)
	referent	50001296
	queue		50002085
	key		50001295
OBJ 50001298 (sz=32, trace=300077, class=java.util.concurrent.ConcurrentHashMap$HashEntry@5000012c)
	key		50001295
	value		50001297
ARR 50001299 (sz=32, trace=300533, nelems=4, elem type=java.util.concurrent.ConcurrentHashMap$HashEntry[]@5000012d)
	[0]		500020a7
	[3]		50001298
OBJ 5000129a (sz=32, trace=300558, class=sun.util.LocaleServiceProviderPool@500011e7)
	providers	5000129c
	providersCache	5000129f
OBJ 5000129c (sz=16, trace=300560, class=java.util.LinkedHashSet@5000129b)
	map		5000129d
OBJ 5000129d (sz=56, trace=300561, class=java.util.LinkedHashMap@5000015e)
	table		50001935
	header		5000129e
OBJ 5000129e (sz=40, trace=300562, class=java.util.LinkedHashMap$Entry@50000148)
	before		5000129e
	after		5000129e
OBJ 5000129f (sz=48, trace=300563, class=java.util.concurrent.ConcurrentHashMap@500000dd)
	segments	500012a3
ARR 500012a0 (sz=24, trace=300564, nelems=0, elem type=java.util.concurrent.ConcurrentHashMap$HashEntry[]@5000012d)
OBJ 500012a1 (sz=40, trace=300527, class=java.util.concurrent.ConcurrentHashMap$Segment@50000010)
	sync		500012a2
	table		500012a0
OBJ 500012a2 (sz=32, trace=300026, class=java.util.concurrent.locks.ReentrantLock$NonfairSync@500000c1)
ARR 500012a3 (sz=80, trace=300565, nelems=1, elem type=java.util.concurrent.ConcurrentHashMap$Segment[]@50000011)
	[0]		500012a1
OBJ 500012a5 (sz=24, trace=300567, class=sun.util.LocaleServiceProviderPool$1@500012a4)
OBJ 500012a7 (sz=32, trace=300569, class=java.util.ServiceLoader@500012a6)
OBJ 500012a8 (sz=56, trace=300570, class=java.util.LinkedHashMap@5000015e)
OBJ 500012a9 (sz=40, trace=300562, class=java.util.LinkedHashMap$Entry@50000148)
OBJ 500012ab (sz=40, trace=300572, class=java.util.ServiceLoader$LazyIterator@500012aa)
OBJ 500012ad (sz=24, trace=300574, class=java.util.ServiceLoader$1@500012ac)
OBJ 500012ae (sz=16, trace=300575, class=java.util.HashMap$EntrySet@50000125)
OBJ 500012b1 (sz=32, trace=300577, class=java.util.LinkedHashMap$EntryIterator@500012b0)
OBJ 500012b2 (sz=24, trace=300578, class=java.lang.StringBuilder@50000075)
ARR 500012b3 (sz=48, trace=300579, nelems=0, elem type=char[])
ARR 500012b4 (sz=88, trace=300006, nelems=0, elem type=char[])
ARR 500012b5 (sz=160, trace=300006, nelems=0, elem type=char[])
OBJ 500012b6 (sz=24, trace=300580, class=java.lang.String@5000013c)
ARR 500012b7 (sz=120, trace=300581, nelems=0, elem type=char[])
ARR 500012b9 (sz=24, trace=300582, nelems=0, elem type=java.util.Enumeration[]@500012b8)
OBJ 500012bb (sz=32, trace=300584, class=sun.misc.URLClassPath$2@500012ba)
OBJ 500012bd (sz=16, trace=300586, class=java.lang.ClassLoader$2@500012bc)
OBJ 500012bf (sz=32, trace=300588, class=sun.misc.URLClassPath$1@500012be)
OBJ 500012c1 (sz=24, trace=300590, class=java.net.URLClassLoader$3@500012c0)
OBJ 500012c3 (sz=24, trace=300592, class=sun.misc.CompoundEnumeration@500012c2)
OBJ 500012c5 (sz=16, trace=300594, class=java.net.URLClassLoader$3$1@500012c4)
ARR 500012c6 (sz=120, trace=300204, nelems=0, elem type=char[])
ARR 500012c7 (sz=176, trace=300205, nelems=0, elem type=byte[])
ARR 500012c8 (sz=72, trace=300206, nelems=0, elem type=byte[])
OBJ 500012c9 (sz=16, trace=300261, class=java.util.HashSet@500000cb)
OBJ 500012ca (sz=48, trace=300045, class=java.util.HashMap@50000107)
OBJ 500012cb (sz=24, trace=300262, class=java.lang.String@5000013c)
ARR 500012cc (sz=56, trace=300263, nelems=0, elem type=char[])
ARR 500012cd (sz=120, trace=300204, nelems=0, elem type=char[])
ARR 500012ce (sz=176, trace=300205, nelems=0, elem type=byte[])
ARR 500012cf (sz=72, trace=300206, nelems=0, elem type=byte[])
ARR 500012d0 (sz=120, trace=300204, nelems=0, elem type=char[])
ARR 500012d1 (sz=176, trace=300205, nelems=0, elem type=byte[])
ARR 500012d2 (sz=72, trace=300206, nelems=0, elem type=byte[])
OBJ 500012d3 (sz=16, trace=300261, class=java.util.HashSet@500000cb)
OBJ 500012d4 (sz=48, trace=300045, class=java.util.HashMap@50000107)
OBJ 500012d5 (sz=24, trace=300262, class=java.lang.String@5000013c)
ARR 500012d6 (sz=56, trace=300263, nelems=0, elem type=char[])
ARR 500012d7 (sz=120, trace=300204, nelems=0, elem type=char[])
ARR 500012d8 (sz=176, trace=300205, nelems=0, elem type=byte[])
ARR 500012d9 (sz=72, trace=300206, nelems=0, elem type=byte[])
OBJ 500012da (sz=16, trace=300261, class=java.util.HashSet@500000cb)
OBJ 500012db (sz=48, trace=300045, class=java.util.HashMap@50000107)
OBJ 500012dc (sz=24, trace=300262, class=java.lang.String@5000013c)
ARR 500012dd (sz=56, trace=300263, nelems=0, elem type=char[])
ARR 500012de (sz=120, trace=300204, nelems=0, elem type=char[])
ARR 500012df (sz=176, trace=300205, nelems=0, elem type=byte[])
ARR 500012e0 (sz=72, trace=300206, nelems=0, elem type=byte[])
OBJ 500012e1 (sz=16, trace=300261, class=java.util.HashSet@500000cb)
OBJ 500012e2 (sz=48, trace=300045, class=java.util.HashMap@50000107)
OBJ 500012e3 (sz=24, trace=300262, class=java.lang.String@5000013c)
ARR 500012e4 (sz=56, trace=300263, nelems=0, elem type=char[])
ARR 500012e5 (sz=120, trace=300204, nelems=0, elem type=char[])
ARR 500012e6 (sz=176, trace=300205, nelems=0, elem type=byte[])
ARR 500012e7 (sz=72, trace=300206, nelems=0, elem type=byte[])
OBJ 500012e8 (sz=16, trace=300261, class=java.util.HashSet@500000cb)
OBJ 500012e9 (sz=48, trace=300045, class=java.util.HashMap@50000107)
OBJ 500012ea (sz=24, trace=300262, class=java.lang.String@5000013c)
ARR 500012eb (sz=56, trace=300263, nelems=0, elem type=char[])
ARR 500012ec (sz=120, trace=300204, nelems=0, elem type=char[])
ARR 500012ed (sz=176, trace=300205, nelems=0, elem type=byte[])
ARR 500012ee (sz=72, trace=300206, nelems=0, elem type=byte[])
OBJ 500012ef (sz=16, trace=300261, class=java.util.HashSet@500000cb)
OBJ 500012f0 (sz=48, trace=300045, class=java.util.HashMap@50000107)
OBJ 500012f1 (sz=24, trace=300262, class=java.lang.String@5000013c)
ARR 500012f2 (sz=56, trace=300263, nelems=0, elem type=char[])
ARR 500012f3 (sz=120, trace=300204, nelems=0, elem type=char[])
ARR 500012f4 (sz=176, trace=300205, nelems=0, elem type=byte[])
ARR 500012f5 (sz=72, trace=300206, nelems=0, elem type=byte[])
ARR 500012f6 (sz=120, trace=300204, nelems=0, elem type=char[])
ARR 500012f7 (sz=176, trace=300205, nelems=0, elem type=byte[])
ARR 500012f8 (sz=72, trace=300206, nelems=0, elem type=byte[])
OBJ 500012f9 (sz=16, trace=300261, class=java.util.HashSet@500000cb)
OBJ 500012fa (sz=48, trace=300045, class=java.util.HashMap@50000107)
OBJ 500012fb (sz=24, trace=300262, class=java.lang.String@5000013c)
ARR 500012fc (sz=56, trace=300263, nelems=0, elem type=char[])
ARR 500012fd (sz=120, trace=300204, nelems=0, elem type=char[])
ARR 500012fe (sz=176, trace=300205, nelems=0, elem type=byte[])
ARR 500012ff (sz=72, trace=300206, nelems=0, elem type=byte[])
ARR 50001300 (sz=120, trace=300204, nelems=0, elem type=char[])
ARR 50001301 (sz=176, trace=300205, nelems=0, elem type=byte[])
ARR 50001302 (sz=72, trace=300206, nelems=0, elem type=byte[])
OBJ 50001303 (sz=16, trace=300261, class=java.util.HashSet@500000cb)
OBJ 50001304 (sz=48, trace=300045, class=java.util.HashMap@50000107)
OBJ 50001305 (sz=24, trace=300262, class=java.lang.String@5000013c)
ARR 50001306 (sz=56, trace=300263, nelems=0, elem type=char[])
ARR 50001307 (sz=24, trace=300595, nelems=2, elem type=java.util.concurrent.ConcurrentHashMap$HashEntry[]@5000012d)
	[1]		5000130a
OBJ 50001308 (sz=40, trace=300076, class=java.util.concurrent.ConcurrentHashMap$Segment@50000010)
	sync		50001309
	table		50001307
OBJ 50001309 (sz=32, trace=300026, class=java.util.concurrent.locks.ReentrantLock$NonfairSync@500000c1)
OBJ 5000130a (sz=32, trace=300596, class=java.util.concurrent.ConcurrentHashMap$HashEntry@5000012c)
	key		500011e6
	value		5000129a
OBJ 5000130d (sz=24, trace=300599, class=sun.util.resources.LocaleData$1@5000130c)
OBJ 5000130f (sz=16, trace=300601, class=sun.util.resources.LocaleData$LocaleDataResourceBundleControl@5000130e)
OBJ 50001310 (sz=56, trace=300602, class=java.util.ResourceBundle$CacheKey@500001bf)
OBJ 50001311 (sz=32, trace=300065, class=java.util.ResourceBundle$LoaderReference@500001c2)
OBJ 50001313 (sz=24, trace=300078, class=java.util.ArrayList@50000114)
ARR 50001314 (sz=32, trace=300604, nelems=0, elem type=java.lang.Object[]@5000011b)
OBJ 50001316 (sz=48, trace=300606, class=java.util.HashMap@50000107)
	table		50001317
ARR 50001317 (sz=48, trace=300607, nelems=7, elem type=java.util.HashMap$Entry[]@50000132)
	[0]		50001318
	[2]		5000131c
	[6]		5000131d
OBJ 50001318 (sz=32, trace=300140, class=java.util.HashMap$Entry@50000131)
	key		5000191e
	value		500021c5
OBJ 50001319 (sz=32, trace=300140, class=java.util.HashMap$Entry@50000131)
	key		500021c6
	value		500021c7
OBJ 5000131a (sz=32, trace=300140, class=java.util.HashMap$Entry@50000131)
	key		500021c8
	value		500021c9
	next		50001319
OBJ 5000131b (sz=32, trace=300140, class=java.util.HashMap$Entry@50000131)
	key		500021ca
	value		500021cb
OBJ 5000131c (sz=32, trace=300140, class=java.util.HashMap$Entry@50000131)
	key		5000191c
	value		500021cc
	next		5000131b
OBJ 5000131d (sz=32, trace=300140, class=java.util.HashMap$Entry@50000131)
	key		500021cd
	value		500021ce
	next		5000131a
OBJ 5000131f (sz=32, trace=300609, class=java.util.ArrayList$Itr@5000131e)
OBJ 50001320 (sz=24, trace=300610, class=java.lang.StringBuilder@50000075)
ARR 50001321 (sz=56, trace=300611, nelems=0, elem type=char[])
OBJ 50001322 (sz=24, trace=300612, class=java.lang.String@5000013c)
ARR 50001323 (sz=32, trace=300613, nelems=0, elem type=char[])
OBJ 50001324 (sz=24, trace=300614, class=java.lang.StringBuilder@50000075)
ARR 50001325 (sz=48, trace=300615, nelems=0, elem type=char[])
OBJ 50001326 (sz=24, trace=300616, class=java.lang.String@5000013c)
ARR 50001327 (sz=32, trace=300617, nelems=0, elem type=char[])
OBJ 50001328 (sz=24, trace=300610, class=java.lang.StringBuilder@50000075)
ARR 50001329 (sz=56, trace=300611, nelems=0, elem type=char[])
OBJ 5000132a (sz=24, trace=300612, class=java.lang.String@5000013c)
ARR 5000132b (sz=24, trace=300613, nelems=0, elem type=char[])
OBJ 5000132c (sz=24, trace=300614, class=java.lang.StringBuilder@50000075)
ARR 5000132d (sz=48, trace=300615, nelems=0, elem type=char[])
OBJ 5000132e (sz=24, trace=300616, class=java.lang.String@5000013c)
ARR 5000132f (sz=24, trace=300617, nelems=0, elem type=char[])
OBJ 50001330 (sz=24, trace=300610, class=java.lang.StringBuilder@50000075)
ARR 50001331 (sz=48, trace=300611, nelems=0, elem type=char[])
OBJ 50001332 (sz=24, trace=300612, class=java.lang.String@5000013c)
ARR 50001333 (sz=16, trace=300613, nelems=0, elem type=char[])
OBJ 50001334 (sz=32, trace=300080, class=java.util.ResourceBundle$LoaderReference@500001c2)
OBJ 50001335 (sz=16, trace=300081, class=java.lang.Object@5000011a)
ARR 50001336 (sz=24, trace=300082, nelems=0, elem type=java.util.concurrent.ConcurrentHashMap$HashEntry[]@5000012d)
OBJ 50001337 (sz=40, trace=300076, class=java.util.concurrent.ConcurrentHashMap$Segment@50000010)
	sync		50001338
	table		50001542
OBJ 50001338 (sz=32, trace=300026, class=java.util.concurrent.locks.ReentrantLock$NonfairSync@500000c1)
OBJ 50001339 (sz=32, trace=300083, class=java.util.concurrent.ConcurrentHashMap$HashEntry@5000012c)
	key		5000191e
	value		50001335
OBJ 5000133a (sz=16, trace=300084, class=java.lang.Object@5000011a)
ARR 5000133b (sz=24, trace=300082, nelems=0, elem type=java.util.concurrent.ConcurrentHashMap$HashEntry[]@5000012d)
OBJ 5000133c (sz=40, trace=300076, class=java.util.concurrent.ConcurrentHashMap$Segment@50000010)
	sync		5000133d
	table		50001545
OBJ 5000133d (sz=32, trace=300026, class=java.util.concurrent.locks.ReentrantLock$NonfairSync@500000c1)
OBJ 5000133e (sz=32, trace=300083, class=java.util.concurrent.ConcurrentHashMap$HashEntry@5000012c)
	key		5000191e
	value		5000133a
ARR 50001340 (sz=16, trace=300086, nelems=0, elem type=java.lang.Class[]@500000ab)
OBJ 50001341 (sz=40, trace=300087, class=java.lang.ref.SoftReference@500000f4)
OBJ 50001342 (sz=72, trace=300088, class=java.lang.reflect.Constructor@50000142)
OBJ 50001343 (sz=24, trace=300089, class=java.lang.Class$1@50000164)
OBJ 50001344 (sz=24, trace=300090, class=sun.reflect.NativeConstructorAccessorImpl@50000129)
OBJ 50001345 (sz=16, trace=300091, class=sun.reflect.DelegatingConstructorAccessorImpl@500000c8)
OBJ 50001346 (sz=40, trace=300618, class=sun.text.resources.FormatData@5000133f)
	locale		5000175f
	name		5000191e
	cacheKey	5000222f
	lookup		50001427
OBJ 50001347 (sz=32, trace=300080, class=java.util.ResourceBundle$LoaderReference@500001c2)
	referent	5000019c
	queue		50000197
	cacheKey	5000222f
OBJ 50001348 (sz=48, trace=300094, class=java.util.ResourceBundle$BundleReference@500001ed)
	referent	50001346
	queue		50000197
	cacheKey	5000222f
ARR 50001349 (sz=24, trace=300095, nelems=2, elem type=java.util.concurrent.ConcurrentHashMap$HashEntry[]@5000012d)
	[1]		5000134c
OBJ 5000134a (sz=40, trace=300076, class=java.util.concurrent.ConcurrentHashMap$Segment@50000010)
	sync		5000134b
	table		50001349
OBJ 5000134b (sz=32, trace=300026, class=java.util.concurrent.locks.ReentrantLock$NonfairSync@500000c1)
OBJ 5000134c (sz=32, trace=300096, class=java.util.concurrent.ConcurrentHashMap$HashEntry@5000012c)
	key		5000222f
	value		50001348
OBJ 5000134d (sz=32, trace=300080, class=java.util.ResourceBundle$LoaderReference@500001c2)
OBJ 5000134e (sz=24, trace=300097, class=java.lang.StringBuilder@50000075)
ARR 5000134f (sz=112, trace=300098, nelems=0, elem type=char[])
OBJ 50001350 (sz=24, trace=300099, class=java.lang.String@5000013c)
	value		50001351
ARR 50001351 (sz=64, trace=300100, nelems=32, elem type=char[])
OBJ 50001352 (sz=16, trace=300081, class=java.lang.Object@5000011a)
ARR 50001353 (sz=24, trace=300082, nelems=1, elem type=java.util.concurrent.ConcurrentHashMap$HashEntry[]@5000012d)
	[0]		50001356
OBJ 50001354 (sz=40, trace=300076, class=java.util.concurrent.ConcurrentHashMap$Segment@50000010)
	sync		50001355
	table		50001353
OBJ 50001355 (sz=32, trace=300026, class=java.util.concurrent.locks.ReentrantLock$NonfairSync@500000c1)
OBJ 50001356 (sz=32, trace=300083, class=java.util.concurrent.ConcurrentHashMap$HashEntry@5000012c)
	key		50001350
	value		50001352
OBJ 50001357 (sz=16, trace=300084, class=java.lang.Object@5000011a)
ARR 50001358 (sz=24, trace=300082, nelems=1, elem type=java.util.concurrent.ConcurrentHashMap$HashEntry[]@5000012d)
	[0]		5000135b
OBJ 50001359 (sz=40, trace=300076, class=java.util.concurrent.ConcurrentHashMap$Segment@50000010)
	sync		5000135a
	table		50001358
OBJ 5000135a (sz=32, trace=300026, class=java.util.concurrent.locks.ReentrantLock$NonfairSync@500000c1)
OBJ 5000135b (sz=32, trace=300083, class=java.util.concurrent.ConcurrentHashMap$HashEntry@5000012c)
	key		50001350
	value		50001357
ARR 5000135d (sz=16, trace=300086, nelems=0, elem type=java.lang.Class[]@500000ab)
OBJ 5000135e (sz=40, trace=300087, class=java.lang.ref.SoftReference@500000f4)
OBJ 5000135f (sz=72, trace=300088, class=java.lang.reflect.Constructor@50000142)
OBJ 50001360 (sz=24, trace=300089, class=java.lang.Class$1@50000164)
OBJ 50001361 (sz=24, trace=300090, class=sun.reflect.NativeConstructorAccessorImpl@50000129)
OBJ 50001362 (sz=16, trace=300091, class=sun.reflect.DelegatingConstructorAccessorImpl@500000c8)
OBJ 50001363 (sz=40, trace=300619, class=sun.text.resources.FormatData_en@5000135c)
	parent		50001346
	locale		50001770
	name		5000191e
	cacheKey	5000222e
	lookup		50001401
OBJ 50001364 (sz=32, trace=300080, class=java.util.ResourceBundle$LoaderReference@500001c2)
	referent	5000019c
	queue		50000197
	cacheKey	5000222e
OBJ 50001365 (sz=48, trace=300094, class=java.util.ResourceBundle$BundleReference@500001ed)
	referent	50001363
	queue		50000197
	cacheKey	5000222e
ARR 50001366 (sz=24, trace=300095, nelems=1, elem type=java.util.concurrent.ConcurrentHashMap$HashEntry[]@5000012d)
	[0]		50001369
OBJ 50001367 (sz=40, trace=300076, class=java.util.concurrent.ConcurrentHashMap$Segment@50000010)
	sync		50001368
	table		50001366
OBJ 50001368 (sz=32, trace=300026, class=java.util.concurrent.locks.ReentrantLock$NonfairSync@500000c1)
OBJ 50001369 (sz=32, trace=300096, class=java.util.concurrent.ConcurrentHashMap$HashEntry@5000012c)
	key		5000222e
	value		50001365
OBJ 5000136a (sz=32, trace=300080, class=java.util.ResourceBundle$LoaderReference@500001c2)
OBJ 5000136b (sz=24, trace=300097, class=java.lang.StringBuilder@50000075)
ARR 5000136c (sz=112, trace=300098, nelems=0, elem type=char[])
OBJ 5000136d (sz=24, trace=300099, class=java.lang.String@5000013c)
	value		5000136e
ARR 5000136e (sz=70, trace=300100, nelems=35, elem type=char[])
OBJ 5000136f (sz=16, trace=300081, class=java.lang.Object@5000011a)
ARR 50001370 (sz=24, trace=300082, nelems=2, elem type=java.util.concurrent.ConcurrentHashMap$HashEntry[]@5000012d)
	[1]		50001373
OBJ 50001371 (sz=40, trace=300076, class=java.util.concurrent.ConcurrentHashMap$Segment@50000010)
	sync		50001372
	table		50001370
OBJ 50001372 (sz=32, trace=300026, class=java.util.concurrent.locks.ReentrantLock$NonfairSync@500000c1)
OBJ 50001373 (sz=32, trace=300083, class=java.util.concurrent.ConcurrentHashMap$HashEntry@5000012c)
	key		5000136d
	value		5000136f
OBJ 50001374 (sz=16, trace=300084, class=java.lang.Object@5000011a)
ARR 50001375 (sz=24, trace=300082, nelems=2, elem type=java.util.concurrent.ConcurrentHashMap$HashEntry[]@5000012d)
	[1]		50001378
OBJ 50001376 (sz=40, trace=300076, class=java.util.concurrent.ConcurrentHashMap$Segment@50000010)
	sync		50001377
	table		50001375
OBJ 50001377 (sz=32, trace=300026, class=java.util.concurrent.locks.ReentrantLock$NonfairSync@500000c1)
OBJ 50001378 (sz=32, trace=300083, class=java.util.concurrent.ConcurrentHashMap$HashEntry@5000012c)
	key		5000136d
	value		50001374
ARR 5000137a (sz=16, trace=300086, nelems=0, elem type=java.lang.Class[]@500000ab)
OBJ 5000137b (sz=40, trace=300087, class=java.lang.ref.SoftReference@500000f4)
OBJ 5000137c (sz=72, trace=300088, class=java.lang.reflect.Constructor@50000142)
OBJ 5000137d (sz=24, trace=300089, class=java.lang.Class$1@50000164)
OBJ 5000137e (sz=24, trace=300090, class=sun.reflect.NativeConstructorAccessorImpl@50000129)
OBJ 5000137f (sz=16, trace=300091, class=sun.reflect.DelegatingConstructorAccessorImpl@500000c8)
OBJ 50001380 (sz=40, trace=300620, class=sun.text.resources.FormatData_en_US@50001379)
	parent		50001363
	locale		5000175e
	name		5000191e
	cacheKey	5000222d
	lookup		5000138a
OBJ 50001381 (sz=32, trace=300080, class=java.util.ResourceBundle$LoaderReference@500001c2)
	referent	5000019c
	queue		50000197
	cacheKey	5000222d
OBJ 50001382 (sz=48, trace=300094, class=java.util.ResourceBundle$BundleReference@500001ed)
	referent	50001380
	queue		50000197
	cacheKey	5000222d
ARR 50001383 (sz=24, trace=300095, nelems=1, elem type=java.util.concurrent.ConcurrentHashMap$HashEntry[]@5000012d)
	[0]		50001386
OBJ 50001384 (sz=40, trace=300076, class=java.util.concurrent.ConcurrentHashMap$Segment@50000010)
	sync		50001385
	table		50001383
OBJ 50001385 (sz=32, trace=300026, class=java.util.concurrent.locks.ReentrantLock$NonfairSync@500000c1)
OBJ 50001386 (sz=32, trace=300096, class=java.util.concurrent.ConcurrentHashMap$HashEntry@5000012c)
	key		5000222d
	value		50001382
ARR 50001387 (sz=24, trace=300621, nelems=0, elem type=java.lang.Object[][]@5000104d)
ARR 50001388 (sz=24, trace=300622, nelems=0, elem type=java.lang.Object[]@5000011b)
ARR 50001389 (sz=32, trace=300623, nelems=3, elem type=java.lang.String[]@5000013d)
	[0]		50002294
	[1]		500022f8
	[2]		50002296
OBJ 5000138a (sz=48, trace=300464, class=java.util.HashMap@50000107)
	table		5000138b
ARR 5000138b (sz=24, trace=300465, nelems=1, elem type=java.util.HashMap$Entry[]@50000132)
	[0]		5000138c
OBJ 5000138c (sz=32, trace=300140, class=java.util.HashMap$Entry@50000131)
	key		50002292
	value		50001389
OBJ 5000138d (sz=32, trace=300624, class=java.util.Hashtable$Entry@50000122)
	key		5000175e
	value		50001389
OBJ 5000138f (sz=48, trace=300626, class=java.util.concurrent.ConcurrentHashMap@500000dd)
	segments	50001393
ARR 50001390 (sz=24, trace=300627, nelems=0, elem type=java.util.concurrent.ConcurrentHashMap$HashEntry[]@5000012d)
OBJ 50001391 (sz=40, trace=300025, class=java.util.concurrent.ConcurrentHashMap$Segment@50000010)
	sync		50001392
	table		50001390
OBJ 50001392 (sz=32, trace=300026, class=java.util.concurrent.locks.ReentrantLock$NonfairSync@500000c1)
ARR 50001393 (sz=80, trace=300628, nelems=11, elem type=java.util.concurrent.ConcurrentHashMap$Segment[]@50000011)
	[0]		50001391
	[10]		50001571
OBJ 50001395 (sz=32, trace=300630, class=sun.util.LocaleServiceProviderPool@500011e7)
	providers	50001396
	providersCache	50001399
OBJ 50001396 (sz=16, trace=300560, class=java.util.LinkedHashSet@5000129b)
	map		50001397
OBJ 50001397 (sz=56, trace=300561, class=java.util.LinkedHashMap@5000015e)
	table		50001935
	header		50001398
OBJ 50001398 (sz=40, trace=300562, class=java.util.LinkedHashMap$Entry@50000148)
	before		50001398
	after		50001398
OBJ 50001399 (sz=48, trace=300563, class=java.util.concurrent.ConcurrentHashMap@500000dd)
	segments	5000139d
ARR 5000139a (sz=24, trace=300564, nelems=0, elem type=java.util.concurrent.ConcurrentHashMap$HashEntry[]@5000012d)
OBJ 5000139b (sz=40, trace=300527, class=java.util.concurrent.ConcurrentHashMap$Segment@50000010)
	sync		5000139c
	table		5000139a
OBJ 5000139c (sz=32, trace=300026, class=java.util.concurrent.locks.ReentrantLock$NonfairSync@500000c1)
ARR 5000139d (sz=80, trace=300565, nelems=1, elem type=java.util.concurrent.ConcurrentHashMap$Segment[]@50000011)
	[0]		5000139b
OBJ 5000139e (sz=24, trace=300631, class=sun.util.LocaleServiceProviderPool$1@500012a4)
OBJ 5000139f (sz=32, trace=300569, class=java.util.ServiceLoader@500012a6)
OBJ 500013a0 (sz=56, trace=300570, class=java.util.LinkedHashMap@5000015e)
OBJ 500013a1 (sz=40, trace=300562, class=java.util.LinkedHashMap$Entry@50000148)
OBJ 500013a2 (sz=40, trace=300572, class=java.util.ServiceLoader$LazyIterator@500012aa)
OBJ 500013a3 (sz=24, trace=300574, class=java.util.ServiceLoader$1@500012ac)
OBJ 500013a4 (sz=16, trace=300575, class=java.util.HashMap$EntrySet@50000125)
OBJ 500013a5 (sz=32, trace=300577, class=java.util.LinkedHashMap$EntryIterator@500012b0)
OBJ 500013a6 (sz=24, trace=300578, class=java.lang.StringBuilder@50000075)
ARR 500013a7 (sz=48, trace=300579, nelems=0, elem type=char[])
ARR 500013a8 (sz=88, trace=300006, nelems=0, elem type=char[])
ARR 500013a9 (sz=160, trace=300006, nelems=0, elem type=char[])
OBJ 500013aa (sz=24, trace=300580, class=java.lang.String@5000013c)
ARR 500013ab (sz=136, trace=300581, nelems=0, elem type=char[])
ARR 500013ac (sz=24, trace=300582, nelems=0, elem type=java.util.Enumeration[]@500012b8)
OBJ 500013ad (sz=32, trace=300584, class=sun.misc.URLClassPath$2@500012ba)
OBJ 500013ae (sz=16, trace=300586, class=java.lang.ClassLoader$2@500012bc)
OBJ 500013af (sz=32, trace=300588, class=sun.misc.URLClassPath$1@500012be)
OBJ 500013b0 (sz=24, trace=300590, class=java.net.URLClassLoader$3@500012c0)
OBJ 500013b1 (sz=24, trace=300592, class=sun.misc.CompoundEnumeration@500012c2)
OBJ 500013b2 (sz=16, trace=300594, class=java.net.URLClassLoader$3$1@500012c4)
ARR 500013b3 (sz=136, trace=300204, nelems=0, elem type=char[])
ARR 500013b4 (sz=200, trace=300205, nelems=0, elem type=byte[])
ARR 500013b5 (sz=80, trace=300206, nelems=0, elem type=byte[])
OBJ 500013b6 (sz=16, trace=300261, class=java.util.HashSet@500000cb)
OBJ 500013b7 (sz=48, trace=300045, class=java.util.HashMap@50000107)
OBJ 500013b8 (sz=24, trace=300262, class=java.lang.String@5000013c)
ARR 500013b9 (sz=56, trace=300263, nelems=0, elem type=char[])
ARR 500013ba (sz=136, trace=300204, nelems=0, elem type=char[])
ARR 500013bb (sz=200, trace=300205, nelems=0, elem type=byte[])
ARR 500013bc (sz=80, trace=300206, nelems=0, elem type=byte[])
ARR 500013bd (sz=136, trace=300204, nelems=0, elem type=char[])
ARR 500013be (sz=200, trace=300205, nelems=0, elem type=byte[])
ARR 500013bf (sz=80, trace=300206, nelems=0, elem type=byte[])
OBJ 500013c0 (sz=16, trace=300261, class=java.util.HashSet@500000cb)
OBJ 500013c1 (sz=48, trace=300045, class=java.util.HashMap@50000107)
OBJ 500013c2 (sz=24, trace=300262, class=java.lang.String@5000013c)
ARR 500013c3 (sz=56, trace=300263, nelems=0, elem type=char[])
ARR 500013c4 (sz=136, trace=300204, nelems=0, elem type=char[])
ARR 500013c5 (sz=200, trace=300205, nelems=0, elem type=byte[])
ARR 500013c6 (sz=80, trace=300206, nelems=0, elem type=byte[])
OBJ 500013c7 (sz=16, trace=300261, class=java.util.HashSet@500000cb)
OBJ 500013c8 (sz=48, trace=300045, class=java.util.HashMap@50000107)
OBJ 500013c9 (sz=24, trace=300262, class=java.lang.String@5000013c)
ARR 500013ca (sz=56, trace=300263, nelems=0, elem type=char[])
ARR 500013cb (sz=136, trace=300204, nelems=0, elem type=char[])
ARR 500013cc (sz=200, trace=300205, nelems=0, elem type=byte[])
ARR 500013cd (sz=80, trace=300206, nelems=0, elem type=byte[])
OBJ 500013ce (sz=16, trace=300261, class=java.util.HashSet@500000cb)
OBJ 500013cf (sz=48, trace=300045, class=java.util.HashMap@50000107)
OBJ 500013d0 (sz=24, trace=300262, class=java.lang.String@5000013c)
ARR 500013d1 (sz=56, trace=300263, nelems=0, elem type=char[])
ARR 500013d2 (sz=136, trace=300204, nelems=0, elem type=char[])
ARR 500013d3 (sz=200, trace=300205, nelems=0, elem type=byte[])
ARR 500013d4 (sz=80, trace=300206, nelems=0, elem type=byte[])
OBJ 500013d5 (sz=16, trace=300261, class=java.util.HashSet@500000cb)
OBJ 500013d6 (sz=48, trace=300045, class=java.util.HashMap@50000107)
OBJ 500013d7 (sz=24, trace=300262, class=java.lang.String@5000013c)
ARR 500013d8 (sz=56, trace=300263, nelems=0, elem type=char[])
ARR 500013d9 (sz=136, trace=300204, nelems=0, elem type=char[])
ARR 500013da (sz=200, trace=300205, nelems=0, elem type=byte[])
ARR 500013db (sz=80, trace=300206, nelems=0, elem type=byte[])
OBJ 500013dc (sz=16, trace=300261, class=java.util.HashSet@500000cb)
OBJ 500013dd (sz=48, trace=300045, class=java.util.HashMap@50000107)
OBJ 500013de (sz=24, trace=300262, class=java.lang.String@5000013c)
ARR 500013df (sz=56, trace=300263, nelems=0, elem type=char[])
ARR 500013e0 (sz=136, trace=300204, nelems=0, elem type=char[])
ARR 500013e1 (sz=200, trace=300205, nelems=0, elem type=byte[])
ARR 500013e2 (sz=80, trace=300206, nelems=0, elem type=byte[])
ARR 500013e3 (sz=136, trace=300204, nelems=0, elem type=char[])
ARR 500013e4 (sz=200, trace=300205, nelems=0, elem type=byte[])
ARR 500013e5 (sz=80, trace=300206, nelems=0, elem type=byte[])
OBJ 500013e6 (sz=16, trace=300261, class=java.util.HashSet@500000cb)
OBJ 500013e7 (sz=48, trace=300045, class=java.util.HashMap@50000107)
OBJ 500013e8 (sz=24, trace=300262, class=java.lang.String@5000013c)
ARR 500013e9 (sz=56, trace=300263, nelems=0, elem type=char[])
ARR 500013ea (sz=136, trace=300204, nelems=0, elem type=char[])
ARR 500013eb (sz=200, trace=300205, nelems=0, elem type=byte[])
ARR 500013ec (sz=80, trace=300206, nelems=0, elem type=byte[])
ARR 500013ed (sz=136, trace=300204, nelems=0, elem type=char[])
ARR 500013ee (sz=200, trace=300205, nelems=0, elem type=byte[])
ARR 500013ef (sz=80, trace=300206, nelems=0, elem type=byte[])
OBJ 500013f0 (sz=16, trace=300261, class=java.util.HashSet@500000cb)
OBJ 500013f1 (sz=48, trace=300045, class=java.util.HashMap@50000107)
OBJ 500013f2 (sz=24, trace=300262, class=java.lang.String@5000013c)
ARR 500013f3 (sz=56, trace=300263, nelems=0, elem type=char[])
ARR 500013f4 (sz=24, trace=300632, nelems=2, elem type=java.util.concurrent.ConcurrentHashMap$HashEntry[]@5000012d)
	[1]		500013f7
OBJ 500013f5 (sz=40, trace=300076, class=java.util.concurrent.ConcurrentHashMap$Segment@50000010)
	sync		500013f6
	table		500013f4
OBJ 500013f6 (sz=32, trace=300026, class=java.util.concurrent.locks.ReentrantLock$NonfairSync@500000c1)
OBJ 500013f7 (sz=32, trace=300596, class=java.util.concurrent.ConcurrentHashMap$HashEntry@5000012c)
	key		50001394
	value		50001395
OBJ 500013f8 (sz=64, trace=300633, class=java.text.DecimalFormatSymbols@5000138e)
ARR 500013f9 (sz=32, trace=300634, nelems=3, elem type=java.lang.Object[]@5000011b)
	[0]		5000141f
	[1]		500014bf
	[2]		500022fb
OBJ 500013fa (sz=24, trace=300635, class=sun.util.resources.LocaleData$1@5000130c)
OBJ 500013fb (sz=56, trace=300602, class=java.util.ResourceBundle$CacheKey@500001bf)
OBJ 500013fc (sz=32, trace=300065, class=java.util.ResourceBundle$LoaderReference@500001c2)
ARR 500013fd (sz=24, trace=300636, nelems=0, elem type=java.lang.Object[][]@5000104d)
ARR 500013fe (sz=24, trace=300637, nelems=0, elem type=java.lang.Object[]@5000011b)
ARR 500013ff (sz=32, trace=300638, nelems=3, elem type=java.lang.String[]@5000013d)
	[0]		50002294
	[1]		500022f6
	[2]		50002296
ARR 50001400 (sz=24, trace=300639, nelems=0, elem type=java.lang.Object[]@5000011b)
OBJ 50001401 (sz=48, trace=300464, class=java.util.HashMap@50000107)
	table		50001402
ARR 50001402 (sz=24, trace=300465, nelems=2, elem type=java.util.HashMap$Entry[]@50000132)
	[0]		50001404
	[1]		50001403
OBJ 50001403 (sz=32, trace=300140, class=java.util.HashMap$Entry@50000131)
	key		50002292
	value		500013ff
OBJ 50001404 (sz=32, trace=300140, class=java.util.HashMap$Entry@50000131)
	key		5000223b
	value		5000223a
ARR 50001405 (sz=88, trace=300640, nelems=0, elem type=java.lang.Object[][]@5000104d)
ARR 50001406 (sz=24, trace=300641, nelems=0, elem type=java.lang.Object[]@5000011b)
ARR 50001407 (sz=72, trace=300642, nelems=13, elem type=java.lang.String[]@5000013d)
	[0]		5000229e
	[1]		5000229f
	[2]		500022a0
	[3]		500022a1
	[4]		5000227e
	[5]		500022a2
	[6]		500022a3
	[7]		500022a4
	[8]		500022a5
	[9]		500022a6
	[10]		500022a7
	[11]		500022a8
	[12]		5000173a
ARR 50001408 (sz=24, trace=300643, nelems=0, elem type=java.lang.Object[]@5000011b)
ARR 50001409 (sz=72, trace=300644, nelems=13, elem type=java.lang.String[]@5000013d)
	[0]		5000227a
	[1]		5000227b
	[2]		5000227c
	[3]		5000227d
	[4]		5000227e
	[5]		5000227f
	[6]		50002280
	[7]		50002281
	[8]		50002282
	[9]		50002283
	[10]		50002284
	[11]		50002285
	[12]		5000173a
ARR 5000140a (sz=24, trace=300645, nelems=0, elem type=java.lang.Object[]@5000011b)
ARR 5000140b (sz=48, trace=300646, nelems=7, elem type=java.lang.String[]@5000013d)
	[0]		5000226a
	[1]		5000226b
	[2]		5000226c
	[3]		5000226d
	[4]		5000226e
	[5]		5000226f
	[6]		50002270
ARR 5000140c (sz=24, trace=300647, nelems=0, elem type=java.lang.Object[]@5000011b)
ARR 5000140d (sz=48, trace=300648, nelems=7, elem type=java.lang.String[]@5000013d)
	[0]		50002246
	[1]		50002247
	[2]		50002248
	[3]		50002249
	[4]		5000224a
	[5]		5000224b
	[6]		5000224c
ARR 5000140e (sz=24, trace=300649, nelems=0, elem type=java.lang.Object[]@5000011b)
ARR 5000140f (sz=24, trace=300650, nelems=2, elem type=java.lang.String[]@5000013d)
	[0]		50002240
	[1]		50002241
ARR 50001410 (sz=24, trace=300651, nelems=0, elem type=java.lang.Object[]@5000011b)
ARR 50001411 (sz=24, trace=300652, nelems=2, elem type=java.lang.String[]@5000013d)
	[0]		50002256
	[1]		5000225c
ARR 50001412 (sz=24, trace=300653, nelems=0, elem type=java.lang.Object[]@5000011b)
ARR 50001413 (sz=24, trace=300654, nelems=2, elem type=java.lang.String[]@5000013d)
	[0]		50002256
	[1]		50002257
ARR 50001414 (sz=24, trace=300655, nelems=0, elem type=java.lang.Object[]@5000011b)
ARR 50001415 (sz=24, trace=300656, nelems=2, elem type=java.lang.String[]@5000013d)
	[0]		50002256
	[1]		50002257
ARR 50001416 (sz=24, trace=300657, nelems=0, elem type=java.lang.Object[]@5000011b)
ARR 50001417 (sz=40, trace=300658, nelems=5, elem type=java.lang.String[]@5000013d)
	[0]		5000173a
	[1]		50002260
	[2]		50002261
	[3]		50002262
	[4]		50002263
ARR 50001418 (sz=24, trace=300659, nelems=0, elem type=java.lang.Object[]@5000011b)
ARR 50001419 (sz=40, trace=300660, nelems=5, elem type=java.lang.String[]@5000013d)
	[0]		5000173a
	[1]		50002232
	[2]		50002233
	[3]		50002234
	[4]		50002235
ARR 5000141a (sz=24, trace=300661, nelems=0, elem type=java.lang.Object[]@5000011b)
ARR 5000141b (sz=16, trace=300662, nelems=0, elem type=java.lang.String[]@5000013d)
ARR 5000141c (sz=24, trace=300663, nelems=0, elem type=java.lang.Object[]@5000011b)
ARR 5000141d (sz=32, trace=300664, nelems=3, elem type=java.lang.String[]@5000013d)
	[0]		50002294
	[1]		50002295
	[2]		50002296
ARR 5000141e (sz=24, trace=300665, nelems=0, elem type=java.lang.Object[]@5000011b)
ARR 5000141f (sz=64, trace=300666, nelems=11, elem type=java.lang.String[]@5000013d)
	[0]		50001968
	[1]		500022d2
	[2]		500022d3
	[3]		500022d4
	[4]		500022d5
	[5]		500022d6
	[6]		50001f43
	[7]		500022d7
	[8]		500022d8
	[9]		500022d9
	[10]		50001ed5
ARR 50001420 (sz=24, trace=300667, nelems=0, elem type=java.lang.Object[]@5000011b)
ARR 50001421 (sz=56, trace=300668, nelems=9, elem type=java.lang.String[]@5000013d)
	[0]		500022b6
	[1]		500022b6
	[2]		500022b7
	[3]		500022b8
	[4]		500022c8
	[5]		500022c9
	[6]		500022ca
	[7]		500022cb
	[8]		500022bd
ARR 50001422 (sz=24, trace=300669, nelems=0, elem type=java.lang.Object[]@5000011b)
ARR 50001423 (sz=56, trace=300670, nelems=9, elem type=java.lang.String[]@5000013d)
	[0]		500022e6
	[1]		500022e6
	[2]		500022e7
	[3]		500022e8
	[4]		500022e9
	[5]		500022ea
	[6]		500022eb
	[7]		500022ec
	[8]		500022ed
ARR 50001424 (sz=24, trace=300671, nelems=0, elem type=java.lang.Object[]@5000011b)
ARR 50001425 (sz=56, trace=300672, nelems=9, elem type=java.lang.String[]@5000013d)
	[0]		500022b6
	[1]		500022b6
	[2]		500022b7
	[3]		500022b8
	[4]		500022b9
	[5]		500022ba
	[6]		500022bb
	[7]		500022bc
	[8]		500022bd
ARR 50001426 (sz=24, trace=300673, nelems=0, elem type=java.lang.Object[]@5000011b)
OBJ 50001427 (sz=48, trace=300464, class=java.util.HashMap@50000107)
	table		50001428
ARR 50001428 (sz=144, trace=300465, nelems=31, elem type=java.util.HashMap$Entry[]@50000132)
	[0]		50001437
	[5]		5000142f
	[6]		50001435
	[7]		50001436
	[12]		50001438
	[13]		50001433
	[15]		50001434
	[17]		5000142a
	[18]		5000142b
	[19]		50001431
	[25]		5000142e
	[26]		50001430
	[28]		50001439
	[30]		50001432
OBJ 50001429 (sz=32, trace=300140, class=java.util.HashMap$Entry@50000131)
	key		5000229c
	value		50001407
OBJ 5000142a (sz=32, trace=300140, class=java.util.HashMap$Entry@50000131)
	key		50002278
	value		50001409
OBJ 5000142b (sz=32, trace=300140, class=java.util.HashMap$Entry@50000131)
	key		50002268
	value		5000140b
OBJ 5000142c (sz=32, trace=300140, class=java.util.HashMap$Entry@50000131)
	key		50002244
	value		5000140d
OBJ 5000142d (sz=32, trace=300140, class=java.util.HashMap$Entry@50000131)
	key		5000223e
	value		5000140f
	next		5000142c
OBJ 5000142e (sz=32, trace=300140, class=java.util.HashMap$Entry@50000131)
	key		5000225a
	value		50001411
OBJ 5000142f (sz=32, trace=300140, class=java.util.HashMap$Entry@50000131)
	key		500022e2
	value		50001413
OBJ 50001430 (sz=32, trace=300140, class=java.util.HashMap$Entry@50000131)
	key		50002254
	value		50001415
OBJ 50001431 (sz=32, trace=300140, class=java.util.HashMap$Entry@50000131)
	key		5000225e
	value		50001417
OBJ 50001432 (sz=32, trace=300140, class=java.util.HashMap$Entry@50000131)
	key		50002230
	value		50001419
OBJ 50001433 (sz=32, trace=300140, class=java.util.HashMap$Entry@50000131)
	key		5000229a
	value		5000141b
	next		50001429
OBJ 50001434 (sz=32, trace=300140, class=java.util.HashMap$Entry@50000131)
	key		50002292
	value		5000141d
OBJ 50001435 (sz=32, trace=300140, class=java.util.HashMap$Entry@50000131)
	key		500022d0
	value		5000141f
OBJ 50001436 (sz=32, trace=300140, class=java.util.HashMap$Entry@50000131)
	key		500022c6
	value		50001421
OBJ 50001437 (sz=32, trace=300140, class=java.util.HashMap$Entry@50000131)
	key		500022e4
	value		50001423
OBJ 50001438 (sz=32, trace=300140, class=java.util.HashMap$Entry@50000131)
	key		500022b4
	value		50001425
OBJ 50001439 (sz=32, trace=300140, class=java.util.HashMap$Entry@50000131)
	key		5000223b
	value		5000223a
	next		5000142d
OBJ 5000143b (sz=48, trace=300675, class=java.util.HashMap@50000107)
	table		500014c2
OBJ 5000143d (sz=16, trace=300677, class=java.util.Currency$1@5000143c)
OBJ 5000143e (sz=24, trace=300678, class=java.lang.StringBuilder@50000075)
ARR 5000143f (sz=48, trace=300679, nelems=0, elem type=char[])
ARR 50001440 (sz=152, trace=300006, nelems=0, elem type=char[])
ARR 50001441 (sz=288, trace=300006, nelems=0, elem type=char[])
OBJ 50001442 (sz=24, trace=300680, class=java.lang.String@5000013c)
	value		50001443
ARR 50001443 (sz=170, trace=300681, nelems=85, elem type=char[])
OBJ 50001446 (sz=32, trace=300683, class=java.io.File@500000e5)
OBJ 50001447 (sz=32, trace=300684, class=java.io.FileInputStream@5000007d)
	fd		5000144a
	path		50001442
	closeLock	50001449
OBJ 50001448 (sz=40, trace=300172, class=java.lang.ref.Finalizer@50000115)
	referent	50001447
	queue		50001701
	next		50000ba2
OBJ 50001449 (sz=16, trace=300685, class=java.lang.Object@5000011a)
OBJ 5000144a (sz=24, trace=300686, class=java.io.FileDescriptor@500000ec)
	useCount	5000144b
OBJ 5000144b (sz=16, trace=300385, class=java.util.concurrent.atomic.AtomicInteger@5000000e)
ARR 5000144c (sz=272, trace=300386, nelems=0, elem type=byte[])
ARR 5000144d (sz=104, trace=300011, nelems=0, elem type=byte[])
OBJ 5000144e (sz=40, trace=300687, class=java.io.BufferedInputStream@5000003f)
ARR 5000144f (sz=8208, trace=300688, nelems=0, elem type=byte[])
OBJ 50001450 (sz=32, trace=300689, class=java.io.DataInputStream@50001445)
ARR 50001451 (sz=96, trace=300690, nelems=0, elem type=byte[])
ARR 50001452 (sz=176, trace=300691, nelems=0, elem type=char[])
ARR 50001453 (sz=24, trace=300692, nelems=0, elem type=byte[])
ARR 50001454 (sz=2704, trace=300693, nelems=676, elem type=int[])
ARR 50001455 (sz=160, trace=300694, nelems=20, elem type=long[])
ARR 50001456 (sz=96, trace=300695, nelems=20, elem type=java.lang.String[]@5000013d)
	[0]		50001457
	[1]		50001459
	[2]		5000145b
	[3]		5000145d
	[4]		5000145f
	[5]		50001461
	[6]		50001463
	[7]		50001465
	[8]		50001467
	[9]		50001469
	[10]		5000146b
	[11]		5000146d
	[12]		5000146f
	[13]		50001471
	[14]		50001473
	[15]		50001475
	[16]		50001477
	[17]		50001479
	[18]		5000147b
	[19]		5000147d
OBJ 50001457 (sz=24, trace=300696, class=java.lang.String@5000013c)
	value		50001458
ARR 50001458 (sz=6, trace=300697, nelems=3, elem type=char[])
OBJ 50001459 (sz=24, trace=300696, class=java.lang.String@5000013c)
	value		5000145a
ARR 5000145a (sz=6, trace=300697, nelems=3, elem type=char[])
OBJ 5000145b (sz=24, trace=300696, class=java.lang.String@5000013c)
	value		5000145c
ARR 5000145c (sz=6, trace=300697, nelems=3, elem type=char[])
OBJ 5000145d (sz=24, trace=300696, class=java.lang.String@5000013c)
	value		5000145e
ARR 5000145e (sz=6, trace=300697, nelems=3, elem type=char[])
OBJ 5000145f (sz=24, trace=300696, class=java.lang.String@5000013c)
	value		50001460
ARR 50001460 (sz=6, trace=300697, nelems=3, elem type=char[])
OBJ 50001461 (sz=24, trace=300696, class=java.lang.String@5000013c)
	value		50001462
ARR 50001462 (sz=6, trace=300697, nelems=3, elem type=char[])
OBJ 50001463 (sz=24, trace=300696, class=java.lang.String@5000013c)
	value		50001464
ARR 50001464 (sz=6, trace=300697, nelems=3, elem type=char[])
OBJ 50001465 (sz=24, trace=300696, class=java.lang.String@5000013c)
	value		50001466
ARR 50001466 (sz=6, trace=300697, nelems=3, elem type=char[])
OBJ 50001467 (sz=24, trace=300696, class=java.lang.String@5000013c)
	value		50001468
ARR 50001468 (sz=6, trace=300697, nelems=3, elem type=char[])
OBJ 50001469 (sz=24, trace=300696, class=java.lang.String@5000013c)
	value		5000146a
ARR 5000146a (sz=6, trace=300697, nelems=3, elem type=char[])
OBJ 5000146b (sz=24, trace=300696, class=java.lang.String@5000013c)
	value		5000146c
ARR 5000146c (sz=6, trace=300697, nelems=3, elem type=char[])
OBJ 5000146d (sz=24, trace=300696, class=java.lang.String@5000013c)
	value		5000146e
ARR 5000146e (sz=6, trace=300697, nelems=3, elem type=char[])
OBJ 5000146f (sz=24, trace=300696, class=java.lang.String@5000013c)
	value		50001470
ARR 50001470 (sz=6, trace=300697, nelems=3, elem type=char[])
OBJ 50001471 (sz=24, trace=300696, class=java.lang.String@5000013c)
	value		50001472
ARR 50001472 (sz=6, trace=300697, nelems=3, elem type=char[])
OBJ 50001473 (sz=24, trace=300696, class=java.lang.String@5000013c)
	value		50001474
ARR 50001474 (sz=6, trace=300697, nelems=3, elem type=char[])
OBJ 50001475 (sz=24, trace=300696, class=java.lang.String@5000013c)
	value		50001476
ARR 50001476 (sz=6, trace=300697, nelems=3, elem type=char[])
OBJ 50001477 (sz=24, trace=300696, class=java.lang.String@5000013c)
	value		50001478
ARR 50001478 (sz=6, trace=300697, nelems=3, elem type=char[])
OBJ 50001479 (sz=24, trace=300696, class=java.lang.String@5000013c)
	value		5000147a
ARR 5000147a (sz=6, trace=300697, nelems=3, elem type=char[])
OBJ 5000147b (sz=24, trace=300696, class=java.lang.String@5000013c)
	value		5000147c
ARR 5000147c (sz=6, trace=300697, nelems=3, elem type=char[])
OBJ 5000147d (sz=24, trace=300696, class=java.lang.String@5000013c)
	value		5000147e
ARR 5000147e (sz=6, trace=300697, nelems=3, elem type=char[])
ARR 5000147f (sz=96, trace=300698, nelems=20, elem type=java.lang.String[]@5000013d)
	[0]		50001480
	[1]		50001482
	[2]		50001484
	[3]		50001486
	[4]		50001488
	[5]		5000148a
	[6]		5000148c
	[7]		5000148e
	[8]		50001490
	[9]		50001492
	[10]		50001494
	[11]		50001496
	[12]		50001498
	[13]		5000149a
	[14]		5000149c
	[15]		5000149e
	[16]		500014a0
	[17]		500014a2
	[18]		500014a4
	[19]		500014a6
OBJ 50001480 (sz=24, trace=300696, class=java.lang.String@5000013c)
	value		50001481
ARR 50001481 (sz=0, trace=300697, nelems=0, elem type=char[])
OBJ 50001482 (sz=24, trace=300696, class=java.lang.String@5000013c)
	value		50001483
ARR 50001483 (sz=0, trace=300697, nelems=0, elem type=char[])
OBJ 50001484 (sz=24, trace=300696, class=java.lang.String@5000013c)
	value		50001485
ARR 50001485 (sz=0, trace=300697, nelems=0, elem type=char[])
OBJ 50001486 (sz=24, trace=300696, class=java.lang.String@5000013c)
	value		50001487
ARR 50001487 (sz=6, trace=300697, nelems=3, elem type=char[])
OBJ 50001488 (sz=24, trace=300696, class=java.lang.String@5000013c)
	value		50001489
ARR 50001489 (sz=0, trace=300697, nelems=0, elem type=char[])
OBJ 5000148a (sz=24, trace=300696, class=java.lang.String@5000013c)
	value		5000148b
ARR 5000148b (sz=0, trace=300697, nelems=0, elem type=char[])
OBJ 5000148c (sz=24, trace=300696, class=java.lang.String@5000013c)
	value		5000148d
ARR 5000148d (sz=0, trace=300697, nelems=0, elem type=char[])
OBJ 5000148e (sz=24, trace=300696, class=java.lang.String@5000013c)
	value		5000148f
ARR 5000148f (sz=0, trace=300697, nelems=0, elem type=char[])
OBJ 50001490 (sz=24, trace=300696, class=java.lang.String@5000013c)
	value		50001491
ARR 50001491 (sz=0, trace=300697, nelems=0, elem type=char[])
OBJ 50001492 (sz=24, trace=300696, class=java.lang.String@5000013c)
	value		50001493
ARR 50001493 (sz=0, trace=300697, nelems=0, elem type=char[])
OBJ 50001494 (sz=24, trace=300696, class=java.lang.String@5000013c)
	value		50001495
ARR 50001495 (sz=0, trace=300697, nelems=0, elem type=char[])
OBJ 50001496 (sz=24, trace=300696, class=java.lang.String@5000013c)
	value		50001497
ARR 50001497 (sz=0, trace=300697, nelems=0, elem type=char[])
OBJ 50001498 (sz=24, trace=300696, class=java.lang.String@5000013c)
	value		50001499
ARR 50001499 (sz=0, trace=300697, nelems=0, elem type=char[])
OBJ 5000149a (sz=24, trace=300696, class=java.lang.String@5000013c)
	value		5000149b
ARR 5000149b (sz=0, trace=300697, nelems=0, elem type=char[])
OBJ 5000149c (sz=24, trace=300696, class=java.lang.String@5000013c)
	value		5000149d
ARR 5000149d (sz=6, trace=300697, nelems=3, elem type=char[])
OBJ 5000149e (sz=24, trace=300696, class=java.lang.String@5000013c)
	value		5000149f
ARR 5000149f (sz=0, trace=300697, nelems=0, elem type=char[])
OBJ 500014a0 (sz=24, trace=300696, class=java.lang.String@5000013c)
	value		500014a1
ARR 500014a1 (sz=0, trace=300697, nelems=0, elem type=char[])
OBJ 500014a2 (sz=24, trace=300696, class=java.lang.String@5000013c)
	value		500014a3
ARR 500014a3 (sz=6, trace=300697, nelems=3, elem type=char[])
OBJ 500014a4 (sz=24, trace=300696, class=java.lang.String@5000013c)
	value		500014a5
ARR 500014a5 (sz=6, trace=300697, nelems=3, elem type=char[])
OBJ 500014a6 (sz=24, trace=300696, class=java.lang.String@5000013c)
	value		500014a7
ARR 500014a7 (sz=6, trace=300697, nelems=3, elem type=char[])
ARR 500014a8 (sz=80, trace=300699, nelems=20, elem type=int[])
ARR 500014a9 (sz=80, trace=300700, nelems=20, elem type=int[])
ARR 500014aa (sz=80, trace=300701, nelems=20, elem type=int[])
ARR 500014ab (sz=80, trace=300702, nelems=20, elem type=int[])
ARR 500014ac (sz=576, trace=300703, nelems=0, elem type=byte[])
ARR 500014ad (sz=1136, trace=300704, nelems=0, elem type=char[])
OBJ 500014ae (sz=24, trace=300705, class=java.lang.String@5000013c)
	value		500014af
ARR 500014af (sz=558, trace=300697, nelems=279, elem type=char[])
ARR 500014b0 (sz=280, trace=300706, nelems=70, elem type=int[])
ARR 500014b1 (sz=280, trace=300707, nelems=70, elem type=int[])
OBJ 500014b2 (sz=24, trace=300708, class=java.lang.StringBuilder@50000075)
ARR 500014b3 (sz=48, trace=300709, nelems=0, elem type=char[])
ARR 500014b4 (sz=152, trace=300006, nelems=0, elem type=char[])
ARR 500014b5 (sz=288, trace=300006, nelems=0, elem type=char[])
OBJ 500014b6 (sz=24, trace=300710, class=java.lang.String@5000013c)
ARR 500014b7 (sz=200, trace=300711, nelems=0, elem type=char[])
OBJ 500014b8 (sz=32, trace=300712, class=java.io.File@500000e5)
ARR 500014b9 (sz=296, trace=300010, nelems=0, elem type=byte[])
ARR 500014ba (sz=112, trace=300011, nelems=0, elem type=byte[])
OBJ 500014bb (sz=24, trace=300012, class=java.lang.String@5000013c)
ARR 500014bc (sz=56, trace=300013, nelems=0, elem type=char[])
OBJ 500014bd (sz=24, trace=300713, class=java.lang.StringBuffer@50000042)
ARR 500014be (sz=56, trace=300714, nelems=0, elem type=char[])
OBJ 500014bf (sz=24, trace=300715, class=java.lang.String@5000013c)
	value		500014c0
ARR 500014c0 (sz=6, trace=300716, nelems=3, elem type=char[])
OBJ 500014c1 (sz=24, trace=300717, class=java.util.Currency@5000143a)
	currencyCode	500014bf
ARR 500014c2 (sz=48, trace=300718, nelems=8, elem type=java.util.HashMap$Entry[]@50000132)
	[7]		500014c3
OBJ 500014c3 (sz=32, trace=300140, class=java.util.HashMap$Entry@50000131)
	key		500014bf
	value		500014c1
OBJ 500014c5 (sz=32, trace=300720, class=sun.util.LocaleServiceProviderPool@500011e7)
	providers	500014c6
	providersCache	500014c9
OBJ 500014c6 (sz=16, trace=300560, class=java.util.LinkedHashSet@5000129b)
	map		500014c7
OBJ 500014c7 (sz=56, trace=300561, class=java.util.LinkedHashMap@5000015e)
	table		50001935
	header		500014c8
OBJ 500014c8 (sz=40, trace=300562, class=java.util.LinkedHashMap$Entry@50000148)
	before		500014c8
	after		500014c8
OBJ 500014c9 (sz=48, trace=300563, class=java.util.concurrent.ConcurrentHashMap@500000dd)
	segments	500014cd
ARR 500014ca (sz=24, trace=300564, nelems=0, elem type=java.util.concurrent.ConcurrentHashMap$HashEntry[]@5000012d)
OBJ 500014cb (sz=40, trace=300527, class=java.util.concurrent.ConcurrentHashMap$Segment@50000010)
	sync		500014cc
	table		500014ca
OBJ 500014cc (sz=32, trace=300026, class=java.util.concurrent.locks.ReentrantLock$NonfairSync@500000c1)
ARR 500014cd (sz=80, trace=300565, nelems=1, elem type=java.util.concurrent.ConcurrentHashMap$Segment[]@50000011)
	[0]		500014cb
OBJ 500014ce (sz=24, trace=300721, class=sun.util.LocaleServiceProviderPool$1@500012a4)
OBJ 500014cf (sz=32, trace=300569, class=java.util.ServiceLoader@500012a6)
OBJ 500014d0 (sz=56, trace=300570, class=java.util.LinkedHashMap@5000015e)
OBJ 500014d1 (sz=40, trace=300562, class=java.util.LinkedHashMap$Entry@50000148)
OBJ 500014d2 (sz=40, trace=300572, class=java.util.ServiceLoader$LazyIterator@500012aa)
OBJ 500014d3 (sz=24, trace=300574, class=java.util.ServiceLoader$1@500012ac)
OBJ 500014d4 (sz=16, trace=300575, class=java.util.HashMap$EntrySet@50000125)
OBJ 500014d5 (sz=32, trace=300577, class=java.util.LinkedHashMap$EntryIterator@500012b0)
OBJ 500014d6 (sz=24, trace=300578, class=java.lang.StringBuilder@50000075)
ARR 500014d7 (sz=48, trace=300579, nelems=0, elem type=char[])
ARR 500014d8 (sz=88, trace=300006, nelems=0, elem type=char[])
ARR 500014d9 (sz=160, trace=300006, nelems=0, elem type=char[])
OBJ 500014da (sz=24, trace=300580, class=java.lang.String@5000013c)
ARR 500014db (sz=120, trace=300581, nelems=0, elem type=char[])
ARR 500014dc (sz=24, trace=300582, nelems=0, elem type=java.util.Enumeration[]@500012b8)
OBJ 500014dd (sz=32, trace=300584, class=sun.misc.URLClassPath$2@500012ba)
OBJ 500014de (sz=16, trace=300586, class=java.lang.ClassLoader$2@500012bc)
OBJ 500014df (sz=32, trace=300588, class=sun.misc.URLClassPath$1@500012be)
OBJ 500014e0 (sz=24, trace=300590, class=java.net.URLClassLoader$3@500012c0)
OBJ 500014e1 (sz=24, trace=300592, class=sun.misc.CompoundEnumeration@500012c2)
OBJ 500014e2 (sz=16, trace=300594, class=java.net.URLClassLoader$3$1@500012c4)
ARR 500014e3 (sz=120, trace=300204, nelems=0, elem type=char[])
ARR 500014e4 (sz=176, trace=300205, nelems=0, elem type=byte[])
ARR 500014e5 (sz=72, trace=300206, nelems=0, elem type=byte[])
OBJ 500014e6 (sz=16, trace=300261, class=java.util.HashSet@500000cb)
OBJ 500014e7 (sz=48, trace=300045, class=java.util.HashMap@50000107)
OBJ 500014e8 (sz=24, trace=300262, class=java.lang.String@5000013c)
ARR 500014e9 (sz=56, trace=300263, nelems=0, elem type=char[])
ARR 500014ea (sz=120, trace=300204, nelems=0, elem type=char[])
ARR 500014eb (sz=176, trace=300205, nelems=0, elem type=byte[])
ARR 500014ec (sz=72, trace=300206, nelems=0, elem type=byte[])
ARR 500014ed (sz=120, trace=300204, nelems=0, elem type=char[])
ARR 500014ee (sz=176, trace=300205, nelems=0, elem type=byte[])
ARR 500014ef (sz=72, trace=300206, nelems=0, elem type=byte[])
OBJ 500014f0 (sz=16, trace=300261, class=java.util.HashSet@500000cb)
OBJ 500014f1 (sz=48, trace=300045, class=java.util.HashMap@50000107)
OBJ 500014f2 (sz=24, trace=300262, class=java.lang.String@5000013c)
ARR 500014f3 (sz=56, trace=300263, nelems=0, elem type=char[])
ARR 500014f4 (sz=120, trace=300204, nelems=0, elem type=char[])
ARR 500014f5 (sz=176, trace=300205, nelems=0, elem type=byte[])
ARR 500014f6 (sz=72, trace=300206, nelems=0, elem type=byte[])
OBJ 500014f7 (sz=16, trace=300261, class=java.util.HashSet@500000cb)
OBJ 500014f8 (sz=48, trace=300045, class=java.util.HashMap@50000107)
OBJ 500014f9 (sz=24, trace=300262, class=java.lang.String@5000013c)
ARR 500014fa (sz=56, trace=300263, nelems=0, elem type=char[])
ARR 500014fb (sz=120, trace=300204, nelems=0, elem type=char[])
ARR 500014fc (sz=176, trace=300205, nelems=0, elem type=byte[])
ARR 500014fd (sz=72, trace=300206, nelems=0, elem type=byte[])
OBJ 500014fe (sz=16, trace=300261, class=java.util.HashSet@500000cb)
OBJ 500014ff (sz=48, trace=300045, class=java.util.HashMap@50000107)
OBJ 50001500 (sz=24, trace=300262, class=java.lang.String@5000013c)
ARR 50001501 (sz=56, trace=300263, nelems=0, elem type=char[])
ARR 50001502 (sz=120, trace=300204, nelems=0, elem type=char[])
ARR 50001503 (sz=176, trace=300205, nelems=0, elem type=byte[])
ARR 50001504 (sz=72, trace=300206, nelems=0, elem type=byte[])
OBJ 50001505 (sz=16, trace=300261, class=java.util.HashSet@500000cb)
OBJ 50001506 (sz=48, trace=300045, class=java.util.HashMap@50000107)
OBJ 50001507 (sz=24, trace=300262, class=java.lang.String@5000013c)
ARR 50001508 (sz=56, trace=300263, nelems=0, elem type=char[])
ARR 50001509 (sz=120, trace=300204, nelems=0, elem type=char[])
ARR 5000150a (sz=176, trace=300205, nelems=0, elem type=byte[])
ARR 5000150b (sz=72, trace=300206, nelems=0, elem type=byte[])
OBJ 5000150c (sz=16, trace=300261, class=java.util.HashSet@500000cb)
OBJ 5000150d (sz=48, trace=300045, class=java.util.HashMap@50000107)
OBJ 5000150e (sz=24, trace=300262, class=java.lang.String@5000013c)
ARR 5000150f (sz=56, trace=300263, nelems=0, elem type=char[])
ARR 50001510 (sz=120, trace=300204, nelems=0, elem type=char[])
ARR 50001511 (sz=176, trace=300205, nelems=0, elem type=byte[])
ARR 50001512 (sz=72, trace=300206, nelems=0, elem type=byte[])
ARR 50001513 (sz=120, trace=300204, nelems=0, elem type=char[])
ARR 50001514 (sz=176, trace=300205, nelems=0, elem type=byte[])
ARR 50001515 (sz=72, trace=300206, nelems=0, elem type=byte[])
OBJ 50001516 (sz=16, trace=300261, class=java.util.HashSet@500000cb)
OBJ 50001517 (sz=48, trace=300045, class=java.util.HashMap@50000107)
OBJ 50001518 (sz=24, trace=300262, class=java.lang.String@5000013c)
ARR 50001519 (sz=56, trace=300263, nelems=0, elem type=char[])
ARR 5000151a (sz=120, trace=300204, nelems=0, elem type=char[])
ARR 5000151b (sz=176, trace=300205, nelems=0, elem type=byte[])
ARR 5000151c (sz=72, trace=300206, nelems=0, elem type=byte[])
ARR 5000151d (sz=120, trace=300204, nelems=0, elem type=char[])
ARR 5000151e (sz=176, trace=300205, nelems=0, elem type=byte[])
ARR 5000151f (sz=72, trace=300206, nelems=0, elem type=byte[])
OBJ 50001520 (sz=16, trace=300261, class=java.util.HashSet@500000cb)
OBJ 50001521 (sz=48, trace=300045, class=java.util.HashMap@50000107)
OBJ 50001522 (sz=24, trace=300262, class=java.lang.String@5000013c)
ARR 50001523 (sz=56, trace=300263, nelems=0, elem type=char[])
OBJ 50001524 (sz=32, trace=300596, class=java.util.concurrent.ConcurrentHashMap$HashEntry@5000012c)
	key		500014c4
	value		500014c5
OBJ 50001525 (sz=24, trace=300722, class=sun.util.resources.LocaleData$1@5000130c)
OBJ 50001526 (sz=56, trace=300602, class=java.util.ResourceBundle$CacheKey@500001bf)
OBJ 50001527 (sz=32, trace=300065, class=java.util.ResourceBundle$LoaderReference@500001c2)
OBJ 50001528 (sz=24, trace=300078, class=java.util.ArrayList@50000114)
ARR 50001529 (sz=32, trace=300604, nelems=0, elem type=java.lang.Object[]@5000011b)
OBJ 5000152a (sz=32, trace=300609, class=java.util.ArrayList$Itr@5000131e)
OBJ 5000152b (sz=24, trace=300610, class=java.lang.StringBuilder@50000075)
ARR 5000152c (sz=56, trace=300611, nelems=0, elem type=char[])
OBJ 5000152d (sz=24, trace=300612, class=java.lang.String@5000013c)
ARR 5000152e (sz=32, trace=300613, nelems=0, elem type=char[])
OBJ 5000152f (sz=24, trace=300614, class=java.lang.StringBuilder@50000075)
ARR 50001530 (sz=48, trace=300615, nelems=0, elem type=char[])
OBJ 50001531 (sz=24, trace=300616, class=java.lang.String@5000013c)
ARR 50001532 (sz=32, trace=300617, nelems=0, elem type=char[])
OBJ 50001533 (sz=24, trace=300610, class=java.lang.StringBuilder@50000075)
ARR 50001534 (sz=56, trace=300611, nelems=0, elem type=char[])
OBJ 50001535 (sz=24, trace=300612, class=java.lang.String@5000013c)
ARR 50001536 (sz=24, trace=300613, nelems=0, elem type=char[])
OBJ 50001537 (sz=24, trace=300614, class=java.lang.StringBuilder@50000075)
ARR 50001538 (sz=48, trace=300615, nelems=0, elem type=char[])
OBJ 50001539 (sz=24, trace=300616, class=java.lang.String@5000013c)
ARR 5000153a (sz=24, trace=300617, nelems=0, elem type=char[])
OBJ 5000153b (sz=24, trace=300610, class=java.lang.StringBuilder@50000075)
ARR 5000153c (sz=48, trace=300611, nelems=0, elem type=char[])
OBJ 5000153d (sz=24, trace=300612, class=java.lang.String@5000013c)
ARR 5000153e (sz=16, trace=300613, nelems=0, elem type=char[])
OBJ 5000153f (sz=32, trace=300080, class=java.util.ResourceBundle$LoaderReference@500001c2)
OBJ 50001540 (sz=16, trace=300081, class=java.lang.Object@5000011a)
OBJ 50001541 (sz=32, trace=300083, class=java.util.concurrent.ConcurrentHashMap$HashEntry@5000012c)
	key		5000191c
	value		50001540
ARR 50001542 (sz=32, trace=300723, nelems=4, elem type=java.util.concurrent.ConcurrentHashMap$HashEntry[]@5000012d)
	[2]		50001339
	[3]		5000155a
OBJ 50001543 (sz=16, trace=300084, class=java.lang.Object@5000011a)
OBJ 50001544 (sz=32, trace=300083, class=java.util.concurrent.ConcurrentHashMap$HashEntry@5000012c)
	key		5000191c
	value		50001543
ARR 50001545 (sz=32, trace=300723, nelems=4, elem type=java.util.concurrent.ConcurrentHashMap$HashEntry[]@5000012d)
	[2]		5000133e
	[3]		5000155c
ARR 50001549 (sz=16, trace=300086, nelems=0, elem type=java.lang.Class[]@500000ab)
OBJ 5000154a (sz=40, trace=300087, class=java.lang.ref.SoftReference@500000f4)
OBJ 5000154b (sz=72, trace=300088, class=java.lang.reflect.Constructor@50000142)
OBJ 5000154c (sz=24, trace=300089, class=java.lang.Class$1@50000164)
OBJ 5000154d (sz=24, trace=300090, class=sun.reflect.NativeConstructorAccessorImpl@50000129)
OBJ 5000154e (sz=16, trace=300091, class=sun.reflect.DelegatingConstructorAccessorImpl@500000c8)
OBJ 5000154f (sz=40, trace=300724, class=sun.util.resources.CurrencyNames@50001548)
	locale		5000175f
	name		5000191c
	cacheKey	5000222b
OBJ 50001550 (sz=32, trace=300080, class=java.util.ResourceBundle$LoaderReference@500001c2)
	referent	5000019c
	queue		50000197
	cacheKey	5000222b
OBJ 50001551 (sz=48, trace=300094, class=java.util.ResourceBundle$BundleReference@500001ed)
	referent	5000154f
	queue		50000197
	cacheKey	5000222b
OBJ 50001552 (sz=32, trace=300096, class=java.util.concurrent.ConcurrentHashMap$HashEntry@5000012c)
	key		5000222b
	value		50001551
	next		50000f5e
ARR 50001553 (sz=32, trace=300725, nelems=2, elem type=java.util.concurrent.ConcurrentHashMap$HashEntry[]@5000012d)
	[1]		50001552
OBJ 50001554 (sz=32, trace=300080, class=java.util.ResourceBundle$LoaderReference@500001c2)
OBJ 50001555 (sz=24, trace=300097, class=java.lang.StringBuilder@50000075)
ARR 50001556 (sz=112, trace=300098, nelems=0, elem type=char[])
OBJ 50001557 (sz=24, trace=300099, class=java.lang.String@5000013c)
	value		50001558
ARR 50001558 (sz=76, trace=300100, nelems=38, elem type=char[])
OBJ 50001559 (sz=16, trace=300081, class=java.lang.Object@5000011a)
OBJ 5000155a (sz=32, trace=300083, class=java.util.concurrent.ConcurrentHashMap$HashEntry@5000012c)
	key		50001557
	value		50001559
	next		50001541
OBJ 5000155b (sz=16, trace=300084, class=java.lang.Object@5000011a)
OBJ 5000155c (sz=32, trace=300083, class=java.util.concurrent.ConcurrentHashMap$HashEntry@5000012c)
	key		50001557
	value		5000155b
	next		50001544
ARR 5000155e (sz=16, trace=300086, nelems=0, elem type=java.lang.Class[]@500000ab)
OBJ 5000155f (sz=40, trace=300087, class=java.lang.ref.SoftReference@500000f4)
OBJ 50001560 (sz=72, trace=300088, class=java.lang.reflect.Constructor@50000142)
OBJ 50001561 (sz=24, trace=300089, class=java.lang.Class$1@50000164)
OBJ 50001562 (sz=24, trace=300090, class=sun.reflect.NativeConstructorAccessorImpl@50000129)
OBJ 50001563 (sz=16, trace=300091, class=sun.reflect.DelegatingConstructorAccessorImpl@500000c8)
OBJ 50001564 (sz=40, trace=300726, class=sun.util.resources.CurrencyNames_en_US@5000155d)
	parent		5000154f
	locale		5000175e
	name		5000191c
	cacheKey	500022fa
	lookup		5000156d
OBJ 50001565 (sz=32, trace=300080, class=java.util.ResourceBundle$LoaderReference@500001c2)
	referent	5000019c
	queue		50000197
	cacheKey	500022fa
OBJ 50001566 (sz=48, trace=300094, class=java.util.ResourceBundle$BundleReference@500001ed)
	referent	50001564
	queue		50000197
	cacheKey	500022fa
ARR 50001567 (sz=24, trace=300095, nelems=2, elem type=java.util.concurrent.ConcurrentHashMap$HashEntry[]@5000012d)
	[1]		5000156a
OBJ 50001568 (sz=40, trace=300076, class=java.util.concurrent.ConcurrentHashMap$Segment@50000010)
	sync		50001569
	table		50001567
OBJ 50001569 (sz=32, trace=300026, class=java.util.concurrent.locks.ReentrantLock$NonfairSync@500000c1)
OBJ 5000156a (sz=32, trace=300096, class=java.util.concurrent.ConcurrentHashMap$HashEntry@5000012c)
	key		500022fa
	value		50001566
ARR 5000156b (sz=24, trace=300727, nelems=0, elem type=java.lang.Object[][]@5000104d)
ARR 5000156c (sz=24, trace=300728, nelems=0, elem type=java.lang.Object[]@5000011b)
OBJ 5000156d (sz=48, trace=300729, class=java.util.HashMap@50000107)
	table		5000156e
ARR 5000156e (sz=24, trace=300730, nelems=1, elem type=java.util.HashMap$Entry[]@50000132)
	[0]		5000156f
OBJ 5000156f (sz=32, trace=300140, class=java.util.HashMap$Entry@50000131)
	key		500022fc
	value		500022fb
ARR 50001570 (sz=24, trace=300731, nelems=1, elem type=java.util.concurrent.ConcurrentHashMap$HashEntry[]@5000012d)
	[0]		50001573
OBJ 50001571 (sz=40, trace=300076, class=java.util.concurrent.ConcurrentHashMap$Segment@50000010)
	sync		50001572
	table		50001570
OBJ 50001572 (sz=32, trace=300026, class=java.util.concurrent.locks.ReentrantLock$NonfairSync@500000c1)
OBJ 50001573 (sz=32, trace=300732, class=java.util.concurrent.ConcurrentHashMap$HashEntry@5000012c)
	key		5000175e
	value		500013f9
ARR 50001576 (sz=16, trace=300734, nelems=0, elem type=java.text.FieldPosition[]@50001575)
OBJ 50001577 (sz=48, trace=300735, class=java.util.concurrent.ConcurrentHashMap@500000dd)
	segments	5000157b
ARR 50001578 (sz=24, trace=300736, nelems=0, elem type=java.util.concurrent.ConcurrentHashMap$HashEntry[]@5000012d)
OBJ 50001579 (sz=40, trace=300025, class=java.util.concurrent.ConcurrentHashMap$Segment@50000010)
	sync		5000157a
	table		50001578
OBJ 5000157a (sz=32, trace=300026, class=java.util.concurrent.locks.ReentrantLock$NonfairSync@500000c1)
ARR 5000157b (sz=80, trace=300737, nelems=1, elem type=java.util.concurrent.ConcurrentHashMap$Segment[]@50000011)
	[0]		50001579
OBJ 5000157c (sz=144, trace=300738, class=java.text.DecimalFormat@50001574)
ARR 5000157e (sz=38, trace=300740, nelems=19, elem type=char[])
OBJ 5000157f (sz=40, trace=300741, class=java.text.DigitList@5000157d)
ARR 50001580 (sz=56, trace=300742, nelems=0, elem type=char[])
OBJ 50001582 (sz=24, trace=300744, class=java.math.RoundingMode@50001581)
	name		50002324
OBJ 50001583 (sz=24, trace=300745, class=java.math.RoundingMode@50001581)
	name		50002325
OBJ 50001584 (sz=24, trace=300746, class=java.math.RoundingMode@50001581)
	name		50002326
OBJ 50001585 (sz=24, trace=300747, class=java.math.RoundingMode@50001581)
	name		50002327
OBJ 50001586 (sz=24, trace=300748, class=java.math.RoundingMode@50001581)
	name		50002328
OBJ 50001587 (sz=24, trace=300749, class=java.math.RoundingMode@50001581)
	name		50002329
OBJ 50001588 (sz=24, trace=300750, class=java.math.RoundingMode@50001581)
	name		5000232a
OBJ 50001589 (sz=24, trace=300751, class=java.math.RoundingMode@50001581)
	name		5000232b
ARR 5000158b (sz=48, trace=300752, nelems=8, elem type=java.math.RoundingMode[]@5000158a)
	[0]		50001582
	[1]		50001583
	[2]		50001584
	[3]		50001585
	[4]		50001586
	[5]		50001587
	[6]		50001588
	[7]		50001589
OBJ 5000158c (sz=24, trace=300753, class=java.lang.StringBuffer@50000042)
ARR 5000158d (sz=48, trace=300754, nelems=0, elem type=char[])
OBJ 5000158e (sz=24, trace=300755, class=java.lang.StringBuffer@50000042)
ARR 5000158f (sz=48, trace=300756, nelems=0, elem type=char[])
OBJ 50001590 (sz=24, trace=300757, class=java.lang.String@5000013c)
ARR 50001591 (sz=16, trace=300758, nelems=0, elem type=char[])
OBJ 50001592 (sz=24, trace=300759, class=java.lang.String@5000013c)
ARR 50001593 (sz=16, trace=300760, nelems=0, elem type=char[])
OBJ 50001594 (sz=24, trace=300753, class=java.lang.StringBuffer@50000042)
ARR 50001595 (sz=48, trace=300754, nelems=0, elem type=char[])
OBJ 50001596 (sz=24, trace=300755, class=java.lang.StringBuffer@50000042)
ARR 50001597 (sz=48, trace=300756, nelems=0, elem type=char[])
OBJ 50001598 (sz=24, trace=300761, class=java.lang.String@5000013c)
ARR 50001599 (sz=24, trace=300762, nelems=0, elem type=char[])
OBJ 5000159a (sz=24, trace=300763, class=java.lang.String@5000013c)
ARR 5000159b (sz=16, trace=300764, nelems=0, elem type=char[])
OBJ 5000159c (sz=24, trace=300765, class=java.lang.StringBuffer@50000042)
ARR 5000159d (sz=48, trace=300766, nelems=0, elem type=char[])
OBJ 5000159e (sz=24, trace=300767, class=java.lang.String@5000013c)
ARR 5000159f (sz=16, trace=300768, nelems=0, elem type=char[])
OBJ 500015a0 (sz=24, trace=300769, class=java.lang.String@5000013c)
ARR 500015a1 (sz=16, trace=300768, nelems=0, elem type=char[])
OBJ 500015a2 (sz=24, trace=300770, class=java.lang.String@5000013c)
ARR 500015a3 (sz=24, trace=300768, nelems=0, elem type=char[])
OBJ 500015a4 (sz=24, trace=300771, class=java.lang.String@5000013c)
ARR 500015a5 (sz=16, trace=300768, nelems=0, elem type=char[])
OBJ 500015a6 (sz=24, trace=300772, class=java.lang.StringBuffer@50000042)
ARR 500015a7 (sz=48, trace=300773, nelems=0, elem type=char[])
OBJ 500015a8 (sz=32, trace=300774, class=java.text.FieldPosition@500010a5)
OBJ 500015ab (sz=24, trace=300776, class=java.text.FieldPosition$Delegate@500015aa)
OBJ 500015ad (sz=48, trace=300778, class=java.util.HashMap@50000107)
	table		500015af
OBJ 500015ae (sz=16, trace=300779, class=java.text.NumberFormat$Field@500015ac)
	name		5000230a
ARR 500015af (sz=80, trace=300780, nelems=16, elem type=java.util.HashMap$Entry[]@50000132)
	[0]		500015b8
	[2]		500015b2
	[3]		500015be
	[5]		500015ba
	[6]		500015b4
	[7]		500015c4
	[8]		500015c0
	[10]		500015b6
	[11]		500015bc
	[15]		500015c2
OBJ 500015b0 (sz=32, trace=300140, class=java.util.HashMap$Entry@50000131)
	key		5000230a
	value		500015ae
OBJ 500015b1 (sz=16, trace=300781, class=java.text.NumberFormat$Field@500015ac)
	name		5000230b
OBJ 500015b2 (sz=32, trace=300140, class=java.util.HashMap$Entry@50000131)
	key		5000230b
	value		500015b1
OBJ 500015b3 (sz=16, trace=300782, class=java.text.NumberFormat$Field@500015ac)
	name		5000230c
OBJ 500015b4 (sz=32, trace=300140, class=java.util.HashMap$Entry@50000131)
	key		5000230c
	value		500015b3
OBJ 500015b5 (sz=16, trace=300783, class=java.text.NumberFormat$Field@500015ac)
	name		5000230d
OBJ 500015b6 (sz=32, trace=300140, class=java.util.HashMap$Entry@50000131)
	key		5000230d
	value		500015b5
OBJ 500015b7 (sz=16, trace=300784, class=java.text.NumberFormat$Field@500015ac)
	name		5000230e
OBJ 500015b8 (sz=32, trace=300140, class=java.util.HashMap$Entry@50000131)
	key		5000230e
	value		500015b7
OBJ 500015b9 (sz=16, trace=300785, class=java.text.NumberFormat$Field@500015ac)
	name		5000230f
OBJ 500015ba (sz=32, trace=300140, class=java.util.HashMap$Entry@50000131)
	key		5000230f
	value		500015b9
	next		500015b0
OBJ 500015bb (sz=16, trace=300786, class=java.text.NumberFormat$Field@500015ac)
	name		50002310
OBJ 500015bc (sz=32, trace=300140, class=java.util.HashMap$Entry@50000131)
	key		50002310
	value		500015bb
OBJ 500015bd (sz=16, trace=300787, class=java.text.NumberFormat$Field@500015ac)
	name		50002311
OBJ 500015be (sz=32, trace=300140, class=java.util.HashMap$Entry@50000131)
	key		50002311
	value		500015bd
OBJ 500015bf (sz=16, trace=300788, class=java.text.NumberFormat$Field@500015ac)
	name		50002312
OBJ 500015c0 (sz=32, trace=300140, class=java.util.HashMap$Entry@50000131)
	key		50002312
	value		500015bf
OBJ 500015c1 (sz=16, trace=300789, class=java.text.NumberFormat$Field@500015ac)
	name		50002313
OBJ 500015c2 (sz=32, trace=300140, class=java.util.HashMap$Entry@50000131)
	key		50002313
	value		500015c1
OBJ 500015c3 (sz=16, trace=300790, class=java.text.NumberFormat$Field@500015ac)
	name		50002314
OBJ 500015c4 (sz=32, trace=300140, class=java.util.HashMap$Entry@50000131)
	key		50002314
	value		500015c3
OBJ 500015c5 (sz=24, trace=300791, class=java.lang.String@5000013c)
ARR 500015c6 (sz=24, trace=300512, nelems=0, elem type=char[])
OBJ 500015c7 (sz=24, trace=300499, class=java.lang.String@5000013c)
ARR 500015c8 (sz=40, trace=300500, nelems=0, elem type=char[])
ARR 500015c9 (sz=88, trace=300006, nelems=0, elem type=char[])
OBJ 500015ca (sz=64, trace=300633, class=java.text.DecimalFormatSymbols@5000138e)
OBJ 500015cb (sz=24, trace=300713, class=java.lang.StringBuffer@50000042)
ARR 500015cc (sz=56, trace=300714, nelems=0, elem type=char[])
OBJ 500015cd (sz=24, trace=300715, class=java.lang.String@5000013c)
ARR 500015ce (sz=24, trace=300716, nelems=0, elem type=char[])
OBJ 500015cf (sz=144, trace=300738, class=java.text.DecimalFormat@50001574)
OBJ 500015d0 (sz=40, trace=300741, class=java.text.DigitList@5000157d)
ARR 500015d1 (sz=56, trace=300742, nelems=0, elem type=char[])
OBJ 500015d2 (sz=24, trace=300753, class=java.lang.StringBuffer@50000042)
ARR 500015d3 (sz=48, trace=300754, nelems=0, elem type=char[])
OBJ 500015d4 (sz=24, trace=300755, class=java.lang.StringBuffer@50000042)
ARR 500015d5 (sz=48, trace=300756, nelems=0, elem type=char[])
OBJ 500015d6 (sz=24, trace=300757, class=java.lang.String@5000013c)
ARR 500015d7 (sz=16, trace=300758, nelems=0, elem type=char[])
OBJ 500015d8 (sz=24, trace=300759, class=java.lang.String@5000013c)
ARR 500015d9 (sz=16, trace=300760, nelems=0, elem type=char[])
OBJ 500015da (sz=24, trace=300753, class=java.lang.StringBuffer@50000042)
ARR 500015db (sz=48, trace=300754, nelems=0, elem type=char[])
OBJ 500015dc (sz=24, trace=300755, class=java.lang.StringBuffer@50000042)
ARR 500015dd (sz=48, trace=300756, nelems=0, elem type=char[])
OBJ 500015de (sz=24, trace=300761, class=java.lang.String@5000013c)
ARR 500015df (sz=24, trace=300762, nelems=0, elem type=char[])
OBJ 500015e0 (sz=24, trace=300763, class=java.lang.String@5000013c)
ARR 500015e1 (sz=16, trace=300764, nelems=0, elem type=char[])
OBJ 500015e2 (sz=24, trace=300765, class=java.lang.StringBuffer@50000042)
ARR 500015e3 (sz=48, trace=300766, nelems=0, elem type=char[])
OBJ 500015e4 (sz=24, trace=300767, class=java.lang.String@5000013c)
ARR 500015e5 (sz=16, trace=300768, nelems=0, elem type=char[])
OBJ 500015e6 (sz=24, trace=300769, class=java.lang.String@5000013c)
ARR 500015e7 (sz=16, trace=300768, nelems=0, elem type=char[])
OBJ 500015e8 (sz=24, trace=300770, class=java.lang.String@5000013c)
ARR 500015e9 (sz=24, trace=300768, nelems=0, elem type=char[])
OBJ 500015ea (sz=24, trace=300771, class=java.lang.String@5000013c)
ARR 500015eb (sz=16, trace=300768, nelems=0, elem type=char[])
OBJ 500015ec (sz=24, trace=300772, class=java.lang.StringBuffer@50000042)
ARR 500015ed (sz=48, trace=300773, nelems=0, elem type=char[])
OBJ 500015ee (sz=32, trace=300774, class=java.text.FieldPosition@500010a5)
OBJ 500015ef (sz=24, trace=300776, class=java.text.FieldPosition$Delegate@500015aa)
OBJ 500015f0 (sz=24, trace=300791, class=java.lang.String@5000013c)
ARR 500015f1 (sz=24, trace=300512, nelems=0, elem type=char[])
OBJ 500015f2 (sz=24, trace=300509, class=java.lang.String@5000013c)
ARR 500015f3 (sz=80, trace=300510, nelems=0, elem type=char[])
ARR 500015f4 (sz=160, trace=300006, nelems=0, elem type=char[])
OBJ 500015f5 (sz=24, trace=300511, class=java.lang.String@5000013c)
ARR 500015f6 (sz=112, trace=300512, nelems=0, elem type=char[])
ARR 500015f7 (sz=720, trace=300006, nelems=0, elem type=char[])
ARR 500015f8 (sz=24, trace=300792, nelems=0, elem type=java.lang.Object[]@5000011b)
OBJ 500015f9 (sz=40, trace=300471, class=java.text.MessageFormat@50001074)
ARR 500015fa (sz=56, trace=300793, nelems=0, elem type=java.text.Format[]@5000107a)
ARR 500015fb (sz=56, trace=300794, nelems=0, elem type=int[])
ARR 500015fc (sz=56, trace=300795, nelems=0, elem type=int[])
ARR 500015fd (sz=32, trace=300485, nelems=0, elem type=java.lang.StringBuilder[]@5000108b)
OBJ 500015fe (sz=24, trace=300486, class=java.lang.StringBuilder@50000075)
ARR 500015ff (sz=48, trace=300487, nelems=0, elem type=char[])
OBJ 50001600 (sz=24, trace=300488, class=java.lang.StringBuilder@50000075)
ARR 50001601 (sz=48, trace=300489, nelems=0, elem type=char[])
ARR 50001602 (sz=32, trace=300490, nelems=0, elem type=java.lang.String[]@5000013d)
OBJ 50001603 (sz=24, trace=300491, class=java.lang.String@5000013c)
ARR 50001604 (sz=32, trace=300492, nelems=0, elem type=char[])
OBJ 50001605 (sz=24, trace=300491, class=java.lang.String@5000013c)
ARR 50001606 (sz=24, trace=300492, nelems=0, elem type=char[])
OBJ 50001607 (sz=24, trace=300488, class=java.lang.StringBuilder@50000075)
ARR 50001608 (sz=48, trace=300489, nelems=0, elem type=char[])
ARR 50001609 (sz=32, trace=300490, nelems=0, elem type=java.lang.String[]@5000013d)
OBJ 5000160a (sz=24, trace=300491, class=java.lang.String@5000013c)
ARR 5000160b (sz=48, trace=300492, nelems=0, elem type=char[])
OBJ 5000160c (sz=24, trace=300491, class=java.lang.String@5000013c)
ARR 5000160d (sz=24, trace=300492, nelems=0, elem type=char[])
ARR 5000160e (sz=88, trace=300381, nelems=0, elem type=char[])
ARR 5000160f (sz=160, trace=300381, nelems=0, elem type=char[])
OBJ 50001610 (sz=24, trace=300493, class=java.lang.String@5000013c)
ARR 50001611 (sz=104, trace=300494, nelems=0, elem type=char[])
OBJ 50001612 (sz=24, trace=300495, class=java.lang.StringBuffer@50000042)
ARR 50001613 (sz=48, trace=300496, nelems=0, elem type=char[])
OBJ 50001614 (sz=32, trace=300498, class=java.text.FieldPosition@500010a5)
OBJ 50001615 (sz=24, trace=300499, class=java.lang.String@5000013c)
ARR 50001616 (sz=32, trace=300500, nelems=0, elem type=char[])
OBJ 50001617 (sz=64, trace=300633, class=java.text.DecimalFormatSymbols@5000138e)
OBJ 50001618 (sz=24, trace=300713, class=java.lang.StringBuffer@50000042)
ARR 50001619 (sz=56, trace=300714, nelems=0, elem type=char[])
OBJ 5000161a (sz=24, trace=300715, class=java.lang.String@5000013c)
ARR 5000161b (sz=24, trace=300716, nelems=0, elem type=char[])
OBJ 5000161c (sz=144, trace=300738, class=java.text.DecimalFormat@50001574)
OBJ 5000161d (sz=40, trace=300741, class=java.text.DigitList@5000157d)
ARR 5000161e (sz=56, trace=300742, nelems=0, elem type=char[])
OBJ 5000161f (sz=24, trace=300753, class=java.lang.StringBuffer@50000042)
ARR 50001620 (sz=48, trace=300754, nelems=0, elem type=char[])
OBJ 50001621 (sz=24, trace=300755, class=java.lang.StringBuffer@50000042)
ARR 50001622 (sz=48, trace=300756, nelems=0, elem type=char[])
OBJ 50001623 (sz=24, trace=300757, class=java.lang.String@5000013c)
ARR 50001624 (sz=16, trace=300758, nelems=0, elem type=char[])
OBJ 50001625 (sz=24, trace=300759, class=java.lang.String@5000013c)
ARR 50001626 (sz=16, trace=300760, nelems=0, elem type=char[])
OBJ 50001627 (sz=24, trace=300753, class=java.lang.StringBuffer@50000042)
ARR 50001628 (sz=48, trace=300754, nelems=0, elem type=char[])
OBJ 50001629 (sz=24, trace=300755, class=java.lang.StringBuffer@50000042)
ARR 5000162a (sz=48, trace=300756, nelems=0, elem type=char[])
OBJ 5000162b (sz=24, trace=300761, class=java.lang.String@5000013c)
ARR 5000162c (sz=24, trace=300762, nelems=0, elem type=char[])
OBJ 5000162d (sz=24, trace=300763, class=java.lang.String@5000013c)
ARR 5000162e (sz=16, trace=300764, nelems=0, elem type=char[])
OBJ 5000162f (sz=24, trace=300765, class=java.lang.StringBuffer@50000042)
ARR 50001630 (sz=48, trace=300766, nelems=0, elem type=char[])
OBJ 50001631 (sz=24, trace=300767, class=java.lang.String@5000013c)
ARR 50001632 (sz=16, trace=300768, nelems=0, elem type=char[])
OBJ 50001633 (sz=24, trace=300769, class=java.lang.String@5000013c)
ARR 50001634 (sz=16, trace=300768, nelems=0, elem type=char[])
OBJ 50001635 (sz=24, trace=300770, class=java.lang.String@5000013c)
ARR 50001636 (sz=24, trace=300768, nelems=0, elem type=char[])
OBJ 50001637 (sz=24, trace=300771, class=java.lang.String@5000013c)
ARR 50001638 (sz=16, trace=300768, nelems=0, elem type=char[])
OBJ 50001639 (sz=24, trace=300772, class=java.lang.StringBuffer@50000042)
ARR 5000163a (sz=48, trace=300773, nelems=0, elem type=char[])
OBJ 5000163b (sz=32, trace=300774, class=java.text.FieldPosition@500010a5)
OBJ 5000163c (sz=24, trace=300776, class=java.text.FieldPosition$Delegate@500015aa)
OBJ 5000163d (sz=24, trace=300791, class=java.lang.String@5000013c)
ARR 5000163e (sz=24, trace=300512, nelems=0, elem type=char[])
OBJ 5000163f (sz=24, trace=300499, class=java.lang.String@5000013c)
ARR 50001640 (sz=40, trace=300500, nelems=0, elem type=char[])
ARR 50001641 (sz=88, trace=300006, nelems=0, elem type=char[])
OBJ 50001642 (sz=64, trace=300633, class=java.text.DecimalFormatSymbols@5000138e)
OBJ 50001643 (sz=24, trace=300713, class=java.lang.StringBuffer@50000042)
ARR 50001644 (sz=56, trace=300714, nelems=0, elem type=char[])
OBJ 50001645 (sz=24, trace=300715, class=java.lang.String@5000013c)
ARR 50001646 (sz=24, trace=300716, nelems=0, elem type=char[])
OBJ 50001647 (sz=144, trace=300738, class=java.text.DecimalFormat@50001574)
OBJ 50001648 (sz=40, trace=300741, class=java.text.DigitList@5000157d)
ARR 50001649 (sz=56, trace=300742, nelems=0, elem type=char[])
OBJ 5000164a (sz=24, trace=300753, class=java.lang.StringBuffer@50000042)
ARR 5000164b (sz=48, trace=300754, nelems=0, elem type=char[])
OBJ 5000164c (sz=24, trace=300755, class=java.lang.StringBuffer@50000042)
ARR 5000164d (sz=48, trace=300756, nelems=0, elem type=char[])
OBJ 5000164e (sz=24, trace=300757, class=java.lang.String@5000013c)
ARR 5000164f (sz=16, trace=300758, nelems=0, elem type=char[])
OBJ 50001650 (sz=24, trace=300759, class=java.lang.String@5000013c)
ARR 50001651 (sz=16, trace=300760, nelems=0, elem type=char[])
OBJ 50001652 (sz=24, trace=300753, class=java.lang.StringBuffer@50000042)
ARR 50001653 (sz=48, trace=300754, nelems=0, elem type=char[])
OBJ 50001654 (sz=24, trace=300755, class=java.lang.StringBuffer@50000042)
ARR 50001655 (sz=48, trace=300756, nelems=0, elem type=char[])
OBJ 50001656 (sz=24, trace=300761, class=java.lang.String@5000013c)
ARR 50001657 (sz=24, trace=300762, nelems=0, elem type=char[])
OBJ 50001658 (sz=24, trace=300763, class=java.lang.String@5000013c)
ARR 50001659 (sz=16, trace=300764, nelems=0, elem type=char[])
OBJ 5000165a (sz=24, trace=300765, class=java.lang.StringBuffer@50000042)
ARR 5000165b (sz=48, trace=300766, nelems=0, elem type=char[])
OBJ 5000165c (sz=24, trace=300767, class=java.lang.String@5000013c)
ARR 5000165d (sz=16, trace=300768, nelems=0, elem type=char[])
OBJ 5000165e (sz=24, trace=300769, class=java.lang.String@5000013c)
ARR 5000165f (sz=16, trace=300768, nelems=0, elem type=char[])
OBJ 50001660 (sz=24, trace=300770, class=java.lang.String@5000013c)
ARR 50001661 (sz=24, trace=300768, nelems=0, elem type=char[])
OBJ 50001662 (sz=24, trace=300771, class=java.lang.String@5000013c)
ARR 50001663 (sz=16, trace=300768, nelems=0, elem type=char[])
OBJ 50001664 (sz=24, trace=300772, class=java.lang.StringBuffer@50000042)
ARR 50001665 (sz=48, trace=300773, nelems=0, elem type=char[])
OBJ 50001666 (sz=32, trace=300774, class=java.text.FieldPosition@500010a5)
OBJ 50001667 (sz=24, trace=300776, class=java.text.FieldPosition$Delegate@500015aa)
OBJ 50001668 (sz=24, trace=300791, class=java.lang.String@5000013c)
ARR 50001669 (sz=24, trace=300512, nelems=0, elem type=char[])
OBJ 5000166a (sz=24, trace=300509, class=java.lang.String@5000013c)
ARR 5000166b (sz=80, trace=300510, nelems=0, elem type=char[])
ARR 5000166c (sz=160, trace=300006, nelems=0, elem type=char[])
OBJ 5000166d (sz=24, trace=300511, class=java.lang.String@5000013c)
ARR 5000166e (sz=112, trace=300512, nelems=0, elem type=char[])
ARR 5000166f (sz=24, trace=300796, nelems=0, elem type=java.lang.Object[]@5000011b)
OBJ 50001670 (sz=40, trace=300471, class=java.text.MessageFormat@50001074)
ARR 50001671 (sz=56, trace=300797, nelems=0, elem type=java.text.Format[]@5000107a)
ARR 50001672 (sz=56, trace=300798, nelems=0, elem type=int[])
ARR 50001673 (sz=56, trace=300799, nelems=0, elem type=int[])
ARR 50001674 (sz=32, trace=300485, nelems=0, elem type=java.lang.StringBuilder[]@5000108b)
OBJ 50001675 (sz=24, trace=300486, class=java.lang.StringBuilder@50000075)
ARR 50001676 (sz=48, trace=300487, nelems=0, elem type=char[])
OBJ 50001677 (sz=24, trace=300488, class=java.lang.StringBuilder@50000075)
ARR 50001678 (sz=48, trace=300489, nelems=0, elem type=char[])
ARR 50001679 (sz=32, trace=300490, nelems=0, elem type=java.lang.String[]@5000013d)
OBJ 5000167a (sz=24, trace=300491, class=java.lang.String@5000013c)
ARR 5000167b (sz=24, trace=300492, nelems=0, elem type=char[])
OBJ 5000167c (sz=24, trace=300491, class=java.lang.String@5000013c)
ARR 5000167d (sz=24, trace=300492, nelems=0, elem type=char[])
ARR 5000167e (sz=88, trace=300381, nelems=0, elem type=char[])
OBJ 5000167f (sz=24, trace=300488, class=java.lang.StringBuilder@50000075)
ARR 50001680 (sz=48, trace=300489, nelems=0, elem type=char[])
ARR 50001681 (sz=32, trace=300490, nelems=0, elem type=java.lang.String[]@5000013d)
OBJ 50001682 (sz=24, trace=300491, class=java.lang.String@5000013c)
ARR 50001683 (sz=64, trace=300492, nelems=0, elem type=char[])
OBJ 50001684 (sz=24, trace=300491, class=java.lang.String@5000013c)
ARR 50001685 (sz=24, trace=300492, nelems=0, elem type=char[])
OBJ 50001686 (sz=24, trace=300493, class=java.lang.String@5000013c)
ARR 50001687 (sz=72, trace=300494, nelems=0, elem type=char[])
OBJ 50001688 (sz=24, trace=300495, class=java.lang.StringBuffer@50000042)
ARR 50001689 (sz=48, trace=300496, nelems=0, elem type=char[])
OBJ 5000168a (sz=32, trace=300498, class=java.text.FieldPosition@500010a5)
OBJ 5000168b (sz=24, trace=300499, class=java.lang.String@5000013c)
ARR 5000168c (sz=24, trace=300500, nelems=0, elem type=char[])
OBJ 5000168d (sz=24, trace=300499, class=java.lang.String@5000013c)
ARR 5000168e (sz=56, trace=300500, nelems=0, elem type=char[])
ARR 5000168f (sz=88, trace=300006, nelems=0, elem type=char[])
ARR 50001690 (sz=160, trace=300006, nelems=0, elem type=char[])
OBJ 50001691 (sz=24, trace=300509, class=java.lang.String@5000013c)
ARR 50001692 (sz=32, trace=300510, nelems=0, elem type=char[])
OBJ 50001693 (sz=24, trace=300511, class=java.lang.String@5000013c)
ARR 50001694 (sz=96, trace=300512, nelems=0, elem type=char[])
ARR 50001695 (sz=24, trace=300800, nelems=0, elem type=java.lang.Object[]@5000011b)
OBJ 50001696 (sz=40, trace=300471, class=java.text.MessageFormat@50001074)
ARR 50001697 (sz=56, trace=300801, nelems=0, elem type=java.text.Format[]@5000107a)
ARR 50001698 (sz=56, trace=300802, nelems=0, elem type=int[])
ARR 50001699 (sz=56, trace=300803, nelems=0, elem type=int[])
ARR 5000169a (sz=32, trace=300485, nelems=0, elem type=java.lang.StringBuilder[]@5000108b)
OBJ 5000169b (sz=24, trace=300486, class=java.lang.StringBuilder@50000075)
ARR 5000169c (sz=48, trace=300487, nelems=0, elem type=char[])
ARR 5000169d (sz=88, trace=300381, nelems=0, elem type=char[])
ARR 5000169e (sz=160, trace=300381, nelems=0, elem type=char[])
OBJ 5000169f (sz=24, trace=300488, class=java.lang.StringBuilder@50000075)
ARR 500016a0 (sz=48, trace=300489, nelems=0, elem type=char[])
ARR 500016a1 (sz=32, trace=300490, nelems=0, elem type=java.lang.String[]@5000013d)
OBJ 500016a2 (sz=24, trace=300491, class=java.lang.String@5000013c)
ARR 500016a3 (sz=88, trace=300492, nelems=0, elem type=char[])
OBJ 500016a4 (sz=24, trace=300491, class=java.lang.String@5000013c)
ARR 500016a5 (sz=24, trace=300492, nelems=0, elem type=char[])
OBJ 500016a6 (sz=24, trace=300493, class=java.lang.String@5000013c)
ARR 500016a7 (sz=88, trace=300494, nelems=0, elem type=char[])
OBJ 500016a8 (sz=24, trace=300495, class=java.lang.StringBuffer@50000042)
ARR 500016a9 (sz=48, trace=300496, nelems=0, elem type=char[])
OBJ 500016aa (sz=32, trace=300498, class=java.text.FieldPosition@500010a5)
ARR 500016ab (sz=88, trace=300006, nelems=0, elem type=char[])
ARR 500016ac (sz=168, trace=300006, nelems=0, elem type=char[])
OBJ 500016ad (sz=24, trace=300509, class=java.lang.String@5000013c)
ARR 500016ae (sz=16, trace=300510, nelems=0, elem type=char[])
OBJ 500016af (sz=24, trace=300511, class=java.lang.String@5000013c)
ARR 500016b0 (sz=104, trace=300512, nelems=0, elem type=char[])
ARR 500016b1 (sz=1432, trace=300006, nelems=0, elem type=char[])
OBJ 500016b2 (sz=24, trace=300804, class=java.lang.StringBuilder@50000075)
ARR 500016b3 (sz=48, trace=300805, nelems=0, elem type=char[])
ARR 500016b4 (sz=16, trace=300806, nelems=0, elem type=java.lang.Object[]@5000011b)
OBJ 500016b5 (sz=40, trace=300471, class=java.text.MessageFormat@50001074)
ARR 500016b6 (sz=56, trace=300807, nelems=0, elem type=java.text.Format[]@5000107a)
ARR 500016b7 (sz=56, trace=300808, nelems=0, elem type=int[])
ARR 500016b8 (sz=56, trace=300809, nelems=0, elem type=int[])
ARR 500016b9 (sz=32, trace=300485, nelems=0, elem type=java.lang.StringBuilder[]@5000108b)
OBJ 500016ba (sz=24, trace=300486, class=java.lang.StringBuilder@50000075)
ARR 500016bb (sz=48, trace=300487, nelems=0, elem type=char[])
ARR 500016bc (sz=88, trace=300381, nelems=0, elem type=char[])
ARR 500016bd (sz=160, trace=300381, nelems=0, elem type=char[])
OBJ 500016be (sz=24, trace=300493, class=java.lang.String@5000013c)
ARR 500016bf (sz=160, trace=300494, nelems=0, elem type=char[])
OBJ 500016c0 (sz=24, trace=300495, class=java.lang.StringBuffer@50000042)
ARR 500016c1 (sz=48, trace=300496, nelems=0, elem type=char[])
OBJ 500016c2 (sz=32, trace=300498, class=java.text.FieldPosition@500010a5)
ARR 500016c3 (sz=160, trace=300006, nelems=0, elem type=char[])
OBJ 500016c4 (sz=24, trace=300511, class=java.lang.String@5000013c)
ARR 500016c5 (sz=160, trace=300512, nelems=0, elem type=char[])
ARR 500016c6 (sz=160, trace=300006, nelems=0, elem type=char[])
ARR 500016c7 (sz=304, trace=300006, nelems=0, elem type=char[])
OBJ 500016c8 (sz=24, trace=300810, class=java.lang.String@5000013c)
ARR 500016c9 (sz=168, trace=300811, nelems=0, elem type=char[])
ARR 500016ca (sz=24, trace=300812, nelems=0, elem type=java.lang.Object[]@5000011b)
OBJ 500016cb (sz=40, trace=300471, class=java.text.MessageFormat@50001074)
ARR 500016cc (sz=56, trace=300813, nelems=0, elem type=java.text.Format[]@5000107a)
ARR 500016cd (sz=56, trace=300814, nelems=0, elem type=int[])
ARR 500016ce (sz=56, trace=300815, nelems=0, elem type=int[])
ARR 500016cf (sz=32, trace=300485, nelems=0, elem type=java.lang.StringBuilder[]@5000108b)
OBJ 500016d0 (sz=24, trace=300486, class=java.lang.StringBuilder@50000075)
ARR 500016d1 (sz=48, trace=300487, nelems=0, elem type=char[])
ARR 500016d2 (sz=88, trace=300381, nelems=0, elem type=char[])
ARR 500016d3 (sz=160, trace=300381, nelems=0, elem type=char[])
ARR 500016d4 (sz=304, trace=300381, nelems=0, elem type=char[])
ARR 500016d5 (sz=592, trace=300381, nelems=0, elem type=char[])
OBJ 500016d6 (sz=24, trace=300488, class=java.lang.StringBuilder@50000075)
ARR 500016d7 (sz=48, trace=300489, nelems=0, elem type=char[])
ARR 500016d8 (sz=32, trace=300490, nelems=0, elem type=java.lang.String[]@5000013d)
OBJ 500016d9 (sz=24, trace=300491, class=java.lang.String@5000013c)
ARR 500016da (sz=320, trace=300492, nelems=0, elem type=char[])
OBJ 500016db (sz=24, trace=300491, class=java.lang.String@5000013c)
ARR 500016dc (sz=24, trace=300492, nelems=0, elem type=char[])
ARR 500016dd (sz=1168, trace=300381, nelems=0, elem type=char[])
ARR 500016de (sz=2320, trace=300381, nelems=0, elem type=char[])
ARR 500016df (sz=4624, trace=300381, nelems=0, elem type=char[])
OBJ 500016e0 (sz=24, trace=300493, class=java.lang.String@5000013c)
ARR 500016e1 (sz=3688, trace=300494, nelems=0, elem type=char[])
OBJ 500016e2 (sz=24, trace=300495, class=java.lang.StringBuffer@50000042)
ARR 500016e3 (sz=48, trace=300496, nelems=0, elem type=char[])
OBJ 500016e4 (sz=32, trace=300498, class=java.text.FieldPosition@500010a5)
OBJ 500016e5 (sz=24, trace=300499, class=java.lang.String@5000013c)
ARR 500016e6 (sz=320, trace=300500, nelems=0, elem type=char[])
ARR 500016e7 (sz=320, trace=300006, nelems=0, elem type=char[])
ARR 500016e8 (sz=616, trace=300006, nelems=0, elem type=char[])
OBJ 500016e9 (sz=24, trace=300509, class=java.lang.String@5000013c)
ARR 500016ea (sz=3392, trace=300510, nelems=0, elem type=char[])
ARR 500016eb (sz=3688, trace=300006, nelems=0, elem type=char[])
OBJ 500016ec (sz=24, trace=300511, class=java.lang.String@5000013c)
ARR 500016ed (sz=3688, trace=300512, nelems=0, elem type=char[])
ARR 500016ee (sz=4522, trace=300006, nelems=2261, elem type=char[])
OBJ 500016ef (sz=24, trace=300816, class=java.lang.String@5000013c)
ARR 500016f0 (sz=4544, trace=300817, nelems=0, elem type=char[])
OBJ 500016f1 (sz=48, trace=300242, class=java.nio.HeapCharBuffer@500000d6)
OBJ 500016f2 (sz=48, trace=300242, class=java.nio.HeapCharBuffer@500000d6)
OBJ 500016f3 (sz=104, trace=300001, class=java.lang.Thread@5000008b)
	name		500016f5
	group		5000171f
	inheritedAccessControlContext	500021b3
	blockerLock	500016f4
OBJ 500016f4 (sz=16, trace=300002, class=java.lang.Object@5000011a)
ARR 500016f5 (sz=26, trace=300003, nelems=13, elem type=char[])
ARR 500016f7 (sz=56, trace=300818, nelems=0, elem type=java.lang.Runnable[]@5000002d)
OBJ 500016f9 (sz=16, trace=300820, class=java.lang.Shutdown$Lock@500016f8)
OBJ 500016fa (sz=16, trace=300821, class=java.lang.Shutdown$Lock@500016f8)
OBJ 500016ff (sz=104, trace=300000, class=java.lang.Thread@5000008b)
	name		5000219b
	group		50001720
	contextClassLoader	50001708
	inheritedAccessControlContext	5000219a
	blockerLock	50002199
OBJ 50001700 (sz=112, trace=300000, class=java.lang.ref.Finalizer$FinalizerThread@500000da)
	name		5000219e
	group		50001720
	inheritedAccessControlContext	5000219d
	blockerLock	5000219c
OBJ 50001701 (sz=32, trace=300000, class=java.lang.ref.ReferenceQueue@500000c2)
	lock		50001702
OBJ 50001702 (sz=16, trace=300000, class=java.lang.ref.ReferenceQueue$Lock@50000130)
OBJ 50001703 (sz=104, trace=300000, class=java.lang.ref.Reference$ReferenceHandler@5000012e)
	name		500021af
	group		50001720
	inheritedAccessControlContext	500021ae
	blockerLock	500021ad
OBJ 50001704 (sz=16, trace=300000, class=java.lang.ref.Reference$Lock@5000003a)
OBJ 50001705 (sz=24, trace=300000, class=java.lang.String@5000013c)
	value		5000184c
OBJ 50001706 (sz=32, trace=300000, class=java.lang.NullPointerException@5000005d)
OBJ 50001707 (sz=32, trace=300000, class=java.lang.ArithmeticException@50000084)
	detailMessage	500021b4
OBJ 50001708 (sz=80, trace=300000, class=sun.misc.Launcher$AppClassLoader@500000d0)
	parent		500018f1
	parallelLockMap	500018f0
	package2certs	500018ef
	classes		500018ee
	defaultDomain	500018ed
	domains		500018ec
	packages	500018eb
	nativeLibraries	500018ea
	assertionLock	500018e9
	pdcache		500018e8
	ucp		500018e7
	acc		500018e6
	closeables	500018e5
OBJ 50001709 (sz=112, trace=300000, class=java.lang.Class@500000aa)
OBJ 5000170a (sz=112, trace=300000, class=java.lang.Class@500000aa)
OBJ 5000170b (sz=112, trace=300000, class=java.lang.Class@500000aa)
OBJ 5000170c (sz=112, trace=300000, class=java.lang.Class@500000aa)
OBJ 5000170d (sz=112, trace=300000, class=java.lang.Class@500000aa)
OBJ 5000170e (sz=112, trace=300000, class=java.lang.Class@500000aa)
OBJ 5000170f (sz=112, trace=300000, class=java.lang.Class@500000aa)
OBJ 50001710 (sz=112, trace=300000, class=java.lang.Class@500000aa)
OBJ 50001711 (sz=112, trace=300000, class=java.lang.Class@500000aa)
OBJ 50001712 (sz=536, trace=300000, class=java.lang.Class@500000aa)
ARR 50001713 (sz=0, trace=300000, nelems=0, elem type=byte[])
ARR 50001714 (sz=0, trace=300000, nelems=0, elem type=short[])
ARR 50001715 (sz=0, trace=300000, nelems=0, elem type=int[])
ARR 50001716 (sz=16, trace=300000, nelems=0, elem type=java.lang.Class[]@500000ab)
OBJ 50001717 (sz=24, trace=300000, class=java.lang.String@5000013c)
	value		5000218c
OBJ 50001718 (sz=24, trace=300000, class=java.lang.String@5000013c)
	value		500021c2
OBJ 50001719 (sz=32, trace=300000, class=java.lang.OutOfMemoryError@500000c6)
	detailMessage	500021c0
OBJ 5000171a (sz=32, trace=300000, class=java.lang.OutOfMemoryError@500000c6)
	detailMessage	500021be
OBJ 5000171b (sz=32, trace=300000, class=java.lang.OutOfMemoryError@500000c6)
	detailMessage	500021bc
OBJ 5000171c (sz=32, trace=300000, class=java.lang.OutOfMemoryError@500000c6)
	detailMessage	500021ba
ARR 5000171d (sz=32, trace=300000, nelems=4, elem type=java.lang.OutOfMemoryError[]@500000c7)
	[0]		500021b6
	[1]		500021b7
	[2]		500021b8
	[3]		500021b9
OBJ 5000171e (sz=32, trace=300000, class=java.lang.VirtualMachineError@50000004)
OBJ 5000171f (sz=48, trace=300000, class=java.lang.ThreadGroup@500000a4)
	parent		50001720
	name		500021b1
	threads		500021b0
OBJ 50001720 (sz=48, trace=300000, class=java.lang.ThreadGroup@500000a4)
	name		50001e9c
	threads		50002198
	groups		50002197
OBJ 50001721 (sz=32, trace=300000, class=java.lang.VirtualMachineError@50000004)
OBJ 50001722 (sz=24, trace=300000, class=java.lang.String@5000013c)
	value		50002196
OBJ 50001723 (sz=24, trace=300000, class=java.lang.String@5000013c)
	value		50002195
OBJ 50001724 (sz=24, trace=300000, class=java.lang.String@5000013c)
	value		50002193
OBJ 50001725 (sz=24, trace=300000, class=java.lang.String@5000013c)
	value		50002194
ARR 50001726 (sz=16, trace=300000, nelems=0, elem type=java.lang.Throwable[]@50000104)
OBJ 50001727 (sz=24, trace=300000, class=java.util.Collections$UnmodifiableRandomAccessList@500000de)
	c		50001729
	list		50001729
ARR 50001728 (sz=16, trace=300000, nelems=0, elem type=java.lang.StackTraceElement[]@5000000b)
OBJ 50001729 (sz=24, trace=300000, class=java.util.ArrayList@50000114)
	elementData	5000172a
ARR 5000172a (sz=16, trace=300000, nelems=0, elem type=java.lang.Object[]@5000011b)
ARR 5000172b (sz=16, trace=300000, nelems=0, elem type=java.lang.Object[]@5000011b)
OBJ 5000172c (sz=24, trace=300000, class=java.lang.String@5000013c)
	value		5000172f
OBJ 5000172d (sz=24, trace=300000, class=java.lang.RuntimePermission@50000093)
	name		5000172c
	path		5000172c
ARR 5000172e (sz=16, trace=300000, nelems=0, elem type=java.lang.StackTraceElement[]@5000000b)
ARR 5000172f (sz=64, trace=300000, nelems=32, elem type=char[])
OBJ 50001730 (sz=24, trace=300000, class=java.lang.String@5000013c)
	value		50002192
OBJ 50001731 (sz=24, trace=300000, class=java.lang.String@5000013c)
	value		50002191
OBJ 50001732 (sz=24, trace=300000, class=java.lang.String@5000013c)
	value		50002190
OBJ 50001733 (sz=24, trace=300000, class=java.lang.String@5000013c)
	value		5000218f
OBJ 50001734 (sz=24, trace=300000, class=java.lang.String@5000013c)
	value		5000218e
OBJ 50001735 (sz=24, trace=300000, class=java.lang.String@5000013c)
	value		5000218d
OBJ 50001736 (sz=24, trace=300000, class=java.lang.String@5000013c)
	value		50001eee
OBJ 50001737 (sz=24, trace=300000, class=java.lang.String@5000013c)
	value		5000218b
OBJ 50001738 (sz=16, trace=300000, class=java.lang.String$CaseInsensitiveComparator@5000003e)
ARR 50001739 (sz=16, trace=300000, nelems=0, elem type=java.io.ObjectStreamField[]@500000ea)
OBJ 5000173a (sz=24, trace=300000, class=java.lang.String@5000013c)
	value		5000195a
OBJ 5000173b (sz=24, trace=300000, class=java.lang.String@5000013c)
	value		50002188
OBJ 5000173c (sz=24, trace=300000, class=java.lang.String@5000013c)
	value		500020a0
OBJ 5000173d (sz=24, trace=300000, class=java.lang.String@5000013c)
	value		50002187
OBJ 5000173e (sz=24, trace=300000, class=java.lang.String@5000013c)
	value		50002186
OBJ 5000173f (sz=24, trace=300000, class=java.lang.String@5000013c)
	value		50002185
OBJ 50001740 (sz=24, trace=300000, class=java.lang.String@5000013c)
	value		50002184
OBJ 50001741 (sz=24, trace=300000, class=java.lang.String@5000013c)
	value		50002162
OBJ 50001742 (sz=24, trace=300000, class=java.lang.String@5000013c)
	value		5000215e
OBJ 50001743 (sz=24, trace=300000, class=java.lang.String@5000013c)
	value		50002161
OBJ 50001744 (sz=24, trace=300000, class=java.lang.String@5000013c)
	value		50002160
OBJ 50001745 (sz=24, trace=300000, class=java.lang.String@5000013c)
	value		5000215c
OBJ 50001746 (sz=24, trace=300000, class=java.lang.String@5000013c)
	value		5000215f
OBJ 50001747 (sz=24, trace=300000, class=java.lang.String@5000013c)
	value		50002109
OBJ 50001748 (sz=24, trace=300000, class=java.lang.String@5000013c)
	value		50002108
OBJ 50001749 (sz=24, trace=300000, class=java.lang.String@5000013c)
	value		50002107
OBJ 5000174a (sz=24, trace=300000, class=java.lang.String@5000013c)
	value		500020ce
OBJ 5000174b (sz=24, trace=300000, class=java.lang.String@5000013c)
	value		50002183
OBJ 5000174c (sz=24, trace=300000, class=java.lang.String@5000013c)
	value		500020ef
OBJ 5000174d (sz=24, trace=300000, class=java.lang.String@5000013c)
	value		500020a8
OBJ 5000174e (sz=24, trace=300000, class=java.lang.String@5000013c)
	value		500020a9
OBJ 5000174f (sz=24, trace=300000, class=java.lang.String@5000013c)
	value		500020be
OBJ 50001750 (sz=24, trace=300000, class=java.lang.String@5000013c)
	value		500020c6
OBJ 50001751 (sz=24, trace=300000, class=java.lang.String@5000013c)
	value		500020b3
OBJ 50001752 (sz=24, trace=300000, class=java.lang.String@5000013c)
	value		5000209b
OBJ 50001753 (sz=24, trace=300000, class=java.lang.String@5000013c)
	value		50002080
OBJ 50001754 (sz=24, trace=300000, class=java.lang.String@5000013c)
	value		500020fd
OBJ 50001755 (sz=24, trace=300000, class=java.lang.String@5000013c)
	value		50002081
OBJ 50001756 (sz=24, trace=300000, class=java.lang.String@5000013c)
	value		500020bf
OBJ 50001757 (sz=24, trace=300000, class=java.lang.String@5000013c)
	value		500020c7
OBJ 50001758 (sz=24, trace=300000, class=java.lang.String@5000013c)
	value		500020f9
OBJ 50001759 (sz=24, trace=300000, class=java.lang.String@5000013c)
	value		500020d6
OBJ 5000175a (sz=24, trace=300000, class=java.lang.String@5000013c)
	value		500020ac
OBJ 5000175b (sz=24, trace=300000, class=java.lang.String@5000013c)
	value		500020a1
OBJ 5000175c (sz=24, trace=300000, class=java.lang.String@5000013c)
	value		500020e5
ARR 5000175d (sz=40, trace=300000, nelems=6, elem type=java.io.ObjectStreamField[]@500000ea)
	[0]		50002155
	[1]		50002156
	[2]		50002157
	[3]		50002158
	[4]		50002159
	[5]		5000215a
OBJ 5000175e (sz=24, trace=300000, class=java.util.Locale@5000004b)
	baseLocale	500020a2
OBJ 5000175f (sz=24, trace=300000, class=java.util.Locale@5000004b)
	baseLocale	500020bb
OBJ 50001760 (sz=24, trace=300000, class=java.util.Locale@5000004b)
	baseLocale	500020e6
OBJ 50001761 (sz=24, trace=300000, class=java.util.Locale@5000004b)
	baseLocale	500020ec
OBJ 50001762 (sz=24, trace=300000, class=java.util.Locale@5000004b)
	baseLocale	500020ad
OBJ 50001763 (sz=24, trace=300000, class=java.util.Locale@5000004b)
	baseLocale	5000207f
OBJ 50001764 (sz=24, trace=300000, class=java.util.Locale@5000004b)
	baseLocale	500020fe
OBJ 50001765 (sz=24, trace=300000, class=java.util.Locale@5000004b)
	baseLocale	500020d7
OBJ 50001766 (sz=24, trace=300000, class=java.util.Locale@5000004b)
	baseLocale	500020f2
OBJ 50001767 (sz=24, trace=300000, class=java.util.Locale@5000004b)
	baseLocale	500020fa
OBJ 50001768 (sz=24, trace=300000, class=java.util.Locale@5000004b)
	baseLocale	500020c8
OBJ 50001769 (sz=24, trace=300000, class=java.util.Locale@5000004b)
	baseLocale	500020c0
OBJ 5000176a (sz=24, trace=300000, class=java.util.Locale@5000004b)
	baseLocale	500020a5
OBJ 5000176b (sz=24, trace=300000, class=java.util.Locale@5000004b)
	baseLocale	5000209c
OBJ 5000176c (sz=24, trace=300000, class=java.util.Locale@5000004b)
	baseLocale	500020cf
OBJ 5000176d (sz=24, trace=300000, class=java.util.Locale@5000004b)
	baseLocale	500020b4
OBJ 5000176e (sz=24, trace=300000, class=java.util.Locale@5000004b)
	baseLocale	50002104
OBJ 5000176f (sz=24, trace=300000, class=java.util.Locale@5000004b)
	baseLocale	500020e9
OBJ 50001770 (sz=24, trace=300000, class=java.util.Locale@5000004b)
	baseLocale	500020e2
OBJ 50001771 (sz=24, trace=300000, class=java.util.Locale$Cache@50000024)
	map		50001773
	queue		50001772
OBJ 50001772 (sz=32, trace=300000, class=java.lang.ref.ReferenceQueue@500000c2)
	lock		5000210a
OBJ 50001773 (sz=48, trace=300000, class=java.util.concurrent.ConcurrentHashMap@500000dd)
	segments	50001774
ARR 50001774 (sz=80, trace=300000, nelems=15, elem type=java.util.concurrent.ConcurrentHashMap$Segment[]@50000011)
	[0]		50001775
	[1]		50001776
	[3]		50001777
	[6]		50001778
	[7]		50001779
	[8]		5000177a
	[9]		5000177b
	[10]		5000177c
	[12]		5000177d
	[13]		5000177e
	[14]		5000177f
OBJ 50001775 (sz=40, trace=300000, class=java.util.concurrent.ConcurrentHashMap$Segment@50000010)
	sync		5000214b
	table		5000214a
OBJ 50001776 (sz=40, trace=300000, class=java.util.concurrent.ConcurrentHashMap$Segment@50000010)
	sync		50002146
	table		50002145
OBJ 50001777 (sz=40, trace=300000, class=java.util.concurrent.ConcurrentHashMap$Segment@50000010)
	sync		5000213e
	table		5000213d
OBJ 50001778 (sz=40, trace=300000, class=java.util.concurrent.ConcurrentHashMap$Segment@50000010)
	sync		50002136
	table		50002135
OBJ 50001779 (sz=40, trace=300000, class=java.util.concurrent.ConcurrentHashMap$Segment@50000010)
	sync		50002131
	table		50002130
OBJ 5000177a (sz=40, trace=300000, class=java.util.concurrent.ConcurrentHashMap$Segment@50000010)
	sync		50002129
	table		50002128
OBJ 5000177b (sz=40, trace=300000, class=java.util.concurrent.ConcurrentHashMap$Segment@50000010)
	sync		50002124
	table		50002123
OBJ 5000177c (sz=40, trace=300000, class=java.util.concurrent.ConcurrentHashMap$Segment@50000010)
	sync		50002116
	table		50002115
OBJ 5000177d (sz=40, trace=300000, class=java.util.concurrent.ConcurrentHashMap$Segment@50000010)
	sync		50002111
	table		50002110
OBJ 5000177e (sz=40, trace=300000, class=java.util.concurrent.ConcurrentHashMap$Segment@50000010)
	sync		5000210c
	table		5000210b
OBJ 5000177f (sz=40, trace=300000, class=java.util.concurrent.ConcurrentHashMap$Segment@50000010)
	sync		50001781
	table		50001780
ARR 50001780 (sz=24, trace=300000, nelems=2, elem type=java.util.concurrent.ConcurrentHashMap$HashEntry[]@5000012d)
	[1]		5000207c
OBJ 50001781 (sz=32, trace=300000, class=java.util.concurrent.locks.ReentrantLock$NonfairSync@500000c1)
OBJ 50001782 (sz=24, trace=300000, class=java.lang.String@5000013c)
	value		5000207b
OBJ 50001783 (sz=24, trace=300000, class=java.lang.String@5000013c)
	value		5000207a
OBJ 50001784 (sz=24, trace=300000, class=java.lang.String@5000013c)
	value		50002079
OBJ 50001785 (sz=24, trace=300000, class=java.lang.String@5000013c)
	value		50002078
OBJ 50001786 (sz=24, trace=300000, class=java.lang.String@5000013c)
	value		50001900
OBJ 50001787 (sz=16, trace=300000, class=sun.misc.Unsafe@500000d7)
OBJ 50001788 (sz=24, trace=300000, class=java.lang.String@5000013c)
	value		50001fb3
OBJ 50001789 (sz=16, trace=300000, class=sun.reflect.ReflectionFactory@500000be)
ARR 5000178a (sz=16, trace=300000, nelems=0, elem type=java.io.ObjectStreamField[]@500000ea)
OBJ 5000178b (sz=24, trace=300000, class=java.lang.String@5000013c)
	value		5000178e
OBJ 5000178c (sz=16, trace=300000, class=java.lang.reflect.ReflectAccess@50000039)
OBJ 5000178d (sz=24, trace=300000, class=java.lang.RuntimePermission@50000093)
	name		5000178b
	path		5000178b
ARR 5000178e (sz=46, trace=300000, nelems=23, elem type=char[])
OBJ 5000178f (sz=24, trace=300000, class=java.lang.String@5000013c)
	value		50001790
ARR 50001790 (sz=12, trace=300000, nelems=6, elem type=char[])
OBJ 50001791 (sz=24, trace=300000, class=java.lang.String@5000013c)
	value		50001793
OBJ 50001792 (sz=24, trace=300000, class=java.lang.reflect.ReflectPermission@500000a7)
	name		50001791
	path		50001791
ARR 50001793 (sz=40, trace=300000, nelems=20, elem type=char[])
OBJ 50001794 (sz=24, trace=300000, class=java.lang.String@5000013c)
	value		50002004
OBJ 50001795 (sz=24, trace=300000, class=java.lang.String@5000013c)
	value		50002071
OBJ 50001796 (sz=24, trace=300000, class=java.lang.String@5000013c)
	value		50001841
OBJ 50001797 (sz=56, trace=300000, class=java.util.Properties@5000001a)
	table		50002014
	entrySet	50002013
OBJ 50001798 (sz=32, trace=300000, class=java.io.PrintStream@500000a8)
	out		50002009
	textOut		50002008
	charOut		50002007
OBJ 50001799 (sz=32, trace=300000, class=java.io.PrintStream@500000a8)
	out		50001ff9
	textOut		50001ff8
	charOut		50001ff7
OBJ 5000179a (sz=40, trace=300000, class=java.io.BufferedInputStream@5000003f)
	in		5000179c
	buf		5000179b
ARR 5000179b (sz=8192, trace=300000, nelems=8192, elem type=byte[])
OBJ 5000179c (sz=32, trace=300000, class=java.io.FileInputStream@5000007d)
	fd		5000179e
	closeLock	5000179d
OBJ 5000179d (sz=16, trace=300000, class=java.lang.Object@5000011a)
OBJ 5000179e (sz=24, trace=300000, class=java.io.FileDescriptor@500000ec)
	useCount	5000179f
OBJ 5000179f (sz=16, trace=300000, class=java.util.concurrent.atomic.AtomicInteger@5000000e)
OBJ 500017a0 (sz=24, trace=300000, class=java.lang.String@5000013c)
	value		500017a1
ARR 500017a1 (sz=10, trace=300000, nelems=5, elem type=char[])
OBJ 500017a2 (sz=24, trace=300000, class=java.io.FileDescriptor@500000ec)
	useCount	500017a5
OBJ 500017a3 (sz=24, trace=300000, class=java.io.FileDescriptor@500000ec)
	useCount	500017a4
OBJ 500017a4 (sz=16, trace=300000, class=java.util.concurrent.atomic.AtomicInteger@5000000e)
OBJ 500017a5 (sz=16, trace=300000, class=java.util.concurrent.atomic.AtomicInteger@5000000e)
OBJ 500017a6 (sz=16, trace=300000, class=java.security.ProtectionDomain$1@5000001c)
OBJ 500017a7 (sz=16, trace=300000, class=java.security.ProtectionDomain$3@500000e4)
OBJ 500017a8 (sz=16, trace=300000, class=java.io.FileDescriptor$1@50000150)
OBJ 500017a9 (sz=16, trace=300000, class=java.nio.Bits$1@50000029)
OBJ 500017aa (sz=16, trace=300000, class=java.net.URLClassLoader$7@5000012f)
OBJ 500017ab (sz=16, trace=300000, class=java.lang.System$2@50000155)
OBJ 500017ac (sz=24, trace=300000, class=java.lang.String@5000013c)
	value		50001fe3
OBJ 500017ad (sz=24, trace=300000, class=java.lang.String@5000013c)
	value		50001fe2
OBJ 500017ae (sz=24, trace=300000, class=java.lang.String@5000013c)
	value		50001fe1
OBJ 500017af (sz=24, trace=300000, class=java.lang.String@5000013c)
	value		50001fe0
OBJ 500017b0 (sz=24, trace=300000, class=java.lang.String@5000013c)
	value		500017bd
OBJ 500017b1 (sz=24, trace=300000, class=java.lang.String@5000013c)
	value		50001a53
OBJ 500017b2 (sz=24, trace=300000, class=java.lang.String@5000013c)
	value		50001fdf
OBJ 500017b3 (sz=24, trace=300000, class=java.lang.String@5000013c)
	value		50001fde
OBJ 500017b4 (sz=24, trace=300000, class=java.lang.String@5000013c)
	value		50001fdd
OBJ 500017b5 (sz=24, trace=300000, class=java.lang.String@5000013c)
	value		50001fdc
OBJ 500017b6 (sz=24, trace=300000, class=java.lang.String@5000013c)
	value		50001fdb
OBJ 500017b7 (sz=24, trace=300000, class=java.lang.String@5000013c)
	value		50001fda
OBJ 500017b8 (sz=24, trace=300000, class=java.lang.String@5000013c)
	value		50001fd9
OBJ 500017b9 (sz=24, trace=300000, class=java.lang.String@5000013c)
	value		50001fd8
OBJ 500017ba (sz=24, trace=300000, class=java.lang.String@5000013c)
	value		50001fd7
OBJ 500017bb (sz=24, trace=300000, class=java.lang.String@5000013c)
	value		50001fd6
OBJ 500017bc (sz=24, trace=300000, class=java.lang.String@5000013c)
	value		500017be
ARR 500017bd (sz=40, trace=300000, nelems=20, elem type=char[])
ARR 500017be (sz=134, trace=300000, nelems=67, elem type=char[])
OBJ 500017bf (sz=24, trace=300000, class=java.lang.String@5000013c)
	value		500017c0
ARR 500017c0 (sz=12, trace=300000, nelems=6, elem type=char[])
OBJ 500017c1 (sz=24, trace=300000, class=java.lang.String@5000013c)
	value		500017c2
ARR 500017c2 (sz=10, trace=300000, nelems=5, elem type=char[])
OBJ 500017c3 (sz=24, trace=300000, class=java.lang.String@5000013c)
	value		50001fc4
OBJ 500017c4 (sz=24, trace=300000, class=java.lang.String@5000013c)
	value		50001fc9
OBJ 500017c5 (sz=24, trace=300000, class=java.lang.String@5000013c)
	value		50001fc8
OBJ 500017c6 (sz=24, trace=300000, class=java.lang.String@5000013c)
	value		50001fc7
OBJ 500017c7 (sz=24, trace=300000, class=java.lang.String@5000013c)
	value		50001fc6
OBJ 500017c8 (sz=24, trace=300000, class=java.lang.String@5000013c)
	value		50001fc5
OBJ 500017c9 (sz=24, trace=300000, class=java.lang.String@5000013c)
	value		50001914
OBJ 500017ca (sz=24, trace=300000, class=java.lang.String@5000013c)
	value		50001fc3
OBJ 500017cb (sz=56, trace=300000, class=java.util.Properties@5000001a)
	table		500017cc
ARR 500017cc (sz=400, trace=300000, nelems=89, elem type=java.util.Hashtable$Entry[]@50000123)
	[0]		500017cd
	[1]		500017ce
	[4]		500017cf
	[9]		500017d0
	[11]		500017d1
	[13]		500017d2
	[16]		500017d3
	[17]		500017d4
	[18]		500017d5
	[19]		500017d6
	[21]		500017d7
	[22]		500017d8
	[24]		500017d9
	[26]		500017da
	[27]		500017db
	[33]		500017dc
	[38]		500017dd
	[39]		500017de
	[40]		500017df
	[41]		500017e0
	[42]		500017e1
	[44]		500017e2
	[47]		500017e3
	[49]		500017e4
	[54]		500017e5
	[57]		500017e6
	[63]		500017e7
	[65]		500017e8
	[67]		500017e9
	[70]		500017ea
	[72]		500017eb
	[76]		500017ec
	[79]		500017ed
	[80]		500017ee
	[81]		500017ef
	[82]		500017f0
	[85]		500017f1
	[88]		500017f2
OBJ 500017cd (sz=32, trace=300000, class=java.util.Hashtable$Entry@50000122)
	key		500018cf
	value		500018ce
OBJ 500017ce (sz=32, trace=300000, class=java.util.Hashtable$Entry@50000122)
	key		500018cb
	value		500018ca
OBJ 500017cf (sz=32, trace=300000, class=java.util.Hashtable$Entry@50000122)
	key		500018c7
	value		500018c6
OBJ 500017d0 (sz=32, trace=300000, class=java.util.Hashtable$Entry@50000122)
	key		500018bf
	value		500018be
	next		500018bd
OBJ 500017d1 (sz=32, trace=300000, class=java.util.Hashtable$Entry@50000122)
	key		500018ba
	value		500018b9
OBJ 500017d2 (sz=32, trace=300000, class=java.util.Hashtable$Entry@50000122)
	key		500018b6
	value		500018b5
OBJ 500017d3 (sz=32, trace=300000, class=java.util.Hashtable$Entry@50000122)
	key		500018b2
	value		500018b1
OBJ 500017d4 (sz=32, trace=300000, class=java.util.Hashtable$Entry@50000122)
	key		500018ae
	value		500018ad
OBJ 500017d5 (sz=32, trace=300000, class=java.util.Hashtable$Entry@50000122)
	key		500018aa
	value		500018a9
OBJ 500017d6 (sz=32, trace=300000, class=java.util.Hashtable$Entry@50000122)
	key		500018a6
	value		500018a5
OBJ 500017d7 (sz=32, trace=300000, class=java.util.Hashtable$Entry@50000122)
	key		5000189e
	value		5000189d
	next		5000189c
OBJ 500017d8 (sz=32, trace=300000, class=java.util.Hashtable$Entry@50000122)
	key		50001899
	value		50001898
OBJ 500017d9 (sz=32, trace=300000, class=java.util.Hashtable$Entry@50000122)
	key		50001891
	value		50001890
	next		5000188f
OBJ 500017da (sz=32, trace=300000, class=java.util.Hashtable$Entry@50000122)
	key		5000188a
	value		50001889
	next		50001888
OBJ 500017db (sz=32, trace=300000, class=java.util.Hashtable$Entry@50000122)
	key		50001885
	value		50001884
OBJ 500017dc (sz=32, trace=300000, class=java.util.Hashtable$Entry@50000122)
	key		5000187d
	value		5000187c
	next		5000187b
OBJ 500017dd (sz=32, trace=300000, class=java.util.Hashtable$Entry@50000122)
	key		50001874
	value		50001873
	next		50001872
OBJ 500017de (sz=32, trace=300000, class=java.util.Hashtable$Entry@50000122)
	key		5000186f
	value		5000186e
OBJ 500017df (sz=32, trace=300000, class=java.util.Hashtable$Entry@50000122)
	key		5000186b
	value		5000186a
OBJ 500017e0 (sz=32, trace=300000, class=java.util.Hashtable$Entry@50000122)
	key		50001867
	value		50001866
OBJ 500017e1 (sz=32, trace=300000, class=java.util.Hashtable$Entry@50000122)
	key		50001863
	value		50001862
OBJ 500017e2 (sz=32, trace=300000, class=java.util.Hashtable$Entry@50000122)
	key		5000185f
	value		5000185e
OBJ 500017e3 (sz=32, trace=300000, class=java.util.Hashtable$Entry@50000122)
	key		5000185b
	value		5000185a
OBJ 500017e4 (sz=32, trace=300000, class=java.util.Hashtable$Entry@50000122)
	key		50001853
	value		50001852
	next		50001851
OBJ 500017e5 (sz=32, trace=300000, class=java.util.Hashtable$Entry@50000122)
	key		5000184e
	value		5000184d
OBJ 500017e6 (sz=32, trace=300000, class=java.util.Hashtable$Entry@50000122)
	key		5000184a
	value		50001705
OBJ 500017e7 (sz=32, trace=300000, class=java.util.Hashtable$Entry@50000122)
	key		50001847
	value		50001846
OBJ 500017e8 (sz=32, trace=300000, class=java.util.Hashtable$Entry@50000122)
	key		50001843
	value		50001842
OBJ 500017e9 (sz=32, trace=300000, class=java.util.Hashtable$Entry@50000122)
	key		5000183c
	value		5000183b
	next		5000183a
OBJ 500017ea (sz=32, trace=300000, class=java.util.Hashtable$Entry@50000122)
	key		50001833
	value		50001832
	next		50001831
OBJ 500017eb (sz=32, trace=300000, class=java.util.Hashtable$Entry@50000122)
	key		5000182e
	value		5000182d
OBJ 500017ec (sz=32, trace=300000, class=java.util.Hashtable$Entry@50000122)
	key		50001826
	value		50001825
	next		50001824
OBJ 500017ed (sz=32, trace=300000, class=java.util.Hashtable$Entry@50000122)
	key		50001818
	value		50001817
	next		50001816
OBJ 500017ee (sz=32, trace=300000, class=java.util.Hashtable$Entry@50000122)
	key		5000180f
	value		5000180e
	next		5000180d
OBJ 500017ef (sz=32, trace=300000, class=java.util.Hashtable$Entry@50000122)
	key		5000180a
	value		50001809
OBJ 500017f0 (sz=32, trace=300000, class=java.util.Hashtable$Entry@50000122)
	key		50001802
	value		50001801
	next		50001800
OBJ 500017f1 (sz=32, trace=300000, class=java.util.Hashtable$Entry@50000122)
	key		500017fd
	value		500017fc
OBJ 500017f2 (sz=32, trace=300000, class=java.util.Hashtable$Entry@50000122)
	key		500017f5
	value		500017f4
	next		500017f3
OBJ 500017f3 (sz=32, trace=300000, class=java.util.Hashtable$Entry@50000122)
	key		500017f9
	value		500017f8
OBJ 500017f4 (sz=24, trace=300000, class=java.lang.String@5000013c)
	value		500017f7
OBJ 500017f5 (sz=24, trace=300000, class=java.lang.String@5000013c)
	value		500017f6
ARR 500017f6 (sz=42, trace=300000, nelems=21, elem type=char[])
ARR 500017f7 (sz=142, trace=300000, nelems=71, elem type=char[])
OBJ 500017f8 (sz=24, trace=300000, class=java.lang.String@5000013c)
	value		500017fb
OBJ 500017f9 (sz=24, trace=300000, class=java.lang.String@5000013c)
	value		500017fa
ARR 500017fa (sz=30, trace=300000, nelems=15, elem type=char[])
ARR 500017fb (sz=18, trace=300000, nelems=9, elem type=char[])
OBJ 500017fc (sz=24, trace=300000, class=java.lang.String@5000013c)
	value		500017ff
OBJ 500017fd (sz=24, trace=300000, class=java.lang.String@5000013c)
	value		500017fe
ARR 500017fe (sz=28, trace=300000, nelems=14, elem type=char[])
ARR 500017ff (sz=10, trace=300000, nelems=5, elem type=char[])
OBJ 50001800 (sz=32, trace=300000, class=java.util.Hashtable$Entry@50000122)
	key		50001806
	value		50001805
OBJ 50001801 (sz=24, trace=300000, class=java.lang.String@5000013c)
	value		50001804
OBJ 50001802 (sz=24, trace=300000, class=java.lang.String@5000013c)
	value		50001803
ARR 50001803 (sz=28, trace=300000, nelems=14, elem type=char[])
ARR 50001804 (sz=36, trace=300000, nelems=18, elem type=char[])
OBJ 50001805 (sz=24, trace=300000, class=java.lang.String@5000013c)
	value		50001808
OBJ 50001806 (sz=24, trace=300000, class=java.lang.String@5000013c)
	value		50001807
ARR 50001807 (sz=30, trace=300000, nelems=15, elem type=char[])
ARR 50001808 (sz=46, trace=300000, nelems=23, elem type=char[])
OBJ 50001809 (sz=24, trace=300000, class=java.lang.String@5000013c)
	value		5000180c
OBJ 5000180a (sz=24, trace=300000, class=java.lang.String@5000013c)
	value		5000180b
ARR 5000180b (sz=28, trace=300000, nelems=14, elem type=char[])
ARR 5000180c (sz=2, trace=300000, nelems=1, elem type=char[])
OBJ 5000180d (sz=32, trace=300000, class=java.util.Hashtable$Entry@50000122)
	key		50001813
	value		50001812
OBJ 5000180e (sz=24, trace=300000, class=java.lang.String@5000013c)
	value		50001811
OBJ 5000180f (sz=24, trace=300000, class=java.lang.String@5000013c)
	value		50001810
ARR 50001810 (sz=24, trace=300000, nelems=12, elem type=char[])
ARR 50001811 (sz=66, trace=300000, nelems=33, elem type=char[])
OBJ 50001812 (sz=24, trace=300000, class=java.lang.String@5000013c)
	value		50001815
OBJ 50001813 (sz=24, trace=300000, class=java.lang.String@5000013c)
	value		50001814
ARR 50001814 (sz=34, trace=300000, nelems=17, elem type=char[])
ARR 50001815 (sz=12, trace=300000, nelems=6, elem type=char[])
OBJ 50001816 (sz=32, trace=300000, class=java.util.Hashtable$Entry@50000122)
	key		5000181d
	value		5000181c
	next		5000181b
OBJ 50001817 (sz=24, trace=300000, class=java.lang.String@5000013c)
	value		5000181a
OBJ 50001818 (sz=24, trace=300000, class=java.lang.String@5000013c)
	value		50001819
ARR 50001819 (sz=24, trace=300000, nelems=12, elem type=char[])
ARR 5000181a (sz=4, trace=300000, nelems=2, elem type=char[])
OBJ 5000181b (sz=32, trace=300000, class=java.util.Hashtable$Entry@50000122)
	key		50001821
	value		50001820
OBJ 5000181c (sz=24, trace=300000, class=java.lang.String@5000013c)
	value		5000181f
OBJ 5000181d (sz=24, trace=300000, class=java.lang.String@5000013c)
	value		5000181e
ARR 5000181e (sz=34, trace=300000, nelems=17, elem type=char[])
ARR 5000181f (sz=24, trace=300000, nelems=12, elem type=char[])
OBJ 50001820 (sz=24, trace=300000, class=java.lang.String@5000013c)
	value		50001823
OBJ 50001821 (sz=24, trace=300000, class=java.lang.String@5000013c)
	value		50001822
ARR 50001822 (sz=36, trace=300000, nelems=18, elem type=char[])
ARR 50001823 (sz=14, trace=300000, nelems=7, elem type=char[])
OBJ 50001824 (sz=32, trace=300000, class=java.util.Hashtable$Entry@50000122)
	key		5000182a
	value		50001829
OBJ 50001825 (sz=24, trace=300000, class=java.lang.String@5000013c)
	value		50001828
OBJ 50001826 (sz=24, trace=300000, class=java.lang.String@5000013c)
	value		50001827
ARR 50001827 (sz=52, trace=300000, nelems=26, elem type=char[])
ARR 50001828 (sz=68, trace=300000, nelems=34, elem type=char[])
OBJ 50001829 (sz=24, trace=300000, class=java.lang.String@5000013c)
	value		5000182c
OBJ 5000182a (sz=24, trace=300000, class=java.lang.String@5000013c)
	value		5000182b
ARR 5000182b (sz=16, trace=300000, nelems=8, elem type=char[])
ARR 5000182c (sz=54, trace=300000, nelems=27, elem type=char[])
OBJ 5000182d (sz=24, trace=300000, class=java.lang.String@5000013c)
	value		50001830
OBJ 5000182e (sz=24, trace=300000, class=java.lang.String@5000013c)
	value		5000182f
ARR 5000182f (sz=40, trace=300000, nelems=20, elem type=char[])
ARR 50001830 (sz=56, trace=300000, nelems=28, elem type=char[])
OBJ 50001831 (sz=32, trace=300000, class=java.util.Hashtable$Entry@50000122)
	key		50001837
	value		50001836
OBJ 50001832 (sz=24, trace=300000, class=java.lang.String@5000013c)
	value		50001835
OBJ 50001833 (sz=24, trace=300000, class=java.lang.String@5000013c)
	value		50001834
ARR 50001834 (sz=36, trace=300000, nelems=18, elem type=char[])
ARR 50001835 (sz=160, trace=300000, nelems=80, elem type=char[])
OBJ 50001836 (sz=24, trace=300000, class=java.lang.String@5000013c)
	value		50001839
OBJ 50001837 (sz=24, trace=300000, class=java.lang.String@5000013c)
	value		50001838
ARR 50001838 (sz=14, trace=300000, nelems=7, elem type=char[])
ARR 50001839 (sz=12, trace=300000, nelems=6, elem type=char[])
OBJ 5000183a (sz=32, trace=300000, class=java.util.Hashtable$Entry@50000122)
	key		5000183f
	value		50001796
OBJ 5000183b (sz=24, trace=300000, class=java.lang.String@5000013c)
	value		5000183e
OBJ 5000183c (sz=24, trace=300000, class=java.lang.String@5000013c)
	value		5000183d
ARR 5000183d (sz=28, trace=300000, nelems=14, elem type=char[])
ARR 5000183e (sz=98, trace=300000, nelems=49, elem type=char[])
OBJ 5000183f (sz=24, trace=300000, class=java.lang.String@5000013c)
	value		50001840
ARR 50001840 (sz=28, trace=300000, nelems=14, elem type=char[])
ARR 50001841 (sz=2, trace=300000, nelems=1, elem type=char[])
OBJ 50001842 (sz=24, trace=300000, class=java.lang.String@5000013c)
	value		50001845
OBJ 50001843 (sz=24, trace=300000, class=java.lang.String@5000013c)
	value		50001844
ARR 50001844 (sz=56, trace=300000, nelems=28, elem type=char[])
ARR 50001845 (sz=36, trace=300000, nelems=18, elem type=char[])
OBJ 50001846 (sz=24, trace=300000, class=java.lang.String@5000013c)
	value		50001849
OBJ 50001847 (sz=24, trace=300000, class=java.lang.String@5000013c)
	value		50001848
ARR 50001848 (sz=14, trace=300000, nelems=7, elem type=char[])
ARR 50001849 (sz=16, trace=300000, nelems=8, elem type=char[])
OBJ 5000184a (sz=24, trace=300000, class=java.lang.String@5000013c)
	value		5000184b
ARR 5000184b (sz=32, trace=300000, nelems=16, elem type=char[])
ARR 5000184c (sz=10, trace=300000, nelems=5, elem type=char[])
OBJ 5000184d (sz=24, trace=300000, class=java.lang.String@5000013c)
	value		50001850
OBJ 5000184e (sz=24, trace=300000, class=java.lang.String@5000013c)
	value		5000184f
ARR 5000184f (sz=34, trace=300000, nelems=17, elem type=char[])
ARR 50001850 (sz=290, trace=300000, nelems=145, elem type=char[])
OBJ 50001851 (sz=32, trace=300000, class=java.util.Hashtable$Entry@50000122)
	key		50001857
	value		50001856
OBJ 50001852 (sz=24, trace=300000, class=java.lang.String@5000013c)
	value		50001855
OBJ 50001853 (sz=24, trace=300000, class=java.lang.String@5000013c)
	value		50001854
ARR 50001854 (sz=46, trace=300000, nelems=23, elem type=char[])
ARR 50001855 (sz=62, trace=300000, nelems=31, elem type=char[])
OBJ 50001856 (sz=24, trace=300000, class=java.lang.String@5000013c)
	value		50001859
OBJ 50001857 (sz=24, trace=300000, class=java.lang.String@5000013c)
	value		50001858
ARR 50001858 (sz=36, trace=300000, nelems=18, elem type=char[])
ARR 50001859 (sz=8, trace=300000, nelems=4, elem type=char[])
OBJ 5000185a (sz=24, trace=300000, class=java.lang.String@5000013c)
	value		5000185d
OBJ 5000185b (sz=24, trace=300000, class=java.lang.String@5000013c)
	value		5000185c
ARR 5000185c (sz=46, trace=300000, nelems=23, elem type=char[])
ARR 5000185d (sz=62, trace=300000, nelems=31, elem type=char[])
OBJ 5000185e (sz=24, trace=300000, class=java.lang.String@5000013c)
	value		50001861
OBJ 5000185f (sz=24, trace=300000, class=java.lang.String@5000013c)
	value		50001860
ARR 50001860 (sz=20, trace=300000, nelems=10, elem type=char[])
ARR 50001861 (sz=12, trace=300000, nelems=6, elem type=char[])
OBJ 50001862 (sz=24, trace=300000, class=java.lang.String@5000013c)
	value		50001865
OBJ 50001863 (sz=24, trace=300000, class=java.lang.String@5000013c)
	value		50001864
ARR 50001864 (sz=36, trace=300000, nelems=18, elem type=char[])
ARR 50001865 (sz=74, trace=300000, nelems=37, elem type=char[])
OBJ 50001866 (sz=24, trace=300000, class=java.lang.String@5000013c)
	value		50001869
OBJ 50001867 (sz=24, trace=300000, class=java.lang.String@5000013c)
	value		50001868
ARR 50001868 (sz=18, trace=300000, nelems=9, elem type=char[])
ARR 50001869 (sz=30, trace=300000, nelems=15, elem type=char[])
OBJ 5000186a (sz=24, trace=300000, class=java.lang.String@5000013c)
	value		5000186d
OBJ 5000186b (sz=24, trace=300000, class=java.lang.String@5000013c)
	value		5000186c
ARR 5000186c (sz=26, trace=300000, nelems=13, elem type=char[])
ARR 5000186d (sz=0, trace=300000, nelems=0, elem type=char[])
OBJ 5000186e (sz=24, trace=300000, class=java.lang.String@5000013c)
	value		50001871
OBJ 5000186f (sz=24, trace=300000, class=java.lang.String@5000013c)
	value		50001870
ARR 50001870 (sz=38, trace=300000, nelems=19, elem type=char[])
ARR 50001871 (sz=56, trace=300000, nelems=28, elem type=char[])
OBJ 50001872 (sz=32, trace=300000, class=java.util.Hashtable$Entry@50000122)
	key		50001878
	value		50001877
OBJ 50001873 (sz=24, trace=300000, class=java.lang.String@5000013c)
	value		50001876
OBJ 50001874 (sz=24, trace=300000, class=java.lang.String@5000013c)
	value		50001875
ARR 50001875 (sz=26, trace=300000, nelems=13, elem type=char[])
ARR 50001876 (sz=10, trace=300000, nelems=5, elem type=char[])
OBJ 50001877 (sz=24, trace=300000, class=java.lang.String@5000013c)
	value		5000187a
OBJ 50001878 (sz=24, trace=300000, class=java.lang.String@5000013c)
	value		50001879
ARR 50001879 (sz=52, trace=300000, nelems=26, elem type=char[])
ARR 5000187a (sz=6, trace=300000, nelems=3, elem type=char[])
OBJ 5000187b (sz=32, trace=300000, class=java.util.Hashtable$Entry@50000122)
	key		50001881
	value		50001880
OBJ 5000187c (sz=24, trace=300000, class=java.lang.String@5000013c)
	value		5000187f
OBJ 5000187d (sz=24, trace=300000, class=java.lang.String@5000013c)
	value		5000187e
ARR 5000187e (sz=18, trace=300000, nelems=9, elem type=char[])
ARR 5000187f (sz=16, trace=300000, nelems=8, elem type=char[])
OBJ 50001880 (sz=24, trace=300000, class=java.lang.String@5000013c)
	value		50001883
OBJ 50001881 (sz=24, trace=300000, class=java.lang.String@5000013c)
	value		50001882
ARR 50001882 (sz=30, trace=300000, nelems=15, elem type=char[])
ARR 50001883 (sz=2, trace=300000, nelems=1, elem type=char[])
OBJ 50001884 (sz=24, trace=300000, class=java.lang.String@5000013c)
	value		50001887
OBJ 50001885 (sz=24, trace=300000, class=java.lang.String@5000013c)
	value		50001886
ARR 50001886 (sz=58, trace=300000, nelems=29, elem type=char[])
ARR 50001887 (sz=6, trace=300000, nelems=3, elem type=char[])
OBJ 50001888 (sz=32, trace=300000, class=java.util.Hashtable$Entry@50000122)
	key		5000188d
	value		500017bc
OBJ 50001889 (sz=24, trace=300000, class=java.lang.String@5000013c)
	value		5000188c
OBJ 5000188a (sz=24, trace=300000, class=java.lang.String@5000013c)
	value		5000188b
ARR 5000188b (sz=38, trace=300000, nelems=19, elem type=char[])
ARR 5000188c (sz=4, trace=300000, nelems=2, elem type=char[])
OBJ 5000188d (sz=24, trace=300000, class=java.lang.String@5000013c)
	value		5000188e
ARR 5000188e (sz=18, trace=300000, nelems=9, elem type=char[])
OBJ 5000188f (sz=32, trace=300000, class=java.util.Hashtable$Entry@50000122)
	key		50001895
	value		50001894
OBJ 50001890 (sz=24, trace=300000, class=java.lang.String@5000013c)
	value		50001893
OBJ 50001891 (sz=24, trace=300000, class=java.lang.String@5000013c)
	value		50001892
ARR 50001892 (sz=50, trace=300000, nelems=25, elem type=char[])
ARR 50001893 (sz=36, trace=300000, nelems=18, elem type=char[])
OBJ 50001894 (sz=24, trace=300000, class=java.lang.String@5000013c)
	value		50001897
OBJ 50001895 (sz=24, trace=300000, class=java.lang.String@5000013c)
	value		50001896
ARR 50001896 (sz=26, trace=300000, nelems=13, elem type=char[])
ARR 50001897 (sz=4, trace=300000, nelems=2, elem type=char[])
OBJ 50001898 (sz=24, trace=300000, class=java.lang.String@5000013c)
	value		5000189b
OBJ 50001899 (sz=24, trace=300000, class=java.lang.String@5000013c)
	value		5000189a
ARR 5000189a (sz=22, trace=300000, nelems=11, elem type=char[])
ARR 5000189b (sz=54, trace=300000, nelems=27, elem type=char[])
OBJ 5000189c (sz=32, trace=300000, class=java.util.Hashtable$Entry@50000122)
	key		500018a2
	value		500018a1
OBJ 5000189d (sz=24, trace=300000, class=java.lang.String@5000013c)
	value		500018a0
OBJ 5000189e (sz=24, trace=300000, class=java.lang.String@5000013c)
	value		5000189f
ARR 5000189f (sz=24, trace=300000, nelems=12, elem type=char[])
ARR 500018a0 (sz=38, trace=300000, nelems=19, elem type=char[])
OBJ 500018a1 (sz=24, trace=300000, class=java.lang.String@5000013c)
	value		500018a4
OBJ 500018a2 (sz=24, trace=300000, class=java.lang.String@5000013c)
	value		500018a3
ARR 500018a3 (sz=54, trace=300000, nelems=27, elem type=char[])
ARR 500018a4 (sz=4, trace=300000, nelems=2, elem type=char[])
OBJ 500018a5 (sz=24, trace=300000, class=java.lang.String@5000013c)
	value		500018a8
OBJ 500018a6 (sz=24, trace=300000, class=java.lang.String@5000013c)
	value		500018a7
ARR 500018a7 (sz=24, trace=300000, nelems=12, elem type=char[])
ARR 500018a8 (sz=16, trace=300000, nelems=8, elem type=char[])
OBJ 500018a9 (sz=24, trace=300000, class=java.lang.String@5000013c)
	value		500018ac
OBJ 500018aa (sz=24, trace=300000, class=java.lang.String@5000013c)
	value		500018ab
ARR 500018ab (sz=26, trace=300000, nelems=13, elem type=char[])
ARR 500018ac (sz=438, trace=300000, nelems=219, elem type=char[])
OBJ 500018ad (sz=24, trace=300000, class=java.lang.String@5000013c)
	value		500018b0
OBJ 500018ae (sz=24, trace=300000, class=java.lang.String@5000013c)
	value		500018af
ARR 500018af (sz=38, trace=300000, nelems=19, elem type=char[])
ARR 500018b0 (sz=1306, trace=300000, nelems=653, elem type=char[])
OBJ 500018b1 (sz=24, trace=300000, class=java.lang.String@5000013c)
	value		500018b4
OBJ 500018b2 (sz=24, trace=300000, class=java.lang.String@5000013c)
	value		500018b3
ARR 500018b3 (sz=22, trace=300000, nelems=11, elem type=char[])
ARR 500018b4 (sz=36, trace=300000, nelems=18, elem type=char[])
OBJ 500018b5 (sz=24, trace=300000, class=java.lang.String@5000013c)
	value		500018b8
OBJ 500018b6 (sz=24, trace=300000, class=java.lang.String@5000013c)
	value		500018b7
ARR 500018b7 (sz=28, trace=300000, nelems=14, elem type=char[])
ARR 500018b8 (sz=2, trace=300000, nelems=1, elem type=char[])
OBJ 500018b9 (sz=24, trace=300000, class=java.lang.String@5000013c)
	value		500018bc
OBJ 500018ba (sz=24, trace=300000, class=java.lang.String@5000013c)
	value		500018bb
ARR 500018bb (sz=38, trace=300000, nelems=19, elem type=char[])
ARR 500018bc (sz=70, trace=300000, nelems=35, elem type=char[])
OBJ 500018bd (sz=32, trace=300000, class=java.util.Hashtable$Entry@50000122)
	key		500018c3
	value		500018c2
OBJ 500018be (sz=24, trace=300000, class=java.lang.String@5000013c)
	value		500018c1
OBJ 500018bf (sz=24, trace=300000, class=java.lang.String@5000013c)
	value		500018c0
ARR 500018c0 (sz=28, trace=300000, nelems=14, elem type=char[])
ARR 500018c1 (sz=12, trace=300000, nelems=6, elem type=char[])
OBJ 500018c2 (sz=24, trace=300000, class=java.lang.String@5000013c)
	value		500018c5
OBJ 500018c3 (sz=24, trace=300000, class=java.lang.String@5000013c)
	value		500018c4
ARR 500018c4 (sz=46, trace=300000, nelems=23, elem type=char[])
ARR 500018c5 (sz=20, trace=300000, nelems=10, elem type=char[])
OBJ 500018c6 (sz=24, trace=300000, class=java.lang.String@5000013c)
	value		500018c9
OBJ 500018c7 (sz=24, trace=300000, class=java.lang.String@5000013c)
	value		500018c8
ARR 500018c8 (sz=36, trace=300000, nelems=18, elem type=char[])
ARR 500018c9 (sz=74, trace=300000, nelems=37, elem type=char[])
OBJ 500018ca (sz=24, trace=300000, class=java.lang.String@5000013c)
	value		500018cd
OBJ 500018cb (sz=24, trace=300000, class=java.lang.String@5000013c)
	value		500018cc
ARR 500018cc (sz=34, trace=300000, nelems=17, elem type=char[])
ARR 500018cd (sz=74, trace=300000, nelems=37, elem type=char[])
OBJ 500018ce (sz=24, trace=300000, class=java.lang.String@5000013c)
	value		500018d1
OBJ 500018cf (sz=24, trace=300000, class=java.lang.String@5000013c)
	value		500018d0
ARR 500018d0 (sz=30, trace=300000, nelems=15, elem type=char[])
ARR 500018d1 (sz=0, trace=300000, nelems=0, elem type=char[])
ARR 500018d2 (sz=32, trace=300000, nelems=16, elem type=char[])
OBJ 500018d3 (sz=24, trace=300000, class=java.util.Collections$EmptyMap@50000151)
OBJ 500018d4 (sz=16, trace=300000, class=java.util.Collections$EmptyList@5000006c)
OBJ 500018d5 (sz=16, trace=300000, class=java.util.Collections$EmptySet@5000011e)
OBJ 500018d6 (sz=24, trace=300000, class=java.lang.String@5000013c)
	value		500018d9
OBJ 500018d7 (sz=16, trace=300000, class=java.lang.Boolean@5000001e)
OBJ 500018d8 (sz=16, trace=300000, class=java.lang.Boolean@5000001e)
ARR 500018d9 (sz=14, trace=300000, nelems=7, elem type=char[])
OBJ 500018da (sz=24, trace=300000, class=java.lang.String@5000013c)
	value		500018db
ARR 500018db (sz=56, trace=300000, nelems=28, elem type=char[])
OBJ 500018dc (sz=16, trace=300000, class=java.lang.Runtime@50000007)
OBJ 500018dd (sz=24, trace=300000, class=java.lang.String@5000013c)
	value		50001fc0
OBJ 500018de (sz=24, trace=300000, class=java.lang.String@5000013c)
	value		50001fbf
ARR 500018df (sz=24, trace=300000, nelems=1, elem type=java.lang.String[]@5000013d)
	[0]		500017f4
ARR 500018e0 (sz=40, trace=300000, nelems=6, elem type=java.lang.String[]@5000013d)
	[0]		50001f97
	[1]		50001f98
	[2]		50001f99
	[3]		50001f9a
	[4]		50001f9b
	[5]		50001f9c
OBJ 500018e1 (sz=32, trace=300000, class=java.util.Stack@5000012b)
	elementData	50001f96
OBJ 500018e2 (sz=32, trace=300000, class=java.util.Vector@50000032)
	elementData	50001f94
OBJ 500018e3 (sz=32, trace=300000, class=java.util.Vector@50000032)
	elementData	50001f93
ARR 500018e4 (sz=16, trace=300000, nelems=0, elem type=java.security.cert.Certificate[]@50000100)
OBJ 500018e5 (sz=56, trace=300000, class=java.util.WeakHashMap@50000021)
	table		50001f91
	queue		50001f90
OBJ 500018e6 (sz=32, trace=300000, class=java.security.AccessControlContext@5000005a)
OBJ 500018e7 (sz=40, trace=300000, class=sun.misc.URLClassPath@500000fc)
	path		50001f8a
	urls		50001f89
	loaders		50001f88
	lmap		50001f87
	jarHandler	50001f86
OBJ 500018e8 (sz=48, trace=300000, class=java.util.HashMap@50000107)
	table		50001935
OBJ 500018e9 (sz=16, trace=300000, class=java.lang.Object@5000011a)
OBJ 500018ea (sz=32, trace=300000, class=java.util.Vector@50000032)
	elementData	50001f85
OBJ 500018eb (sz=48, trace=300000, class=java.util.HashMap@50000107)
	table		50001935
OBJ 500018ec (sz=24, trace=300000, class=java.util.Collections$SynchronizedSet@50000026)
	c		50001f83
	mutex		500018ec
OBJ 500018ed (sz=40, trace=300000, class=java.security.ProtectionDomain@50000061)
	codesource	50001f82
	classloader	50001708
	principals	50001f81
	key		50001f80
OBJ 500018ee (sz=32, trace=300000, class=java.util.Vector@50000032)
	elementData	50001f7f
OBJ 500018ef (sz=48, trace=300000, class=java.util.concurrent.ConcurrentHashMap@500000dd)
	segments	50001f7b
OBJ 500018f0 (sz=48, trace=300000, class=java.util.concurrent.ConcurrentHashMap@500000dd)
	segments	50001f77
OBJ 500018f1 (sz=80, trace=300000, class=sun.misc.Launcher$ExtClassLoader@500000ad)
	parallelLockMap	500018fd
	package2certs	500018fc
	classes		500018fb
	defaultDomain	500018fa
	domains		500018f9
	packages	500018f8
	nativeLibraries	500018f7
	assertionLock	500018f6
	pdcache		500018f5
	ucp		500018f4
	acc		500018f3
	closeables	500018f2
OBJ 500018f2 (sz=56, trace=300000, class=java.util.WeakHashMap@50000021)
	table		50001f69
	queue		50001f68
OBJ 500018f3 (sz=32, trace=300000, class=java.security.AccessControlContext@5000005a)
OBJ 500018f4 (sz=40, trace=300000, class=sun.misc.URLClassPath@500000fc)
	path		5000193c
	urls		5000193b
	loaders		5000193a
	lmap		50001939
	jarHandler	50001938
OBJ 500018f5 (sz=48, trace=300000, class=java.util.HashMap@50000107)
	table		50001935
OBJ 500018f6 (sz=16, trace=300000, class=java.lang.Object@5000011a)
OBJ 500018f7 (sz=32, trace=300000, class=java.util.Vector@50000032)
	elementData	50001937
OBJ 500018f8 (sz=48, trace=300000, class=java.util.HashMap@50000107)
	table		50001935
OBJ 500018f9 (sz=24, trace=300000, class=java.util.Collections$SynchronizedSet@50000026)
	c		50001933
	mutex		500018f9
OBJ 500018fa (sz=40, trace=300000, class=java.security.ProtectionDomain@50000061)
	codesource	50001929
	classloader	500018f1
	principals	50001928
	key		50001927
OBJ 500018fb (sz=32, trace=300000, class=java.util.Vector@50000032)
	elementData	50001926
OBJ 500018fc (sz=48, trace=300000, class=java.util.concurrent.ConcurrentHashMap@500000dd)
	segments	50001922
OBJ 500018fd (sz=48, trace=300000, class=java.util.concurrent.ConcurrentHashMap@500000dd)
	segments	500018fe
ARR 500018fe (sz=80, trace=300000, nelems=16, elem type=java.util.concurrent.ConcurrentHashMap$Segment[]@50000011)
	[0]		500018ff
	[1]		50001376
	[2]		500001ff
	[3]		5000133c
	[11]		500001e0
	[13]		50001359
	[15]		50000f6b
OBJ 500018ff (sz=40, trace=300000, class=java.util.concurrent.ConcurrentHashMap$Segment@50000010)
	sync		50001921
	table		50001920
ARR 50001900 (sz=8, trace=300000, nelems=4, elem type=char[])
OBJ 50001901 (sz=24, trace=300000, class=java.lang.String@5000013c)
	value		50001919
OBJ 50001902 (sz=24, trace=300000, class=java.lang.String@5000013c)
	value		50001918
OBJ 50001903 (sz=24, trace=300000, class=java.lang.String@5000013c)
	value		50001917
OBJ 50001904 (sz=24, trace=300000, class=java.lang.String@5000013c)
	value		50001916
OBJ 50001905 (sz=24, trace=300000, class=java.lang.String@5000013c)
	value		50001915
ARR 50001906 (sz=40, trace=300000, nelems=10, elem type=int[])
ARR 50001907 (sz=200, trace=300000, nelems=100, elem type=char[])
ARR 50001908 (sz=200, trace=300000, nelems=100, elem type=char[])
ARR 50001909 (sz=72, trace=300000, nelems=36, elem type=char[])
OBJ 5000190a (sz=24, trace=300000, class=java.lang.String@5000013c)
	value		50001913
OBJ 5000190b (sz=24, trace=300000, class=java.lang.String@5000013c)
	value		50001912
OBJ 5000190c (sz=24, trace=300000, class=java.lang.String@5000013c)
	value		50001911
ARR 5000190d (sz=512, trace=300000, nelems=256, elem type=char[])
ARR 5000190e (sz=1024, trace=300000, nelems=256, elem type=int[])
OBJ 5000190f (sz=16, trace=300000, class=java.lang.CharacterDataLatin1@500000ef)
ARR 50001910 (sz=4, trace=300000, nelems=2, elem type=char[])
ARR 50001911 (sz=1024, trace=300000, nelems=512, elem type=char[])
ARR 50001912 (sz=512, trace=300000, nelems=256, elem type=char[])
ARR 50001913 (sz=8, trace=300000, nelems=4, elem type=char[])
ARR 50001914 (sz=70, trace=300000, nelems=35, elem type=char[])
ARR 50001915 (sz=6, trace=300000, nelems=3, elem type=char[])
ARR 50001916 (sz=22, trace=300000, nelems=11, elem type=char[])
ARR 50001917 (sz=24, trace=300000, nelems=12, elem type=char[])
ARR 50001918 (sz=16, trace=300000, nelems=8, elem type=char[])
ARR 50001919 (sz=16, trace=300000, nelems=8, elem type=char[])
OBJ 5000191a (sz=24, trace=300000, class=java.lang.String@5000013c)
	value		5000191b
ARR 5000191b (sz=62, trace=300000, nelems=31, elem type=char[])
OBJ 5000191c (sz=24, trace=300000, class=java.lang.String@5000013c)
	value		5000191d
ARR 5000191d (sz=64, trace=300000, nelems=32, elem type=char[])
OBJ 5000191e (sz=24, trace=300000, class=java.lang.String@5000013c)
	value		5000191f
ARR 5000191f (sz=58, trace=300000, nelems=29, elem type=char[])
ARR 50001920 (sz=24, trace=300000, nelems=0, elem type=java.util.concurrent.ConcurrentHashMap$HashEntry[]@5000012d)
OBJ 50001921 (sz=32, trace=300000, class=java.util.concurrent.locks.ReentrantLock$NonfairSync@500000c1)
ARR 50001922 (sz=80, trace=300000, nelems=1, elem type=java.util.concurrent.ConcurrentHashMap$Segment[]@50000011)
	[0]		50001923
OBJ 50001923 (sz=40, trace=300000, class=java.util.concurrent.ConcurrentHashMap$Segment@50000010)
	sync		50001925
	table		50001924
ARR 50001924 (sz=24, trace=300000, nelems=0, elem type=java.util.concurrent.ConcurrentHashMap$HashEntry[]@5000012d)
OBJ 50001925 (sz=32, trace=300000, class=java.util.concurrent.locks.ReentrantLock$NonfairSync@500000c1)
ARR 50001926 (sz=56, trace=300000, nelems=0, elem type=java.lang.Object[]@5000011b)
OBJ 50001927 (sz=16, trace=300000, class=java.security.ProtectionDomain$Key@500000f2)
	this$0		500018fa
ARR 50001928 (sz=16, trace=300000, nelems=0, elem type=java.security.Principal[]@50000086)
OBJ 50001929 (sz=32, trace=300000, class=java.security.CodeSource@500000d8)
OBJ 5000192a (sz=24, trace=300000, class=java.lang.String@5000013c)
	value		50001932
OBJ 5000192b (sz=24, trace=300000, class=java.lang.String@5000013c)
	value		50001931
OBJ 5000192c (sz=24, trace=300000, class=java.lang.String@5000013c)
	value		50001930
OBJ 5000192d (sz=24, trace=300000, class=java.lang.String@5000013c)
	value		5000192f
ARR 5000192e (sz=32, trace=300000, nelems=16, elem type=char[])
ARR 5000192f (sz=32, trace=300000, nelems=16, elem type=char[])
ARR 50001930 (sz=48, trace=300000, nelems=24, elem type=char[])
ARR 50001931 (sz=38, trace=300000, nelems=19, elem type=char[])
ARR 50001932 (sz=12, trace=300000, nelems=6, elem type=char[])
OBJ 50001933 (sz=16, trace=300000, class=java.util.HashSet@500000cb)
	map		50001934
OBJ 50001934 (sz=48, trace=300000, class=java.util.HashMap@50000107)
	table		50001935
ARR 50001935 (sz=16, trace=300000, nelems=0, elem type=java.util.HashMap$Entry[]@50000132)
OBJ 50001936 (sz=16, trace=300000, class=java.lang.Object@5000011a)
ARR 50001937 (sz=56, trace=300000, nelems=0, elem type=java.lang.Object[]@5000011b)
OBJ 50001938 (sz=16, trace=300000, class=sun.net.www.protocol.jar.Handler@5000008e)
OBJ 50001939 (sz=48, trace=300000, class=java.util.HashMap@50000107)
	table		500009ac
OBJ 5000193a (sz=24, trace=300000, class=java.util.ArrayList@50000114)
	elementData	50000a75
OBJ 5000193b (sz=32, trace=300000, class=java.util.Stack@5000012b)
	elementData	50001a8d
OBJ 5000193c (sz=24, trace=300000, class=java.util.ArrayList@50000114)
	elementData	5000193d
ARR 5000193d (sz=152, trace=300000, nelems=24, elem type=java.lang.Object[]@5000011b)
	[0]		5000193e
	[1]		5000193f
	[2]		50001940
	[3]		50001941
	[4]		50001942
	[5]		50001943
	[6]		50001944
	[7]		50001945
	[8]		50001946
	[9]		50001947
	[10]		50001948
	[11]		50001949
	[12]		5000194a
	[13]		5000194b
	[14]		5000194c
	[15]		5000194d
	[16]		5000194e
	[17]		5000194f
	[18]		50001950
	[19]		50001951
	[20]		50001952
	[21]		50001953
	[22]		50001954
	[23]		50001955
OBJ 5000193e (sz=64, trace=300000, class=java.net.URL@500000e1)
	protocol	50001958
	host		5000173a
	file		50001a8b
	authority	5000173a
	path		50001a8b
	handler		50001956
OBJ 5000193f (sz=64, trace=300000, class=java.net.URL@500000e1)
	protocol	50001958
	host		5000173a
	file		50001a89
	authority	5000173a
	path		50001a89
	handler		50001956
OBJ 50001940 (sz=64, trace=300000, class=java.net.URL@500000e1)
	protocol	50001958
	host		5000173a
	file		50001a87
	authority	5000173a
	path		50001a87
	handler		50001956
OBJ 50001941 (sz=64, trace=300000, class=java.net.URL@500000e1)
	protocol	50001958
	host		5000173a
	file		50001a85
	authority	5000173a
	path		50001a85
	handler		50001956
OBJ 50001942 (sz=64, trace=300000, class=java.net.URL@500000e1)
	protocol	50001958
	host		5000173a
	file		50001a83
	authority	5000173a
	path		50001a83
	handler		50001956
OBJ 50001943 (sz=64, trace=300000, class=java.net.URL@500000e1)
	protocol	50001958
	host		5000173a
	file		50001a81
	authority	5000173a
	path		50001a81
	handler		50001956
OBJ 50001944 (sz=64, trace=300000, class=java.net.URL@500000e1)
	protocol	50001958
	host		5000173a
	file		50001a7f
	authority	5000173a
	path		50001a7f
	handler		50001956
OBJ 50001945 (sz=64, trace=300000, class=java.net.URL@500000e1)
	protocol	50001958
	host		5000173a
	file		50001a7d
	authority	5000173a
	path		50001a7d
	handler		50001956
OBJ 50001946 (sz=64, trace=300000, class=java.net.URL@500000e1)
	protocol	50001958
	host		5000173a
	file		50001a7b
	authority	5000173a
	path		50001a7b
	handler		50001956
OBJ 50001947 (sz=64, trace=300000, class=java.net.URL@500000e1)
	protocol	50001958
	host		5000173a
	file		50001a79
	authority	5000173a
	path		50001a79
	handler		50001956
OBJ 50001948 (sz=64, trace=300000, class=java.net.URL@500000e1)
	protocol	50001958
	host		5000173a
	file		50001a77
	authority	5000173a
	path		50001a77
	handler		50001956
OBJ 50001949 (sz=64, trace=300000, class=java.net.URL@500000e1)
	protocol	50001958
	host		5000173a
	file		50001a75
	authority	5000173a
	path		50001a75
	handler		50001956
OBJ 5000194a (sz=64, trace=300000, class=java.net.URL@500000e1)
	protocol	50001958
	host		5000173a
	file		50001a73
	authority	5000173a
	path		50001a73
	handler		50001956
OBJ 5000194b (sz=64, trace=300000, class=java.net.URL@500000e1)
	protocol	50001958
	host		5000173a
	file		50001a71
	authority	5000173a
	path		50001a71
	handler		50001956
OBJ 5000194c (sz=64, trace=300000, class=java.net.URL@500000e1)
	protocol	50001958
	host		5000173a
	file		50001a6f
	authority	5000173a
	path		50001a6f
	handler		50001956
OBJ 5000194d (sz=64, trace=300000, class=java.net.URL@500000e1)
	protocol	50001958
	host		5000173a
	file		50001a6d
	authority	5000173a
	path		50001a6d
	handler		50001956
OBJ 5000194e (sz=64, trace=300000, class=java.net.URL@500000e1)
	protocol	50001958
	host		5000173a
	file		50001a6b
	authority	5000173a
	path		50001a6b
	handler		50001956
OBJ 5000194f (sz=64, trace=300000, class=java.net.URL@500000e1)
	protocol	50001958
	host		5000173a
	file		50001a69
	authority	5000173a
	path		50001a69
	handler		50001956
OBJ 50001950 (sz=64, trace=300000, class=java.net.URL@500000e1)
	protocol	50001958
	host		5000173a
	file		50001a67
	authority	5000173a
	path		50001a67
	handler		50001956
OBJ 50001951 (sz=64, trace=300000, class=java.net.URL@500000e1)
	protocol	50001958
	host		5000173a
	file		50001a65
	authority	5000173a
	path		50001a65
	handler		50001956
OBJ 50001952 (sz=64, trace=300000, class=java.net.URL@500000e1)
	protocol	50001958
	host		5000173a
	file		50001a63
	authority	5000173a
	path		50001a63
	handler		50001956
OBJ 50001953 (sz=64, trace=300000, class=java.net.URL@500000e1)
	protocol	50001958
	host		5000173a
	file		50001a61
	authority	5000173a
	path		50001a61
	handler		50001956
OBJ 50001954 (sz=64, trace=300000, class=java.net.URL@500000e1)
	protocol	50001958
	host		5000173a
	file		50001a5f
	authority	5000173a
	path		50001a5f
	handler		50001956
OBJ 50001955 (sz=64, trace=300000, class=java.net.URL@500000e1)
	protocol	50001958
	host		5000173a
	file		50001957
	authority	5000173a
	path		50001957
	handler		50001956
OBJ 50001956 (sz=16, trace=300000, class=sun.net.www.protocol.file.Handler@5000002f)
OBJ 50001957 (sz=24, trace=300000, class=java.lang.String@5000013c)
	value		5000195b
OBJ 50001958 (sz=24, trace=300000, class=java.lang.String@5000013c)
	value		50001959
ARR 50001959 (sz=8, trace=300000, nelems=4, elem type=char[])
ARR 5000195a (sz=0, trace=300000, nelems=0, elem type=char[])
ARR 5000195b (sz=62, trace=300000, nelems=31, elem type=char[])
OBJ 5000195c (sz=24, trace=300000, class=java.lang.String@5000013c)
	value		5000198b
OBJ 5000195d (sz=24, trace=300000, class=java.lang.String@5000013c)
	value		5000198a
OBJ 5000195e (sz=24, trace=300000, class=java.lang.String@5000013c)
	value		50001989
OBJ 5000195f (sz=24, trace=300000, class=java.lang.String@5000013c)
	value		50001988
OBJ 50001960 (sz=24, trace=300000, class=java.lang.String@5000013c)
	value		50001987
OBJ 50001961 (sz=24, trace=300000, class=java.lang.String@5000013c)
	value		50001978
OBJ 50001962 (sz=24, trace=300000, class=java.lang.String@5000013c)
	value		50001977
OBJ 50001963 (sz=24, trace=300000, class=java.lang.String@5000013c)
	value		50001976
OBJ 50001964 (sz=24, trace=300000, class=java.lang.String@5000013c)
	value		5000196d
OBJ 50001965 (sz=24, trace=300000, class=java.lang.String@5000013c)
	value		50001975
OBJ 50001966 (sz=24, trace=300000, class=java.lang.String@5000013c)
	value		50001972
OBJ 50001967 (sz=24, trace=300000, class=java.lang.String@5000013c)
	value		50001970
OBJ 50001968 (sz=24, trace=300000, class=java.lang.String@5000013c)
	value		50001974
OBJ 50001969 (sz=24, trace=300000, class=java.lang.String@5000013c)
	value		50001973
OBJ 5000196a (sz=24, trace=300000, class=java.lang.String@5000013c)
	value		50001971
OBJ 5000196b (sz=16, trace=300000, class=java.lang.Object@5000011a)
OBJ 5000196c (sz=48, trace=300000, class=java.util.Hashtable@500000fa)
	table		5000196e
ARR 5000196d (sz=52, trace=300000, nelems=26, elem type=char[])
ARR 5000196e (sz=64, trace=300000, nelems=7, elem type=java.util.Hashtable$Entry[]@50000123)
	[6]		5000196f
OBJ 5000196f (sz=32, trace=300000, class=java.util.Hashtable$Entry@50000122)
	key		50001958
	value		50001956
ARR 50001970 (sz=12, trace=300000, nelems=6, elem type=char[])
ARR 50001971 (sz=60, trace=300000, nelems=30, elem type=char[])
ARR 50001972 (sz=40, trace=300000, nelems=20, elem type=char[])
ARR 50001973 (sz=16, trace=300000, nelems=8, elem type=char[])
ARR 50001974 (sz=2, trace=300000, nelems=1, elem type=char[])
ARR 50001975 (sz=2, trace=300000, nelems=1, elem type=char[])
ARR 50001976 (sz=2, trace=300000, nelems=1, elem type=char[])
ARR 50001977 (sz=8, trace=300000, nelems=4, elem type=char[])
ARR 50001978 (sz=2, trace=300000, nelems=1, elem type=char[])
OBJ 50001979 (sz=24, trace=300000, class=java.lang.String@5000013c)
	value		50001985
OBJ 5000197a (sz=24, trace=300000, class=java.lang.String@5000013c)
	value		5000197c
OBJ 5000197b (sz=24, trace=300000, class=java.lang.String@5000013c)
	value		5000197d
ARR 5000197c (sz=12, trace=300000, nelems=6, elem type=char[])
ARR 5000197d (sz=2, trace=300000, nelems=1, elem type=char[])
OBJ 5000197e (sz=24, trace=300000, class=java.lang.String@5000013c)
	value		5000197f
ARR 5000197f (sz=8, trace=300000, nelems=4, elem type=char[])
OBJ 50001980 (sz=24, trace=300000, class=java.lang.String@5000013c)
	value		50001981
ARR 50001981 (sz=10, trace=300000, nelems=5, elem type=char[])
OBJ 50001982 (sz=24, trace=300000, class=java.lang.String@5000013c)
	value		50001983
ARR 50001983 (sz=8, trace=300000, nelems=4, elem type=char[])
OBJ 50001984 (sz=24, trace=300000, class=java.lang.String@5000013c)
	value		50001986
ARR 50001985 (sz=10, trace=300000, nelems=5, elem type=char[])
ARR 50001986 (sz=2, trace=300000, nelems=1, elem type=char[])
ARR 50001987 (sz=4, trace=300000, nelems=2, elem type=char[])
ARR 50001988 (sz=4, trace=300000, nelems=2, elem type=char[])
ARR 50001989 (sz=6, trace=300000, nelems=3, elem type=char[])
ARR 5000198a (sz=8, trace=300000, nelems=4, elem type=char[])
ARR 5000198b (sz=6, trace=300000, nelems=3, elem type=char[])
OBJ 5000198c (sz=24, trace=300000, class=java.lang.String@5000013c)
	value		50001a57
OBJ 5000198d (sz=24, trace=300000, class=java.lang.String@5000013c)
	value		50001a56
OBJ 5000198e (sz=32, trace=300000, class=java.io.UnixFileSystem@50000077)
	javaHome	500017bc
	cache		50001990
	javaHomePrefixCache	5000198f
OBJ 5000198f (sz=40, trace=300000, class=java.io.ExpiringCache@50000019)
	map		50001a3c
OBJ 50001990 (sz=40, trace=300000, class=java.io.ExpiringCache@50000019)
	map		50001991
OBJ 50001991 (sz=64, trace=300000, class=java.io.ExpiringCache$1@500000d3)
	table		50001993
	header		50001992
	this$0		50001990
OBJ 50001992 (sz=40, trace=300000, class=java.util.LinkedHashMap$Entry@50000148)
	before		50000e02
	after		50001994
ARR 50001993 (sz=272, trace=300000, nelems=64, elem type=java.util.HashMap$Entry[]@50000132)
	[1]		50001994
	[4]		50001995
	[6]		50000e02
	[7]		50001996
	[8]		50001997
	[9]		50001998
	[12]		50000d7d
	[15]		50001999
	[16]		5000199a
	[17]		50000b3e
	[21]		5000199b
	[23]		50000bb9
	[26]		50000d43
	[27]		5000199c
	[30]		5000199d
	[32]		5000199e
	[38]		50000d60
	[39]		5000199f
	[43]		500019a0
	[44]		500019a1
	[45]		50000dd4
	[48]		500019a2
	[51]		50000df1
	[55]		500019a3
	[56]		500019a4
	[58]		500019a5
	[63]		50000d9a
OBJ 50001994 (sz=40, trace=300000, class=java.util.LinkedHashMap$Entry@50000148)
	key		500019d9
	value		500019d8
	before		50001992
	after		500019a3
OBJ 50001995 (sz=40, trace=300000, class=java.util.LinkedHashMap$Entry@50000148)
	key		500019f6
	value		500019f5
	before		500019ea
	after		500019a0
OBJ 50001996 (sz=40, trace=300000, class=java.util.LinkedHashMap$Entry@50000148)
	key		50001a25
	value		50001a24
	before		500019a5
	after		50001a23
OBJ 50001997 (sz=40, trace=300000, class=java.util.LinkedHashMap$Entry@50000148)
	key		50001a10
	value		50001a0f
	next		500019bd
	before		5000199a
	after		50001a0e
OBJ 50001998 (sz=40, trace=300000, class=java.util.LinkedHashMap$Entry@50000148)
	key		50001a05
	value		50001a04
	before		500019a1
	after		5000199a
OBJ 50001999 (sz=40, trace=300000, class=java.util.LinkedHashMap$Entry@50000148)
	key		500019e1
	value		500019e0
	before		500019ad
	after		500019df
OBJ 5000199a (sz=40, trace=300000, class=java.util.LinkedHashMap$Entry@50000148)
	key		50001a0a
	value		50001a09
	next		500019ea
	before		50001998
	after		50001997
OBJ 5000199b (sz=40, trace=300000, class=java.util.LinkedHashMap$Entry@50000148)
	key		50001a1a
	value		50001a19
	next		50001a0e
	before		50001a0e
	after		500019a5
OBJ 5000199c (sz=40, trace=300000, class=java.util.LinkedHashMap$Entry@50000148)
	key		500019cf
	value		500019ce
	before		500019a3
	after		500019c3
OBJ 5000199d (sz=40, trace=300000, class=java.util.LinkedHashMap$Entry@50000148)
	key		50001a2f
	value		50001a2e
	before		50001a23
	after		5000199e
OBJ 5000199e (sz=40, trace=300000, class=java.util.LinkedHashMap$Entry@50000148)
	key		50001a34
	value		50001a33
	next		50001a23
	before		5000199d
	after		50000b3e
OBJ 5000199f (sz=40, trace=300000, class=java.util.LinkedHashMap$Entry@50000148)
	key		500019ec
	value		500019eb
	before		500019df
	after		500019ea
OBJ 500019a0 (sz=40, trace=300000, class=java.util.LinkedHashMap$Entry@50000148)
	key		500019af
	value		500019ae
	next		500019ad
	before		50001995
	after		500019a6
OBJ 500019a1 (sz=40, trace=300000, class=java.util.LinkedHashMap$Entry@50000148)
	key		50001a00
	value		500019ff
	before		500019a7
	after		50001998
OBJ 500019a2 (sz=40, trace=300000, class=java.util.LinkedHashMap$Entry@50000148)
	key		500019bf
	value		500019be
	before		500019bd
	after		500019a4
OBJ 500019a3 (sz=40, trace=300000, class=java.util.LinkedHashMap$Entry@50000148)
	key		500019d4
	value		500019d3
	before		50001994
	after		5000199c
OBJ 500019a4 (sz=40, trace=300000, class=java.util.LinkedHashMap$Entry@50000148)
	key		500019b9
	value		500019b8
	before		500019a2
	after		500019ad
OBJ 500019a5 (sz=40, trace=300000, class=java.util.LinkedHashMap$Entry@50000148)
	key		50001a1f
	value		50001a1e
	before		5000199b
	after		50001996
OBJ 500019a6 (sz=40, trace=300000, class=java.util.LinkedHashMap$Entry@50000148)
	key		500019a9
	value		500019a8
	before		500019a0
	after		500019a7
OBJ 500019a7 (sz=40, trace=300000, class=java.util.LinkedHashMap$Entry@50000148)
	key		500019fb
	value		500019fa
	before		500019a6
	after		500019a1
OBJ 500019a8 (sz=24, trace=300000, class=java.io.ExpiringCache$Entry@50000015)
	val		500019ab
OBJ 500019a9 (sz=24, trace=300000, class=java.lang.String@5000013c)
	value		500019aa
ARR 500019aa (sz=88, trace=300000, nelems=44, elem type=char[])
OBJ 500019ab (sz=24, trace=300000, class=java.lang.String@5000013c)
	value		500019ac
ARR 500019ac (sz=88, trace=300000, nelems=44, elem type=char[])
OBJ 500019ad (sz=40, trace=300000, class=java.util.LinkedHashMap$Entry@50000148)
	key		500019b4
	value		500019b3
	before		500019a4
	after		50001999
OBJ 500019ae (sz=24, trace=300000, class=java.io.ExpiringCache$Entry@50000015)
	val		500019b1
OBJ 500019af (sz=24, trace=300000, class=java.lang.String@5000013c)
	value		500019b0
ARR 500019b0 (sz=90, trace=300000, nelems=45, elem type=char[])
OBJ 500019b1 (sz=24, trace=300000, class=java.lang.String@5000013c)
	value		500019b2
ARR 500019b2 (sz=90, trace=300000, nelems=45, elem type=char[])
OBJ 500019b3 (sz=24, trace=300000, class=java.io.ExpiringCache$Entry@50000015)
	val		500019b6
OBJ 500019b4 (sz=24, trace=300000, class=java.lang.String@5000013c)
	value		500019b5
ARR 500019b5 (sz=170, trace=300000, nelems=85, elem type=char[])
OBJ 500019b6 (sz=24, trace=300000, class=java.lang.String@5000013c)
	value		500019b7
ARR 500019b7 (sz=170, trace=300000, nelems=85, elem type=char[])
OBJ 500019b8 (sz=24, trace=300000, class=java.io.ExpiringCache$Entry@50000015)
	val		500019bb
OBJ 500019b9 (sz=24, trace=300000, class=java.lang.String@5000013c)
	value		500019ba
ARR 500019ba (sz=178, trace=300000, nelems=89, elem type=char[])
OBJ 500019bb (sz=24, trace=300000, class=java.lang.String@5000013c)
	value		500019bc
ARR 500019bc (sz=178, trace=300000, nelems=89, elem type=char[])
OBJ 500019bd (sz=40, trace=300000, class=java.util.LinkedHashMap$Entry@50000148)
	key		500019c5
	value		500019c4
	before		500019c3
	after		500019a2
OBJ 500019be (sz=24, trace=300000, class=java.io.ExpiringCache$Entry@50000015)
	val		500019c1
OBJ 500019bf (sz=24, trace=300000, class=java.lang.String@5000013c)
	value		500019c0
ARR 500019c0 (sz=190, trace=300000, nelems=95, elem type=char[])
OBJ 500019c1 (sz=24, trace=300000, class=java.lang.String@5000013c)
	value		500019c2
ARR 500019c2 (sz=190, trace=300000, nelems=95, elem type=char[])
OBJ 500019c3 (sz=40, trace=300000, class=java.util.LinkedHashMap$Entry@50000148)
	key		500019ca
	value		500019c9
	before		5000199c
	after		500019bd
OBJ 500019c4 (sz=24, trace=300000, class=java.io.ExpiringCache$Entry@50000015)
	val		500019c7
OBJ 500019c5 (sz=24, trace=300000, class=java.lang.String@5000013c)
	value		500019c6
ARR 500019c6 (sz=170, trace=300000, nelems=85, elem type=char[])
OBJ 500019c7 (sz=24, trace=300000, class=java.lang.String@5000013c)
	value		500019c8
ARR 500019c8 (sz=170, trace=300000, nelems=85, elem type=char[])
OBJ 500019c9 (sz=24, trace=300000, class=java.io.ExpiringCache$Entry@50000015)
	val		500019cc
OBJ 500019ca (sz=24, trace=300000, class=java.lang.String@5000013c)
	value		500019cb
ARR 500019cb (sz=180, trace=300000, nelems=90, elem type=char[])
OBJ 500019cc (sz=24, trace=300000, class=java.lang.String@5000013c)
	value		500019cd
ARR 500019cd (sz=180, trace=300000, nelems=90, elem type=char[])
OBJ 500019ce (sz=24, trace=300000, class=java.io.ExpiringCache$Entry@50000015)
	val		500019d1
OBJ 500019cf (sz=24, trace=300000, class=java.lang.String@5000013c)
	value		500019d0
ARR 500019d0 (sz=170, trace=300000, nelems=85, elem type=char[])
OBJ 500019d1 (sz=24, trace=300000, class=java.lang.String@5000013c)
	value		500019d2
ARR 500019d2 (sz=170, trace=300000, nelems=85, elem type=char[])
OBJ 500019d3 (sz=24, trace=300000, class=java.io.ExpiringCache$Entry@50000015)
	val		500019d6
OBJ 500019d4 (sz=24, trace=300000, class=java.lang.String@5000013c)
	value		500019d5
ARR 500019d5 (sz=150, trace=300000, nelems=75, elem type=char[])
OBJ 500019d6 (sz=24, trace=300000, class=java.lang.String@5000013c)
	value		500019d7
ARR 500019d7 (sz=150, trace=300000, nelems=75, elem type=char[])
OBJ 500019d8 (sz=24, trace=300000, class=java.io.ExpiringCache$Entry@50000015)
	val		500019db
OBJ 500019d9 (sz=24, trace=300000, class=java.lang.String@5000013c)
	value		500019da
ARR 500019da (sz=168, trace=300000, nelems=84, elem type=char[])
OBJ 500019db (sz=24, trace=300000, class=java.lang.String@5000013c)
	value		500019dc
ARR 500019dc (sz=168, trace=300000, nelems=84, elem type=char[])
OBJ 500019dd (sz=24, trace=300000, class=java.lang.String@5000013c)
	value		500019de
ARR 500019de (sz=150, trace=300000, nelems=75, elem type=char[])
OBJ 500019df (sz=40, trace=300000, class=java.util.LinkedHashMap$Entry@50000148)
	key		500019e6
	value		500019e5
	before		50001999
	after		5000199f
OBJ 500019e0 (sz=24, trace=300000, class=java.io.ExpiringCache$Entry@50000015)
	val		500019e3
OBJ 500019e1 (sz=24, trace=300000, class=java.lang.String@5000013c)
	value		500019e2
ARR 500019e2 (sz=106, trace=300000, nelems=53, elem type=char[])
OBJ 500019e3 (sz=24, trace=300000, class=java.lang.String@5000013c)
	value		500019e4
ARR 500019e4 (sz=106, trace=300000, nelems=53, elem type=char[])
OBJ 500019e5 (sz=24, trace=300000, class=java.io.ExpiringCache$Entry@50000015)
	val		500019e8
OBJ 500019e6 (sz=24, trace=300000, class=java.lang.String@5000013c)
	value		500019e7
ARR 500019e7 (sz=84, trace=300000, nelems=42, elem type=char[])
OBJ 500019e8 (sz=24, trace=300000, class=java.lang.String@5000013c)
	value		500019e9
ARR 500019e9 (sz=84, trace=300000, nelems=42, elem type=char[])
OBJ 500019ea (sz=40, trace=300000, class=java.util.LinkedHashMap$Entry@50000148)
	key		500019f1
	value		500019f0
	before		5000199f
	after		50001995
OBJ 500019eb (sz=24, trace=300000, class=java.io.ExpiringCache$Entry@50000015)
	val		500019ee
OBJ 500019ec (sz=24, trace=300000, class=java.lang.String@5000013c)
	value		500019ed
ARR 500019ed (sz=88, trace=300000, nelems=44, elem type=char[])
OBJ 500019ee (sz=24, trace=300000, class=java.lang.String@5000013c)
	value		500019ef
ARR 500019ef (sz=88, trace=300000, nelems=44, elem type=char[])
OBJ 500019f0 (sz=24, trace=300000, class=java.io.ExpiringCache$Entry@50000015)
	val		500019f3
OBJ 500019f1 (sz=24, trace=300000, class=java.lang.String@5000013c)
	value		500019f2
ARR 500019f2 (sz=86, trace=300000, nelems=43, elem type=char[])
OBJ 500019f3 (sz=24, trace=300000, class=java.lang.String@5000013c)
	value		500019f4
ARR 500019f4 (sz=86, trace=300000, nelems=43, elem type=char[])
OBJ 500019f5 (sz=24, trace=300000, class=java.io.ExpiringCache$Entry@50000015)
	val		500019f8
OBJ 500019f6 (sz=24, trace=300000, class=java.lang.String@5000013c)
	value		500019f7
ARR 500019f7 (sz=88, trace=300000, nelems=44, elem type=char[])
OBJ 500019f8 (sz=24, trace=300000, class=java.lang.String@5000013c)
	value		500019f9
ARR 500019f9 (sz=88, trace=300000, nelems=44, elem type=char[])
OBJ 500019fa (sz=24, trace=300000, class=java.io.ExpiringCache$Entry@50000015)
	val		500019fd
OBJ 500019fb (sz=24, trace=300000, class=java.lang.String@5000013c)
	value		500019fc
ARR 500019fc (sz=118, trace=300000, nelems=59, elem type=char[])
OBJ 500019fd (sz=24, trace=300000, class=java.lang.String@5000013c)
	value		500019fe
ARR 500019fe (sz=118, trace=300000, nelems=59, elem type=char[])
OBJ 500019ff (sz=24, trace=300000, class=java.io.ExpiringCache$Entry@50000015)
	val		50001a02
OBJ 50001a00 (sz=24, trace=300000, class=java.lang.String@5000013c)
	value		50001a01
ARR 50001a01 (sz=90, trace=300000, nelems=45, elem type=char[])
OBJ 50001a02 (sz=24, trace=300000, class=java.lang.String@5000013c)
	value		50001a03
ARR 50001a03 (sz=90, trace=300000, nelems=45, elem type=char[])
OBJ 50001a04 (sz=24, trace=300000, class=java.io.ExpiringCache$Entry@50000015)
	val		50001a07
OBJ 50001a05 (sz=24, trace=300000, class=java.lang.String@5000013c)
	value		50001a06
ARR 50001a06 (sz=100, trace=300000, nelems=50, elem type=char[])
OBJ 50001a07 (sz=24, trace=300000, class=java.lang.String@5000013c)
	value		50001a08
ARR 50001a08 (sz=100, trace=300000, nelems=50, elem type=char[])
OBJ 50001a09 (sz=24, trace=300000, class=java.io.ExpiringCache$Entry@50000015)
	val		50001a0c
OBJ 50001a0a (sz=24, trace=300000, class=java.lang.String@5000013c)
	value		50001a0b
ARR 50001a0b (sz=100, trace=300000, nelems=50, elem type=char[])
OBJ 50001a0c (sz=24, trace=300000, class=java.lang.String@5000013c)
	value		50001a0d
ARR 50001a0d (sz=100, trace=300000, nelems=50, elem type=char[])
OBJ 50001a0e (sz=40, trace=300000, class=java.util.LinkedHashMap$Entry@50000148)
	key		50001a15
	value		50001a14
	next		500019a7
	before		50001997
	after		5000199b
OBJ 50001a0f (sz=24, trace=300000, class=java.io.ExpiringCache$Entry@50000015)
	val		50001a12
OBJ 50001a10 (sz=24, trace=300000, class=java.lang.String@5000013c)
	value		50001a11
ARR 50001a11 (sz=100, trace=300000, nelems=50, elem type=char[])
OBJ 50001a12 (sz=24, trace=300000, class=java.lang.String@5000013c)
	value		50001a13
ARR 50001a13 (sz=100, trace=300000, nelems=50, elem type=char[])
OBJ 50001a14 (sz=24, trace=300000, class=java.io.ExpiringCache$Entry@50000015)
	val		50001a17
OBJ 50001a15 (sz=24, trace=300000, class=java.lang.String@5000013c)
	value		50001a16
ARR 50001a16 (sz=102, trace=300000, nelems=51, elem type=char[])
OBJ 50001a17 (sz=24, trace=300000, class=java.lang.String@5000013c)
	value		50001a18
ARR 50001a18 (sz=102, trace=300000, nelems=51, elem type=char[])
OBJ 50001a19 (sz=24, trace=300000, class=java.io.ExpiringCache$Entry@50000015)
	val		50001a1c
OBJ 50001a1a (sz=24, trace=300000, class=java.lang.String@5000013c)
	value		50001a1b
ARR 50001a1b (sz=102, trace=300000, nelems=51, elem type=char[])
OBJ 50001a1c (sz=24, trace=300000, class=java.lang.String@5000013c)
	value		50001a1d
ARR 50001a1d (sz=102, trace=300000, nelems=51, elem type=char[])
OBJ 50001a1e (sz=24, trace=300000, class=java.io.ExpiringCache$Entry@50000015)
	val		50001a21
OBJ 50001a1f (sz=24, trace=300000, class=java.lang.String@5000013c)
	value		50001a20
ARR 50001a20 (sz=92, trace=300000, nelems=46, elem type=char[])
OBJ 50001a21 (sz=24, trace=300000, class=java.lang.String@5000013c)
	value		50001a22
ARR 50001a22 (sz=92, trace=300000, nelems=46, elem type=char[])
OBJ 50001a23 (sz=40, trace=300000, class=java.util.LinkedHashMap$Entry@50000148)
	key		50001a2a
	value		50001a29
	next		500019df
	before		50001996
	after		5000199d
OBJ 50001a24 (sz=24, trace=300000, class=java.io.ExpiringCache$Entry@50000015)
	val		50001a27
OBJ 50001a25 (sz=24, trace=300000, class=java.lang.String@5000013c)
	value		50001a26
ARR 50001a26 (sz=84, trace=300000, nelems=42, elem type=char[])
OBJ 50001a27 (sz=24, trace=300000, class=java.lang.String@5000013c)
	value		50001a28
ARR 50001a28 (sz=84, trace=300000, nelems=42, elem type=char[])
OBJ 50001a29 (sz=24, trace=300000, class=java.io.ExpiringCache$Entry@50000015)
	val		50001a2c
OBJ 50001a2a (sz=24, trace=300000, class=java.lang.String@5000013c)
	value		50001a2b
ARR 50001a2b (sz=86, trace=300000, nelems=43, elem type=char[])
OBJ 50001a2c (sz=24, trace=300000, class=java.lang.String@5000013c)
	value		50001a2d
ARR 50001a2d (sz=86, trace=300000, nelems=43, elem type=char[])
OBJ 50001a2e (sz=24, trace=300000, class=java.io.ExpiringCache$Entry@50000015)
	val		50001a31
OBJ 50001a2f (sz=24, trace=300000, class=java.lang.String@5000013c)
	value		50001a30
ARR 50001a30 (sz=62, trace=300000, nelems=31, elem type=char[])
OBJ 50001a31 (sz=24, trace=300000, class=java.lang.String@5000013c)
	value		50001a32
ARR 50001a32 (sz=62, trace=300000, nelems=31, elem type=char[])
OBJ 50001a33 (sz=24, trace=300000, class=java.io.ExpiringCache$Entry@50000015)
	val		50001a36
OBJ 50001a34 (sz=24, trace=300000, class=java.lang.String@5000013c)
	value		50001a35
ARR 50001a35 (sz=58, trace=300000, nelems=29, elem type=char[])
OBJ 50001a36 (sz=24, trace=300000, class=java.lang.String@5000013c)
	value		50001a37
ARR 50001a37 (sz=54, trace=300000, nelems=27, elem type=char[])
OBJ 50001a38 (sz=24, trace=300000, class=java.lang.String@5000013c)
	value		50001a39
ARR 50001a39 (sz=54, trace=300000, nelems=27, elem type=char[])
OBJ 50001a3a (sz=24, trace=300000, class=java.lang.String@5000013c)
	value		50001a3b
ARR 50001a3b (sz=142, trace=300000, nelems=71, elem type=char[])
OBJ 50001a3c (sz=64, trace=300000, class=java.io.ExpiringCache$1@500000d3)
	table		50001a3e
	header		50001a3d
	this$0		5000198f
OBJ 50001a3d (sz=40, trace=300000, class=java.util.LinkedHashMap$Entry@50000148)
	before		50001a3f
	after		50001a40
ARR 50001a3e (sz=80, trace=300000, nelems=8, elem type=java.util.HashMap$Entry[]@50000132)
	[7]		50001a3f
OBJ 50001a3f (sz=40, trace=300000, class=java.util.LinkedHashMap$Entry@50000148)
	key		50001a42
	value		50001a41
	next		50001a40
	before		50001a40
	after		50001a3d
OBJ 50001a40 (sz=40, trace=300000, class=java.util.LinkedHashMap$Entry@50000148)
	key		50001a47
	value		50001a46
	before		50001a3d
	after		50001a3f
OBJ 50001a41 (sz=24, trace=300000, class=java.io.ExpiringCache$Entry@50000015)
	val		50001a44
OBJ 50001a42 (sz=24, trace=300000, class=java.lang.String@5000013c)
	value		50001a43
ARR 50001a43 (sz=150, trace=300000, nelems=75, elem type=char[])
OBJ 50001a44 (sz=24, trace=300000, class=java.lang.String@5000013c)
	value		50001a45
ARR 50001a45 (sz=150, trace=300000, nelems=75, elem type=char[])
OBJ 50001a46 (sz=24, trace=300000, class=java.io.ExpiringCache$Entry@50000015)
	val		50001a49
OBJ 50001a47 (sz=24, trace=300000, class=java.lang.String@5000013c)
	value		50001a48
ARR 50001a48 (sz=142, trace=300000, nelems=71, elem type=char[])
OBJ 50001a49 (sz=24, trace=300000, class=java.lang.String@5000013c)
	value		50001a4a
ARR 50001a4a (sz=142, trace=300000, nelems=71, elem type=char[])
OBJ 50001a4b (sz=24, trace=300000, class=java.lang.String@5000013c)
	value		50001a55
OBJ 50001a4c (sz=24, trace=300000, class=java.lang.String@5000013c)
	value		50001a54
OBJ 50001a4d (sz=24, trace=300000, class=java.lang.String@5000013c)
	value		50001a52
OBJ 50001a4e (sz=24, trace=300000, class=java.lang.String@5000013c)
	value		50001a51
OBJ 50001a4f (sz=24, trace=300000, class=java.lang.String@5000013c)
	value		50001a50
ARR 50001a50 (sz=52, trace=300000, nelems=26, elem type=char[])
ARR 50001a51 (sz=42, trace=300000, nelems=21, elem type=char[])
ARR 50001a52 (sz=16, trace=300000, nelems=8, elem type=char[])
ARR 50001a53 (sz=18, trace=300000, nelems=9, elem type=char[])
ARR 50001a54 (sz=28, trace=300000, nelems=14, elem type=char[])
ARR 50001a55 (sz=28, trace=300000, nelems=14, elem type=char[])
ARR 50001a56 (sz=2, trace=300000, nelems=1, elem type=char[])
ARR 50001a57 (sz=2, trace=300000, nelems=1, elem type=char[])
OBJ 50001a58 (sz=24, trace=300000, class=java.lang.String@5000013c)
	value		50001a5d
OBJ 50001a59 (sz=24, trace=300000, class=java.lang.String@5000013c)
	value		50001a5e
ARR 50001a5a (sz=24, trace=300000, nelems=2, elem type=java.io.File$PathStatus[]@5000006e)
	[0]		50001a5c
	[1]		50001a5b
OBJ 50001a5b (sz=24, trace=300000, class=java.io.File$PathStatus@5000006d)
	name		50001a59
OBJ 50001a5c (sz=24, trace=300000, class=java.io.File$PathStatus@5000006d)
	name		50001a58
ARR 50001a5d (sz=14, trace=300000, nelems=7, elem type=char[])
ARR 50001a5e (sz=14, trace=300000, nelems=7, elem type=char[])
OBJ 50001a5f (sz=24, trace=300000, class=java.lang.String@5000013c)
	value		50001a60
ARR 50001a60 (sz=86, trace=300000, nelems=43, elem type=char[])
OBJ 50001a61 (sz=24, trace=300000, class=java.lang.String@5000013c)
	value		50001a62
ARR 50001a62 (sz=84, trace=300000, nelems=42, elem type=char[])
OBJ 50001a63 (sz=24, trace=300000, class=java.lang.String@5000013c)
	value		50001a64
ARR 50001a64 (sz=92, trace=300000, nelems=46, elem type=char[])
OBJ 50001a65 (sz=24, trace=300000, class=java.lang.String@5000013c)
	value		50001a66
ARR 50001a66 (sz=102, trace=300000, nelems=51, elem type=char[])
OBJ 50001a67 (sz=24, trace=300000, class=java.lang.String@5000013c)
	value		50001a68
ARR 50001a68 (sz=102, trace=300000, nelems=51, elem type=char[])
OBJ 50001a69 (sz=24, trace=300000, class=java.lang.String@5000013c)
	value		50001a6a
ARR 50001a6a (sz=100, trace=300000, nelems=50, elem type=char[])
OBJ 50001a6b (sz=24, trace=300000, class=java.lang.String@5000013c)
	value		50001a6c
ARR 50001a6c (sz=100, trace=300000, nelems=50, elem type=char[])
OBJ 50001a6d (sz=24, trace=300000, class=java.lang.String@5000013c)
	value		50001a6e
ARR 50001a6e (sz=100, trace=300000, nelems=50, elem type=char[])
OBJ 50001a6f (sz=24, trace=300000, class=java.lang.String@5000013c)
	value		50001a70
ARR 50001a70 (sz=90, trace=300000, nelems=45, elem type=char[])
OBJ 50001a71 (sz=24, trace=300000, class=java.lang.String@5000013c)
	value		50001a72
ARR 50001a72 (sz=118, trace=300000, nelems=59, elem type=char[])
OBJ 50001a73 (sz=24, trace=300000, class=java.lang.String@5000013c)
	value		50001a74
ARR 50001a74 (sz=88, trace=300000, nelems=44, elem type=char[])
OBJ 50001a75 (sz=24, trace=300000, class=java.lang.String@5000013c)
	value		50001a76
ARR 50001a76 (sz=90, trace=300000, nelems=45, elem type=char[])
OBJ 50001a77 (sz=24, trace=300000, class=java.lang.String@5000013c)
	value		50001a78
ARR 50001a78 (sz=88, trace=300000, nelems=44, elem type=char[])
OBJ 50001a79 (sz=24, trace=300000, class=java.lang.String@5000013c)
	value		50001a7a
ARR 50001a7a (sz=86, trace=300000, nelems=43, elem type=char[])
OBJ 50001a7b (sz=24, trace=300000, class=java.lang.String@5000013c)
	value		50001a7c
ARR 50001a7c (sz=88, trace=300000, nelems=44, elem type=char[])
OBJ 50001a7d (sz=24, trace=300000, class=java.lang.String@5000013c)
	value		50001a7e
ARR 50001a7e (sz=84, trace=300000, nelems=42, elem type=char[])
OBJ 50001a7f (sz=24, trace=300000, class=java.lang.String@5000013c)
	value		50001a80
ARR 50001a80 (sz=106, trace=300000, nelems=53, elem type=char[])
OBJ 50001a81 (sz=24, trace=300000, class=java.lang.String@5000013c)
	value		50001a82
ARR 50001a82 (sz=170, trace=300000, nelems=85, elem type=char[])
OBJ 50001a83 (sz=24, trace=300000, class=java.lang.String@5000013c)
	value		50001a84
ARR 50001a84 (sz=178, trace=300000, nelems=89, elem type=char[])
OBJ 50001a85 (sz=24, trace=300000, class=java.lang.String@5000013c)
	value		50001a86
ARR 50001a86 (sz=190, trace=300000, nelems=95, elem type=char[])
OBJ 50001a87 (sz=24, trace=300000, class=java.lang.String@5000013c)
	value		50001a88
ARR 50001a88 (sz=170, trace=300000, nelems=85, elem type=char[])
OBJ 50001a89 (sz=24, trace=300000, class=java.lang.String@5000013c)
	value		50001a8a
ARR 50001a8a (sz=180, trace=300000, nelems=90, elem type=char[])
OBJ 50001a8b (sz=24, trace=300000, class=java.lang.String@5000013c)
	value		50001a8c
ARR 50001a8c (sz=170, trace=300000, nelems=85, elem type=char[])
ARR 50001a8d (sz=176, trace=300000, nelems=0, elem type=java.lang.Object[]@5000011b)
OBJ 50001a8e (sz=24, trace=300000, class=java.lang.String@5000013c)
	value		50001a8f
ARR 50001a8f (sz=6, trace=300000, nelems=3, elem type=char[])
OBJ 50001a90 (sz=24, trace=300000, class=java.lang.String@5000013c)
	value		50001a91
ARR 50001a91 (sz=4, trace=300000, nelems=2, elem type=char[])
OBJ 50001a92 (sz=24, trace=300000, class=sun.nio.cs.UTF_8@50000028)
	name		50001a94
	aliases		50001a93
ARR 50001a93 (sz=24, trace=300000, nelems=2, elem type=java.lang.String[]@5000013d)
	[0]		50001a96
	[1]		50001a97
OBJ 50001a94 (sz=24, trace=300000, class=java.lang.String@5000013c)
	value		50001a95
ARR 50001a95 (sz=10, trace=300000, nelems=5, elem type=char[])
OBJ 50001a96 (sz=24, trace=300000, class=java.lang.String@5000013c)
	value		50001a99
OBJ 50001a97 (sz=24, trace=300000, class=java.lang.String@5000013c)
	value		50001a98
ARR 50001a98 (sz=34, trace=300000, nelems=17, elem type=char[])
ARR 50001a99 (sz=8, trace=300000, nelems=4, elem type=char[])
OBJ 50001a9a (sz=24, trace=300000, class=java.lang.String@5000013c)
	value		50001e99
OBJ 50001a9b (sz=24, trace=300000, class=java.lang.String@5000013c)
	value		50001b9c
OBJ 50001a9c (sz=24, trace=300000, class=java.lang.String@5000013c)
	value		50001b9b
OBJ 50001a9d (sz=24, trace=300000, class=java.lang.String@5000013c)
	value		50001b9a
OBJ 50001a9e (sz=24, trace=300000, class=java.lang.String@5000013c)
	value		50001b99
OBJ 50001a9f (sz=24, trace=300000, class=java.lang.String@5000013c)
	value		50001b98
OBJ 50001aa0 (sz=24, trace=300000, class=java.lang.String@5000013c)
	value		50001b97
OBJ 50001aa1 (sz=24, trace=300000, class=java.lang.String@5000013c)
	value		50001b96
OBJ 50001aa2 (sz=24, trace=300000, class=java.lang.String@5000013c)
	value		50001b95
OBJ 50001aa3 (sz=24, trace=300000, class=java.lang.String@5000013c)
	value		50001b94
OBJ 50001aa4 (sz=24, trace=300000, class=java.lang.String@5000013c)
	value		50001b93
OBJ 50001aa5 (sz=24, trace=300000, class=java.lang.String@5000013c)
	value		50001b92
OBJ 50001aa6 (sz=24, trace=300000, class=java.lang.String@5000013c)
	value		50001b91
OBJ 50001aa7 (sz=24, trace=300000, class=java.lang.String@5000013c)
	value		50001b90
OBJ 50001aa8 (sz=24, trace=300000, class=java.lang.String@5000013c)
	value		50001b8f
OBJ 50001aa9 (sz=24, trace=300000, class=java.lang.String@5000013c)
	value		50001ba0
OBJ 50001aaa (sz=24, trace=300000, class=java.lang.String@5000013c)
	value		50001b9f
OBJ 50001aab (sz=24, trace=300000, class=java.lang.String@5000013c)
	value		50001b9e
OBJ 50001aac (sz=24, trace=300000, class=java.lang.String@5000013c)
	value		50001b9d
OBJ 50001aad (sz=24, trace=300000, class=java.lang.String@5000013c)
	value		50001ba4
OBJ 50001aae (sz=24, trace=300000, class=java.lang.String@5000013c)
	value		50001ba3
OBJ 50001aaf (sz=24, trace=300000, class=java.lang.String@5000013c)
	value		50001ba2
OBJ 50001ab0 (sz=24, trace=300000, class=java.lang.String@5000013c)
	value		50001ba1
OBJ 50001ab1 (sz=24, trace=300000, class=java.lang.String@5000013c)
	value		50001ba7
OBJ 50001ab2 (sz=24, trace=300000, class=java.lang.String@5000013c)
	value		50001ba6
OBJ 50001ab3 (sz=24, trace=300000, class=java.lang.String@5000013c)
	value		50001ba5
OBJ 50001ab4 (sz=24, trace=300000, class=java.lang.String@5000013c)
	value		50001ba8
OBJ 50001ab5 (sz=24, trace=300000, class=java.lang.String@5000013c)
	value		50001baa
OBJ 50001ab6 (sz=24, trace=300000, class=java.lang.String@5000013c)
	value		50001ba9
OBJ 50001ab7 (sz=24, trace=300000, class=java.lang.String@5000013c)
	value		50001bac
OBJ 50001ab8 (sz=24, trace=300000, class=java.lang.String@5000013c)
	value		50001bab
OBJ 50001ab9 (sz=24, trace=300000, class=java.lang.String@5000013c)
	value		50001bae
OBJ 50001aba (sz=24, trace=300000, class=java.lang.String@5000013c)
	value		50001bad
OBJ 50001abb (sz=24, trace=300000, class=java.lang.String@5000013c)
	value		50001bb0
OBJ 50001abc (sz=24, trace=300000, class=java.lang.String@5000013c)
	value		50001baf
OBJ 50001abd (sz=24, trace=300000, class=java.lang.String@5000013c)
	value		50001bb2
OBJ 50001abe (sz=24, trace=300000, class=java.lang.String@5000013c)
	value		50001bb1
OBJ 50001abf (sz=24, trace=300000, class=java.lang.String@5000013c)
	value		50001bc0
OBJ 50001ac0 (sz=24, trace=300000, class=java.lang.String@5000013c)
	value		50001bbf
OBJ 50001ac1 (sz=24, trace=300000, class=java.lang.String@5000013c)
	value		50001bbe
OBJ 50001ac2 (sz=24, trace=300000, class=java.lang.String@5000013c)
	value		50001bbd
OBJ 50001ac3 (sz=24, trace=300000, class=java.lang.String@5000013c)
	value		50001bbc
OBJ 50001ac4 (sz=24, trace=300000, class=java.lang.String@5000013c)
	value		50001bbb
OBJ 50001ac5 (sz=24, trace=300000, class=java.lang.String@5000013c)
	value		50001bba
OBJ 50001ac6 (sz=24, trace=300000, class=java.lang.String@5000013c)
	value		50001bb9
OBJ 50001ac7 (sz=24, trace=300000, class=java.lang.String@5000013c)
	value		50001bb8
OBJ 50001ac8 (sz=24, trace=300000, class=java.lang.String@5000013c)
	value		50001bb7
OBJ 50001ac9 (sz=24, trace=300000, class=java.lang.String@5000013c)
	value		50001bb6
OBJ 50001aca (sz=24, trace=300000, class=java.lang.String@5000013c)
	value		50001bb5
OBJ 50001acb (sz=24, trace=300000, class=java.lang.String@5000013c)
	value		50001bb4
OBJ 50001acc (sz=24, trace=300000, class=java.lang.String@5000013c)
	value		50001bb3
OBJ 50001acd (sz=24, trace=300000, class=java.lang.String@5000013c)
	value		50001bcd
OBJ 50001ace (sz=24, trace=300000, class=java.lang.String@5000013c)
	value		50001bcc
OBJ 50001acf (sz=24, trace=300000, class=java.lang.String@5000013c)
	value		50001bcb
OBJ 50001ad0 (sz=24, trace=300000, class=java.lang.String@5000013c)
	value		50001bca
OBJ 50001ad1 (sz=24, trace=300000, class=java.lang.String@5000013c)
	value		50001bc9
OBJ 50001ad2 (sz=24, trace=300000, class=java.lang.String@5000013c)
	value		50001bc8
OBJ 50001ad3 (sz=24, trace=300000, class=java.lang.String@5000013c)
	value		50001bc7
OBJ 50001ad4 (sz=24, trace=300000, class=java.lang.String@5000013c)
	value		50001bc6
OBJ 50001ad5 (sz=24, trace=300000, class=java.lang.String@5000013c)
	value		50001bc5
OBJ 50001ad6 (sz=24, trace=300000, class=java.lang.String@5000013c)
	value		50001bc4
OBJ 50001ad7 (sz=24, trace=300000, class=java.lang.String@5000013c)
	value		50001bc3
OBJ 50001ad8 (sz=24, trace=300000, class=java.lang.String@5000013c)
	value		50001bc2
OBJ 50001ad9 (sz=24, trace=300000, class=java.lang.String@5000013c)
	value		50001bc1
OBJ 50001ada (sz=24, trace=300000, class=java.lang.String@5000013c)
	value		50001bda
OBJ 50001adb (sz=24, trace=300000, class=java.lang.String@5000013c)
	value		50001bd9
OBJ 50001adc (sz=24, trace=300000, class=java.lang.String@5000013c)
	value		50001bd8
OBJ 50001add (sz=24, trace=300000, class=java.lang.String@5000013c)
	value		50001bd7
OBJ 50001ade (sz=24, trace=300000, class=java.lang.String@5000013c)
	value		50001bd6
OBJ 50001adf (sz=24, trace=300000, class=java.lang.String@5000013c)
	value		50001bd5
OBJ 50001ae0 (sz=24, trace=300000, class=java.lang.String@5000013c)
	value		50001bd4
OBJ 50001ae1 (sz=24, trace=300000, class=java.lang.String@5000013c)
	value		50001bd3
OBJ 50001ae2 (sz=24, trace=300000, class=java.lang.String@5000013c)
	value		50001bd2
OBJ 50001ae3 (sz=24, trace=300000, class=java.lang.String@5000013c)
	value		50001bd1
OBJ 50001ae4 (sz=24, trace=300000, class=java.lang.String@5000013c)
	value		50001bd0
OBJ 50001ae5 (sz=24, trace=300000, class=java.lang.String@5000013c)
	value		50001bcf
OBJ 50001ae6 (sz=24, trace=300000, class=java.lang.String@5000013c)
	value		50001bce
OBJ 50001ae7 (sz=24, trace=300000, class=java.lang.String@5000013c)
	value		50001be6
OBJ 50001ae8 (sz=24, trace=300000, class=java.lang.String@5000013c)
	value		50001be5
OBJ 50001ae9 (sz=24, trace=300000, class=java.lang.String@5000013c)
	value		50001be4
OBJ 50001aea (sz=24, trace=300000, class=java.lang.String@5000013c)
	value		50001be3
OBJ 50001aeb (sz=24, trace=300000, class=java.lang.String@5000013c)
	value		50001be2
OBJ 50001aec (sz=24, trace=300000, class=java.lang.String@5000013c)
	value		50001be1
OBJ 50001aed (sz=24, trace=300000, class=java.lang.String@5000013c)
	value		50001be0
OBJ 50001aee (sz=24, trace=300000, class=java.lang.String@5000013c)
	value		50001bdf
OBJ 50001aef (sz=24, trace=300000, class=java.lang.String@5000013c)
	value		50001bde
OBJ 50001af0 (sz=24, trace=300000, class=java.lang.String@5000013c)
	value		50001bdd
OBJ 50001af1 (sz=24, trace=300000, class=java.lang.String@5000013c)
	value		50001bdc
OBJ 50001af2 (sz=24, trace=300000, class=java.lang.String@5000013c)
	value		50001bdb
OBJ 50001af3 (sz=24, trace=300000, class=java.lang.String@5000013c)
	value		50001bf6
OBJ 50001af4 (sz=24, trace=300000, class=java.lang.String@5000013c)
	value		50001bf5
OBJ 50001af5 (sz=24, trace=300000, class=java.lang.String@5000013c)
	value		50001bf4
OBJ 50001af6 (sz=24, trace=300000, class=java.lang.String@5000013c)
	value		50001bf3
OBJ 50001af7 (sz=24, trace=300000, class=java.lang.String@5000013c)
	value		50001bf2
OBJ 50001af8 (sz=24, trace=300000, class=java.lang.String@5000013c)
	value		50001bf1
OBJ 50001af9 (sz=24, trace=300000, class=java.lang.String@5000013c)
	value		50001bf0
OBJ 50001afa (sz=24, trace=300000, class=java.lang.String@5000013c)
	value		50001bef
OBJ 50001afb (sz=24, trace=300000, class=java.lang.String@5000013c)
	value		50001bee
OBJ 50001afc (sz=24, trace=300000, class=java.lang.String@5000013c)
	value		50001bed
OBJ 50001afd (sz=24, trace=300000, class=java.lang.String@5000013c)
	value		50001bec
OBJ 50001afe (sz=24, trace=300000, class=java.lang.String@5000013c)
	value		50001beb
OBJ 50001aff (sz=24, trace=300000, class=java.lang.String@5000013c)
	value		50001bea
OBJ 50001b00 (sz=24, trace=300000, class=java.lang.String@5000013c)
	value		50001be9
OBJ 50001b01 (sz=24, trace=300000, class=java.lang.String@5000013c)
	value		50001be8
OBJ 50001b02 (sz=24, trace=300000, class=java.lang.String@5000013c)
	value		50001be7
OBJ 50001b03 (sz=24, trace=300000, class=java.lang.String@5000013c)
	value		50001c03
OBJ 50001b04 (sz=24, trace=300000, class=java.lang.String@5000013c)
	value		50001c02
OBJ 50001b05 (sz=24, trace=300000, class=java.lang.String@5000013c)
	value		50001c01
OBJ 50001b06 (sz=24, trace=300000, class=java.lang.String@5000013c)
	value		50001c00
OBJ 50001b07 (sz=24, trace=300000, class=java.lang.String@5000013c)
	value		50001bff
OBJ 50001b08 (sz=24, trace=300000, class=java.lang.String@5000013c)
	value		50001bfe
OBJ 50001b09 (sz=24, trace=300000, class=java.lang.String@5000013c)
	value		50001bfd
OBJ 50001b0a (sz=24, trace=300000, class=java.lang.String@5000013c)
	value		50001bfc
OBJ 50001b0b (sz=24, trace=300000, class=java.lang.String@5000013c)
	value		50001bfb
OBJ 50001b0c (sz=24, trace=300000, class=java.lang.String@5000013c)
	value		50001bfa
OBJ 50001b0d (sz=24, trace=300000, class=java.lang.String@5000013c)
	value		50001bf9
OBJ 50001b0e (sz=24, trace=300000, class=java.lang.String@5000013c)
	value		50001bf8
OBJ 50001b0f (sz=24, trace=300000, class=java.lang.String@5000013c)
	value		50001bf7
OBJ 50001b10 (sz=24, trace=300000, class=java.lang.String@5000013c)
	value		50001c07
OBJ 50001b11 (sz=24, trace=300000, class=java.lang.String@5000013c)
	value		50001c06
OBJ 50001b12 (sz=24, trace=300000, class=java.lang.String@5000013c)
	value		50001c05
OBJ 50001b13 (sz=24, trace=300000, class=java.lang.String@5000013c)
	value		50001c04
OBJ 50001b14 (sz=24, trace=300000, class=java.lang.String@5000013c)
	value		50001c16
OBJ 50001b15 (sz=24, trace=300000, class=java.lang.String@5000013c)
	value		50001c15
OBJ 50001b16 (sz=24, trace=300000, class=java.lang.String@5000013c)
	value		50001c14
OBJ 50001b17 (sz=24, trace=300000, class=java.lang.String@5000013c)
	value		50001c13
OBJ 50001b18 (sz=24, trace=300000, class=java.lang.String@5000013c)
	value		50001c12
OBJ 50001b19 (sz=24, trace=300000, class=java.lang.String@5000013c)
	value		50001c11
OBJ 50001b1a (sz=24, trace=300000, class=java.lang.String@5000013c)
	value		50001c10
OBJ 50001b1b (sz=24, trace=300000, class=java.lang.String@5000013c)
	value		50001c0f
OBJ 50001b1c (sz=24, trace=300000, class=java.lang.String@5000013c)
	value		50001c0e
OBJ 50001b1d (sz=24, trace=300000, class=java.lang.String@5000013c)
	value		50001c0d
OBJ 50001b1e (sz=24, trace=300000, class=java.lang.String@5000013c)
	value		50001c0c
OBJ 50001b1f (sz=24, trace=300000, class=java.lang.String@5000013c)
	value		50001c0b
OBJ 50001b20 (sz=24, trace=300000, class=java.lang.String@5000013c)
	value		50001c0a
OBJ 50001b21 (sz=24, trace=300000, class=java.lang.String@5000013c)
	value		50001c09
OBJ 50001b22 (sz=24, trace=300000, class=java.lang.String@5000013c)
	value		50001c08
OBJ 50001b23 (sz=24, trace=300000, class=java.lang.String@5000013c)
	value		50001c19
OBJ 50001b24 (sz=24, trace=300000, class=java.lang.String@5000013c)
	value		50001c18
OBJ 50001b25 (sz=24, trace=300000, class=java.lang.String@5000013c)
	value		50001c17
OBJ 50001b26 (sz=24, trace=300000, class=java.lang.String@5000013c)
	value		50001c1a
OBJ 50001b27 (sz=24, trace=300000, class=java.lang.String@5000013c)
	value		50001c1c
OBJ 50001b28 (sz=24, trace=300000, class=java.lang.String@5000013c)
	value		50001c1b
OBJ 50001b29 (sz=24, trace=300000, class=java.lang.String@5000013c)
	value		50001c1f
OBJ 50001b2a (sz=24, trace=300000, class=java.lang.String@5000013c)
	value		50001c1e
OBJ 50001b2b (sz=24, trace=300000, class=java.lang.String@5000013c)
	value		50001c1d
OBJ 50001b2c (sz=24, trace=300000, class=java.lang.String@5000013c)
	value		50001c21
OBJ 50001b2d (sz=24, trace=300000, class=java.lang.String@5000013c)
	value		50001c20
OBJ 50001b2e (sz=24, trace=300000, class=java.lang.String@5000013c)
	value		50001c23
OBJ 50001b2f (sz=24, trace=300000, class=java.lang.String@5000013c)
	value		50001c22
OBJ 50001b30 (sz=24, trace=300000, class=java.lang.String@5000013c)
	value		50001c25
OBJ 50001b31 (sz=24, trace=300000, class=java.lang.String@5000013c)
	value		50001c24
OBJ 50001b32 (sz=24, trace=300000, class=java.lang.String@5000013c)
	value		50001c27
OBJ 50001b33 (sz=24, trace=300000, class=java.lang.String@5000013c)
	value		50001c26
OBJ 50001b34 (sz=24, trace=300000, class=java.lang.String@5000013c)
	value		50001c2d
OBJ 50001b35 (sz=24, trace=300000, class=java.lang.String@5000013c)
	value		50001c2c
OBJ 50001b36 (sz=24, trace=300000, class=java.lang.String@5000013c)
	value		50001c2b
OBJ 50001b37 (sz=24, trace=300000, class=java.lang.String@5000013c)
	value		50001c2a
OBJ 50001b38 (sz=24, trace=300000, class=java.lang.String@5000013c)
	value		50001c29
OBJ 50001b39 (sz=24, trace=300000, class=java.lang.String@5000013c)
	value		50001c28
OBJ 50001b3a (sz=24, trace=300000, class=java.lang.String@5000013c)
	value		50001c31
OBJ 50001b3b (sz=24, trace=300000, class=java.lang.String@5000013c)
	value		50001c30
OBJ 50001b3c (sz=24, trace=300000, class=java.lang.String@5000013c)
	value		50001c2f
OBJ 50001b3d (sz=24, trace=300000, class=java.lang.String@5000013c)
	value		50001c2e
OBJ 50001b3e (sz=24, trace=300000, class=java.lang.String@5000013c)
	value		50001c35
OBJ 50001b3f (sz=24, trace=300000, class=java.lang.String@5000013c)
	value		50001c34
OBJ 50001b40 (sz=24, trace=300000, class=java.lang.String@5000013c)
	value		50001c33
OBJ 50001b41 (sz=24, trace=300000, class=java.lang.String@5000013c)
	value		50001c32
OBJ 50001b42 (sz=24, trace=300000, class=java.lang.String@5000013c)
	value		50001c3a
OBJ 50001b43 (sz=24, trace=300000, class=java.lang.String@5000013c)
	value		50001c39
OBJ 50001b44 (sz=24, trace=300000, class=java.lang.String@5000013c)
	value		50001c38
OBJ 50001b45 (sz=24, trace=300000, class=java.lang.String@5000013c)
	value		50001c37
OBJ 50001b46 (sz=24, trace=300000, class=java.lang.String@5000013c)
	value		50001c36
OBJ 50001b47 (sz=24, trace=300000, class=java.lang.String@5000013c)
	value		50001c3f
OBJ 50001b48 (sz=24, trace=300000, class=java.lang.String@5000013c)
	value		50001c3e
OBJ 50001b49 (sz=24, trace=300000, class=java.lang.String@5000013c)
	value		50001c3d
OBJ 50001b4a (sz=24, trace=300000, class=java.lang.String@5000013c)
	value		50001c3c
OBJ 50001b4b (sz=24, trace=300000, class=java.lang.String@5000013c)
	value		50001c3b
OBJ 50001b4c (sz=24, trace=300000, class=java.lang.String@5000013c)
	value		50001c44
OBJ 50001b4d (sz=24, trace=300000, class=java.lang.String@5000013c)
	value		50001c43
OBJ 50001b4e (sz=24, trace=300000, class=java.lang.String@5000013c)
	value		50001c42
OBJ 50001b4f (sz=24, trace=300000, class=java.lang.String@5000013c)
	value		50001c41
OBJ 50001b50 (sz=24, trace=300000, class=java.lang.String@5000013c)
	value		50001c40
OBJ 50001b51 (sz=24, trace=300000, class=java.lang.String@5000013c)
	value		50001c49
OBJ 50001b52 (sz=24, trace=300000, class=java.lang.String@5000013c)
	value		50001c48
OBJ 50001b53 (sz=24, trace=300000, class=java.lang.String@5000013c)
	value		50001c47
OBJ 50001b54 (sz=24, trace=300000, class=java.lang.String@5000013c)
	value		50001c46
OBJ 50001b55 (sz=24, trace=300000, class=java.lang.String@5000013c)
	value		50001c45
OBJ 50001b56 (sz=24, trace=300000, class=java.lang.String@5000013c)
	value		50001c4e
OBJ 50001b57 (sz=24, trace=300000, class=java.lang.String@5000013c)
	value		50001c4d
OBJ 50001b58 (sz=24, trace=300000, class=java.lang.String@5000013c)
	value		50001c4c
OBJ 50001b59 (sz=24, trace=300000, class=java.lang.String@5000013c)
	value		50001c4b
OBJ 50001b5a (sz=24, trace=300000, class=java.lang.String@5000013c)
	value		50001c4a
OBJ 50001b5b (sz=24, trace=300000, class=java.lang.String@5000013c)
	value		50001c54
OBJ 50001b5c (sz=24, trace=300000, class=java.lang.String@5000013c)
	value		50001c53
OBJ 50001b5d (sz=24, trace=300000, class=java.lang.String@5000013c)
	value		50001c52
OBJ 50001b5e (sz=24, trace=300000, class=java.lang.String@5000013c)
	value		50001c51
OBJ 50001b5f (sz=24, trace=300000, class=java.lang.String@5000013c)
	value		50001c50
OBJ 50001b60 (sz=24, trace=300000, class=java.lang.String@5000013c)
	value		50001c4f
OBJ 50001b61 (sz=24, trace=300000, class=java.lang.String@5000013c)
	value		50001c59
OBJ 50001b62 (sz=24, trace=300000, class=java.lang.String@5000013c)
	value		50001c58
OBJ 50001b63 (sz=24, trace=300000, class=java.lang.String@5000013c)
	value		50001c57
OBJ 50001b64 (sz=24, trace=300000, class=java.lang.String@5000013c)
	value		50001c56
OBJ 50001b65 (sz=24, trace=300000, class=java.lang.String@5000013c)
	value		50001c55
OBJ 50001b66 (sz=24, trace=300000, class=java.lang.String@5000013c)
	value		50001c5d
OBJ 50001b67 (sz=24, trace=300000, class=java.lang.String@5000013c)
	value		50001c5c
OBJ 50001b68 (sz=24, trace=300000, class=java.lang.String@5000013c)
	value		50001c5b
OBJ 50001b69 (sz=24, trace=300000, class=java.lang.String@5000013c)
	value		50001c5a
ARR 50001b6a (sz=32, trace=300000, nelems=4, elem type=java.lang.String[]@5000013d)
	[0]		50001b66
	[1]		50001b67
	[2]		50001b68
	[3]		50001b69
ARR 50001b6b (sz=40, trace=300000, nelems=5, elem type=java.lang.String[]@5000013d)
	[0]		50001b61
	[1]		50001b62
	[2]		50001b63
	[3]		50001b64
	[4]		50001b65
ARR 50001b6c (sz=40, trace=300000, nelems=6, elem type=java.lang.String[]@5000013d)
	[0]		50001b5b
	[1]		50001b5c
	[2]		50001b5d
	[3]		50001b5e
	[4]		50001b5f
	[5]		50001b60
ARR 50001b6d (sz=40, trace=300000, nelems=5, elem type=java.lang.String[]@5000013d)
	[0]		50001b56
	[1]		50001b57
	[2]		50001b58
	[3]		50001b59
	[4]		50001b5a
ARR 50001b6e (sz=40, trace=300000, nelems=5, elem type=java.lang.String[]@5000013d)
	[0]		50001b51
	[1]		50001b52
	[2]		50001b53
	[3]		50001b54
	[4]		50001b55
ARR 50001b6f (sz=40, trace=300000, nelems=5, elem type=java.lang.String[]@5000013d)
	[0]		50001b4c
	[1]		50001b4d
	[2]		50001b4e
	[3]		50001b4f
	[4]		50001b50
ARR 50001b70 (sz=40, trace=300000, nelems=5, elem type=java.lang.String[]@5000013d)
	[0]		50001b47
	[1]		50001b48
	[2]		50001b49
	[3]		50001b4a
	[4]		50001b4b
ARR 50001b71 (sz=40, trace=300000, nelems=5, elem type=java.lang.String[]@5000013d)
	[0]		50001b42
	[1]		50001b43
	[2]		50001b44
	[3]		50001b45
	[4]		50001b46
ARR 50001b72 (sz=32, trace=300000, nelems=4, elem type=java.lang.String[]@5000013d)
	[0]		50001b3e
	[1]		50001b3f
	[2]		50001b40
	[3]		50001b41
ARR 50001b73 (sz=32, trace=300000, nelems=4, elem type=java.lang.String[]@5000013d)
	[0]		50001b3a
	[1]		50001b3b
	[2]		50001b3c
	[3]		50001b3d
ARR 50001b74 (sz=40, trace=300000, nelems=6, elem type=java.lang.String[]@5000013d)
	[0]		50001b34
	[1]		50001b35
	[2]		50001b36
	[3]		50001b37
	[4]		50001b38
	[5]		50001b39
ARR 50001b75 (sz=24, trace=300000, nelems=2, elem type=java.lang.String[]@5000013d)
	[0]		50001b32
	[1]		50001b33
ARR 50001b76 (sz=24, trace=300000, nelems=2, elem type=java.lang.String[]@5000013d)
	[0]		50001b30
	[1]		50001b31
ARR 50001b77 (sz=24, trace=300000, nelems=2, elem type=java.lang.String[]@5000013d)
	[0]		50001b2e
	[1]		50001b2f
ARR 50001b78 (sz=24, trace=300000, nelems=2, elem type=java.lang.String[]@5000013d)
	[0]		50001b2c
	[1]		50001b2d
ARR 50001b79 (sz=32, trace=300000, nelems=3, elem type=java.lang.String[]@5000013d)
	[0]		50001b29
	[1]		50001b2a
	[2]		50001b2b
ARR 50001b7a (sz=24, trace=300000, nelems=2, elem type=java.lang.String[]@5000013d)
	[0]		50001b27
	[1]		50001b28
ARR 50001b7b (sz=24, trace=300000, nelems=1, elem type=java.lang.String[]@5000013d)
	[0]		50001b26
ARR 50001b7c (sz=32, trace=300000, nelems=3, elem type=java.lang.String[]@5000013d)
	[0]		50001b23
	[1]		50001b24
	[2]		50001b25
ARR 50001b7d (sz=80, trace=300000, nelems=15, elem type=java.lang.String[]@5000013d)
	[0]		50001b14
	[1]		50001b15
	[2]		50001b16
	[3]		50001b17
	[4]		50001b18
	[5]		50001b19
	[6]		50001b1a
	[7]		50001b1b
	[8]		50001b1c
	[9]		50001b1d
	[10]		50001b1e
	[11]		50001b1f
	[12]		50001b20
	[13]		50001b21
	[14]		50001b22
ARR 50001b7e (sz=32, trace=300000, nelems=4, elem type=java.lang.String[]@5000013d)
	[0]		50001b10
	[1]		50001b11
	[2]		50001b12
	[3]		50001b13
ARR 50001b7f (sz=72, trace=300000, nelems=13, elem type=java.lang.String[]@5000013d)
	[0]		50001b03
	[1]		50001b04
	[2]		50001b05
	[3]		50001b06
	[4]		50001b07
	[5]		50001b08
	[6]		50001b09
	[7]		50001b0a
	[8]		50001b0b
	[9]		50001b0c
	[10]		50001b0d
	[11]		50001b0e
	[12]		50001b0f
ARR 50001b80 (sz=80, trace=300000, nelems=16, elem type=java.lang.String[]@5000013d)
	[0]		50001af3
	[1]		50001af4
	[2]		50001af5
	[3]		50001af6
	[4]		50001af7
	[5]		50001af8
	[6]		50001af9
	[7]		50001afa
	[8]		50001afb
	[9]		50001afc
	[10]		50001afd
	[11]		50001afe
	[12]		50001aff
	[13]		50001b00
	[14]		50001b01
	[15]		50001b02
ARR 50001b81 (sz=64, trace=300000, nelems=12, elem type=java.lang.String[]@5000013d)
	[0]		50001ae7
	[1]		50001ae8
	[2]		50001ae9
	[3]		50001aea
	[4]		50001aeb
	[5]		50001aec
	[6]		50001aed
	[7]		50001aee
	[8]		50001aef
	[9]		50001af0
	[10]		50001af1
	[11]		50001af2
ARR 50001b82 (sz=72, trace=300000, nelems=13, elem type=java.lang.String[]@5000013d)
	[0]		50001ada
	[1]		50001adb
	[2]		50001adc
	[3]		50001add
	[4]		50001ade
	[5]		50001adf
	[6]		50001ae0
	[7]		50001ae1
	[8]		50001ae2
	[9]		50001ae3
	[10]		50001ae4
	[11]		50001ae5
	[12]		50001ae6
ARR 50001b83 (sz=72, trace=300000, nelems=13, elem type=java.lang.String[]@5000013d)
	[0]		50001acd
	[1]		50001ace
	[2]		50001acf
	[3]		50001ad0
	[4]		50001ad1
	[5]		50001ad2
	[6]		50001ad3
	[7]		50001ad4
	[8]		50001ad5
	[9]		50001ad6
	[10]		50001ad7
	[11]		50001ad8
	[12]		50001ad9
ARR 50001b84 (sz=72, trace=300000, nelems=14, elem type=java.lang.String[]@5000013d)
	[0]		50001abf
	[1]		50001ac0
	[2]		50001ac1
	[3]		50001ac2
	[4]		50001ac3
	[5]		50001ac4
	[6]		50001ac5
	[7]		50001ac6
	[8]		50001ac7
	[9]		50001ac8
	[10]		50001ac9
	[11]		50001aca
	[12]		50001acb
	[13]		50001acc
ARR 50001b85 (sz=24, trace=300000, nelems=2, elem type=java.lang.String[]@5000013d)
	[0]		50001abd
	[1]		50001abe
ARR 50001b86 (sz=24, trace=300000, nelems=2, elem type=java.lang.String[]@5000013d)
	[0]		50001abb
	[1]		50001abc
ARR 50001b87 (sz=24, trace=300000, nelems=2, elem type=java.lang.String[]@5000013d)
	[0]		50001ab9
	[1]		50001aba
ARR 50001b88 (sz=24, trace=300000, nelems=2, elem type=java.lang.String[]@5000013d)
	[0]		50001ab7
	[1]		50001ab8
ARR 50001b89 (sz=24, trace=300000, nelems=2, elem type=java.lang.String[]@5000013d)
	[0]		50001ab5
	[1]		50001ab6
ARR 50001b8a (sz=24, trace=300000, nelems=1, elem type=java.lang.String[]@5000013d)
	[0]		50001ab4
ARR 50001b8b (sz=32, trace=300000, nelems=3, elem type=java.lang.String[]@5000013d)
	[0]		50001ab1
	[1]		50001ab2
	[2]		50001ab3
ARR 50001b8c (sz=32, trace=300000, nelems=4, elem type=java.lang.String[]@5000013d)
	[0]		50001aad
	[1]		50001aae
	[2]		50001aaf
	[3]		50001ab0
ARR 50001b8d (sz=32, trace=300000, nelems=4, elem type=java.lang.String[]@5000013d)
	[0]		50001aa9
	[1]		50001aaa
	[2]		50001aab
	[3]		50001aac
ARR 50001b8e (sz=72, trace=300000, nelems=14, elem type=java.lang.String[]@5000013d)
	[0]		50001a9b
	[1]		50001a9c
	[2]		50001a9d
	[3]		50001a9e
	[4]		50001a9f
	[5]		50001aa0
	[6]		50001aa1
	[7]		50001aa2
	[8]		50001aa3
	[9]		50001aa4
	[10]		50001aa5
	[11]		50001aa6
	[12]		50001aa7
	[13]		50001aa8
ARR 50001b8f (sz=12, trace=300000, nelems=6, elem type=char[])
ARR 50001b90 (sz=28, trace=300000, nelems=14, elem type=char[])
ARR 50001b91 (sz=32, trace=300000, nelems=16, elem type=char[])
ARR 50001b92 (sz=6, trace=300000, nelems=3, elem type=char[])
ARR 50001b93 (sz=14, trace=300000, nelems=7, elem type=char[])
ARR 50001b94 (sz=14, trace=300000, nelems=7, elem type=char[])
ARR 50001b95 (sz=10, trace=300000, nelems=5, elem type=char[])
ARR 50001b96 (sz=12, trace=300000, nelems=6, elem type=char[])
ARR 50001b97 (sz=4, trace=300000, nelems=2, elem type=char[])
ARR 50001b98 (sz=18, trace=300000, nelems=9, elem type=char[])
ARR 50001b99 (sz=10, trace=300000, nelems=5, elem type=char[])
ARR 50001b9a (sz=32, trace=300000, nelems=16, elem type=char[])
ARR 50001b9b (sz=28, trace=300000, nelems=14, elem type=char[])
ARR 50001b9c (sz=16, trace=300000, nelems=8, elem type=char[])
ARR 50001b9d (sz=20, trace=300000, nelems=10, elem type=char[])
ARR 50001b9e (sz=14, trace=300000, nelems=7, elem type=char[])
ARR 50001b9f (sz=10, trace=300000, nelems=5, elem type=char[])
ARR 50001ba0 (sz=12, trace=300000, nelems=6, elem type=char[])
ARR 50001ba1 (sz=36, trace=300000, nelems=18, elem type=char[])
ARR 50001ba2 (sz=20, trace=300000, nelems=10, elem type=char[])
ARR 50001ba3 (sz=30, trace=300000, nelems=15, elem type=char[])
ARR 50001ba4 (sz=16, trace=300000, nelems=8, elem type=char[])
ARR 50001ba5 (sz=42, trace=300000, nelems=21, elem type=char[])
ARR 50001ba6 (sz=20, trace=300000, nelems=10, elem type=char[])
ARR 50001ba7 (sz=16, trace=300000, nelems=8, elem type=char[])
ARR 50001ba8 (sz=26, trace=300000, nelems=13, elem type=char[])
ARR 50001ba9 (sz=10, trace=300000, nelems=5, elem type=char[])
ARR 50001baa (sz=12, trace=300000, nelems=6, elem type=char[])
ARR 50001bab (sz=20, trace=300000, nelems=10, elem type=char[])
ARR 50001bac (sz=16, trace=300000, nelems=8, elem type=char[])
ARR 50001bad (sz=20, trace=300000, nelems=10, elem type=char[])
ARR 50001bae (sz=16, trace=300000, nelems=8, elem type=char[])
ARR 50001baf (sz=24, trace=300000, nelems=12, elem type=char[])
ARR 50001bb0 (sz=24, trace=300000, nelems=12, elem type=char[])
ARR 50001bb1 (sz=24, trace=300000, nelems=12, elem type=char[])
ARR 50001bb2 (sz=24, trace=300000, nelems=12, elem type=char[])
ARR 50001bb3 (sz=18, trace=300000, nelems=9, elem type=char[])
ARR 50001bb4 (sz=12, trace=300000, nelems=6, elem type=char[])
ARR 50001bb5 (sz=20, trace=300000, nelems=10, elem type=char[])
ARR 50001bb6 (sz=30, trace=300000, nelems=15, elem type=char[])
ARR 50001bb7 (sz=18, trace=300000, nelems=9, elem type=char[])
ARR 50001bb8 (sz=14, trace=300000, nelems=7, elem type=char[])
ARR 50001bb9 (sz=6, trace=300000, nelems=3, elem type=char[])
ARR 50001bba (sz=22, trace=300000, nelems=11, elem type=char[])
ARR 50001bbb (sz=10, trace=300000, nelems=5, elem type=char[])
ARR 50001bbc (sz=12, trace=300000, nelems=6, elem type=char[])
ARR 50001bbd (sz=4, trace=300000, nelems=2, elem type=char[])
ARR 50001bbe (sz=12, trace=300000, nelems=6, elem type=char[])
ARR 50001bbf (sz=20, trace=300000, nelems=10, elem type=char[])
ARR 50001bc0 (sz=20, trace=300000, nelems=10, elem type=char[])
ARR 50001bc1 (sz=22, trace=300000, nelems=11, elem type=char[])
ARR 50001bc2 (sz=6, trace=300000, nelems=3, elem type=char[])
ARR 50001bc3 (sz=10, trace=300000, nelems=5, elem type=char[])
ARR 50001bc4 (sz=14, trace=300000, nelems=7, elem type=char[])
ARR 50001bc5 (sz=12, trace=300000, nelems=6, elem type=char[])
ARR 50001bc6 (sz=4, trace=300000, nelems=2, elem type=char[])
ARR 50001bc7 (sz=12, trace=300000, nelems=6, elem type=char[])
ARR 50001bc8 (sz=18, trace=300000, nelems=9, elem type=char[])
ARR 50001bc9 (sz=30, trace=300000, nelems=15, elem type=char[])
ARR 50001bca (sz=20, trace=300000, nelems=10, elem type=char[])
ARR 50001bcb (sz=20, trace=300000, nelems=10, elem type=char[])
ARR 50001bcc (sz=12, trace=300000, nelems=6, elem type=char[])
ARR 50001bcd (sz=18, trace=300000, nelems=9, elem type=char[])
ARR 50001bce (sz=22, trace=300000, nelems=11, elem type=char[])
ARR 50001bcf (sz=6, trace=300000, nelems=3, elem type=char[])
ARR 50001bd0 (sz=10, trace=300000, nelems=5, elem type=char[])
ARR 50001bd1 (sz=14, trace=300000, nelems=7, elem type=char[])
ARR 50001bd2 (sz=12, trace=300000, nelems=6, elem type=char[])
ARR 50001bd3 (sz=4, trace=300000, nelems=2, elem type=char[])
ARR 50001bd4 (sz=12, trace=300000, nelems=6, elem type=char[])
ARR 50001bd5 (sz=30, trace=300000, nelems=15, elem type=char[])
ARR 50001bd6 (sz=20, trace=300000, nelems=10, elem type=char[])
ARR 50001bd7 (sz=20, trace=300000, nelems=10, elem type=char[])
ARR 50001bd8 (sz=12, trace=300000, nelems=6, elem type=char[])
ARR 50001bd9 (sz=18, trace=300000, nelems=9, elem type=char[])
ARR 50001bda (sz=18, trace=300000, nelems=9, elem type=char[])
ARR 50001bdb (sz=36, trace=300000, nelems=18, elem type=char[])
ARR 50001bdc (sz=6, trace=300000, nelems=3, elem type=char[])
ARR 50001bdd (sz=10, trace=300000, nelems=5, elem type=char[])
ARR 50001bde (sz=14, trace=300000, nelems=7, elem type=char[])
ARR 50001bdf (sz=12, trace=300000, nelems=6, elem type=char[])
ARR 50001be0 (sz=16, trace=300000, nelems=8, elem type=char[])
ARR 50001be1 (sz=18, trace=300000, nelems=9, elem type=char[])
ARR 50001be2 (sz=30, trace=300000, nelems=15, elem type=char[])
ARR 50001be3 (sz=20, trace=300000, nelems=10, elem type=char[])
ARR 50001be4 (sz=20, trace=300000, nelems=10, elem type=char[])
ARR 50001be5 (sz=12, trace=300000, nelems=6, elem type=char[])
ARR 50001be6 (sz=18, trace=300000, nelems=9, elem type=char[])
ARR 50001be7 (sz=18, trace=300000, nelems=9, elem type=char[])
ARR 50001be8 (sz=10, trace=300000, nelems=5, elem type=char[])
ARR 50001be9 (sz=6, trace=300000, nelems=3, elem type=char[])
ARR 50001bea (sz=14, trace=300000, nelems=7, elem type=char[])
ARR 50001beb (sz=12, trace=300000, nelems=6, elem type=char[])
ARR 50001bec (sz=24, trace=300000, nelems=12, elem type=char[])
ARR 50001bed (sz=30, trace=300000, nelems=15, elem type=char[])
ARR 50001bee (sz=12, trace=300000, nelems=6, elem type=char[])
ARR 50001bef (sz=10, trace=300000, nelems=5, elem type=char[])
ARR 50001bf0 (sz=16, trace=300000, nelems=8, elem type=char[])
ARR 50001bf1 (sz=16, trace=300000, nelems=8, elem type=char[])
ARR 50001bf2 (sz=30, trace=300000, nelems=15, elem type=char[])
ARR 50001bf3 (sz=20, trace=300000, nelems=10, elem type=char[])
ARR 50001bf4 (sz=20, trace=300000, nelems=10, elem type=char[])
ARR 50001bf5 (sz=12, trace=300000, nelems=6, elem type=char[])
ARR 50001bf6 (sz=18, trace=300000, nelems=9, elem type=char[])
ARR 50001bf7 (sz=22, trace=300000, nelems=11, elem type=char[])
ARR 50001bf8 (sz=10, trace=300000, nelems=5, elem type=char[])
ARR 50001bf9 (sz=6, trace=300000, nelems=3, elem type=char[])
ARR 50001bfa (sz=14, trace=300000, nelems=7, elem type=char[])
ARR 50001bfb (sz=12, trace=300000, nelems=6, elem type=char[])
ARR 50001bfc (sz=4, trace=300000, nelems=2, elem type=char[])
ARR 50001bfd (sz=12, trace=300000, nelems=6, elem type=char[])
ARR 50001bfe (sz=18, trace=300000, nelems=9, elem type=char[])
ARR 50001bff (sz=30, trace=300000, nelems=15, elem type=char[])
ARR 50001c00 (sz=20, trace=300000, nelems=10, elem type=char[])
ARR 50001c01 (sz=20, trace=300000, nelems=10, elem type=char[])
ARR 50001c02 (sz=12, trace=300000, nelems=6, elem type=char[])
ARR 50001c03 (sz=18, trace=300000, nelems=9, elem type=char[])
ARR 50001c04 (sz=20, trace=300000, nelems=10, elem type=char[])
ARR 50001c05 (sz=22, trace=300000, nelems=11, elem type=char[])
ARR 50001c06 (sz=14, trace=300000, nelems=7, elem type=char[])
ARR 50001c07 (sz=20, trace=300000, nelems=10, elem type=char[])
ARR 50001c08 (sz=30, trace=300000, nelems=15, elem type=char[])
ARR 50001c09 (sz=22, trace=300000, nelems=11, elem type=char[])
ARR 50001c0a (sz=22, trace=300000, nelems=11, elem type=char[])
ARR 50001c0b (sz=4, trace=300000, nelems=2, elem type=char[])
ARR 50001c0c (sz=12, trace=300000, nelems=6, elem type=char[])
ARR 50001c0d (sz=12, trace=300000, nelems=6, elem type=char[])
ARR 50001c0e (sz=6, trace=300000, nelems=3, elem type=char[])
ARR 50001c0f (sz=10, trace=300000, nelems=5, elem type=char[])
ARR 50001c10 (sz=14, trace=300000, nelems=7, elem type=char[])
ARR 50001c11 (sz=12, trace=300000, nelems=6, elem type=char[])
ARR 50001c12 (sz=20, trace=300000, nelems=10, elem type=char[])
ARR 50001c13 (sz=20, trace=300000, nelems=10, elem type=char[])
ARR 50001c14 (sz=22, trace=300000, nelems=11, elem type=char[])
ARR 50001c15 (sz=14, trace=300000, nelems=7, elem type=char[])
ARR 50001c16 (sz=22, trace=300000, nelems=11, elem type=char[])
ARR 50001c17 (sz=14, trace=300000, nelems=7, elem type=char[])
ARR 50001c18 (sz=8, trace=300000, nelems=4, elem type=char[])
ARR 50001c19 (sz=12, trace=300000, nelems=6, elem type=char[])
ARR 50001c1a (sz=12, trace=300000, nelems=6, elem type=char[])
ARR 50001c1b (sz=12, trace=300000, nelems=6, elem type=char[])
ARR 50001c1c (sz=12, trace=300000, nelems=6, elem type=char[])
ARR 50001c1d (sz=18, trace=300000, nelems=9, elem type=char[])
ARR 50001c1e (sz=12, trace=300000, nelems=6, elem type=char[])
ARR 50001c1f (sz=12, trace=300000, nelems=6, elem type=char[])
ARR 50001c20 (sz=12, trace=300000, nelems=6, elem type=char[])
ARR 50001c21 (sz=12, trace=300000, nelems=6, elem type=char[])
ARR 50001c22 (sz=12, trace=300000, nelems=6, elem type=char[])
ARR 50001c23 (sz=12, trace=300000, nelems=6, elem type=char[])
ARR 50001c24 (sz=12, trace=300000, nelems=6, elem type=char[])
ARR 50001c25 (sz=12, trace=300000, nelems=6, elem type=char[])
ARR 50001c26 (sz=12, trace=300000, nelems=6, elem type=char[])
ARR 50001c27 (sz=12, trace=300000, nelems=6, elem type=char[])
ARR 50001c28 (sz=22, trace=300000, nelems=11, elem type=char[])
ARR 50001c29 (sz=32, trace=300000, nelems=16, elem type=char[])
ARR 50001c2a (sz=6, trace=300000, nelems=3, elem type=char[])
ARR 50001c2b (sz=14, trace=300000, nelems=7, elem type=char[])
ARR 50001c2c (sz=12, trace=300000, nelems=6, elem type=char[])
ARR 50001c2d (sz=10, trace=300000, nelems=5, elem type=char[])
ARR 50001c2e (sz=6, trace=300000, nelems=3, elem type=char[])
ARR 50001c2f (sz=14, trace=300000, nelems=7, elem type=char[])
ARR 50001c30 (sz=12, trace=300000, nelems=6, elem type=char[])
ARR 50001c31 (sz=10, trace=300000, nelems=5, elem type=char[])
ARR 50001c32 (sz=6, trace=300000, nelems=3, elem type=char[])
ARR 50001c33 (sz=14, trace=300000, nelems=7, elem type=char[])
ARR 50001c34 (sz=12, trace=300000, nelems=6, elem type=char[])
ARR 50001c35 (sz=10, trace=300000, nelems=5, elem type=char[])
ARR 50001c36 (sz=38, trace=300000, nelems=19, elem type=char[])
ARR 50001c37 (sz=6, trace=300000, nelems=3, elem type=char[])
ARR 50001c38 (sz=12, trace=300000, nelems=6, elem type=char[])
ARR 50001c39 (sz=14, trace=300000, nelems=7, elem type=char[])
ARR 50001c3a (sz=10, trace=300000, nelems=5, elem type=char[])
ARR 50001c3b (sz=16, trace=300000, nelems=8, elem type=char[])
ARR 50001c3c (sz=6, trace=300000, nelems=3, elem type=char[])
ARR 50001c3d (sz=14, trace=300000, nelems=7, elem type=char[])
ARR 50001c3e (sz=12, trace=300000, nelems=6, elem type=char[])
ARR 50001c3f (sz=10, trace=300000, nelems=5, elem type=char[])
ARR 50001c40 (sz=16, trace=300000, nelems=8, elem type=char[])
ARR 50001c41 (sz=6, trace=300000, nelems=3, elem type=char[])
ARR 50001c42 (sz=12, trace=300000, nelems=6, elem type=char[])
ARR 50001c43 (sz=14, trace=300000, nelems=7, elem type=char[])
ARR 50001c44 (sz=10, trace=300000, nelems=5, elem type=char[])
ARR 50001c45 (sz=16, trace=300000, nelems=8, elem type=char[])
ARR 50001c46 (sz=6, trace=300000, nelems=3, elem type=char[])
ARR 50001c47 (sz=14, trace=300000, nelems=7, elem type=char[])
ARR 50001c48 (sz=12, trace=300000, nelems=6, elem type=char[])
ARR 50001c49 (sz=10, trace=300000, nelems=5, elem type=char[])
ARR 50001c4a (sz=48, trace=300000, nelems=24, elem type=char[])
ARR 50001c4b (sz=6, trace=300000, nelems=3, elem type=char[])
ARR 50001c4c (sz=14, trace=300000, nelems=7, elem type=char[])
ARR 50001c4d (sz=20, trace=300000, nelems=10, elem type=char[])
ARR 50001c4e (sz=10, trace=300000, nelems=5, elem type=char[])
ARR 50001c4f (sz=36, trace=300000, nelems=18, elem type=char[])
ARR 50001c50 (sz=16, trace=300000, nelems=8, elem type=char[])
ARR 50001c51 (sz=6, trace=300000, nelems=3, elem type=char[])
ARR 50001c52 (sz=14, trace=300000, nelems=7, elem type=char[])
ARR 50001c53 (sz=12, trace=300000, nelems=6, elem type=char[])
ARR 50001c54 (sz=10, trace=300000, nelems=5, elem type=char[])
ARR 50001c55 (sz=16, trace=300000, nelems=8, elem type=char[])
ARR 50001c56 (sz=6, trace=300000, nelems=3, elem type=char[])
ARR 50001c57 (sz=14, trace=300000, nelems=7, elem type=char[])
ARR 50001c58 (sz=12, trace=300000, nelems=6, elem type=char[])
ARR 50001c59 (sz=10, trace=300000, nelems=5, elem type=char[])
ARR 50001c5a (sz=6, trace=300000, nelems=3, elem type=char[])
ARR 50001c5b (sz=14, trace=300000, nelems=7, elem type=char[])
ARR 50001c5c (sz=12, trace=300000, nelems=6, elem type=char[])
ARR 50001c5d (sz=10, trace=300000, nelems=5, elem type=char[])
OBJ 50001c5e (sz=24, trace=300000, class=java.lang.String@5000013c)
	value		50001ca9
OBJ 50001c5f (sz=24, trace=300000, class=java.lang.String@5000013c)
	value		50001e86
OBJ 50001c60 (sz=24, trace=300000, class=java.lang.String@5000013c)
	value		50001ea5
OBJ 50001c61 (sz=24, trace=300000, class=java.lang.String@5000013c)
	value		50001ea4
OBJ 50001c62 (sz=24, trace=300000, class=java.lang.String@5000013c)
	value		50001ea3
OBJ 50001c63 (sz=16, trace=300000, class=java.lang.Object@5000011a)
OBJ 50001c64 (sz=16, trace=300000, class=java.lang.ThreadLocal@50000014)
OBJ 50001c65 (sz=32, trace=300000, class=sun.nio.cs.StandardCharsets@50000045)
	classMap	50001c68
	aliasMap	50001c67
	cache		50001c66
	packagePrefix	50001a9a
OBJ 50001c66 (sz=40, trace=300000, class=sun.nio.cs.StandardCharsets$Cache@50000018)
	ht		50001e69
OBJ 50001c67 (sz=40, trace=300000, class=sun.nio.cs.StandardCharsets$Aliases@5000002b)
	ht		50001d05
OBJ 50001c68 (sz=40, trace=300000, class=sun.nio.cs.StandardCharsets$Classes@50000079)
	ht		50001c69
ARR 50001c69 (sz=144, trace=300000, nelems=32, elem type=java.lang.Object[]@5000011b)
	[0]		50001c6a
	[2]		50001c6b
	[3]		50001c6c
	[4]		50001c6d
	[5]		50001c6e
	[6]		50001c6f
	[7]		50001c70
	[8]		50001c71
	[9]		50001c72
	[10]		50001c73
	[11]		50001c74
	[12]		50001c75
	[14]		50001c76
	[15]		50001c77
	[16]		50001c78
	[17]		50001c79
	[18]		50001c7a
	[19]		50001c7b
	[22]		50001c7c
	[24]		50001c7d
	[28]		50001c7e
	[29]		50001c7f
	[31]		50001c80
ARR 50001c6a (sz=24, trace=300000, nelems=2, elem type=java.lang.Object[]@5000011b)
	[0]		50001b5c
	[1]		50001d03
ARR 50001c6b (sz=32, trace=300000, nelems=3, elem type=java.lang.Object[]@5000011b)
	[0]		50001b62
	[1]		50001cfb
	[2]		50001cfc
ARR 50001c6c (sz=32, trace=300000, nelems=3, elem type=java.lang.Object[]@5000011b)
	[0]		50001cf2
	[1]		50001cf3
	[2]		50001cf4
ARR 50001c6d (sz=32, trace=300000, nelems=3, elem type=java.lang.Object[]@5000011b)
	[0]		50001ce6
	[1]		50001ce7
	[2]		50001ce8
ARR 50001c6e (sz=32, trace=300000, nelems=3, elem type=java.lang.Object[]@5000011b)
	[0]		50001cdf
	[1]		50001ce0
	[2]		50001ce1
ARR 50001c6f (sz=24, trace=300000, nelems=2, elem type=java.lang.Object[]@5000011b)
	[0]		50001cdb
	[1]		50001cdc
ARR 50001c70 (sz=24, trace=300000, nelems=2, elem type=java.lang.Object[]@5000011b)
	[0]		50001cd9
	[1]		50001aad
ARR 50001c71 (sz=32, trace=300000, nelems=3, elem type=java.lang.Object[]@5000011b)
	[0]		50001cd2
	[1]		50001cd3
	[2]		50001cd4
ARR 50001c72 (sz=32, trace=300000, nelems=3, elem type=java.lang.Object[]@5000011b)
	[0]		50001cc9
	[1]		50001cca
	[2]		50001ccb
ARR 50001c73 (sz=24, trace=300000, nelems=2, elem type=java.lang.Object[]@5000011b)
	[0]		50001cc5
	[1]		50001cc6
ARR 50001c74 (sz=32, trace=300000, nelems=3, elem type=java.lang.Object[]@5000011b)
	[0]		50001cbc
	[1]		50001cbd
	[2]		50001cbe
ARR 50001c75 (sz=24, trace=300000, nelems=2, elem type=java.lang.Object[]@5000011b)
	[0]		50001cb8
	[1]		50001cb9
ARR 50001c76 (sz=24, trace=300000, nelems=2, elem type=java.lang.Object[]@5000011b)
	[0]		50001cb4
	[1]		50001cb5
ARR 50001c77 (sz=24, trace=300000, nelems=2, elem type=java.lang.Object[]@5000011b)
	[0]		50001b44
	[1]		50001cb2
ARR 50001c78 (sz=32, trace=300000, nelems=3, elem type=java.lang.Object[]@5000011b)
	[0]		50001b48
	[1]		50001cad
	[2]		50001cae
ARR 50001c79 (sz=32, trace=300000, nelems=3, elem type=java.lang.Object[]@5000011b)
	[0]		50001ca5
	[1]		50001ca6
	[2]		50001ca7
ARR 50001c7a (sz=32, trace=300000, nelems=3, elem type=java.lang.Object[]@5000011b)
	[0]		50001b4e
	[1]		50001c9b
	[2]		50001c9c
ARR 50001c7b (sz=32, trace=300000, nelems=3, elem type=java.lang.Object[]@5000011b)
	[0]		50001c91
	[1]		50001c92
	[2]		50001c93
ARR 50001c7c (sz=24, trace=300000, nelems=2, elem type=java.lang.Object[]@5000011b)
	[0]		50001c8d
	[1]		50001c8e
ARR 50001c7d (sz=24, trace=300000, nelems=2, elem type=java.lang.Object[]@5000011b)
	[0]		50001c8b
	[1]		50001abd
ARR 50001c7e (sz=24, trace=300000, nelems=2, elem type=java.lang.Object[]@5000011b)
	[0]		50001c87
	[1]		50001c88
ARR 50001c7f (sz=24, trace=300000, nelems=2, elem type=java.lang.Object[]@5000011b)
	[0]		50001c83
	[1]		50001c84
ARR 50001c80 (sz=24, trace=300000, nelems=2, elem type=java.lang.Object[]@5000011b)
	[0]		50001c81
	[1]		50001ab7
OBJ 50001c81 (sz=24, trace=300000, class=java.lang.String@5000013c)
	value		50001c82
ARR 50001c82 (sz=16, trace=300000, nelems=8, elem type=char[])
OBJ 50001c83 (sz=24, trace=300000, class=java.lang.String@5000013c)
	value		50001c86
OBJ 50001c84 (sz=24, trace=300000, class=java.lang.String@5000013c)
	value		50001c85
ARR 50001c85 (sz=12, trace=300000, nelems=6, elem type=char[])
ARR 50001c86 (sz=12, trace=300000, nelems=6, elem type=char[])
OBJ 50001c87 (sz=24, trace=300000, class=java.lang.String@5000013c)
	value		50001c8a
OBJ 50001c88 (sz=24, trace=300000, class=java.lang.String@5000013c)
	value		50001c89
ARR 50001c89 (sz=12, trace=300000, nelems=6, elem type=char[])
ARR 50001c8a (sz=12, trace=300000, nelems=6, elem type=char[])
OBJ 50001c8b (sz=24, trace=300000, class=java.lang.String@5000013c)
	value		50001c8c
ARR 50001c8c (sz=28, trace=300000, nelems=14, elem type=char[])
OBJ 50001c8d (sz=24, trace=300000, class=java.lang.String@5000013c)
	value		50001c90
OBJ 50001c8e (sz=24, trace=300000, class=java.lang.String@5000013c)
	value		50001c8f
ARR 50001c8f (sz=24, trace=300000, nelems=12, elem type=char[])
ARR 50001c90 (sz=28, trace=300000, nelems=14, elem type=char[])
OBJ 50001c91 (sz=24, trace=300000, class=java.lang.String@5000013c)
	value		50001c9a
OBJ 50001c92 (sz=24, trace=300000, class=java.lang.String@5000013c)
	value		50001c99
ARR 50001c93 (sz=32, trace=300000, nelems=3, elem type=java.lang.Object[]@5000011b)
	[0]		50001b52
	[1]		50001c94
	[2]		50001c95
OBJ 50001c94 (sz=24, trace=300000, class=java.lang.String@5000013c)
	value		50001c98
ARR 50001c95 (sz=24, trace=300000, nelems=2, elem type=java.lang.Object[]@5000011b)
	[0]		50001c96
	[1]		50001abb
OBJ 50001c96 (sz=24, trace=300000, class=java.lang.String@5000013c)
	value		50001c97
ARR 50001c97 (sz=28, trace=300000, nelems=14, elem type=char[])
ARR 50001c98 (sz=12, trace=300000, nelems=6, elem type=char[])
ARR 50001c99 (sz=12, trace=300000, nelems=6, elem type=char[])
ARR 50001c9a (sz=16, trace=300000, nelems=8, elem type=char[])
OBJ 50001c9b (sz=24, trace=300000, class=java.lang.String@5000013c)
	value		50001ca4
ARR 50001c9c (sz=32, trace=300000, nelems=3, elem type=java.lang.Object[]@5000011b)
	[0]		50001b35
	[1]		50001c9d
	[2]		50001c9e
OBJ 50001c9d (sz=24, trace=300000, class=java.lang.String@5000013c)
	value		50001ca3
ARR 50001c9e (sz=24, trace=300000, nelems=2, elem type=java.lang.Object[]@5000011b)
	[0]		50001c9f
	[1]		50001ca0
OBJ 50001c9f (sz=24, trace=300000, class=java.lang.String@5000013c)
	value		50001ca2
OBJ 50001ca0 (sz=24, trace=300000, class=java.lang.String@5000013c)
	value		50001ca1
ARR 50001ca1 (sz=22, trace=300000, nelems=11, elem type=char[])
ARR 50001ca2 (sz=22, trace=300000, nelems=11, elem type=char[])
ARR 50001ca3 (sz=12, trace=300000, nelems=6, elem type=char[])
ARR 50001ca4 (sz=12, trace=300000, nelems=6, elem type=char[])
OBJ 50001ca5 (sz=24, trace=300000, class=java.lang.String@5000013c)
	value		50001cac
OBJ 50001ca6 (sz=24, trace=300000, class=java.lang.String@5000013c)
	value		50001cab
ARR 50001ca7 (sz=24, trace=300000, nelems=2, elem type=java.lang.Object[]@5000011b)
	[0]		50001ca8
	[1]		50001c5e
OBJ 50001ca8 (sz=24, trace=300000, class=java.lang.String@5000013c)
	value		50001caa
ARR 50001ca9 (sz=16, trace=300000, nelems=8, elem type=char[])
ARR 50001caa (sz=16, trace=300000, nelems=8, elem type=char[])
ARR 50001cab (sz=22, trace=300000, nelems=11, elem type=char[])
ARR 50001cac (sz=22, trace=300000, nelems=11, elem type=char[])
OBJ 50001cad (sz=24, trace=300000, class=java.lang.String@5000013c)
	value		50001cb1
ARR 50001cae (sz=24, trace=300000, nelems=2, elem type=java.lang.Object[]@5000011b)
	[0]		50001b3f
	[1]		50001caf
OBJ 50001caf (sz=24, trace=300000, class=java.lang.String@5000013c)
	value		50001cb0
ARR 50001cb0 (sz=12, trace=300000, nelems=6, elem type=char[])
ARR 50001cb1 (sz=12, trace=300000, nelems=6, elem type=char[])
OBJ 50001cb2 (sz=24, trace=300000, class=java.lang.String@5000013c)
	value		50001cb3
ARR 50001cb3 (sz=12, trace=300000, nelems=6, elem type=char[])
OBJ 50001cb4 (sz=24, trace=300000, class=java.lang.String@5000013c)
	value		50001cb7
OBJ 50001cb5 (sz=24, trace=300000, class=java.lang.String@5000013c)
	value		50001cb6
ARR 50001cb6 (sz=12, trace=300000, nelems=6, elem type=char[])
ARR 50001cb7 (sz=16, trace=300000, nelems=8, elem type=char[])
OBJ 50001cb8 (sz=24, trace=300000, class=java.lang.String@5000013c)
	value		50001cbb
OBJ 50001cb9 (sz=24, trace=300000, class=java.lang.String@5000013c)
	value		50001cba
ARR 50001cba (sz=20, trace=300000, nelems=10, elem type=char[])
ARR 50001cbb (sz=20, trace=300000, nelems=10, elem type=char[])
OBJ 50001cbc (sz=24, trace=300000, class=java.lang.String@5000013c)
	value		50001cc4
OBJ 50001cbd (sz=24, trace=300000, class=java.lang.String@5000013c)
	value		50001cc3
ARR 50001cbe (sz=24, trace=300000, nelems=2, elem type=java.lang.Object[]@5000011b)
	[0]		50001cbf
	[1]		50001cc0
OBJ 50001cbf (sz=24, trace=300000, class=java.lang.String@5000013c)
	value		50001cc2
OBJ 50001cc0 (sz=24, trace=300000, class=java.lang.String@5000013c)
	value		50001cc1
ARR 50001cc1 (sz=20, trace=300000, nelems=10, elem type=char[])
ARR 50001cc2 (sz=20, trace=300000, nelems=10, elem type=char[])
ARR 50001cc3 (sz=12, trace=300000, nelems=6, elem type=char[])
ARR 50001cc4 (sz=16, trace=300000, nelems=8, elem type=char[])
OBJ 50001cc5 (sz=24, trace=300000, class=java.lang.String@5000013c)
	value		50001cc8
OBJ 50001cc6 (sz=24, trace=300000, class=java.lang.String@5000013c)
	value		50001cc7
ARR 50001cc7 (sz=20, trace=300000, nelems=10, elem type=char[])
ARR 50001cc8 (sz=20, trace=300000, nelems=10, elem type=char[])
OBJ 50001cc9 (sz=24, trace=300000, class=java.lang.String@5000013c)
	value		50001cd1
OBJ 50001cca (sz=24, trace=300000, class=java.lang.String@5000013c)
	value		50001cd0
ARR 50001ccb (sz=24, trace=300000, nelems=2, elem type=java.lang.Object[]@5000011b)
	[0]		50001ccc
	[1]		50001ccd
OBJ 50001ccc (sz=24, trace=300000, class=java.lang.String@5000013c)
	value		50001ccf
OBJ 50001ccd (sz=24, trace=300000, class=java.lang.String@5000013c)
	value		50001cce
ARR 50001cce (sz=10, trace=300000, nelems=5, elem type=char[])
ARR 50001ccf (sz=10, trace=300000, nelems=5, elem type=char[])
ARR 50001cd0 (sz=20, trace=300000, nelems=10, elem type=char[])
ARR 50001cd1 (sz=20, trace=300000, nelems=10, elem type=char[])
OBJ 50001cd2 (sz=24, trace=300000, class=java.lang.String@5000013c)
	value		50001cd8
OBJ 50001cd3 (sz=24, trace=300000, class=java.lang.String@5000013c)
	value		50001cd7
ARR 50001cd4 (sz=24, trace=300000, nelems=2, elem type=java.lang.Object[]@5000011b)
	[0]		50001cd5
	[1]		50001aca
OBJ 50001cd5 (sz=24, trace=300000, class=java.lang.String@5000013c)
	value		50001cd6
ARR 50001cd6 (sz=20, trace=300000, nelems=10, elem type=char[])
ARR 50001cd7 (sz=20, trace=300000, nelems=10, elem type=char[])
ARR 50001cd8 (sz=20, trace=300000, nelems=10, elem type=char[])
OBJ 50001cd9 (sz=24, trace=300000, class=java.lang.String@5000013c)
	value		50001cda
ARR 50001cda (sz=16, trace=300000, nelems=8, elem type=char[])
OBJ 50001cdb (sz=24, trace=300000, class=java.lang.String@5000013c)
	value		50001cde
OBJ 50001cdc (sz=24, trace=300000, class=java.lang.String@5000013c)
	value		50001cdd
ARR 50001cdd (sz=12, trace=300000, nelems=6, elem type=char[])
ARR 50001cde (sz=24, trace=300000, nelems=12, elem type=char[])
OBJ 50001cdf (sz=24, trace=300000, class=java.lang.String@5000013c)
	value		50001ce5
OBJ 50001ce0 (sz=24, trace=300000, class=java.lang.String@5000013c)
	value		50001ce4
ARR 50001ce1 (sz=24, trace=300000, nelems=2, elem type=java.lang.Object[]@5000011b)
	[0]		50001ce2
	[1]		50001aa9
OBJ 50001ce2 (sz=24, trace=300000, class=java.lang.String@5000013c)
	value		50001ce3
ARR 50001ce3 (sz=12, trace=300000, nelems=6, elem type=char[])
ARR 50001ce4 (sz=12, trace=300000, nelems=6, elem type=char[])
ARR 50001ce5 (sz=24, trace=300000, nelems=12, elem type=char[])
OBJ 50001ce6 (sz=24, trace=300000, class=java.lang.String@5000013c)
	value		50001cf1
OBJ 50001ce7 (sz=24, trace=300000, class=java.lang.String@5000013c)
	value		50001cf0
ARR 50001ce8 (sz=32, trace=300000, nelems=3, elem type=java.lang.Object[]@5000011b)
	[0]		50001ce9
	[1]		50001cea
	[2]		50001ceb
OBJ 50001ce9 (sz=24, trace=300000, class=java.lang.String@5000013c)
	value		50001cef
OBJ 50001cea (sz=24, trace=300000, class=java.lang.String@5000013c)
	value		50001cee
ARR 50001ceb (sz=24, trace=300000, nelems=2, elem type=java.lang.Object[]@5000011b)
	[0]		50001cec
	[1]		50001ab9
OBJ 50001cec (sz=24, trace=300000, class=java.lang.String@5000013c)
	value		50001ced
ARR 50001ced (sz=16, trace=300000, nelems=8, elem type=char[])
ARR 50001cee (sz=12, trace=300000, nelems=6, elem type=char[])
ARR 50001cef (sz=24, trace=300000, nelems=12, elem type=char[])
ARR 50001cf0 (sz=12, trace=300000, nelems=6, elem type=char[])
ARR 50001cf1 (sz=24, trace=300000, nelems=12, elem type=char[])
OBJ 50001cf2 (sz=24, trace=300000, class=java.lang.String@5000013c)
	value		50001cfa
OBJ 50001cf3 (sz=24, trace=300000, class=java.lang.String@5000013c)
	value		50001cf9
ARR 50001cf4 (sz=24, trace=300000, nelems=2, elem type=java.lang.Object[]@5000011b)
	[0]		50001cf5
	[1]		50001cf6
OBJ 50001cf5 (sz=24, trace=300000, class=java.lang.String@5000013c)
	value		50001cf8
OBJ 50001cf6 (sz=24, trace=300000, class=java.lang.String@5000013c)
	value		50001cf7
ARR 50001cf7 (sz=12, trace=300000, nelems=6, elem type=char[])
ARR 50001cf8 (sz=24, trace=300000, nelems=12, elem type=char[])
ARR 50001cf9 (sz=12, trace=300000, nelems=6, elem type=char[])
ARR 50001cfa (sz=24, trace=300000, nelems=12, elem type=char[])
OBJ 50001cfb (sz=24, trace=300000, class=java.lang.String@5000013c)
	value		50001d02
ARR 50001cfc (sz=32, trace=300000, nelems=3, elem type=java.lang.Object[]@5000011b)
	[0]		50001cfd
	[1]		50001ab5
	[2]		50001cfe
OBJ 50001cfd (sz=24, trace=300000, class=java.lang.String@5000013c)
	value		50001d01
ARR 50001cfe (sz=24, trace=300000, nelems=2, elem type=java.lang.Object[]@5000011b)
	[0]		50001cff
	[1]		50001ab1
OBJ 50001cff (sz=24, trace=300000, class=java.lang.String@5000013c)
	value		50001d00
ARR 50001d00 (sz=16, trace=300000, nelems=8, elem type=char[])
ARR 50001d01 (sz=12, trace=300000, nelems=6, elem type=char[])
ARR 50001d02 (sz=12, trace=300000, nelems=6, elem type=char[])
OBJ 50001d03 (sz=24, trace=300000, class=java.lang.String@5000013c)
	value		50001d04
ARR 50001d04 (sz=12, trace=300000, nelems=6, elem type=char[])
ARR 50001d05 (sz=4112, trace=300000, nelems=1016, elem type=java.lang.Object[]@5000011b)
	[1]		50001d06
	[2]		50001d07
	[3]		50001d08
	[5]		50001d09
	[6]		50001d0a
	[10]		50001d0b
	[19]		50001d0c
	[24]		50001d0d
	[25]		50001d0e
	[26]		50001d0f
	[28]		50001d10
	[29]		50001d11
	[55]		50001d12
	[58]		50001d13
	[86]		50001d14
	[87]		50001d15
	[89]		50001d16
	[90]		50001d17
	[92]		50001d18
	[94]		50001d19
	[95]		50001d1a
	[96]		50001d1b
	[106]		50001d1c
	[121]		50001d1d
	[125]		50001d1e
	[134]		50001d1f
	[137]		50001d20
	[141]		50001d21
	[143]		50001d22
	[144]		50001d23
	[170]		50001d24
	[173]		50001d25
	[177]		50001d26
	[192]		50001d27
	[199]		50001d28
	[205]		50001d29
	[211]		50001d2a
	[213]		50001d2b
	[216]		50001d2c
	[218]		50001d2d
	[219]		50001d2e
	[225]		50001d2f
	[244]		50001d30
	[248]		50001d31
	[253]		50001d32
	[254]		50001d33
	[259]		50001d34
	[269]		50001d35
	[277]		50001d36
	[280]		50001d37
	[283]		50001d38
	[284]		50001d39
	[286]		50001d3a
	[287]		50001d3b
	[289]		50001d3c
	[291]		50001d3d
	[294]		50001d3e
	[296]		50001d3f
	[297]		50001d40
	[305]		50001d41
	[307]		50001d42
	[312]		50001d43
	[321]		50001d44
	[323]		50001d45
	[324]		50001d46
	[325]		50001d47
	[326]		50001d48
	[327]		50001d49
	[328]		50001d4a
	[329]		50001d4b
	[331]		50001d4c
	[333]		50001d4d
	[334]		50001d4e
	[336]		50001d4f
	[339]		50001d50
	[341]		50001d51
	[345]		50001d52
	[350]		50001d53
	[353]		50001d54
	[358]		50001d55
	[359]		50001d56
	[363]		50001d57
	[364]		50001d58
	[378]		50001d59
	[385]		50001d5a
	[391]		50001d5b
	[392]		50001d5c
	[405]		50001d5d
	[406]		50001d5e
	[408]		50001d5f
	[421]		50001d60
	[428]		50001d61
	[429]		50001d62
	[430]		50001d63
	[432]		50001d64
	[433]		50001d65
	[436]		50001d66
	[437]		50001d67
	[438]		50001d68
	[443]		50001d69
	[456]		50001d6a
	[473]		50001d6b
	[479]		50001d6c
	[481]		50001d6d
	[484]		50001d6e
	[486]		50001d6f
	[487]		50001d70
	[502]		50001d71
	[506]		50001d72
	[508]		50001d73
	[511]		50001d74
	[512]		50001d75
	[513]		50001d76
	[514]		50001d77
	[516]		50001d78
	[520]		50001d79
	[523]		50001d7a
	[524]		50001d7b
	[533]		50001d7c
	[537]		50001d7d
	[539]		50001d7e
	[543]		50001d7f
	[545]		50001d80
	[563]		50001d81
	[572]		50001d82
	[573]		50001d83
	[577]		50001d84
	[582]		50001d85
	[583]		50001d86
	[588]		50001d87
	[593]		50001d88
	[598]		50001d89
	[609]		50001d8a
	[617]		50001d8b
	[618]		50001d8c
	[619]		50001d8d
	[620]		50001d8e
	[621]		50001d8f
	[624]		50001d90
	[628]		50001d91
	[632]		50001d92
	[634]		50001d93
	[635]		50001d94
	[636]		50001d95
	[654]		50001d96
	[669]		50001d97
	[670]		50001d98
	[671]		50001d99
	[676]		50001d9a
	[679]		50001d9b
	[686]		50001d9c
	[703]		50001d9d
	[710]		50001d9e
	[712]		50001d9f
	[732]		50001da0
	[733]		50001da1
	[768]		50001da2
	[774]		50001da3
	[781]		50001da4
	[782]		50001da5
	[783]		50001da6
	[784]		50001da7
	[785]		50001da8
	[787]		50001da9
	[789]		50001daa
	[813]		50001dab
	[818]		50001dac
	[832]		50001dad
	[834]		50001dae
	[835]		50001daf
	[836]		50001db0
	[837]		50001db1
	[838]		50001db2
	[840]		50001db3
	[842]		50001db4
	[843]		50001db5
	[846]		50001db6
	[849]		50001db7
	[881]		50001db8
	[896]		50001db9
	[909]		50001dba
	[910]		50001dbb
	[911]		50001dbc
	[912]		50001dbd
	[925]		50001dbe
	[934]		50001dbf
	[937]		50001dc0
	[944]		50001dc1
	[957]		50001dc2
	[993]		50001dc3
	[1009]		50001dc4
	[1015]		50001dc5
ARR 50001d06 (sz=24, trace=300000, nelems=2, elem type=java.lang.Object[]@5000011b)
	[0]		50001e67
	[1]		50001c9f
ARR 50001d07 (sz=24, trace=300000, nelems=2, elem type=java.lang.Object[]@5000011b)
	[0]		50001e65
	[1]		50001cd5
ARR 50001d08 (sz=24, trace=300000, nelems=2, elem type=java.lang.Object[]@5000011b)
	[0]		50001e63
	[1]		50001cd2
ARR 50001d09 (sz=24, trace=300000, nelems=2, elem type=java.lang.Object[]@5000011b)
	[0]		50001e61
	[1]		50001cc9
ARR 50001d0a (sz=24, trace=300000, nelems=2, elem type=java.lang.Object[]@5000011b)
	[0]		50001e5f
	[1]		50001cb8
ARR 50001d0b (sz=24, trace=300000, nelems=2, elem type=java.lang.Object[]@5000011b)
	[0]		50001e5d
	[1]		50001c9f
ARR 50001d0c (sz=24, trace=300000, nelems=2, elem type=java.lang.Object[]@5000011b)
	[0]		50001e5b
	[1]		50001c8d
ARR 50001d0d (sz=24, trace=300000, nelems=2, elem type=java.lang.Object[]@5000011b)
	[0]		50001e59
	[1]		50001ca8
ARR 50001d0e (sz=24, trace=300000, nelems=2, elem type=java.lang.Object[]@5000011b)
	[0]		50001e57
	[1]		50001cbf
ARR 50001d0f (sz=24, trace=300000, nelems=2, elem type=java.lang.Object[]@5000011b)
	[0]		50001ad8
	[1]		50001cd2
ARR 50001d10 (sz=24, trace=300000, nelems=2, elem type=java.lang.Object[]@5000011b)
	[0]		50001ae5
	[1]		50001cc9
ARR 50001d11 (sz=24, trace=300000, nelems=2, elem type=java.lang.Object[]@5000011b)
	[0]		50001af1
	[1]		50001cc5
ARR 50001d12 (sz=24, trace=300000, nelems=2, elem type=java.lang.Object[]@5000011b)
	[0]		50001b0d
	[1]		50001cb8
ARR 50001d13 (sz=24, trace=300000, nelems=2, elem type=java.lang.Object[]@5000011b)
	[0]		50001b1c
	[1]		50001c9f
ARR 50001d14 (sz=32, trace=300000, nelems=3, elem type=java.lang.Object[]@5000011b)
	[0]		50001e54
	[1]		50001cc5
	[2]		50001e55
ARR 50001d15 (sz=24, trace=300000, nelems=2, elem type=java.lang.Object[]@5000011b)
	[0]		50001ace
	[1]		50001cd2
ARR 50001d16 (sz=24, trace=300000, nelems=2, elem type=java.lang.Object[]@5000011b)
	[0]		50001adc
	[1]		50001cc9
ARR 50001d17 (sz=32, trace=300000, nelems=3, elem type=java.lang.Object[]@5000011b)
	[0]		50001b00
	[1]		50001cbf
	[2]		50001e53
ARR 50001d18 (sz=24, trace=300000, nelems=2, elem type=java.lang.Object[]@5000011b)
	[0]		50001af4
	[1]		50001cbf
ARR 50001d19 (sz=24, trace=300000, nelems=2, elem type=java.lang.Object[]@5000011b)
	[0]		50001b04
	[1]		50001cb8
ARR 50001d1a (sz=24, trace=300000, nelems=2, elem type=java.lang.Object[]@5000011b)
	[0]		50001e51
	[1]		50001cd5
ARR 50001d1b (sz=24, trace=300000, nelems=2, elem type=java.lang.Object[]@5000011b)
	[0]		50001ac6
	[1]		50001cd5
ARR 50001d1c (sz=24, trace=300000, nelems=2, elem type=java.lang.Object[]@5000011b)
	[0]		50001a97
	[1]		50001ccc
ARR 50001d1d (sz=24, trace=300000, nelems=2, elem type=java.lang.Object[]@5000011b)
	[0]		50001e4f
	[1]		50001cff
ARR 50001d1e (sz=24, trace=300000, nelems=2, elem type=java.lang.Object[]@5000011b)
	[0]		50001e4d
	[1]		50001cbf
ARR 50001d1f (sz=24, trace=300000, nelems=2, elem type=java.lang.Object[]@5000011b)
	[0]		50001b23
	[1]		50001c87
ARR 50001d20 (sz=24, trace=300000, nelems=2, elem type=java.lang.Object[]@5000011b)
	[0]		50001b26
	[1]		50001c83
ARR 50001d21 (sz=24, trace=300000, nelems=2, elem type=java.lang.Object[]@5000011b)
	[0]		50001ad7
	[1]		50001cd2
ARR 50001d22 (sz=24, trace=300000, nelems=2, elem type=java.lang.Object[]@5000011b)
	[0]		50001ae4
	[1]		50001cc9
ARR 50001d23 (sz=24, trace=300000, nelems=2, elem type=java.lang.Object[]@5000011b)
	[0]		50001af0
	[1]		50001cc5
ARR 50001d24 (sz=24, trace=300000, nelems=2, elem type=java.lang.Object[]@5000011b)
	[0]		50001b0e
	[1]		50001cb8
ARR 50001d25 (sz=24, trace=300000, nelems=2, elem type=java.lang.Object[]@5000011b)
	[0]		50001b1b
	[1]		50001c9f
ARR 50001d26 (sz=24, trace=300000, nelems=2, elem type=java.lang.Object[]@5000011b)
	[0]		50001e4b
	[1]		50001c96
ARR 50001d27 (sz=24, trace=300000, nelems=2, elem type=java.lang.Object[]@5000011b)
	[0]		50001e49
	[1]		50001cd9
ARR 50001d28 (sz=32, trace=300000, nelems=3, elem type=java.lang.Object[]@5000011b)
	[0]		50001b38
	[1]		50001b35
	[2]		50001e48
ARR 50001d29 (sz=24, trace=300000, nelems=2, elem type=java.lang.Object[]@5000011b)
	[0]		50001b01
	[1]		50001cbf
ARR 50001d2a (sz=32, trace=300000, nelems=3, elem type=java.lang.Object[]@5000011b)
	[0]		50001b45
	[1]		50001b44
	[2]		50001e47
ARR 50001d2b (sz=24, trace=300000, nelems=2, elem type=java.lang.Object[]@5000011b)
	[0]		50001b4a
	[1]		50001b48
ARR 50001d2c (sz=24, trace=300000, nelems=2, elem type=java.lang.Object[]@5000011b)
	[0]		50001b4f
	[1]		50001b4e
ARR 50001d2d (sz=32, trace=300000, nelems=3, elem type=java.lang.Object[]@5000011b)
	[0]		50001b54
	[1]		50001b52
	[2]		50001e46
ARR 50001d2e (sz=32, trace=300000, nelems=3, elem type=java.lang.Object[]@5000011b)
	[0]		50001b59
	[1]		50001c91
	[2]		50001e45
ARR 50001d2f (sz=24, trace=300000, nelems=2, elem type=java.lang.Object[]@5000011b)
	[0]		50001e43
	[1]		50001ca8
ARR 50001d30 (sz=24, trace=300000, nelems=2, elem type=java.lang.Object[]@5000011b)
	[0]		50001b5e
	[1]		50001b5c
ARR 50001d31 (sz=24, trace=300000, nelems=2, elem type=java.lang.Object[]@5000011b)
	[0]		50001b64
	[1]		50001b62
ARR 50001d32 (sz=24, trace=300000, nelems=2, elem type=java.lang.Object[]@5000011b)
	[0]		50001e41
	[1]		50001cec
ARR 50001d33 (sz=24, trace=300000, nelems=2, elem type=java.lang.Object[]@5000011b)
	[0]		50001e3f
	[1]		50001cd2
ARR 50001d34 (sz=24, trace=300000, nelems=2, elem type=java.lang.Object[]@5000011b)
	[0]		50001e3d
	[1]		50001ce2
ARR 50001d35 (sz=24, trace=300000, nelems=2, elem type=java.lang.Object[]@5000011b)
	[0]		50001e3b
	[1]		50001c9f
ARR 50001d36 (sz=24, trace=300000, nelems=2, elem type=java.lang.Object[]@5000011b)
	[0]		50001b69
	[1]		50001cbc
ARR 50001d37 (sz=24, trace=300000, nelems=2, elem type=java.lang.Object[]@5000011b)
	[0]		50001e39
	[1]		50001cff
ARR 50001d38 (sz=24, trace=300000, nelems=2, elem type=java.lang.Object[]@5000011b)
	[0]		50001e37
	[1]		50001cd5
ARR 50001d39 (sz=24, trace=300000, nelems=2, elem type=java.lang.Object[]@5000011b)
	[0]		50001acd
	[1]		50001cd2
ARR 50001d3a (sz=24, trace=300000, nelems=2, elem type=java.lang.Object[]@5000011b)
	[0]		50001ada
	[1]		50001cc9
ARR 50001d3b (sz=24, trace=300000, nelems=2, elem type=java.lang.Object[]@5000011b)
	[0]		50001ae7
	[1]		50001cc5
ARR 50001d3c (sz=24, trace=300000, nelems=2, elem type=java.lang.Object[]@5000011b)
	[0]		50001af3
	[1]		50001cbf
ARR 50001d3d (sz=24, trace=300000, nelems=2, elem type=java.lang.Object[]@5000011b)
	[0]		50001b03
	[1]		50001cb8
ARR 50001d3e (sz=24, trace=300000, nelems=2, elem type=java.lang.Object[]@5000011b)
	[0]		50001ad5
	[1]		50001cd2
ARR 50001d3f (sz=24, trace=300000, nelems=2, elem type=java.lang.Object[]@5000011b)
	[0]		50001ae2
	[1]		50001cc9
ARR 50001d40 (sz=24, trace=300000, nelems=2, elem type=java.lang.Object[]@5000011b)
	[0]		50001aee
	[1]		50001cc5
ARR 50001d41 (sz=24, trace=300000, nelems=2, elem type=java.lang.Object[]@5000011b)
	[0]		50001b12
	[1]		50001ca5
ARR 50001d42 (sz=24, trace=300000, nelems=2, elem type=java.lang.Object[]@5000011b)
	[0]		50001e35
	[1]		50001c9f
ARR 50001d43 (sz=32, trace=300000, nelems=3, elem type=java.lang.Object[]@5000011b)
	[0]		50001afb
	[1]		50001cbf
	[2]		50001e34
ARR 50001d44 (sz=24, trace=300000, nelems=2, elem type=java.lang.Object[]@5000011b)
	[0]		50001ad6
	[1]		50001cd2
ARR 50001d45 (sz=32, trace=300000, nelems=3, elem type=java.lang.Object[]@5000011b)
	[0]		50001b0b
	[1]		50001cb8
	[2]		50001e33
ARR 50001d46 (sz=24, trace=300000, nelems=2, elem type=java.lang.Object[]@5000011b)
	[0]		50001aef
	[1]		50001cc5
ARR 50001d47 (sz=24, trace=300000, nelems=2, elem type=java.lang.Object[]@5000011b)
	[0]		50001ac2
	[1]		50001cd5
ARR 50001d48 (sz=32, trace=300000, nelems=3, elem type=java.lang.Object[]@5000011b)
	[0]		50001b42
	[1]		50001b44
	[2]		50001e2f
ARR 50001d49 (sz=24, trace=300000, nelems=2, elem type=java.lang.Object[]@5000011b)
	[0]		50001aed
	[1]		50001cc5
ARR 50001d4a (sz=32, trace=300000, nelems=3, elem type=java.lang.Object[]@5000011b)
	[0]		50001b47
	[1]		50001b48
	[2]		50001e2e
ARR 50001d4b (sz=24, trace=300000, nelems=2, elem type=java.lang.Object[]@5000011b)
	[0]		50001b0a
	[1]		50001cb8
ARR 50001d4c (sz=24, trace=300000, nelems=2, elem type=java.lang.Object[]@5000011b)
	[0]		50001b4c
	[1]		50001b4e
ARR 50001d4d (sz=32, trace=300000, nelems=3, elem type=java.lang.Object[]@5000011b)
	[0]		50001b51
	[1]		50001b52
	[2]		50001e2b
ARR 50001d4e (sz=32, trace=300000, nelems=3, elem type=java.lang.Object[]@5000011b)
	[0]		50001b56
	[1]		50001c91
	[2]		50001e2a
ARR 50001d4f (sz=24, trace=300000, nelems=2, elem type=java.lang.Object[]@5000011b)
	[0]		50001e28
	[1]		50001cd5
ARR 50001d50 (sz=24, trace=300000, nelems=2, elem type=java.lang.Object[]@5000011b)
	[0]		50001b24
	[1]		50001c87
ARR 50001d51 (sz=24, trace=300000, nelems=2, elem type=java.lang.Object[]@5000011b)
	[0]		50001b41
	[1]		50001b3f
ARR 50001d52 (sz=24, trace=300000, nelems=2, elem type=java.lang.Object[]@5000011b)
	[0]		50001e26
	[1]		50001cb8
ARR 50001d53 (sz=24, trace=300000, nelems=2, elem type=java.lang.Object[]@5000011b)
	[0]		50001b0c
	[1]		50001cb8
ARR 50001d54 (sz=24, trace=300000, nelems=2, elem type=java.lang.Object[]@5000011b)
	[0]		50001e24
	[1]		50001c9f
ARR 50001d55 (sz=24, trace=300000, nelems=2, elem type=java.lang.Object[]@5000011b)
	[0]		50001afe
	[1]		50001cbf
ARR 50001d56 (sz=24, trace=300000, nelems=2, elem type=java.lang.Object[]@5000011b)
	[0]		50001b5b
	[1]		50001b5c
ARR 50001d57 (sz=24, trace=300000, nelems=2, elem type=java.lang.Object[]@5000011b)
	[0]		50001b61
	[1]		50001b62
ARR 50001d58 (sz=24, trace=300000, nelems=2, elem type=java.lang.Object[]@5000011b)
	[0]		50001e22
	[1]		50001cd5
ARR 50001d59 (sz=24, trace=300000, nelems=2, elem type=java.lang.Object[]@5000011b)
	[0]		50001e20
	[1]		50001ca8
ARR 50001d5a (sz=24, trace=300000, nelems=2, elem type=java.lang.Object[]@5000011b)
	[0]		50001aff
	[1]		50001cbf
ARR 50001d5b (sz=24, trace=300000, nelems=2, elem type=java.lang.Object[]@5000011b)
	[0]		50001e1e
	[1]		50001cd5
ARR 50001d5c (sz=24, trace=300000, nelems=2, elem type=java.lang.Object[]@5000011b)
	[0]		50001b66
	[1]		50001cbc
ARR 50001d5d (sz=24, trace=300000, nelems=2, elem type=java.lang.Object[]@5000011b)
	[0]		50001abf
	[1]		50001cd5
ARR 50001d5e (sz=24, trace=300000, nelems=2, elem type=java.lang.Object[]@5000011b)
	[0]		50001acf
	[1]		50001cd2
ARR 50001d5f (sz=24, trace=300000, nelems=2, elem type=java.lang.Object[]@5000011b)
	[0]		50001b37
	[1]		50001b35
ARR 50001d60 (sz=24, trace=300000, nelems=2, elem type=java.lang.Object[]@5000011b)
	[0]		50001c9f
	[1]		50001c9f
ARR 50001d61 (sz=24, trace=300000, nelems=2, elem type=java.lang.Object[]@5000011b)
	[0]		50001e1c
	[1]		50001c9f
ARR 50001d62 (sz=24, trace=300000, nelems=2, elem type=java.lang.Object[]@5000011b)
	[0]		50001ac1
	[1]		50001cd5
ARR 50001d63 (sz=24, trace=300000, nelems=2, elem type=java.lang.Object[]@5000011b)
	[0]		50001ad3
	[1]		50001cd2
ARR 50001d64 (sz=24, trace=300000, nelems=2, elem type=java.lang.Object[]@5000011b)
	[0]		50001ae0
	[1]		50001cc9
ARR 50001d65 (sz=24, trace=300000, nelems=2, elem type=java.lang.Object[]@5000011b)
	[0]		50001b09
	[1]		50001cb8
ARR 50001d66 (sz=24, trace=300000, nelems=2, elem type=java.lang.Object[]@5000011b)
	[0]		50001add
	[1]		50001cc9
ARR 50001d67 (sz=24, trace=300000, nelems=2, elem type=java.lang.Object[]@5000011b)
	[0]		50001e1a
	[1]		50001c9f
ARR 50001d68 (sz=24, trace=300000, nelems=2, elem type=java.lang.Object[]@5000011b)
	[0]		50001e18
	[1]		50001ca8
ARR 50001d69 (sz=24, trace=300000, nelems=2, elem type=java.lang.Object[]@5000011b)
	[0]		50001e16
	[1]		50001c8b
ARR 50001d6a (sz=24, trace=300000, nelems=2, elem type=java.lang.Object[]@5000011b)
	[0]		50001b3e
	[1]		50001b3f
ARR 50001d6b (sz=24, trace=300000, nelems=2, elem type=java.lang.Object[]@5000011b)
	[0]		50001af5
	[1]		50001cbf
ARR 50001d6c (sz=24, trace=300000, nelems=2, elem type=java.lang.Object[]@5000011b)
	[0]		50001b44
	[1]		50001b44
ARR 50001d6d (sz=24, trace=300000, nelems=2, elem type=java.lang.Object[]@5000011b)
	[0]		50001b48
	[1]		50001b48
ARR 50001d6e (sz=24, trace=300000, nelems=2, elem type=java.lang.Object[]@5000011b)
	[0]		50001b4e
	[1]		50001b4e
ARR 50001d6f (sz=24, trace=300000, nelems=2, elem type=java.lang.Object[]@5000011b)
	[0]		50001b52
	[1]		50001b52
ARR 50001d70 (sz=24, trace=300000, nelems=2, elem type=java.lang.Object[]@5000011b)
	[0]		50001b3b
	[1]		50001cb4
ARR 50001d71 (sz=24, trace=300000, nelems=2, elem type=java.lang.Object[]@5000011b)
	[0]		50001e14
	[1]		50001cff
ARR 50001d72 (sz=24, trace=300000, nelems=2, elem type=java.lang.Object[]@5000011b)
	[0]		50001b43
	[1]		50001b44
ARR 50001d73 (sz=24, trace=300000, nelems=2, elem type=java.lang.Object[]@5000011b)
	[0]		50001b49
	[1]		50001b48
ARR 50001d74 (sz=24, trace=300000, nelems=2, elem type=java.lang.Object[]@5000011b)
	[0]		50001b4d
	[1]		50001b4e
ARR 50001d75 (sz=24, trace=300000, nelems=2, elem type=java.lang.Object[]@5000011b)
	[0]		50001b5c
	[1]		50001b5c
ARR 50001d76 (sz=24, trace=300000, nelems=2, elem type=java.lang.Object[]@5000011b)
	[0]		50001b53
	[1]		50001b52
ARR 50001d77 (sz=24, trace=300000, nelems=2, elem type=java.lang.Object[]@5000011b)
	[0]		50001b3c
	[1]		50001cb4
ARR 50001d78 (sz=24, trace=300000, nelems=2, elem type=java.lang.Object[]@5000011b)
	[0]		50001b62
	[1]		50001b62
ARR 50001d79 (sz=24, trace=300000, nelems=2, elem type=java.lang.Object[]@5000011b)
	[0]		50001e12
	[1]		50001cd9
ARR 50001d7a (sz=24, trace=300000, nelems=2, elem type=java.lang.Object[]@5000011b)
	[0]		50001b34
	[1]		50001b35
ARR 50001d7b (sz=24, trace=300000, nelems=2, elem type=java.lang.Object[]@5000011b)
	[0]		50001aaa
	[1]		50001ce2
ARR 50001d7c (sz=24, trace=300000, nelems=2, elem type=java.lang.Object[]@5000011b)
	[0]		50001ae9
	[1]		50001cc5
ARR 50001d7d (sz=24, trace=300000, nelems=2, elem type=java.lang.Object[]@5000011b)
	[0]		50001b05
	[1]		50001cb8
ARR 50001d7e (sz=24, trace=300000, nelems=2, elem type=java.lang.Object[]@5000011b)
	[0]		50001b5d
	[1]		50001b5c
ARR 50001d7f (sz=24, trace=300000, nelems=2, elem type=java.lang.Object[]@5000011b)
	[0]		50001b63
	[1]		50001b62
ARR 50001d80 (sz=24, trace=300000, nelems=2, elem type=java.lang.Object[]@5000011b)
	[0]		50001b67
	[1]		50001cbc
ARR 50001d81 (sz=24, trace=300000, nelems=2, elem type=java.lang.Object[]@5000011b)
	[0]		50001e10
	[1]		50001c81
ARR 50001d82 (sz=24, trace=300000, nelems=2, elem type=java.lang.Object[]@5000011b)
	[0]		50001b68
	[1]		50001cbc
ARR 50001d83 (sz=24, trace=300000, nelems=2, elem type=java.lang.Object[]@5000011b)
	[0]		50001e0e
	[1]		50001cc9
ARR 50001d84 (sz=24, trace=300000, nelems=2, elem type=java.lang.Object[]@5000011b)
	[0]		50001aa4
	[1]		50001ca8
ARR 50001d85 (sz=24, trace=300000, nelems=2, elem type=java.lang.Object[]@5000011b)
	[0]		50001e0c
	[1]		50001cfd
ARR 50001d86 (sz=24, trace=300000, nelems=2, elem type=java.lang.Object[]@5000011b)
	[0]		50001e0a
	[1]		50001c91
ARR 50001d87 (sz=24, trace=300000, nelems=2, elem type=java.lang.Object[]@5000011b)
	[0]		50001e08
	[1]		50001cbf
ARR 50001d88 (sz=24, trace=300000, nelems=2, elem type=java.lang.Object[]@5000011b)
	[0]		50001e06
	[1]		50001cbf
ARR 50001d89 (sz=24, trace=300000, nelems=2, elem type=java.lang.Object[]@5000011b)
	[0]		50001e04
	[1]		50001b52
ARR 50001d8a (sz=24, trace=300000, nelems=2, elem type=java.lang.Object[]@5000011b)
	[0]		50001b3f
	[1]		50001b3f
ARR 50001d8b (sz=24, trace=300000, nelems=2, elem type=java.lang.Object[]@5000011b)
	[0]		50001b27
	[1]		50001cf5
ARR 50001d8c (sz=24, trace=300000, nelems=2, elem type=java.lang.Object[]@5000011b)
	[0]		50001b29
	[1]		50001cf2
ARR 50001d8d (sz=24, trace=300000, nelems=2, elem type=java.lang.Object[]@5000011b)
	[0]		50001b2c
	[1]		50001ce9
ARR 50001d8e (sz=24, trace=300000, nelems=2, elem type=java.lang.Object[]@5000011b)
	[0]		50001b2e
	[1]		50001ce6
ARR 50001d8f (sz=24, trace=300000, nelems=2, elem type=java.lang.Object[]@5000011b)
	[0]		50001b30
	[1]		50001cdf
ARR 50001d90 (sz=32, trace=300000, nelems=3, elem type=java.lang.Object[]@5000011b)
	[0]		50001e01
	[1]		50001b5c
	[2]		50001e02
ARR 50001d91 (sz=24, trace=300000, nelems=2, elem type=java.lang.Object[]@5000011b)
	[0]		50001dff
	[1]		50001b62
ARR 50001d92 (sz=24, trace=300000, nelems=2, elem type=java.lang.Object[]@5000011b)
	[0]		50001b10
	[1]		50001ca5
ARR 50001d93 (sz=32, trace=300000, nelems=3, elem type=java.lang.Object[]@5000011b)
	[0]		50001dfa
	[1]		50001c9f
	[2]		50001dfb
ARR 50001d94 (sz=24, trace=300000, nelems=2, elem type=java.lang.Object[]@5000011b)
	[0]		50001df8
	[1]		50001c8b
ARR 50001d95 (sz=24, trace=300000, nelems=2, elem type=java.lang.Object[]@5000011b)
	[0]		50001b40
	[1]		50001b3f
ARR 50001d96 (sz=24, trace=300000, nelems=2, elem type=java.lang.Object[]@5000011b)
	[0]		50001b58
	[1]		50001c91
ARR 50001d97 (sz=24, trace=300000, nelems=2, elem type=java.lang.Object[]@5000011b)
	[0]		50001b11
	[1]		50001ca5
ARR 50001d98 (sz=24, trace=300000, nelems=2, elem type=java.lang.Object[]@5000011b)
	[0]		50001aa0
	[1]		50001ca8
ARR 50001d99 (sz=24, trace=300000, nelems=2, elem type=java.lang.Object[]@5000011b)
	[0]		50001b15
	[1]		50001c9f
ARR 50001d9a (sz=24, trace=300000, nelems=2, elem type=java.lang.Object[]@5000011b)
	[0]		50001b35
	[1]		50001b35
ARR 50001d9b (sz=24, trace=300000, nelems=2, elem type=java.lang.Object[]@5000011b)
	[0]		50001aa2
	[1]		50001ca8
ARR 50001d9c (sz=24, trace=300000, nelems=2, elem type=java.lang.Object[]@5000011b)
	[0]		50001df6
	[1]		50001cd9
ARR 50001d9d (sz=24, trace=300000, nelems=2, elem type=java.lang.Object[]@5000011b)
	[0]		50001b36
	[1]		50001b35
ARR 50001d9e (sz=24, trace=300000, nelems=2, elem type=java.lang.Object[]@5000011b)
	[0]		50001df4
	[1]		50001ca5
ARR 50001d9f (sz=24, trace=300000, nelems=2, elem type=java.lang.Object[]@5000011b)
	[0]		50001df2
	[1]		50001c9f
ARR 50001da0 (sz=24, trace=300000, nelems=2, elem type=java.lang.Object[]@5000011b)
	[0]		50001df0
	[1]		50001cc5
ARR 50001da1 (sz=24, trace=300000, nelems=2, elem type=java.lang.Object[]@5000011b)
	[0]		50001aab
	[1]		50001ce2
ARR 50001da2 (sz=24, trace=300000, nelems=2, elem type=java.lang.Object[]@5000011b)
	[0]		50001afa
	[1]		50001cbf
ARR 50001da3 (sz=24, trace=300000, nelems=2, elem type=java.lang.Object[]@5000011b)
	[0]		50001aa8
	[1]		50001ca8
ARR 50001da4 (sz=24, trace=300000, nelems=2, elem type=java.lang.Object[]@5000011b)
	[0]		50001dee
	[1]		50001cd5
ARR 50001da5 (sz=24, trace=300000, nelems=2, elem type=java.lang.Object[]@5000011b)
	[0]		50001dec
	[1]		50001cd2
ARR 50001da6 (sz=24, trace=300000, nelems=2, elem type=java.lang.Object[]@5000011b)
	[0]		50001b25
	[1]		50001c87
ARR 50001da7 (sz=24, trace=300000, nelems=2, elem type=java.lang.Object[]@5000011b)
	[0]		50001adb
	[1]		50001cc9
ARR 50001da8 (sz=24, trace=300000, nelems=2, elem type=java.lang.Object[]@5000011b)
	[0]		50001dea
	[1]		50001cc5
ARR 50001da9 (sz=24, trace=300000, nelems=2, elem type=java.lang.Object[]@5000011b)
	[0]		50001b02
	[1]		50001cbf
ARR 50001daa (sz=24, trace=300000, nelems=2, elem type=java.lang.Object[]@5000011b)
	[0]		50001de8
	[1]		50001cb8
ARR 50001dab (sz=24, trace=300000, nelems=2, elem type=java.lang.Object[]@5000011b)
	[0]		50001b57
	[1]		50001c91
ARR 50001dac (sz=24, trace=300000, nelems=2, elem type=java.lang.Object[]@5000011b)
	[0]		50001b60
	[1]		50001b5c
ARR 50001dad (sz=24, trace=300000, nelems=2, elem type=java.lang.Object[]@5000011b)
	[0]		50001de6
	[1]		50001ca8
ARR 50001dae (sz=24, trace=300000, nelems=2, elem type=java.lang.Object[]@5000011b)
	[0]		50001de4
	[1]		50001cd5
ARR 50001daf (sz=32, trace=300000, nelems=3, elem type=java.lang.Object[]@5000011b)
	[0]		50001ddf
	[1]		50001cd2
	[2]		50001de0
ARR 50001db0 (sz=24, trace=300000, nelems=2, elem type=java.lang.Object[]@5000011b)
	[0]		50001afd
	[1]		50001cbf
ARR 50001db1 (sz=24, trace=300000, nelems=2, elem type=java.lang.Object[]@5000011b)
	[0]		50001ddd
	[1]		50001cc9
ARR 50001db2 (sz=24, trace=300000, nelems=2, elem type=java.lang.Object[]@5000011b)
	[0]		50001ddb
	[1]		50001cc5
ARR 50001db3 (sz=32, trace=300000, nelems=3, elem type=java.lang.Object[]@5000011b)
	[0]		50001dd6
	[1]		50001b48
	[2]		50001dd7
ARR 50001db4 (sz=24, trace=300000, nelems=2, elem type=java.lang.Object[]@5000011b)
	[0]		50001dd4
	[1]		50001cb8
ARR 50001db5 (sz=24, trace=300000, nelems=2, elem type=java.lang.Object[]@5000011b)
	[0]		50001b50
	[1]		50001b4e
ARR 50001db6 (sz=24, trace=300000, nelems=2, elem type=java.lang.Object[]@5000011b)
	[0]		50001b39
	[1]		50001b35
ARR 50001db7 (sz=24, trace=300000, nelems=2, elem type=java.lang.Object[]@5000011b)
	[0]		50001dd2
	[1]		50001ca8
ARR 50001db8 (sz=24, trace=300000, nelems=2, elem type=java.lang.Object[]@5000011b)
	[0]		50001dd0
	[1]		50001ccc
ARR 50001db9 (sz=24, trace=300000, nelems=2, elem type=java.lang.Object[]@5000011b)
	[0]		50001aa6
	[1]		50001ca8
ARR 50001dba (sz=24, trace=300000, nelems=2, elem type=java.lang.Object[]@5000011b)
	[0]		50001b28
	[1]		50001cf5
ARR 50001dbb (sz=24, trace=300000, nelems=2, elem type=java.lang.Object[]@5000011b)
	[0]		50001b2a
	[1]		50001cf2
ARR 50001dbc (sz=24, trace=300000, nelems=2, elem type=java.lang.Object[]@5000011b)
	[0]		50001b2d
	[1]		50001ce9
ARR 50001dbd (sz=24, trace=300000, nelems=2, elem type=java.lang.Object[]@5000011b)
	[0]		50001b2f
	[1]		50001ce6
ARR 50001dbe (sz=24, trace=300000, nelems=2, elem type=java.lang.Object[]@5000011b)
	[0]		50001dce
	[1]		50001ca8
ARR 50001dbf (sz=24, trace=300000, nelems=2, elem type=java.lang.Object[]@5000011b)
	[0]		50001b31
	[1]		50001cdf
ARR 50001dc0 (sz=24, trace=300000, nelems=2, elem type=java.lang.Object[]@5000011b)
	[0]		50001b33
	[1]		50001cdb
ARR 50001dc1 (sz=24, trace=300000, nelems=2, elem type=java.lang.Object[]@5000011b)
	[0]		50001dcc
	[1]		50001c81
ARR 50001dc2 (sz=24, trace=300000, nelems=2, elem type=java.lang.Object[]@5000011b)
	[0]		50001dca
	[1]		50001ce2
ARR 50001dc3 (sz=24, trace=300000, nelems=2, elem type=java.lang.Object[]@5000011b)
	[0]		50001b46
	[1]		50001b44
ARR 50001dc4 (sz=24, trace=300000, nelems=2, elem type=java.lang.Object[]@5000011b)
	[0]		50001dc8
	[1]		50001c96
ARR 50001dc5 (sz=24, trace=300000, nelems=2, elem type=java.lang.Object[]@5000011b)
	[0]		50001dc6
	[1]		50001cfd
OBJ 50001dc6 (sz=24, trace=300000, class=java.lang.String@5000013c)
	value		50001dc7
ARR 50001dc7 (sz=12, trace=300000, nelems=6, elem type=char[])
OBJ 50001dc8 (sz=24, trace=300000, class=java.lang.String@5000013c)
	value		50001dc9
ARR 50001dc9 (sz=24, trace=300000, nelems=12, elem type=char[])
OBJ 50001dca (sz=24, trace=300000, class=java.lang.String@5000013c)
	value		50001dcb
ARR 50001dcb (sz=12, trace=300000, nelems=6, elem type=char[])
OBJ 50001dcc (sz=24, trace=300000, class=java.lang.String@5000013c)
	value		50001dcd
ARR 50001dcd (sz=16, trace=300000, nelems=8, elem type=char[])
OBJ 50001dce (sz=24, trace=300000, class=java.lang.String@5000013c)
	value		50001dcf
ARR 50001dcf (sz=32, trace=300000, nelems=16, elem type=char[])
OBJ 50001dd0 (sz=24, trace=300000, class=java.lang.String@5000013c)
	value		50001dd1
ARR 50001dd1 (sz=8, trace=300000, nelems=4, elem type=char[])
OBJ 50001dd2 (sz=24, trace=300000, class=java.lang.String@5000013c)
	value		50001dd3
ARR 50001dd3 (sz=10, trace=300000, nelems=5, elem type=char[])
OBJ 50001dd4 (sz=24, trace=300000, class=java.lang.String@5000013c)
	value		50001dd5
ARR 50001dd5 (sz=20, trace=300000, nelems=10, elem type=char[])
OBJ 50001dd6 (sz=24, trace=300000, class=java.lang.String@5000013c)
	value		50001dda
ARR 50001dd7 (sz=24, trace=300000, nelems=2, elem type=java.lang.Object[]@5000011b)
	[0]		50001dd8
	[1]		50001cbf
OBJ 50001dd8 (sz=24, trace=300000, class=java.lang.String@5000013c)
	value		50001dd9
ARR 50001dd9 (sz=20, trace=300000, nelems=10, elem type=char[])
ARR 50001dda (sz=16, trace=300000, nelems=8, elem type=char[])
OBJ 50001ddb (sz=24, trace=300000, class=java.lang.String@5000013c)
	value		50001ddc
ARR 50001ddc (sz=20, trace=300000, nelems=10, elem type=char[])
OBJ 50001ddd (sz=24, trace=300000, class=java.lang.String@5000013c)
	value		50001dde
ARR 50001dde (sz=20, trace=300000, nelems=10, elem type=char[])
OBJ 50001ddf (sz=24, trace=300000, class=java.lang.String@5000013c)
	value		50001de3
ARR 50001de0 (sz=24, trace=300000, nelems=2, elem type=java.lang.Object[]@5000011b)
	[0]		50001de1
	[1]		50001cd9
OBJ 50001de1 (sz=24, trace=300000, class=java.lang.String@5000013c)
	value		50001de2
ARR 50001de2 (sz=20, trace=300000, nelems=10, elem type=char[])
ARR 50001de3 (sz=20, trace=300000, nelems=10, elem type=char[])
OBJ 50001de4 (sz=24, trace=300000, class=java.lang.String@5000013c)
	value		50001de5
ARR 50001de5 (sz=20, trace=300000, nelems=10, elem type=char[])
OBJ 50001de6 (sz=24, trace=300000, class=java.lang.String@5000013c)
	value		50001de7
ARR 50001de7 (sz=12, trace=300000, nelems=6, elem type=char[])
OBJ 50001de8 (sz=24, trace=300000, class=java.lang.String@5000013c)
	value		50001de9
ARR 50001de9 (sz=18, trace=300000, nelems=9, elem type=char[])
OBJ 50001dea (sz=24, trace=300000, class=java.lang.String@5000013c)
	value		50001deb
ARR 50001deb (sz=18, trace=300000, nelems=9, elem type=char[])
OBJ 50001dec (sz=24, trace=300000, class=java.lang.String@5000013c)
	value		50001ded
ARR 50001ded (sz=18, trace=300000, nelems=9, elem type=char[])
OBJ 50001dee (sz=24, trace=300000, class=java.lang.String@5000013c)
	value		50001def
ARR 50001def (sz=18, trace=300000, nelems=9, elem type=char[])
OBJ 50001df0 (sz=24, trace=300000, class=java.lang.String@5000013c)
	value		50001df1
ARR 50001df1 (sz=30, trace=300000, nelems=15, elem type=char[])
OBJ 50001df2 (sz=24, trace=300000, class=java.lang.String@5000013c)
	value		50001df3
ARR 50001df3 (sz=20, trace=300000, nelems=10, elem type=char[])
OBJ 50001df4 (sz=24, trace=300000, class=java.lang.String@5000013c)
	value		50001df5
ARR 50001df5 (sz=20, trace=300000, nelems=10, elem type=char[])
OBJ 50001df6 (sz=24, trace=300000, class=java.lang.String@5000013c)
	value		50001df7
ARR 50001df7 (sz=30, trace=300000, nelems=15, elem type=char[])
OBJ 50001df8 (sz=24, trace=300000, class=java.lang.String@5000013c)
	value		50001df9
ARR 50001df9 (sz=24, trace=300000, nelems=12, elem type=char[])
OBJ 50001dfa (sz=24, trace=300000, class=java.lang.String@5000013c)
	value		50001dfe
ARR 50001dfb (sz=24, trace=300000, nelems=2, elem type=java.lang.Object[]@5000011b)
	[0]		50001dfc
	[1]		50001cec
OBJ 50001dfc (sz=24, trace=300000, class=java.lang.String@5000013c)
	value		50001dfd
ARR 50001dfd (sz=16, trace=300000, nelems=8, elem type=char[])
ARR 50001dfe (sz=20, trace=300000, nelems=10, elem type=char[])
OBJ 50001dff (sz=24, trace=300000, class=java.lang.String@5000013c)
	value		50001e00
ARR 50001e00 (sz=16, trace=300000, nelems=8, elem type=char[])
OBJ 50001e01 (sz=24, trace=300000, class=java.lang.String@5000013c)
	value		50001e03
ARR 50001e02 (sz=24, trace=300000, nelems=2, elem type=java.lang.Object[]@5000011b)
	[0]		50001b32
	[1]		50001cdb
ARR 50001e03 (sz=16, trace=300000, nelems=8, elem type=char[])
OBJ 50001e04 (sz=24, trace=300000, class=java.lang.String@5000013c)
	value		50001e05
ARR 50001e05 (sz=16, trace=300000, nelems=8, elem type=char[])
OBJ 50001e06 (sz=24, trace=300000, class=java.lang.String@5000013c)
	value		50001e07
ARR 50001e07 (sz=30, trace=300000, nelems=15, elem type=char[])
OBJ 50001e08 (sz=24, trace=300000, class=java.lang.String@5000013c)
	value		50001e09
ARR 50001e09 (sz=16, trace=300000, nelems=8, elem type=char[])
OBJ 50001e0a (sz=24, trace=300000, class=java.lang.String@5000013c)
	value		50001e0b
ARR 50001e0b (sz=48, trace=300000, nelems=24, elem type=char[])
OBJ 50001e0c (sz=24, trace=300000, class=java.lang.String@5000013c)
	value		50001e0d
ARR 50001e0d (sz=10, trace=300000, nelems=5, elem type=char[])
OBJ 50001e0e (sz=24, trace=300000, class=java.lang.String@5000013c)
	value		50001e0f
ARR 50001e0f (sz=30, trace=300000, nelems=15, elem type=char[])
OBJ 50001e10 (sz=24, trace=300000, class=java.lang.String@5000013c)
	value		50001e11
ARR 50001e11 (sz=20, trace=300000, nelems=10, elem type=char[])
OBJ 50001e12 (sz=24, trace=300000, class=java.lang.String@5000013c)
	value		50001e13
ARR 50001e13 (sz=36, trace=300000, nelems=18, elem type=char[])
OBJ 50001e14 (sz=24, trace=300000, class=java.lang.String@5000013c)
	value		50001e15
ARR 50001e15 (sz=16, trace=300000, nelems=8, elem type=char[])
OBJ 50001e16 (sz=24, trace=300000, class=java.lang.String@5000013c)
	value		50001e17
ARR 50001e17 (sz=24, trace=300000, nelems=12, elem type=char[])
OBJ 50001e18 (sz=24, trace=300000, class=java.lang.String@5000013c)
	value		50001e19
ARR 50001e19 (sz=28, trace=300000, nelems=14, elem type=char[])
OBJ 50001e1a (sz=24, trace=300000, class=java.lang.String@5000013c)
	value		50001e1b
ARR 50001e1b (sz=12, trace=300000, nelems=6, elem type=char[])
OBJ 50001e1c (sz=24, trace=300000, class=java.lang.String@5000013c)
	value		50001e1d
ARR 50001e1d (sz=12, trace=300000, nelems=6, elem type=char[])
OBJ 50001e1e (sz=24, trace=300000, class=java.lang.String@5000013c)
	value		50001e1f
ARR 50001e1f (sz=14, trace=300000, nelems=7, elem type=char[])
OBJ 50001e20 (sz=24, trace=300000, class=java.lang.String@5000013c)
	value		50001e21
ARR 50001e21 (sz=28, trace=300000, nelems=14, elem type=char[])
OBJ 50001e22 (sz=24, trace=300000, class=java.lang.String@5000013c)
	value		50001e23
ARR 50001e23 (sz=12, trace=300000, nelems=6, elem type=char[])
OBJ 50001e24 (sz=24, trace=300000, class=java.lang.String@5000013c)
	value		50001e25
ARR 50001e25 (sz=14, trace=300000, nelems=7, elem type=char[])
OBJ 50001e26 (sz=24, trace=300000, class=java.lang.String@5000013c)
	value		50001e27
ARR 50001e27 (sz=30, trace=300000, nelems=15, elem type=char[])
OBJ 50001e28 (sz=24, trace=300000, class=java.lang.String@5000013c)
	value		50001e29
ARR 50001e29 (sz=20, trace=300000, nelems=10, elem type=char[])
ARR 50001e2a (sz=24, trace=300000, nelems=2, elem type=java.lang.Object[]@5000011b)
	[0]		50001b3a
	[1]		50001cb4
ARR 50001e2b (sz=24, trace=300000, nelems=2, elem type=java.lang.Object[]@5000011b)
	[0]		50001e2c
	[1]		50001c9f
OBJ 50001e2c (sz=24, trace=300000, class=java.lang.String@5000013c)
	value		50001e2d
ARR 50001e2d (sz=4, trace=300000, nelems=2, elem type=char[])
ARR 50001e2e (sz=24, trace=300000, nelems=2, elem type=java.lang.Object[]@5000011b)
	[0]		50001ae1
	[1]		50001cc9
ARR 50001e2f (sz=32, trace=300000, nelems=3, elem type=java.lang.Object[]@5000011b)
	[0]		50001e30
	[1]		50001c9f
	[2]		50001e31
OBJ 50001e30 (sz=24, trace=300000, class=java.lang.String@5000013c)
	value		50001e32
ARR 50001e31 (sz=24, trace=300000, nelems=2, elem type=java.lang.Object[]@5000011b)
	[0]		50001ad4
	[1]		50001cd2
ARR 50001e32 (sz=12, trace=300000, nelems=6, elem type=char[])
ARR 50001e33 (sz=24, trace=300000, nelems=2, elem type=java.lang.Object[]@5000011b)
	[0]		50001ae3
	[1]		50001cc9
ARR 50001e34 (sz=24, trace=300000, nelems=2, elem type=java.lang.Object[]@5000011b)
	[0]		50001aa5
	[1]		50001ca8
OBJ 50001e35 (sz=24, trace=300000, class=java.lang.String@5000013c)
	value		50001e36
ARR 50001e36 (sz=22, trace=300000, nelems=11, elem type=char[])
OBJ 50001e37 (sz=24, trace=300000, class=java.lang.String@5000013c)
	value		50001e38
ARR 50001e38 (sz=18, trace=300000, nelems=9, elem type=char[])
OBJ 50001e39 (sz=24, trace=300000, class=java.lang.String@5000013c)
	value		50001e3a
ARR 50001e3a (sz=42, trace=300000, nelems=21, elem type=char[])
OBJ 50001e3b (sz=24, trace=300000, class=java.lang.String@5000013c)
	value		50001e3c
ARR 50001e3c (sz=30, trace=300000, nelems=15, elem type=char[])
OBJ 50001e3d (sz=24, trace=300000, class=java.lang.String@5000013c)
	value		50001e3e
ARR 50001e3e (sz=20, trace=300000, nelems=10, elem type=char[])
OBJ 50001e3f (sz=24, trace=300000, class=java.lang.String@5000013c)
	value		50001e40
ARR 50001e40 (sz=30, trace=300000, nelems=15, elem type=char[])
OBJ 50001e41 (sz=24, trace=300000, class=java.lang.String@5000013c)
	value		50001e42
ARR 50001e42 (sz=20, trace=300000, nelems=10, elem type=char[])
OBJ 50001e43 (sz=24, trace=300000, class=java.lang.String@5000013c)
	value		50001e44
ARR 50001e44 (sz=14, trace=300000, nelems=7, elem type=char[])
ARR 50001e45 (sz=24, trace=300000, nelems=2, elem type=java.lang.Object[]@5000011b)
	[0]		50001b3d
	[1]		50001cb4
ARR 50001e46 (sz=24, trace=300000, nelems=2, elem type=java.lang.Object[]@5000011b)
	[0]		50001a9b
	[1]		50001ca8
ARR 50001e47 (sz=24, trace=300000, nelems=2, elem type=java.lang.Object[]@5000011b)
	[0]		50001ac4
	[1]		50001cd5
ARR 50001e48 (sz=24, trace=300000, nelems=2, elem type=java.lang.Object[]@5000011b)
	[0]		50001b2b
	[1]		50001cf2
OBJ 50001e49 (sz=24, trace=300000, class=java.lang.String@5000013c)
	value		50001e4a
ARR 50001e4a (sz=16, trace=300000, nelems=8, elem type=char[])
OBJ 50001e4b (sz=24, trace=300000, class=java.lang.String@5000013c)
	value		50001e4c
ARR 50001e4c (sz=24, trace=300000, nelems=12, elem type=char[])
OBJ 50001e4d (sz=24, trace=300000, class=java.lang.String@5000013c)
	value		50001e4e
ARR 50001e4e (sz=16, trace=300000, nelems=8, elem type=char[])
OBJ 50001e4f (sz=24, trace=300000, class=java.lang.String@5000013c)
	value		50001e50
ARR 50001e50 (sz=20, trace=300000, nelems=10, elem type=char[])
OBJ 50001e51 (sz=24, trace=300000, class=java.lang.String@5000013c)
	value		50001e52
ARR 50001e52 (sz=30, trace=300000, nelems=15, elem type=char[])
ARR 50001e53 (sz=24, trace=300000, nelems=2, elem type=java.lang.Object[]@5000011b)
	[0]		50001ae8
	[1]		50001cc5
OBJ 50001e54 (sz=24, trace=300000, class=java.lang.String@5000013c)
	value		50001e56
ARR 50001e55 (sz=24, trace=300000, nelems=2, elem type=java.lang.Object[]@5000011b)
	[0]		50001acb
	[1]		50001cd5
ARR 50001e56 (sz=36, trace=300000, nelems=18, elem type=char[])
OBJ 50001e57 (sz=24, trace=300000, class=java.lang.String@5000013c)
	value		50001e58
ARR 50001e58 (sz=30, trace=300000, nelems=15, elem type=char[])
OBJ 50001e59 (sz=24, trace=300000, class=java.lang.String@5000013c)
	value		50001e5a
ARR 50001e5a (sz=18, trace=300000, nelems=9, elem type=char[])
OBJ 50001e5b (sz=24, trace=300000, class=java.lang.String@5000013c)
	value		50001e5c
ARR 50001e5c (sz=26, trace=300000, nelems=13, elem type=char[])
OBJ 50001e5d (sz=24, trace=300000, class=java.lang.String@5000013c)
	value		50001e5e
ARR 50001e5e (sz=22, trace=300000, nelems=11, elem type=char[])
OBJ 50001e5f (sz=24, trace=300000, class=java.lang.String@5000013c)
	value		50001e60
ARR 50001e60 (sz=22, trace=300000, nelems=11, elem type=char[])
OBJ 50001e61 (sz=24, trace=300000, class=java.lang.String@5000013c)
	value		50001e62
ARR 50001e62 (sz=22, trace=300000, nelems=11, elem type=char[])
OBJ 50001e63 (sz=24, trace=300000, class=java.lang.String@5000013c)
	value		50001e64
ARR 50001e64 (sz=22, trace=300000, nelems=11, elem type=char[])
OBJ 50001e65 (sz=24, trace=300000, class=java.lang.String@5000013c)
	value		50001e66
ARR 50001e66 (sz=22, trace=300000, nelems=11, elem type=char[])
OBJ 50001e67 (sz=24, trace=300000, class=java.lang.String@5000013c)
	value		50001e68
ARR 50001e68 (sz=22, trace=300000, nelems=11, elem type=char[])
ARR 50001e69 (sz=144, trace=300000, nelems=32, elem type=java.lang.Object[]@5000011b)
	[0]		50001e6a
	[2]		50001e6b
	[3]		50001e6c
	[4]		50001e6d
	[5]		50001e6e
	[6]		50001e6f
	[7]		50001e70
	[8]		50001e71
	[9]		50001e72
	[10]		50001e73
	[11]		50001e74
	[12]		50001e75
	[14]		50001e76
	[15]		50001e77
	[16]		50001e78
	[17]		50001e79
	[18]		50001e7a
	[19]		50001e7b
	[22]		50001e7c
	[24]		50001e7d
	[28]		50001e7e
	[29]		50001e7f
	[31]		50001e80
ARR 50001e6a (sz=24, trace=300000, nelems=1, elem type=java.lang.Object[]@5000011b)
	[0]		50001b5c
ARR 50001e6b (sz=32, trace=300000, nelems=3, elem type=java.lang.Object[]@5000011b)
	[0]		50001b62
	[2]		50001e95
ARR 50001e6c (sz=32, trace=300000, nelems=3, elem type=java.lang.Object[]@5000011b)
	[0]		50001cf2
	[2]		50001e94
ARR 50001e6d (sz=32, trace=300000, nelems=3, elem type=java.lang.Object[]@5000011b)
	[0]		50001ce6
	[2]		50001e92
ARR 50001e6e (sz=32, trace=300000, nelems=3, elem type=java.lang.Object[]@5000011b)
	[0]		50001cdf
	[2]		50001e8f
ARR 50001e6f (sz=24, trace=300000, nelems=1, elem type=java.lang.Object[]@5000011b)
	[0]		50001cdb
ARR 50001e70 (sz=24, trace=300000, nelems=2, elem type=java.lang.Object[]@5000011b)
	[0]		50001cd9
	[1]		50000309
ARR 50001e71 (sz=32, trace=300000, nelems=3, elem type=java.lang.Object[]@5000011b)
	[0]		50001cd2
	[2]		50001e8a
ARR 50001e72 (sz=32, trace=300000, nelems=3, elem type=java.lang.Object[]@5000011b)
	[0]		50001cc9
	[2]		50001e89
ARR 50001e73 (sz=24, trace=300000, nelems=1, elem type=java.lang.Object[]@5000011b)
	[0]		50001cc5
ARR 50001e74 (sz=32, trace=300000, nelems=3, elem type=java.lang.Object[]@5000011b)
	[0]		50001cbc
	[2]		50001e88
ARR 50001e75 (sz=24, trace=300000, nelems=1, elem type=java.lang.Object[]@5000011b)
	[0]		50001cb8
ARR 50001e76 (sz=24, trace=300000, nelems=1, elem type=java.lang.Object[]@5000011b)
	[0]		50001cb4
ARR 50001e77 (sz=24, trace=300000, nelems=1, elem type=java.lang.Object[]@5000011b)
	[0]		50001b44
ARR 50001e78 (sz=32, trace=300000, nelems=3, elem type=java.lang.Object[]@5000011b)
	[0]		50001b48
	[2]		50001e87
ARR 50001e79 (sz=32, trace=300000, nelems=3, elem type=java.lang.Object[]@5000011b)
	[0]		50001ca5
	[2]		50001e85
ARR 50001e7a (sz=32, trace=300000, nelems=3, elem type=java.lang.Object[]@5000011b)
	[0]		50001b4e
	[2]		50001e83
ARR 50001e7b (sz=32, trace=300000, nelems=3, elem type=java.lang.Object[]@5000011b)
	[0]		50001c91
	[2]		50001e81
ARR 50001e7c (sz=24, trace=300000, nelems=1, elem type=java.lang.Object[]@5000011b)
	[0]		50001c8d
ARR 50001e7d (sz=24, trace=300000, nelems=1, elem type=java.lang.Object[]@5000011b)
	[0]		50001c8b
ARR 50001e7e (sz=24, trace=300000, nelems=1, elem type=java.lang.Object[]@5000011b)
	[0]		50001c87
ARR 50001e7f (sz=24, trace=300000, nelems=1, elem type=java.lang.Object[]@5000011b)
	[0]		50001c83
ARR 50001e80 (sz=24, trace=300000, nelems=1, elem type=java.lang.Object[]@5000011b)
	[0]		50001c81
ARR 50001e81 (sz=32, trace=300000, nelems=3, elem type=java.lang.Object[]@5000011b)
	[0]		50001b52
	[2]		50001e82
ARR 50001e82 (sz=24, trace=300000, nelems=1, elem type=java.lang.Object[]@5000011b)
	[0]		50001c96
ARR 50001e83 (sz=32, trace=300000, nelems=3, elem type=java.lang.Object[]@5000011b)
	[0]		50001b35
	[2]		50001e84
ARR 50001e84 (sz=24, trace=300000, nelems=1, elem type=java.lang.Object[]@5000011b)
	[0]		50001c9f
ARR 50001e85 (sz=24, trace=300000, nelems=2, elem type=java.lang.Object[]@5000011b)
	[0]		50001ca8
	[1]		500002e3
ARR 50001e86 (sz=16, trace=300000, nelems=8, elem type=char[])
ARR 50001e87 (sz=24, trace=300000, nelems=1, elem type=java.lang.Object[]@5000011b)
	[0]		50001b3f
ARR 50001e88 (sz=24, trace=300000, nelems=1, elem type=java.lang.Object[]@5000011b)
	[0]		50001cbf
ARR 50001e89 (sz=24, trace=300000, nelems=2, elem type=java.lang.Object[]@5000011b)
	[0]		50001ccc
	[1]		50001a92
ARR 50001e8a (sz=24, trace=300000, nelems=2, elem type=java.lang.Object[]@5000011b)
	[0]		50001cd5
	[1]		500002f4
OBJ 50001e8b (sz=24, trace=300000, class=java.lang.String@5000013c)
	value		50001e8c
ARR 50001e8c (sz=20, trace=300000, nelems=10, elem type=char[])
OBJ 50001e8d (sz=24, trace=300000, class=java.lang.String@5000013c)
	value		50001e8e
ARR 50001e8e (sz=16, trace=300000, nelems=8, elem type=char[])
ARR 50001e8f (sz=24, trace=300000, nelems=2, elem type=java.lang.Object[]@5000011b)
	[0]		50001ce2
	[1]		5000032b
OBJ 50001e90 (sz=24, trace=300000, class=java.lang.String@5000013c)
	value		50001e91
ARR 50001e91 (sz=12, trace=300000, nelems=6, elem type=char[])
ARR 50001e92 (sz=32, trace=300000, nelems=3, elem type=java.lang.Object[]@5000011b)
	[0]		50001ce9
	[2]		50001e93
ARR 50001e93 (sz=24, trace=300000, nelems=1, elem type=java.lang.Object[]@5000011b)
	[0]		50001cec
ARR 50001e94 (sz=24, trace=300000, nelems=1, elem type=java.lang.Object[]@5000011b)
	[0]		50001cf5
ARR 50001e95 (sz=32, trace=300000, nelems=3, elem type=java.lang.Object[]@5000011b)
	[0]		50001cfd
	[2]		50001e96
ARR 50001e96 (sz=24, trace=300000, nelems=2, elem type=java.lang.Object[]@5000011b)
	[0]		50001cff
	[1]		5000031a
OBJ 50001e97 (sz=24, trace=300000, class=java.lang.String@5000013c)
	value		50001e98
ARR 50001e98 (sz=16, trace=300000, nelems=8, elem type=char[])
ARR 50001e99 (sz=20, trace=300000, nelems=10, elem type=char[])
OBJ 50001e9a (sz=16, trace=300000, class=java.util.concurrent.atomic.AtomicInteger@5000000e)
OBJ 50001e9b (sz=24, trace=300000, class=java.lang.String@5000013c)
	value		50001ea2
OBJ 50001e9c (sz=24, trace=300000, class=java.lang.String@5000013c)
	value		50001e9d
ARR 50001e9d (sz=12, trace=300000, nelems=6, elem type=char[])
OBJ 50001e9e (sz=32, trace=300000, class=java.lang.ref.ReferenceQueue$Null@5000015a)
	lock		50001ea1
OBJ 50001e9f (sz=32, trace=300000, class=java.lang.ref.ReferenceQueue$Null@5000015a)
	lock		50001ea0
OBJ 50001ea0 (sz=16, trace=300000, class=java.lang.ref.ReferenceQueue$Lock@50000130)
OBJ 50001ea1 (sz=16, trace=300000, class=java.lang.ref.ReferenceQueue$Lock@50000130)
ARR 50001ea2 (sz=34, trace=300000, nelems=17, elem type=char[])
ARR 50001ea3 (sz=26, trace=300000, nelems=13, elem type=char[])
ARR 50001ea4 (sz=6, trace=300000, nelems=3, elem type=char[])
ARR 50001ea5 (sz=38, trace=300000, nelems=19, elem type=char[])
OBJ 50001ea6 (sz=24, trace=300000, class=java.lang.String@5000013c)
	value		50001eaa
OBJ 50001ea7 (sz=24, trace=300000, class=java.lang.String@5000013c)
	value		50001eab
OBJ 50001ea8 (sz=16, trace=300000, class=java.nio.ByteOrder@50000036)
	name		50001ea7
OBJ 50001ea9 (sz=16, trace=300000, class=java.nio.ByteOrder@50000036)
	name		50001ea6
ARR 50001eaa (sz=20, trace=300000, nelems=10, elem type=char[])
ARR 50001eab (sz=26, trace=300000, nelems=13, elem type=char[])
OBJ 50001eac (sz=24, trace=300000, class=java.lang.String@5000013c)
	value		50001eb5
OBJ 50001ead (sz=24, trace=300000, class=java.lang.String@5000013c)
	value		50001eb4
OBJ 50001eae (sz=24, trace=300000, class=java.lang.String@5000013c)
	value		50001eb3
OBJ 50001eaf (sz=24, trace=300000, class=java.lang.String@5000013c)
	value		50001eb2
OBJ 50001eb0 (sz=24, trace=300000, class=java.lang.String@5000013c)
	value		50001eb1
ARR 50001eb1 (sz=12, trace=300000, nelems=6, elem type=char[])
ARR 50001eb2 (sz=10, trace=300000, nelems=5, elem type=char[])
ARR 50001eb3 (sz=6, trace=300000, nelems=3, elem type=char[])
ARR 50001eb4 (sz=8, trace=300000, nelems=4, elem type=char[])
ARR 50001eb5 (sz=14, trace=300000, nelems=7, elem type=char[])
OBJ 50001eb6 (sz=24, trace=300000, class=java.lang.String@5000013c)
	value		50001ec2
OBJ 50001eb7 (sz=24, trace=300000, class=java.lang.String@5000013c)
	value		50001ec1
OBJ 50001eb8 (sz=24, trace=300000, class=java.lang.String@5000013c)
	value		50001ec0
OBJ 50001eb9 (sz=24, trace=300000, class=java.lang.String@5000013c)
	value		50001ebf
OBJ 50001eba (sz=16, trace=300000, class=java.nio.charset.CoderResult$2@50000031)
OBJ 50001ebb (sz=16, trace=300000, class=java.nio.charset.CoderResult$1@50000037)
OBJ 50001ebc (sz=24, trace=300000, class=java.nio.charset.CoderResult@50000161)
OBJ 50001ebd (sz=24, trace=300000, class=java.nio.charset.CoderResult@50000161)
ARR 50001ebe (sz=32, trace=300000, nelems=4, elem type=java.lang.String[]@5000013d)
	[0]		50001eb6
	[1]		50001eb7
	[2]		50001eb8
	[3]		50001eb9
ARR 50001ebf (sz=20, trace=300000, nelems=10, elem type=char[])
ARR 50001ec0 (sz=18, trace=300000, nelems=9, elem type=char[])
ARR 50001ec1 (sz=16, trace=300000, nelems=8, elem type=char[])
ARR 50001ec2 (sz=18, trace=300000, nelems=9, elem type=char[])
OBJ 50001ec3 (sz=24, trace=300000, class=java.lang.String@5000013c)
	value		50001ecb
OBJ 50001ec4 (sz=24, trace=300000, class=java.lang.String@5000013c)
	value		50001eca
OBJ 50001ec5 (sz=24, trace=300000, class=java.lang.String@5000013c)
	value		50001ec9
OBJ 50001ec6 (sz=24, trace=300000, class=java.lang.String@5000013c)
	value		50001ec8
ARR 50001ec7 (sz=32, trace=300000, nelems=4, elem type=java.lang.String[]@5000013d)
	[0]		50001ec3
	[1]		50001ec4
	[2]		50001ec5
	[3]		50001ec6
ARR 50001ec8 (sz=14, trace=300000, nelems=7, elem type=char[])
ARR 50001ec9 (sz=20, trace=300000, nelems=10, elem type=char[])
ARR 50001eca (sz=12, trace=300000, nelems=6, elem type=char[])
ARR 50001ecb (sz=10, trace=300000, nelems=5, elem type=char[])
OBJ 50001ecc (sz=24, trace=300000, class=java.lang.String@5000013c)
	value		50001ed2
OBJ 50001ecd (sz=24, trace=300000, class=java.lang.String@5000013c)
	value		50001ed3
OBJ 50001ece (sz=24, trace=300000, class=java.lang.String@5000013c)
	value		50001ed4
OBJ 50001ecf (sz=16, trace=300000, class=java.nio.charset.CodingErrorAction@50000097)
	name		50001ece
OBJ 50001ed0 (sz=16, trace=300000, class=java.nio.charset.CodingErrorAction@50000097)
	name		50001ecd
OBJ 50001ed1 (sz=16, trace=300000, class=java.nio.charset.CodingErrorAction@50000097)
	name		50001ecc
ARR 50001ed2 (sz=12, trace=300000, nelems=6, elem type=char[])
ARR 50001ed3 (sz=14, trace=300000, nelems=7, elem type=char[])
ARR 50001ed4 (sz=12, trace=300000, nelems=6, elem type=char[])
OBJ 50001ed5 (sz=24, trace=300000, class=java.lang.String@5000013c)
	value		50001ed7
ARR 50001ed6 (sz=32, trace=300000, nelems=4, elem type=java.lang.String[]@5000013d)
	[0]		50001ec3
	[1]		50001ec4
	[2]		50001ec5
	[3]		50001ec6
ARR 50001ed7 (sz=2, trace=300000, nelems=1, elem type=char[])
OBJ 50001ed8 (sz=16, trace=300000, class=java.lang.Object@5000011a)
OBJ 50001ed9 (sz=16, trace=300000, class=java.util.concurrent.ThreadLocalRandom$1@50000090)
OBJ 50001eda (sz=24, trace=300000, class=java.lang.String@5000013c)
	value		50001ee7
OBJ 50001edb (sz=24, trace=300000, class=java.lang.String@5000013c)
	value		50001ee4
OBJ 50001edc (sz=24, trace=300000, class=java.lang.String@5000013c)
	value		50001ee2
ARR 50001edd (sz=32, trace=300000, nelems=3, elem type=java.io.ObjectStreamField[]@500000ea)
	[0]		50001edf
	[1]		50001ee0
	[2]		50001ee1
OBJ 50001ede (sz=24, trace=300000, class=java.util.concurrent.atomic.AtomicLong@50000022)
OBJ 50001edf (sz=40, trace=300000, class=java.io.ObjectStreamField@500000e9)
	name		50001eda
	signature	50001ee6
	type		5000170f
OBJ 50001ee0 (sz=40, trace=300000, class=java.io.ObjectStreamField@500000e9)
	name		50001edb
	signature	50001ee3
	type		5000170b
OBJ 50001ee1 (sz=40, trace=300000, class=java.io.ObjectStreamField@500000e9)
	name		50001edc
	signature	5000197b
	type		5000170d
ARR 50001ee2 (sz=40, trace=300000, nelems=20, elem type=char[])
OBJ 50001ee3 (sz=24, trace=300000, class=java.lang.String@5000013c)
	value		50001ee5
ARR 50001ee4 (sz=32, trace=300000, nelems=16, elem type=char[])
ARR 50001ee5 (sz=2, trace=300000, nelems=1, elem type=char[])
OBJ 50001ee6 (sz=24, trace=300000, class=java.lang.String@5000013c)
	value		50001ee8
ARR 50001ee7 (sz=8, trace=300000, nelems=4, elem type=char[])
ARR 50001ee8 (sz=2, trace=300000, nelems=1, elem type=char[])
OBJ 50001ee9 (sz=24, trace=300000, class=java.lang.String@5000013c)
	value		50001eec
OBJ 50001eea (sz=24, trace=300000, class=java.lang.String@5000013c)
	value		50001eef
OBJ 50001eeb (sz=24, trace=300000, class=java.lang.String@5000013c)
	value		50001eed
ARR 50001eec (sz=38, trace=300000, nelems=19, elem type=char[])
ARR 50001eed (sz=68, trace=300000, nelems=34, elem type=char[])
ARR 50001eee (sz=8, trace=300000, nelems=4, elem type=char[])
ARR 50001eef (sz=8, trace=300000, nelems=4, elem type=char[])
OBJ 50001ef0 (sz=24, trace=300000, class=java.lang.String@5000013c)
	value		50001f40
OBJ 50001ef1 (sz=24, trace=300000, class=java.lang.String@5000013c)
	value		50001f3e
OBJ 50001ef2 (sz=24, trace=300000, class=java.lang.String@5000013c)
	value		50001f3d
OBJ 50001ef3 (sz=48, trace=300000, class=java.util.HashMap@50000107)
	table		50000cf2
OBJ 50001ef4 (sz=32, trace=300000, class=java.util.HashMap$Entry@50000131)
	key		50001f34
	value		50001f33
OBJ 50001ef5 (sz=32, trace=300000, class=java.util.HashMap$Entry@50000131)
	key		50001f28
	value		50001f27
OBJ 50001ef6 (sz=32, trace=300000, class=java.util.HashMap$Entry@50000131)
	key		50001f1e
	value		50001f1d
OBJ 50001ef7 (sz=32, trace=300000, class=java.util.HashMap$Entry@50000131)
	key		50001f13
	value		50001f12
OBJ 50001ef8 (sz=32, trace=300000, class=java.util.HashMap$Entry@50000131)
	key		50001f09
	value		50001f08
OBJ 50001ef9 (sz=32, trace=300000, class=java.util.HashMap$Entry@50000131)
	key		50001efe
	value		50001efd
ARR 50001efa (sz=32, trace=300000, nelems=4, elem type=java.lang.String[]@5000013d)
	[0]		50000bd3
	[1]		50000bd6
	[2]		50000bd8
	[3]		50000bda
ARR 50001efb (sz=192, trace=300000, nelems=44, elem type=java.lang.String[]@5000013d)
	[0]		50000c8f
	[1]		50000c91
	[2]		50000c93
	[3]		50000c95
	[4]		50000c97
	[5]		50000c99
	[6]		50000c9b
	[7]		50000c9d
	[8]		50000c9f
	[9]		50000ca1
	[10]		50000ca3
	[11]		50000ca5
	[12]		50000ca7
	[13]		50000ca9
	[14]		50000cab
	[15]		50000cad
	[16]		50000caf
	[17]		50000cb1
	[18]		50000cb3
	[19]		50000cb5
	[20]		50000cb7
	[21]		50000cb9
	[22]		50000cbb
	[23]		50000cbd
	[24]		50000cbf
	[25]		50000cc1
	[26]		50000cc3
	[27]		50000cc5
	[28]		50000cc7
	[29]		50000cc9
	[30]		50000ccb
	[31]		50000ccd
	[32]		50000ccf
	[33]		50000cd1
	[34]		50000cd4
	[35]		50000cd6
	[36]		50000cd8
	[37]		50000cda
	[38]		50000cdc
	[39]		50000cde
	[40]		50000ce0
	[41]		50000ce2
	[42]		50000ce4
	[43]		50000ce6
ARR 50001efc (sz=32, trace=300000, nelems=4, elem type=java.lang.String[]@5000013d)
	[0]		50000c00
	[1]		50000c02
	[2]		50000c04
	[3]		50000c06
OBJ 50001efd (sz=24, trace=300000, class=sun.misc.MetaIndex@500000cc)
	contents	50001f01
OBJ 50001efe (sz=32, trace=300000, class=java.io.File@500000e5)
	path		50001eff
OBJ 50001eff (sz=24, trace=300000, class=java.lang.String@5000013c)
	value		50001f00
ARR 50001f00 (sz=170, trace=300000, nelems=85, elem type=char[])
ARR 50001f01 (sz=32, trace=300000, nelems=3, elem type=java.lang.String[]@5000013d)
	[0]		50001f02
	[1]		50001f03
	[2]		50001f04
OBJ 50001f02 (sz=24, trace=300000, class=java.lang.String@5000013c)
	value		50001f07
OBJ 50001f03 (sz=24, trace=300000, class=java.lang.String@5000013c)
	value		50001f06
OBJ 50001f04 (sz=24, trace=300000, class=java.lang.String@5000013c)
	value		50001f05
ARR 50001f05 (sz=40, trace=300000, nelems=20, elem type=char[])
ARR 50001f06 (sz=42, trace=300000, nelems=21, elem type=char[])
ARR 50001f07 (sz=24, trace=300000, nelems=12, elem type=char[])
OBJ 50001f08 (sz=24, trace=300000, class=sun.misc.MetaIndex@500000cc)
	contents	50001f0c
OBJ 50001f09 (sz=32, trace=300000, class=java.io.File@500000e5)
	path		50001f0a
OBJ 50001f0a (sz=24, trace=300000, class=java.lang.String@5000013c)
	value		50001f0b
ARR 50001f0b (sz=170, trace=300000, nelems=85, elem type=char[])
ARR 50001f0c (sz=24, trace=300000, nelems=2, elem type=java.lang.String[]@5000013d)
	[0]		50001f0d
	[1]		50001f0e
OBJ 50001f0d (sz=24, trace=300000, class=java.lang.String@5000013c)
	value		50001f10
OBJ 50001f0e (sz=24, trace=300000, class=java.lang.String@5000013c)
	value		50001f0f
ARR 50001f0f (sz=24, trace=300000, nelems=12, elem type=char[])
ARR 50001f10 (sz=108, trace=300000, nelems=54, elem type=char[])
ARR 50001f11 (sz=32, trace=300000, nelems=4, elem type=java.lang.String[]@5000013d)
	[0]		50000bea
	[1]		50000bec
	[2]		50000bee
	[3]		50000bf0
OBJ 50001f12 (sz=24, trace=300000, class=sun.misc.MetaIndex@500000cc)
	contents	50001f16
OBJ 50001f13 (sz=32, trace=300000, class=java.io.File@500000e5)
	path		50001f14
OBJ 50001f14 (sz=24, trace=300000, class=java.lang.String@5000013c)
	value		50001f15
ARR 50001f15 (sz=190, trace=300000, nelems=95, elem type=char[])
ARR 50001f16 (sz=32, trace=300000, nelems=3, elem type=java.lang.String[]@5000013d)
	[0]		50001f17
	[1]		50001f18
	[2]		50001f19
OBJ 50001f17 (sz=24, trace=300000, class=java.lang.String@5000013c)
	value		50001f1c
OBJ 50001f18 (sz=24, trace=300000, class=java.lang.String@5000013c)
	value		50001f1b
OBJ 50001f19 (sz=24, trace=300000, class=java.lang.String@5000013c)
	value		50001f1a
ARR 50001f1a (sz=40, trace=300000, nelems=20, elem type=char[])
ARR 50001f1b (sz=42, trace=300000, nelems=21, elem type=char[])
ARR 50001f1c (sz=30, trace=300000, nelems=15, elem type=char[])
OBJ 50001f1d (sz=24, trace=300000, class=sun.misc.MetaIndex@500000cc)
	contents	50001f21
OBJ 50001f1e (sz=32, trace=300000, class=java.io.File@500000e5)
	path		50001f1f
OBJ 50001f1f (sz=24, trace=300000, class=java.lang.String@5000013c)
	value		50001f20
ARR 50001f20 (sz=180, trace=300000, nelems=90, elem type=char[])
ARR 50001f21 (sz=24, trace=300000, nelems=2, elem type=java.lang.String[]@5000013d)
	[0]		50001f22
	[1]		50001f23
OBJ 50001f22 (sz=24, trace=300000, class=java.lang.String@5000013c)
	value		50001f25
OBJ 50001f23 (sz=24, trace=300000, class=java.lang.String@5000013c)
	value		50001f24
ARR 50001f24 (sz=16, trace=300000, nelems=8, elem type=char[])
ARR 50001f25 (sz=16, trace=300000, nelems=8, elem type=char[])
ARR 50001f26 (sz=32, trace=300000, nelems=3, elem type=java.lang.String[]@5000013d)
	[0]		50000c16
	[1]		50000c18
	[2]		50000c1a
OBJ 50001f27 (sz=24, trace=300000, class=sun.misc.MetaIndex@500000cc)
	contents	50001f2b
OBJ 50001f28 (sz=32, trace=300000, class=java.io.File@500000e5)
	path		50001f29
OBJ 50001f29 (sz=24, trace=300000, class=java.lang.String@5000013c)
	value		50001f2a
ARR 50001f2a (sz=178, trace=300000, nelems=89, elem type=char[])
ARR 50001f2b (sz=32, trace=300000, nelems=3, elem type=java.lang.String[]@5000013d)
	[0]		50001f2c
	[1]		50001f2d
	[2]		50001f2e
OBJ 50001f2c (sz=24, trace=300000, class=java.lang.String@5000013c)
	value		50001f31
OBJ 50001f2d (sz=24, trace=300000, class=java.lang.String@5000013c)
	value		50001f30
OBJ 50001f2e (sz=24, trace=300000, class=java.lang.String@5000013c)
	value		50001f2f
ARR 50001f2f (sz=40, trace=300000, nelems=20, elem type=char[])
ARR 50001f30 (sz=42, trace=300000, nelems=21, elem type=char[])
ARR 50001f31 (sz=24, trace=300000, nelems=12, elem type=char[])
ARR 50001f32 (sz=144, trace=300000, nelems=31, elem type=java.lang.String[]@5000013d)
	[0]		50000c40
	[1]		50000c42
	[2]		50000c44
	[3]		50000c46
	[4]		50000c48
	[5]		50000c4a
	[6]		50000c4c
	[7]		50000c4e
	[8]		50000c50
	[9]		50000c52
	[10]		50000c54
	[11]		50000c57
	[12]		50000c59
	[13]		50000c5b
	[14]		50000c5d
	[15]		50000c5f
	[16]		50000c62
	[17]		50000c64
	[18]		50000c66
	[19]		50000c68
	[20]		50000c6a
	[21]		50000c6c
	[22]		50000c6e
	[23]		50000c71
	[24]		50000c73
	[25]		50000c75
	[26]		50000c77
	[27]		50000c79
	[28]		50000c7b
	[29]		50000c7d
	[30]		50000c7f
OBJ 50001f33 (sz=24, trace=300000, class=sun.misc.MetaIndex@500000cc)
	contents	50001f37
OBJ 50001f34 (sz=32, trace=300000, class=java.io.File@500000e5)
	path		50001f35
OBJ 50001f35 (sz=24, trace=300000, class=java.lang.String@5000013c)
	value		50001f36
ARR 50001f36 (sz=170, trace=300000, nelems=85, elem type=char[])
ARR 50001f37 (sz=24, trace=300000, nelems=2, elem type=java.lang.String[]@5000013d)
	[0]		50001f38
	[1]		50001f39
OBJ 50001f38 (sz=24, trace=300000, class=java.lang.String@5000013c)
	value		50001f3b
OBJ 50001f39 (sz=24, trace=300000, class=java.lang.String@5000013c)
	value		50001f3a
ARR 50001f3a (sz=14, trace=300000, nelems=7, elem type=char[])
ARR 50001f3b (sz=126, trace=300000, nelems=63, elem type=char[])
ARR 50001f3c (sz=24, trace=300000, nelems=2, elem type=java.lang.String[]@5000013d)
	[0]		50000c2a
	[1]		50000c2c
ARR 50001f3d (sz=12, trace=300000, nelems=6, elem type=char[])
ARR 50001f3e (sz=22, trace=300000, nelems=11, elem type=char[])
OBJ 50001f3f (sz=16, trace=300000, class=java.lang.ThreadLocal@50000014)
ARR 50001f40 (sz=20, trace=300000, nelems=10, elem type=char[])
OBJ 50001f41 (sz=24, trace=300000, class=java.lang.String@5000013c)
	value		50001f59
OBJ 50001f42 (sz=24, trace=300000, class=java.lang.String@5000013c)
	value		50001f58
OBJ 50001f43 (sz=24, trace=300000, class=java.lang.String@5000013c)
	value		50001f57
OBJ 50001f44 (sz=24, trace=300000, class=java.lang.String@5000013c)
	value		50001f56
OBJ 50001f45 (sz=24, trace=300000, class=java.lang.String@5000013c)
	value		50001f55
OBJ 50001f46 (sz=24, trace=300000, class=java.lang.String@5000013c)
	value		50001f54
OBJ 50001f47 (sz=24, trace=300000, class=java.lang.String@5000013c)
	value		50001f53
OBJ 50001f48 (sz=24, trace=300000, class=java.lang.String@5000013c)
	value		50001f52
ARR 50001f49 (sz=32, trace=300000, nelems=16, elem type=char[])
OBJ 50001f4a (sz=24, trace=300000, class=java.util.BitSet@5000003c)
	words		50001f4b
ARR 50001f4b (sz=32, trace=300000, nelems=4, elem type=long[])
OBJ 50001f4c (sz=24, trace=300000, class=java.lang.String@5000013c)
	value		50001f50
ARR 50001f4d (sz=24, trace=300000, nelems=1, elem type=java.io.ObjectStreamField[]@500000ea)
	[0]		50001f4e
OBJ 50001f4e (sz=40, trace=300000, class=java.io.ObjectStreamField@500000e9)
	name		50001f4c
	signature	50001f4f
	type		5000016e
OBJ 50001f4f (sz=24, trace=300000, class=java.lang.String@5000013c)
	value		50001f51
ARR 50001f50 (sz=8, trace=300000, nelems=4, elem type=char[])
ARR 50001f51 (sz=4, trace=300000, nelems=2, elem type=char[])
ARR 50001f52 (sz=10, trace=300000, nelems=5, elem type=char[])
ARR 50001f53 (sz=16, trace=300000, nelems=8, elem type=char[])
ARR 50001f54 (sz=14, trace=300000, nelems=7, elem type=char[])
ARR 50001f55 (sz=4, trace=300000, nelems=2, elem type=char[])
ARR 50001f56 (sz=14, trace=300000, nelems=7, elem type=char[])
ARR 50001f57 (sz=2, trace=300000, nelems=1, elem type=char[])
ARR 50001f58 (sz=24, trace=300000, nelems=12, elem type=char[])
ARR 50001f59 (sz=18, trace=300000, nelems=9, elem type=char[])
OBJ 50001f5a (sz=24, trace=300000, class=java.lang.String@5000013c)
	value		50001f5b
ARR 50001f5b (sz=6, trace=300000, nelems=3, elem type=char[])
OBJ 50001f5c (sz=24, trace=300000, class=java.lang.String@5000013c)
	value		50001f65
OBJ 50001f5d (sz=24, trace=300000, class=java.lang.String@5000013c)
	value		50001f64
OBJ 50001f5e (sz=24, trace=300000, class=java.lang.String@5000013c)
	value		50001f63
OBJ 50001f5f (sz=24, trace=300000, class=java.lang.String@5000013c)
	value		50001f61
OBJ 50001f60 (sz=24, trace=300000, class=java.lang.String@5000013c)
	value		50001f62
ARR 50001f61 (sz=30, trace=300000, nelems=15, elem type=char[])
ARR 50001f62 (sz=16, trace=300000, nelems=8, elem type=char[])
ARR 50001f63 (sz=80, trace=300000, nelems=40, elem type=char[])
ARR 50001f64 (sz=54, trace=300000, nelems=27, elem type=char[])
ARR 50001f65 (sz=24, trace=300000, nelems=12, elem type=char[])
OBJ 50001f66 (sz=24, trace=300000, class=java.lang.String@5000013c)
	value		50001f67
ARR 50001f67 (sz=4, trace=300000, nelems=2, elem type=char[])
OBJ 50001f68 (sz=32, trace=300000, class=java.lang.ref.ReferenceQueue@500000c2)
	lock		50001f6a
ARR 50001f69 (sz=80, trace=300000, nelems=0, elem type=java.util.WeakHashMap$Entry[]@50000013)
OBJ 50001f6a (sz=16, trace=300000, class=java.lang.ref.ReferenceQueue$Lock@50000130)
OBJ 50001f6b (sz=24, trace=300000, class=java.lang.String@5000013c)
	value		50001f76
OBJ 50001f6c (sz=24, trace=300000, class=java.lang.String@5000013c)
	value		50001f75
OBJ 50001f6d (sz=24, trace=300000, class=java.lang.String@5000013c)
	value		50001f74
OBJ 50001f6e (sz=16, trace=300000, class=sun.misc.Launcher@50000159)
	loader		50001708
OBJ 50001f6f (sz=16, trace=300000, class=sun.misc.Launcher$Factory@5000007f)
OBJ 50001f70 (sz=24, trace=300000, class=java.lang.String@5000013c)
	value		50001f73
OBJ 50001f71 (sz=24, trace=300000, class=java.lang.String@5000013c)
	value		50001f72
ARR 50001f72 (sz=6, trace=300000, nelems=3, elem type=char[])
ARR 50001f73 (sz=30, trace=300000, nelems=15, elem type=char[])
ARR 50001f74 (sz=38, trace=300000, nelems=19, elem type=char[])
ARR 50001f75 (sz=42, trace=300000, nelems=21, elem type=char[])
ARR 50001f76 (sz=26, trace=300000, nelems=13, elem type=char[])
ARR 50001f77 (sz=80, trace=300000, nelems=16, elem type=java.util.concurrent.ConcurrentHashMap$Segment[]@50000011)
	[0]		50001f78
	[1]		50001371
	[2]		500001fa
	[3]		50001337
	[11]		500001db
	[13]		50001354
	[15]		50000f66
OBJ 50001f78 (sz=40, trace=300000, class=java.util.concurrent.ConcurrentHashMap$Segment@50000010)
	sync		50001f7a
	table		50001f79
ARR 50001f79 (sz=24, trace=300000, nelems=0, elem type=java.util.concurrent.ConcurrentHashMap$HashEntry[]@5000012d)
OBJ 50001f7a (sz=32, trace=300000, class=java.util.concurrent.locks.ReentrantLock$NonfairSync@500000c1)
ARR 50001f7b (sz=80, trace=300000, nelems=1, elem type=java.util.concurrent.ConcurrentHashMap$Segment[]@50000011)
	[0]		50001f7c
OBJ 50001f7c (sz=40, trace=300000, class=java.util.concurrent.ConcurrentHashMap$Segment@50000010)
	sync		50001f7e
	table		50001f7d
ARR 50001f7d (sz=24, trace=300000, nelems=0, elem type=java.util.concurrent.ConcurrentHashMap$HashEntry[]@5000012d)
OBJ 50001f7e (sz=32, trace=300000, class=java.util.concurrent.locks.ReentrantLock$NonfairSync@500000c1)
ARR 50001f7f (sz=56, trace=300000, nelems=0, elem type=java.lang.Object[]@5000011b)
OBJ 50001f80 (sz=16, trace=300000, class=java.security.ProtectionDomain$Key@500000f2)
	this$0		500018ed
ARR 50001f81 (sz=16, trace=300000, nelems=0, elem type=java.security.Principal[]@50000086)
OBJ 50001f82 (sz=32, trace=300000, class=java.security.CodeSource@500000d8)
OBJ 50001f83 (sz=16, trace=300000, class=java.util.HashSet@500000cb)
	map		50001f84
OBJ 50001f84 (sz=48, trace=300000, class=java.util.HashMap@50000107)
	table		50001935
ARR 50001f85 (sz=56, trace=300000, nelems=0, elem type=java.lang.Object[]@5000011b)
OBJ 50001f86 (sz=16, trace=300000, class=sun.net.www.protocol.jar.Handler@5000008e)
OBJ 50001f87 (sz=48, trace=300000, class=java.util.HashMap@50000107)
	table		50000b41
OBJ 50001f88 (sz=24, trace=300000, class=java.util.ArrayList@50000114)
	elementData	50000b40
OBJ 50001f89 (sz=32, trace=300000, class=java.util.Stack@5000012b)
	elementData	50001f8f
OBJ 50001f8a (sz=24, trace=300000, class=java.util.ArrayList@50000114)
	elementData	50001f8b
ARR 50001f8b (sz=56, trace=300000, nelems=1, elem type=java.lang.Object[]@5000011b)
	[0]		50001f8c
OBJ 50001f8c (sz=64, trace=300000, class=java.net.URL@500000e1)
	protocol	50001958
	host		5000173a
	file		50001f8d
	authority	5000173a
	path		50001f8d
	handler		50001956
OBJ 50001f8d (sz=24, trace=300000, class=java.lang.String@5000013c)
	value		50001f8e
ARR 50001f8e (sz=56, trace=300000, nelems=28, elem type=char[])
ARR 50001f8f (sz=56, trace=300000, nelems=0, elem type=java.lang.Object[]@5000011b)
OBJ 50001f90 (sz=32, trace=300000, class=java.lang.ref.ReferenceQueue@500000c2)
	lock		50001f92
ARR 50001f91 (sz=80, trace=300000, nelems=0, elem type=java.util.WeakHashMap$Entry[]@50000013)
OBJ 50001f92 (sz=16, trace=300000, class=java.lang.ref.ReferenceQueue$Lock@50000130)
ARR 50001f93 (sz=56, trace=300000, nelems=1, elem type=java.lang.Object[]@5000011b)
	[0]		500019db
ARR 50001f94 (sz=56, trace=300000, nelems=1, elem type=java.lang.Object[]@5000011b)
	[0]		50001f95
OBJ 50001f95 (sz=32, trace=300000, class=java.lang.ClassLoader$NativeLibrary@50000001)
	fromClass	50000046
	name		500019db
ARR 50001f96 (sz=56, trace=300000, nelems=0, elem type=java.lang.Object[]@5000011b)
OBJ 50001f97 (sz=24, trace=300000, class=java.lang.String@5000013c)
	value		50001fa2
OBJ 50001f98 (sz=24, trace=300000, class=java.lang.String@5000013c)
	value		50001fa1
OBJ 50001f99 (sz=24, trace=300000, class=java.lang.String@5000013c)
	value		50001fa0
OBJ 50001f9a (sz=24, trace=300000, class=java.lang.String@5000013c)
	value		50001f9f
OBJ 50001f9b (sz=24, trace=300000, class=java.lang.String@5000013c)
	value		50001f9e
OBJ 50001f9c (sz=24, trace=300000, class=java.lang.String@5000013c)
	value		50001f9d
ARR 50001f9d (sz=2, trace=300000, nelems=1, elem type=char[])
ARR 50001f9e (sz=26, trace=300000, nelems=13, elem type=char[])
ARR 50001f9f (sz=62, trace=300000, nelems=31, elem type=char[])
ARR 50001fa0 (sz=64, trace=300000, nelems=32, elem type=char[])
ARR 50001fa1 (sz=48, trace=300000, nelems=24, elem type=char[])
ARR 50001fa2 (sz=78, trace=300000, nelems=39, elem type=char[])
OBJ 50001fa3 (sz=24, trace=300000, class=java.lang.String@5000013c)
	value		50001fad
OBJ 50001fa4 (sz=24, trace=300000, class=java.lang.String@5000013c)
	value		50001fac
OBJ 50001fa5 (sz=24, trace=300000, class=java.lang.String@5000013c)
	value		50001faf
OBJ 50001fa6 (sz=48, trace=300000, class=java.util.HashMap@50000107)
	table		50001fb0
OBJ 50001fa7 (sz=48, trace=300000, class=java.util.HashMap@50000107)
	table		50001fa8
ARR 50001fa8 (sz=80, trace=300000, nelems=7, elem type=java.util.HashMap$Entry[]@50000132)
	[4]		50001fa9
	[6]		50001faa
OBJ 50001fa9 (sz=32, trace=300000, class=java.util.HashMap$Entry@50000131)
	key		50000046
	value		50001fae
OBJ 50001faa (sz=32, trace=300000, class=java.util.HashMap$Entry@50000131)
	key		50000141
	value		50001fab
ARR 50001fab (sz=24, trace=300000, nelems=2, elem type=java.lang.String[]@5000013d)
	[0]		50001fa3
	[1]		50001fa4
ARR 50001fac (sz=30, trace=300000, nelems=15, elem type=char[])
ARR 50001fad (sz=28, trace=300000, nelems=14, elem type=char[])
ARR 50001fae (sz=24, trace=300000, nelems=1, elem type=java.lang.String[]@5000013d)
	[0]		50001fa5
ARR 50001faf (sz=16, trace=300000, nelems=8, elem type=char[])
ARR 50001fb0 (sz=80, trace=300000, nelems=2, elem type=java.util.HashMap$Entry[]@50000132)
	[1]		50001fb1
OBJ 50001fb1 (sz=32, trace=300000, class=java.util.HashMap$Entry@50000131)
	key		500000d7
	value		50001fb2
ARR 50001fb2 (sz=24, trace=300000, nelems=1, elem type=java.lang.String[]@5000013d)
	[0]		50001788
ARR 50001fb3 (sz=18, trace=300000, nelems=9, elem type=char[])
OBJ 50001fb4 (sz=24, trace=300000, class=java.util.Collections$SetFromMap@5000001b)
	m		50001fb6
	s		50001fb5
OBJ 50001fb5 (sz=16, trace=300000, class=java.util.WeakHashMap$KeySet@500000bf)
	this$0		50001fb6
OBJ 50001fb6 (sz=56, trace=300000, class=java.util.WeakHashMap@50000021)
	keySet		50001fb5
	table		50001fb8
	queue		50001fb7
OBJ 50001fb7 (sz=32, trace=300000, class=java.lang.ref.ReferenceQueue@500000c2)
	lock		50001fbd
ARR 50001fb8 (sz=80, trace=300000, nelems=9, elem type=java.util.WeakHashMap$Entry[]@50000013)
	[0]		50001fb9
	[6]		50001fba
	[8]		50001fbb
OBJ 50001fb9 (sz=40, trace=300000, class=java.util.WeakHashMap$Entry@50000012)
	referent	500000e7
	queue		50001fb7
	value		500018d8
	next		50001fbe
OBJ 50001fba (sz=40, trace=300000, class=java.util.WeakHashMap$Entry@50000012)
	referent	500000d0
	queue		50001fb7
	value		500018d8
OBJ 50001fbb (sz=40, trace=300000, class=java.util.WeakHashMap$Entry@50000012)
	referent	500000ad
	queue		50001fb7
	value		500018d8
	next		50001fbc
OBJ 50001fbc (sz=40, trace=300000, class=java.util.WeakHashMap$Entry@50000012)
	referent	5000009b
	queue		50001fb7
	value		500018d8
OBJ 50001fbd (sz=16, trace=300000, class=java.lang.ref.ReferenceQueue$Lock@50000130)
OBJ 50001fbe (sz=40, trace=300000, class=java.util.WeakHashMap$Entry@50000012)
	referent	50000094
	queue		50001fb7
	value		500018d8
ARR 50001fbf (sz=42, trace=300000, nelems=21, elem type=char[])
ARR 50001fc0 (sz=34, trace=300000, nelems=17, elem type=char[])
OBJ 50001fc1 (sz=24, trace=300000, class=java.lang.String@5000013c)
	value		50001fc2
ARR 50001fc2 (sz=48, trace=300000, nelems=24, elem type=char[])
ARR 50001fc3 (sz=44, trace=300000, nelems=22, elem type=char[])
ARR 50001fc4 (sz=56, trace=300000, nelems=28, elem type=char[])
ARR 50001fc5 (sz=62, trace=300000, nelems=31, elem type=char[])
ARR 50001fc6 (sz=74, trace=300000, nelems=37, elem type=char[])
ARR 50001fc7 (sz=58, trace=300000, nelems=29, elem type=char[])
ARR 50001fc8 (sz=4, trace=300000, nelems=2, elem type=char[])
ARR 50001fc9 (sz=54, trace=300000, nelems=27, elem type=char[])
OBJ 50001fca (sz=24, trace=300000, class=java.lang.String@5000013c)
	value		50001fd0
OBJ 50001fcb (sz=24, trace=300000, class=java.lang.String@5000013c)
	value		50001fd1
OBJ 50001fcc (sz=24, trace=300000, class=java.lang.String@5000013c)
	value		50001fd2
OBJ 50001fcd (sz=24, trace=300000, class=java.lang.String@5000013c)
	value		50001fd3
OBJ 50001fce (sz=24, trace=300000, class=java.lang.String@5000013c)
	value		50001fd4
OBJ 50001fcf (sz=24, trace=300000, class=java.lang.String@5000013c)
	value		50001fd5
ARR 50001fd0 (sz=72, trace=300000, nelems=36, elem type=char[])
ARR 50001fd1 (sz=54, trace=300000, nelems=27, elem type=char[])
ARR 50001fd2 (sz=58, trace=300000, nelems=29, elem type=char[])
ARR 50001fd3 (sz=74, trace=300000, nelems=37, elem type=char[])
ARR 50001fd4 (sz=32, trace=300000, nelems=16, elem type=char[])
ARR 50001fd5 (sz=48, trace=300000, nelems=24, elem type=char[])
ARR 50001fd6 (sz=26, trace=300000, nelems=13, elem type=char[])
ARR 50001fd7 (sz=38, trace=300000, nelems=19, elem type=char[])
ARR 50001fd8 (sz=28, trace=300000, nelems=14, elem type=char[])
ARR 50001fd9 (sz=22, trace=300000, nelems=11, elem type=char[])
ARR 50001fda (sz=18, trace=300000, nelems=9, elem type=char[])
ARR 50001fdb (sz=24, trace=300000, nelems=12, elem type=char[])
ARR 50001fdc (sz=14, trace=300000, nelems=7, elem type=char[])
ARR 50001fdd (sz=16, trace=300000, nelems=8, elem type=char[])
ARR 50001fde (sz=28, trace=300000, nelems=14, elem type=char[])
ARR 50001fdf (sz=12, trace=300000, nelems=6, elem type=char[])
ARR 50001fe0 (sz=6, trace=300000, nelems=3, elem type=char[])
ARR 50001fe1 (sz=6, trace=300000, nelems=3, elem type=char[])
ARR 50001fe2 (sz=8, trace=300000, nelems=4, elem type=char[])
ARR 50001fe3 (sz=8, trace=300000, nelems=4, elem type=char[])
OBJ 50001fe4 (sz=24, trace=300000, class=java.lang.String@5000013c)
	value		50001ff6
OBJ 50001fe5 (sz=32, trace=300000, class=java.util.concurrent.atomic.AtomicReferenceFieldUpdater$AtomicReferenceFieldUpdaterImpl@50000106)
	tclass		5000003f
	vclass		5000016a
OBJ 50001fe6 (sz=24, trace=300000, class=java.lang.String@5000013c)
	value		50001fe7
ARR 50001fe7 (sz=26, trace=300000, nelems=13, elem type=char[])
OBJ 50001fe8 (sz=24, trace=300000, class=java.lang.String@5000013c)
	value		50001fee
OBJ 50001fe9 (sz=32, trace=300000, class=java.util.Collections$SynchronizedMap@50000116)
	m		50001ff2
	mutex		50001fe9
OBJ 50001fea (sz=16, trace=300000, class=java.lang.Object@5000011a)
OBJ 50001feb (sz=16, trace=300000, class=java.lang.Object@5000011a)
OBJ 50001fec (sz=56, trace=300000, class=java.util.WeakHashMap@50000021)
	table		50001ff0
	queue		50001fef
ARR 50001fed (sz=24, trace=300000, nelems=1, elem type=java.lang.Class[]@500000ab)
	[0]		50000038
ARR 50001fee (sz=12, trace=300000, nelems=6, elem type=char[])
OBJ 50001fef (sz=32, trace=300000, class=java.lang.ref.ReferenceQueue@500000c2)
	lock		50001ff1
ARR 50001ff0 (sz=80, trace=300000, nelems=0, elem type=java.util.WeakHashMap$Entry[]@50000013)
OBJ 50001ff1 (sz=16, trace=300000, class=java.lang.ref.ReferenceQueue$Lock@50000130)
OBJ 50001ff2 (sz=56, trace=300000, class=java.util.WeakHashMap@50000021)
	table		50001ff4
	queue		50001ff3
OBJ 50001ff3 (sz=32, trace=300000, class=java.lang.ref.ReferenceQueue@500000c2)
	lock		50001ff5
ARR 50001ff4 (sz=80, trace=300000, nelems=0, elem type=java.util.WeakHashMap$Entry[]@50000013)
OBJ 50001ff5 (sz=16, trace=300000, class=java.lang.ref.ReferenceQueue$Lock@50000130)
ARR 50001ff6 (sz=6, trace=300000, nelems=3, elem type=char[])
OBJ 50001ff7 (sz=32, trace=300000, class=java.io.OutputStreamWriter@5000007c)
	lock		50001799
	se		50001fff
OBJ 50001ff8 (sz=48, trace=300000, class=java.io.BufferedWriter@500000f9)
	lock		50001ff7
	out		50001ff7
	cb		50001ffe
	lineSeparator	50001796
OBJ 50001ff9 (sz=24, trace=300000, class=java.io.BufferedOutputStream@50000144)
	out		50001ffb
	buf		50001ffa
ARR 50001ffa (sz=128, trace=300000, nelems=128, elem type=byte[])
OBJ 50001ffb (sz=32, trace=300000, class=java.io.FileOutputStream@50000088)
	fd		500017a3
	closeLock	50001ffc
OBJ 50001ffc (sz=16, trace=300000, class=java.lang.Object@5000011a)
OBJ 50001ffd (sz=16, trace=300000, class=java.lang.ThreadLocal@50000014)
ARR 50001ffe (sz=16384, trace=300000, nelems=8192, elem type=char[])
OBJ 50001fff (sz=56, trace=300000, class=sun.nio.cs.StreamEncoder@50000119)
	lock		50001ff7
	cs		50001a92
	encoder		50002001
	bb		50002000
	out		50001799
OBJ 50002000 (sz=48, trace=300000, class=java.nio.HeapByteBuffer@50000044)
	hb		50002003
OBJ 50002001 (sz=48, trace=300000, class=sun.nio.cs.UTF_8$Encoder@500000cd)
	charset		50001a92
	replacement	50002002
	malformedInputAction	50001ed0
	unmappableCharacterAction	50001ed0
ARR 50002002 (sz=1, trace=300000, nelems=1, elem type=byte[])
ARR 50002003 (sz=8192, trace=300000, nelems=8192, elem type=byte[])
ARR 50002004 (sz=28, trace=300000, nelems=14, elem type=char[])
OBJ 50002005 (sz=24, trace=300000, class=java.lang.String@5000013c)
	value		50002006
ARR 50002006 (sz=36, trace=300000, nelems=18, elem type=char[])
OBJ 50002007 (sz=32, trace=300000, class=java.io.OutputStreamWriter@5000007c)
	lock		50001798
	se		5000200e
OBJ 50002008 (sz=48, trace=300000, class=java.io.BufferedWriter@500000f9)
	lock		50002007
	out		50002007
	cb		5000200d
	lineSeparator	50001796
OBJ 50002009 (sz=24, trace=300000, class=java.io.BufferedOutputStream@50000144)
	out		5000200b
	buf		5000200a
ARR 5000200a (sz=128, trace=300000, nelems=128, elem type=byte[])
OBJ 5000200b (sz=32, trace=300000, class=java.io.FileOutputStream@50000088)
	fd		500017a2
	closeLock	5000200c
OBJ 5000200c (sz=16, trace=300000, class=java.lang.Object@5000011a)
ARR 5000200d (sz=16384, trace=300000, nelems=8192, elem type=char[])
OBJ 5000200e (sz=56, trace=300000, class=sun.nio.cs.StreamEncoder@50000119)
	lock		50002007
	cs		50001a92
	encoder		50002010
	bb		5000200f
	out		50001798
OBJ 5000200f (sz=48, trace=300000, class=java.nio.HeapByteBuffer@50000044)
	hb		50002012
OBJ 50002010 (sz=48, trace=300000, class=sun.nio.cs.UTF_8$Encoder@500000cd)
	charset		50001a92
	replacement	50002011
	malformedInputAction	50001ed0
	unmappableCharacterAction	50001ed0
ARR 50002011 (sz=1, trace=300000, nelems=1, elem type=byte[])
ARR 50002012 (sz=8192, trace=300000, nelems=8192, elem type=byte[])
OBJ 50002013 (sz=24, trace=300000, class=java.util.Collections$SynchronizedSet@50000026)
	c		50002055
	mutex		50001797
ARR 50002014 (sz=400, trace=300000, nelems=92, elem type=java.util.Hashtable$Entry[]@50000123)
	[0]		50002015
	[1]		50002016
	[4]		50002017
	[9]		50002018
	[11]		50002019
	[13]		5000201a
	[16]		5000201b
	[17]		5000201c
	[18]		5000201d
	[19]		5000201e
	[21]		5000201f
	[22]		50002020
	[24]		50002021
	[26]		50002022
	[27]		50002023
	[33]		50002024
	[38]		50002025
	[39]		50002026
	[40]		50002027
	[41]		50002028
	[42]		50002029
	[44]		5000202a
	[47]		5000202b
	[49]		5000202c
	[54]		5000202d
	[57]		5000202e
	[63]		5000202f
	[65]		50002030
	[67]		50002031
	[70]		50002032
	[72]		50002033
	[74]		50002034
	[76]		50002035
	[79]		50002036
	[80]		50002037
	[81]		50002038
	[82]		50002039
	[85]		5000203a
	[88]		5000203b
	[91]		5000203c
OBJ 50002015 (sz=32, trace=300000, class=java.util.Hashtable$Entry@50000122)
	key		500018cf
	value		500018ce
OBJ 50002016 (sz=32, trace=300000, class=java.util.Hashtable$Entry@50000122)
	key		500018cb
	value		500018ca
OBJ 50002017 (sz=32, trace=300000, class=java.util.Hashtable$Entry@50000122)
	key		500018c7
	value		500018c6
OBJ 50002018 (sz=32, trace=300000, class=java.util.Hashtable$Entry@50000122)
	key		500018c3
	value		500018c2
	next		50002054
OBJ 50002019 (sz=32, trace=300000, class=java.util.Hashtable$Entry@50000122)
	key		500018ba
	value		500018b9
OBJ 5000201a (sz=32, trace=300000, class=java.util.Hashtable$Entry@50000122)
	key		500018b6
	value		500018b5
OBJ 5000201b (sz=32, trace=300000, class=java.util.Hashtable$Entry@50000122)
	key		500018b2
	value		500018b1
OBJ 5000201c (sz=32, trace=300000, class=java.util.Hashtable$Entry@50000122)
	key		500018ae
	value		500018ad
OBJ 5000201d (sz=32, trace=300000, class=java.util.Hashtable$Entry@50000122)
	key		500018aa
	value		500018a9
OBJ 5000201e (sz=32, trace=300000, class=java.util.Hashtable$Entry@50000122)
	key		500018a6
	value		50001f60
OBJ 5000201f (sz=32, trace=300000, class=java.util.Hashtable$Entry@50000122)
	key		5000189e
	value		50002052
OBJ 50002020 (sz=32, trace=300000, class=java.util.Hashtable$Entry@50000122)
	key		50001899
	value		50001898
OBJ 50002021 (sz=32, trace=300000, class=java.util.Hashtable$Entry@50000122)
	key		50001895
	value		50001894
	next		50002051
OBJ 50002022 (sz=32, trace=300000, class=java.util.Hashtable$Entry@50000122)
	key		5000188d
	value		500017bc
	next		50002050
OBJ 50002023 (sz=32, trace=300000, class=java.util.Hashtable$Entry@50000122)
	key		50001885
	value		50001884
OBJ 50002024 (sz=32, trace=300000, class=java.util.Hashtable$Entry@50000122)
	key		50001881
	value		50001880
	next		5000204f
OBJ 50002025 (sz=32, trace=300000, class=java.util.Hashtable$Entry@50000122)
	key		50001874
	value		50001873
	next		5000204e
OBJ 50002026 (sz=32, trace=300000, class=java.util.Hashtable$Entry@50000122)
	key		5000186f
	value		5000186e
OBJ 50002027 (sz=32, trace=300000, class=java.util.Hashtable$Entry@50000122)
	key		5000186b
	value		5000186a
OBJ 50002028 (sz=32, trace=300000, class=java.util.Hashtable$Entry@50000122)
	key		50001867
	value		50001866
OBJ 50002029 (sz=32, trace=300000, class=java.util.Hashtable$Entry@50000122)
	key		50001863
	value		50001862
OBJ 5000202a (sz=32, trace=300000, class=java.util.Hashtable$Entry@50000122)
	key		5000185f
	value		5000185e
OBJ 5000202b (sz=32, trace=300000, class=java.util.Hashtable$Entry@50000122)
	key		5000185b
	value		5000185a
OBJ 5000202c (sz=32, trace=300000, class=java.util.Hashtable$Entry@50000122)
	key		50001853
	value		50001852
	next		5000204d
OBJ 5000202d (sz=32, trace=300000, class=java.util.Hashtable$Entry@50000122)
	key		5000184e
	value		5000184d
OBJ 5000202e (sz=32, trace=300000, class=java.util.Hashtable$Entry@50000122)
	key		5000184a
	value		50001705
OBJ 5000202f (sz=32, trace=300000, class=java.util.Hashtable$Entry@50000122)
	key		50001847
	value		50001846
OBJ 50002030 (sz=32, trace=300000, class=java.util.Hashtable$Entry@50000122)
	key		50001843
	value		50001842
OBJ 50002031 (sz=32, trace=300000, class=java.util.Hashtable$Entry@50000122)
	key		5000183c
	value		5000183b
	next		5000204c
OBJ 50002032 (sz=32, trace=300000, class=java.util.Hashtable$Entry@50000122)
	key		50001833
	value		50001832
	next		5000204b
OBJ 50002033 (sz=32, trace=300000, class=java.util.Hashtable$Entry@50000122)
	key		5000182e
	value		5000182d
OBJ 50002034 (sz=32, trace=300000, class=java.util.Hashtable$Entry@50000122)
	key		50002048
	value		50002047
OBJ 50002035 (sz=32, trace=300000, class=java.util.Hashtable$Entry@50000122)
	key		50001826
	value		50001825
	next		50002046
OBJ 50002036 (sz=32, trace=300000, class=java.util.Hashtable$Entry@50000122)
	key		50001818
	value		50001817
	next		50002044
OBJ 50002037 (sz=32, trace=300000, class=java.util.Hashtable$Entry@50000122)
	key		5000180f
	value		5000180e
	next		50002043
OBJ 50002038 (sz=32, trace=300000, class=java.util.Hashtable$Entry@50000122)
	key		5000180a
	value		50001809
OBJ 50002039 (sz=32, trace=300000, class=java.util.Hashtable$Entry@50000122)
	key		50001802
	value		50001801
	next		50002042
OBJ 5000203a (sz=32, trace=300000, class=java.util.Hashtable$Entry@50000122)
	key		500017fd
	value		500017fc
OBJ 5000203b (sz=32, trace=300000, class=java.util.Hashtable$Entry@50000122)
	key		500017f5
	value		500017f4
	next		50002041
OBJ 5000203c (sz=32, trace=300000, class=java.util.Hashtable$Entry@50000122)
	key		5000203e
	value		5000203d
OBJ 5000203d (sz=24, trace=300000, class=java.lang.String@5000013c)
	value		50002040
OBJ 5000203e (sz=24, trace=300000, class=java.lang.String@5000013c)
	value		5000203f
ARR 5000203f (sz=34, trace=300000, nelems=17, elem type=char[])
ARR 50002040 (sz=62, trace=300000, nelems=31, elem type=char[])
OBJ 50002041 (sz=32, trace=300000, class=java.util.Hashtable$Entry@50000122)
	key		500017f9
	value		500017f8
OBJ 50002042 (sz=32, trace=300000, class=java.util.Hashtable$Entry@50000122)
	key		50001806
	value		50001805
OBJ 50002043 (sz=32, trace=300000, class=java.util.Hashtable$Entry@50000122)
	key		50001813
	value		50001812
OBJ 50002044 (sz=32, trace=300000, class=java.util.Hashtable$Entry@50000122)
	key		5000181d
	value		5000181c
	next		50002045
OBJ 50002045 (sz=32, trace=300000, class=java.util.Hashtable$Entry@50000122)
	key		50001821
	value		50001820
OBJ 50002046 (sz=32, trace=300000, class=java.util.Hashtable$Entry@50000122)
	key		5000182a
	value		50001829
OBJ 50002047 (sz=24, trace=300000, class=java.lang.String@5000013c)
	value		5000204a
OBJ 50002048 (sz=24, trace=300000, class=java.lang.String@5000013c)
	value		50002049
ARR 50002049 (sz=40, trace=300000, nelems=20, elem type=char[])
ARR 5000204a (sz=24, trace=300000, nelems=12, elem type=char[])
OBJ 5000204b (sz=32, trace=300000, class=java.util.Hashtable$Entry@50000122)
	key		50001837
	value		50001836
OBJ 5000204c (sz=32, trace=300000, class=java.util.Hashtable$Entry@50000122)
	key		5000183f
	value		50001796
OBJ 5000204d (sz=32, trace=300000, class=java.util.Hashtable$Entry@50000122)
	key		50001857
	value		50001856
OBJ 5000204e (sz=32, trace=300000, class=java.util.Hashtable$Entry@50000122)
	key		50001878
	value		50001877
OBJ 5000204f (sz=32, trace=300000, class=java.util.Hashtable$Entry@50000122)
	key		5000187d
	value		5000187c
OBJ 50002050 (sz=32, trace=300000, class=java.util.Hashtable$Entry@50000122)
	key		5000188a
	value		50001889
OBJ 50002051 (sz=32, trace=300000, class=java.util.Hashtable$Entry@50000122)
	key		50001891
	value		50001890
OBJ 50002052 (sz=24, trace=300000, class=java.lang.String@5000013c)
	value		50002053
ARR 50002053 (sz=20, trace=300000, nelems=10, elem type=char[])
OBJ 50002054 (sz=32, trace=300000, class=java.util.Hashtable$Entry@50000122)
	key		500018bf
	value		500018be
OBJ 50002055 (sz=16, trace=300000, class=java.util.Hashtable$EntrySet@50000089)
	this$0		50001797
OBJ 50002056 (sz=24, trace=300000, class=java.lang.String@5000013c)
	value		5000205e
OBJ 50002057 (sz=24, trace=300000, class=java.lang.String@5000013c)
	value		5000205d
OBJ 50002058 (sz=24, trace=300000, class=java.lang.String@5000013c)
	value		5000205c
OBJ 50002059 (sz=16, trace=300000, class=java.lang.Terminator$1@50000027)
OBJ 5000205a (sz=24, trace=300000, class=sun.misc.NativeSignalHandler@500000c0)
OBJ 5000205b (sz=24, trace=300000, class=sun.misc.NativeSignalHandler@500000c0)
ARR 5000205c (sz=8, trace=300000, nelems=4, elem type=char[])
ARR 5000205d (sz=6, trace=300000, nelems=3, elem type=char[])
ARR 5000205e (sz=6, trace=300000, nelems=3, elem type=char[])
OBJ 5000205f (sz=48, trace=300000, class=java.util.Hashtable@500000fa)
	table		50002068
OBJ 50002060 (sz=48, trace=300000, class=java.util.Hashtable@500000fa)
	table		50002061
ARR 50002061 (sz=32, trace=300000, nelems=4, elem type=java.util.Hashtable$Entry[]@50000123)
	[1]		50002062
	[2]		50002063
	[3]		50002064
OBJ 50002062 (sz=32, trace=300000, class=java.util.Hashtable$Entry@50000122)
	key		50002067
	value		50002059
OBJ 50002063 (sz=32, trace=300000, class=java.util.Hashtable$Entry@50000122)
	key		50002066
	value		50002059
OBJ 50002064 (sz=32, trace=300000, class=java.util.Hashtable$Entry@50000122)
	key		50002065
	value		50002059
OBJ 50002065 (sz=24, trace=300000, class=sun.misc.Signal@50000071)
	name		50002058
OBJ 50002066 (sz=24, trace=300000, class=sun.misc.Signal@50000071)
	name		50002057
OBJ 50002067 (sz=24, trace=300000, class=sun.misc.Signal@50000071)
	name		50002056
ARR 50002068 (sz=32, trace=300000, nelems=4, elem type=java.util.Hashtable$Entry[]@50000123)
	[1]		50002069
	[2]		5000206a
	[3]		5000206b
OBJ 50002069 (sz=32, trace=300000, class=java.util.Hashtable$Entry@50000122)
	key		5000206e
	value		50002067
OBJ 5000206a (sz=32, trace=300000, class=java.util.Hashtable$Entry@50000122)
	key		5000206d
	value		50002066
OBJ 5000206b (sz=32, trace=300000, class=java.util.Hashtable$Entry@50000122)
	key		5000206c
	value		50002065
OBJ 5000206c (sz=16, trace=300000, class=java.lang.Integer@50000134)
OBJ 5000206d (sz=16, trace=300000, class=java.lang.Integer@50000134)
OBJ 5000206e (sz=16, trace=300000, class=java.lang.Integer@50000134)
OBJ 5000206f (sz=24, trace=300000, class=java.lang.String@5000013c)
	value		50002070
ARR 50002070 (sz=8, trace=300000, nelems=4, elem type=char[])
ARR 50002071 (sz=6, trace=300000, nelems=3, elem type=char[])
OBJ 50002072 (sz=24, trace=300000, class=java.lang.String@5000013c)
	value		50002075
OBJ 50002073 (sz=24, trace=300000, class=java.lang.String@5000013c)
	value		50002074
ARR 50002074 (sz=60, trace=300000, nelems=30, elem type=char[])
ARR 50002075 (sz=46, trace=300000, nelems=23, elem type=char[])
OBJ 50002076 (sz=24, trace=300000, class=java.lang.String@5000013c)
	value		50002077
ARR 50002077 (sz=40, trace=300000, nelems=20, elem type=char[])
ARR 50002078 (sz=20, trace=300000, nelems=10, elem type=char[])
ARR 50002079 (sz=8, trace=300000, nelems=4, elem type=char[])
ARR 5000207a (sz=8, trace=300000, nelems=4, elem type=char[])
ARR 5000207b (sz=10, trace=300000, nelems=5, elem type=char[])
OBJ 5000207c (sz=32, trace=300000, class=java.util.concurrent.ConcurrentHashMap$HashEntry@5000012c)
	key		5000207e
	value		5000207d
OBJ 5000207d (sz=48, trace=300000, class=sun.util.locale.LocaleObjectCache$CacheEntry@500000cf)
	referent	50001763
	queue		50001772
	key		5000207e
OBJ 5000207e (sz=24, trace=300000, class=java.util.Locale$LocaleKey@50000080)
	base		5000207f
OBJ 5000207f (sz=32, trace=300000, class=sun.util.locale.BaseLocale@5000009a)
	language	50001753
	script		5000173a
	region		50001755
	variant		5000173a
ARR 50002080 (sz=4, trace=300000, nelems=2, elem type=char[])
ARR 50002081 (sz=4, trace=300000, nelems=2, elem type=char[])
OBJ 50002082 (sz=24, trace=300000, class=java.lang.String@5000013c)
	value		50002084
OBJ 50002083 (sz=24, trace=300000, class=sun.util.locale.BaseLocale$Cache@500000ee)
	map		50002086
	queue		50002085
ARR 50002084 (sz=2, trace=300000, nelems=1, elem type=char[])
OBJ 50002085 (sz=32, trace=300000, class=java.lang.ref.ReferenceQueue@500000c2)
	lock		5000209d
OBJ 50002086 (sz=48, trace=300000, class=java.util.concurrent.ConcurrentHashMap@500000dd)
	segments	50002087
ARR 50002087 (sz=80, trace=300000, nelems=14, elem type=java.util.concurrent.ConcurrentHashMap$Segment[]@50000011)
	[0]		50002088
	[1]		50002089
	[2]		5000208a
	[4]		5000208b
	[6]		5000208c
	[7]		5000208d
	[8]		5000208e
	[9]		5000208f
	[10]		50002090
	[11]		50002091
	[12]		50002092
	[13]		50002093
OBJ 50002088 (sz=40, trace=300000, class=java.util.concurrent.ConcurrentHashMap$Segment@50000010)
	sync		50002106
	table		50002105
OBJ 50002089 (sz=40, trace=300000, class=java.util.concurrent.ConcurrentHashMap$Segment@50000010)
	sync		50002100
	table		500020ff
OBJ 5000208a (sz=40, trace=300000, class=java.util.concurrent.ConcurrentHashMap$Segment@50000010)
	sync		500020f4
	table		500020f3
OBJ 5000208b (sz=40, trace=300000, class=java.util.concurrent.ConcurrentHashMap$Segment@50000010)
	sync		500020ed
	table		500011f3
OBJ 5000208c (sz=40, trace=300000, class=java.util.concurrent.ConcurrentHashMap$Segment@50000010)
	sync		500020db
	table		500020da
OBJ 5000208d (sz=40, trace=300000, class=java.util.concurrent.ConcurrentHashMap$Segment@50000010)
	sync		500020d1
	table		500020d0
OBJ 5000208e (sz=40, trace=300000, class=java.util.concurrent.ConcurrentHashMap$Segment@50000010)
	sync		500020ca
	table		500020c9
OBJ 5000208f (sz=40, trace=300000, class=java.util.concurrent.ConcurrentHashMap$Segment@50000010)
	sync		500020c2
	table		500020c1
OBJ 50002090 (sz=40, trace=300000, class=java.util.concurrent.ConcurrentHashMap$Segment@50000010)
	sync		500020b6
	table		500020b5
OBJ 50002091 (sz=40, trace=300000, class=java.util.concurrent.ConcurrentHashMap$Segment@50000010)
	sync		500020af
	table		500020ae
OBJ 50002092 (sz=40, trace=300000, class=java.util.concurrent.ConcurrentHashMap$Segment@50000010)
	sync		500020a6
	table		50001299
OBJ 50002093 (sz=40, trace=300000, class=java.util.concurrent.ConcurrentHashMap$Segment@50000010)
	sync		50002095
	table		50002094
ARR 50002094 (sz=32, trace=300000, nelems=4, elem type=java.util.concurrent.ConcurrentHashMap$HashEntry[]@5000012d)
	[1]		50002096
	[2]		50002097
	[3]		50002098
OBJ 50002095 (sz=32, trace=300000, class=java.util.concurrent.locks.ReentrantLock$NonfairSync@500000c1)
OBJ 50002096 (sz=32, trace=300000, class=java.util.concurrent.ConcurrentHashMap$HashEntry@5000012c)
	key		500020a4
	value		500020a3
OBJ 50002097 (sz=32, trace=300000, class=java.util.concurrent.ConcurrentHashMap$HashEntry@5000012c)
	key		5000209f
	value		5000209e
OBJ 50002098 (sz=32, trace=300000, class=java.util.concurrent.ConcurrentHashMap$HashEntry@5000012c)
	key		5000209a
	value		50002099
OBJ 50002099 (sz=48, trace=300000, class=sun.util.locale.LocaleObjectCache$CacheEntry@500000cf)
	referent	5000209c
	queue		50002085
	key		5000209a
OBJ 5000209a (sz=40, trace=300000, class=sun.util.locale.BaseLocale$Key@500000f7)
	lang		50001752
	scrt		5000173a
	regn		5000173a
	vart		5000173a
ARR 5000209b (sz=4, trace=300000, nelems=2, elem type=char[])
OBJ 5000209c (sz=32, trace=300000, class=sun.util.locale.BaseLocale@5000009a)
	language	50001752
	script		5000173a
	region		5000173a
	variant		5000173a
OBJ 5000209d (sz=16, trace=300000, class=java.lang.ref.ReferenceQueue$Lock@50000130)
OBJ 5000209e (sz=48, trace=300000, class=sun.util.locale.LocaleObjectCache$CacheEntry@500000cf)
	referent	500020a2
	queue		50002085
	key		5000209f
OBJ 5000209f (sz=40, trace=300000, class=sun.util.locale.BaseLocale$Key@500000f7)
	lang		5000173c
	scrt		5000173a
	regn		5000175b
	vart		5000173a
ARR 500020a0 (sz=4, trace=300000, nelems=2, elem type=char[])
ARR 500020a1 (sz=4, trace=300000, nelems=2, elem type=char[])
OBJ 500020a2 (sz=32, trace=300000, class=sun.util.locale.BaseLocale@5000009a)
	language	5000173c
	script		5000173a
	region		5000175b
	variant		5000173a
OBJ 500020a3 (sz=48, trace=300000, class=sun.util.locale.LocaleObjectCache$CacheEntry@500000cf)
	referent	500020a5
	queue		50002085
	key		500020a4
OBJ 500020a4 (sz=40, trace=300000, class=sun.util.locale.BaseLocale$Key@500000f7)
	lang		50001753
	scrt		5000173a
	regn		5000173a
	vart		5000173a
OBJ 500020a5 (sz=32, trace=300000, class=sun.util.locale.BaseLocale@5000009a)
	language	50001753
	script		5000173a
	region		5000173a
	variant		5000173a
OBJ 500020a6 (sz=32, trace=300000, class=java.util.concurrent.locks.ReentrantLock$NonfairSync@500000c1)
OBJ 500020a7 (sz=32, trace=300000, class=java.util.concurrent.ConcurrentHashMap$HashEntry@5000012c)
	key		500020ab
	value		500020aa
ARR 500020a8 (sz=4, trace=300000, nelems=2, elem type=char[])
ARR 500020a9 (sz=4, trace=300000, nelems=2, elem type=char[])
OBJ 500020aa (sz=48, trace=300000, class=sun.util.locale.LocaleObjectCache$CacheEntry@500000cf)
	referent	500020ad
	queue		50002085
	key		500020ab
OBJ 500020ab (sz=40, trace=300000, class=sun.util.locale.BaseLocale$Key@500000f7)
	lang		5000173c
	scrt		5000173a
	regn		5000175a
	vart		5000173a
ARR 500020ac (sz=4, trace=300000, nelems=2, elem type=char[])
OBJ 500020ad (sz=32, trace=300000, class=sun.util.locale.BaseLocale@5000009a)
	language	5000173c
	script		5000173a
	region		5000175a
	variant		5000173a
ARR 500020ae (sz=24, trace=300000, nelems=1, elem type=java.util.concurrent.ConcurrentHashMap$HashEntry[]@5000012d)
	[0]		500020b0
OBJ 500020af (sz=32, trace=300000, class=java.util.concurrent.locks.ReentrantLock$NonfairSync@500000c1)
OBJ 500020b0 (sz=32, trace=300000, class=java.util.concurrent.ConcurrentHashMap$HashEntry@5000012c)
	key		500020b2
	value		500020b1
OBJ 500020b1 (sz=48, trace=300000, class=sun.util.locale.LocaleObjectCache$CacheEntry@500000cf)
	referent	500020b4
	queue		50002085
	key		500020b2
OBJ 500020b2 (sz=40, trace=300000, class=sun.util.locale.BaseLocale$Key@500000f7)
	lang		50001751
	scrt		5000173a
	regn		5000173a
	vart		5000173a
ARR 500020b3 (sz=4, trace=300000, nelems=2, elem type=char[])
OBJ 500020b4 (sz=32, trace=300000, class=sun.util.locale.BaseLocale@5000009a)
	language	50001751
	script		5000173a
	region		5000173a
	variant		5000173a
ARR 500020b5 (sz=32, trace=300000, nelems=3, elem type=java.util.concurrent.ConcurrentHashMap$HashEntry[]@5000012d)
	[1]		500020b7
	[2]		500020b8
OBJ 500020b6 (sz=32, trace=300000, class=java.util.concurrent.locks.ReentrantLock$NonfairSync@500000c1)
OBJ 500020b7 (sz=32, trace=300000, class=java.util.concurrent.ConcurrentHashMap$HashEntry@5000012c)
	key		500020bd
	value		500020bc
OBJ 500020b8 (sz=32, trace=300000, class=java.util.concurrent.ConcurrentHashMap$HashEntry@5000012c)
	key		500020ba
	value		500020b9
OBJ 500020b9 (sz=48, trace=300000, class=sun.util.locale.LocaleObjectCache$CacheEntry@500000cf)
	referent	500020bb
	queue		50002085
	key		500020ba
OBJ 500020ba (sz=40, trace=300000, class=sun.util.locale.BaseLocale$Key@500000f7)
	lang		5000173a
	scrt		5000173a
	regn		5000173a
	vart		5000173a
OBJ 500020bb (sz=32, trace=300000, class=sun.util.locale.BaseLocale@5000009a)
	language	5000173a
	script		5000173a
	region		5000173a
	variant		5000173a
OBJ 500020bc (sz=48, trace=300000, class=sun.util.locale.LocaleObjectCache$CacheEntry@500000cf)
	referent	500020c0
	queue		50002085
	key		500020bd
OBJ 500020bd (sz=40, trace=300000, class=sun.util.locale.BaseLocale$Key@500000f7)
	lang		5000174f
	scrt		5000173a
	regn		50001756
	vart		5000173a
ARR 500020be (sz=4, trace=300000, nelems=2, elem type=char[])
ARR 500020bf (sz=4, trace=300000, nelems=2, elem type=char[])
OBJ 500020c0 (sz=32, trace=300000, class=sun.util.locale.BaseLocale@5000009a)
	language	5000174f
	script		5000173a
	region		50001756
	variant		5000173a
ARR 500020c1 (sz=24, trace=300000, nelems=1, elem type=java.util.concurrent.ConcurrentHashMap$HashEntry[]@5000012d)
	[0]		500020c3
OBJ 500020c2 (sz=32, trace=300000, class=java.util.concurrent.locks.ReentrantLock$NonfairSync@500000c1)
OBJ 500020c3 (sz=32, trace=300000, class=java.util.concurrent.ConcurrentHashMap$HashEntry@5000012c)
	key		500020c5
	value		500020c4
OBJ 500020c4 (sz=48, trace=300000, class=sun.util.locale.LocaleObjectCache$CacheEntry@500000cf)
	referent	500020c8
	queue		50002085
	key		500020c5
OBJ 500020c5 (sz=40, trace=300000, class=sun.util.locale.BaseLocale$Key@500000f7)
	lang		50001750
	scrt		5000173a
	regn		50001757
	vart		5000173a
ARR 500020c6 (sz=4, trace=300000, nelems=2, elem type=char[])
ARR 500020c7 (sz=4, trace=300000, nelems=2, elem type=char[])
OBJ 500020c8 (sz=32, trace=300000, class=sun.util.locale.BaseLocale@5000009a)
	language	50001750
	script		5000173a
	region		50001757
	variant		5000173a
ARR 500020c9 (sz=24, trace=300000, nelems=1, elem type=java.util.concurrent.ConcurrentHashMap$HashEntry[]@5000012d)
	[0]		500020cb
OBJ 500020ca (sz=32, trace=300000, class=java.util.concurrent.locks.ReentrantLock$NonfairSync@500000c1)
OBJ 500020cb (sz=32, trace=300000, class=java.util.concurrent.ConcurrentHashMap$HashEntry@5000012c)
	key		500020cd
	value		500020cc
OBJ 500020cc (sz=48, trace=300000, class=sun.util.locale.LocaleObjectCache$CacheEntry@500000cf)
	referent	500020cf
	queue		50002085
	key		500020cd
OBJ 500020cd (sz=40, trace=300000, class=sun.util.locale.BaseLocale$Key@500000f7)
	lang		5000174a
	scrt		5000173a
	regn		5000173a
	vart		5000173a
ARR 500020ce (sz=4, trace=300000, nelems=2, elem type=char[])
OBJ 500020cf (sz=32, trace=300000, class=sun.util.locale.BaseLocale@5000009a)
	language	5000174a
	script		5000173a
	region		5000173a
	variant		5000173a
ARR 500020d0 (sz=32, trace=300000, nelems=4, elem type=java.util.concurrent.ConcurrentHashMap$HashEntry[]@5000012d)
	[0]		500020d2
	[3]		500020d3
OBJ 500020d1 (sz=32, trace=300000, class=java.util.concurrent.locks.ReentrantLock$NonfairSync@500000c1)
OBJ 500020d2 (sz=32, trace=300000, class=java.util.concurrent.ConcurrentHashMap$HashEntry@5000012c)
	key		500020d9
	value		500020d8
OBJ 500020d3 (sz=32, trace=300000, class=java.util.concurrent.ConcurrentHashMap$HashEntry@5000012c)
	key		500020d5
	value		500020d4
OBJ 500020d4 (sz=48, trace=300000, class=sun.util.locale.LocaleObjectCache$CacheEntry@500000cf)
	referent	500020d7
	queue		50002085
	key		500020d5
OBJ 500020d5 (sz=40, trace=300000, class=sun.util.locale.BaseLocale$Key@500000f7)
	lang		50001752
	scrt		5000173a
	regn		50001759
	vart		5000173a
ARR 500020d6 (sz=4, trace=300000, nelems=2, elem type=char[])
OBJ 500020d7 (sz=32, trace=300000, class=sun.util.locale.BaseLocale@5000009a)
	language	50001752
	script		5000173a
	region		50001759
	variant		5000173a
OBJ 500020d8 (sz=48, trace=300000, class=sun.util.locale.LocaleObjectCache$CacheEntry@500000cf)
	referent	5000207f
	queue		50002085
	key		500020d9
OBJ 500020d9 (sz=40, trace=300000, class=sun.util.locale.BaseLocale$Key@500000f7)
	lang		50001753
	scrt		5000173a
	regn		50001755
	vart		5000173a
ARR 500020da (sz=48, trace=300000, nelems=7, elem type=java.util.concurrent.ConcurrentHashMap$HashEntry[]@5000012d)
	[0]		500020dc
	[2]		500020dd
	[5]		500020de
	[6]		500020df
OBJ 500020db (sz=32, trace=300000, class=java.util.concurrent.locks.ReentrantLock$NonfairSync@500000c1)
OBJ 500020dc (sz=32, trace=300000, class=java.util.concurrent.ConcurrentHashMap$HashEntry@5000012c)
	key		500020eb
	value		500020ea
OBJ 500020dd (sz=32, trace=300000, class=java.util.concurrent.ConcurrentHashMap$HashEntry@5000012c)
	key		500020e8
	value		500020e7
OBJ 500020de (sz=32, trace=300000, class=java.util.concurrent.ConcurrentHashMap$HashEntry@5000012c)
	key		500020e4
	value		500020e3
OBJ 500020df (sz=32, trace=300000, class=java.util.concurrent.ConcurrentHashMap$HashEntry@5000012c)
	key		500020e1
	value		500020e0
OBJ 500020e0 (sz=48, trace=300000, class=sun.util.locale.LocaleObjectCache$CacheEntry@500000cf)
	referent	500020e2
	queue		50002085
	key		500020e1
OBJ 500020e1 (sz=40, trace=300000, class=sun.util.locale.BaseLocale$Key@500000f7)
	lang		5000173c
	scrt		5000173a
	regn		5000173a
	vart		5000173a
OBJ 500020e2 (sz=32, trace=300000, class=sun.util.locale.BaseLocale@5000009a)
	language	5000173c
	script		5000173a
	region		5000173a
	variant		5000173a
OBJ 500020e3 (sz=48, trace=300000, class=sun.util.locale.LocaleObjectCache$CacheEntry@500000cf)
	referent	500020e6
	queue		50002085
	key		500020e4
OBJ 500020e4 (sz=40, trace=300000, class=sun.util.locale.BaseLocale$Key@500000f7)
	lang		5000174f
	scrt		5000173a
	regn		5000175c
	vart		5000173a
ARR 500020e5 (sz=4, trace=300000, nelems=2, elem type=char[])
OBJ 500020e6 (sz=32, trace=300000, class=sun.util.locale.BaseLocale@5000009a)
	language	5000174f
	script		5000173a
	region		5000175c
	variant		5000173a
OBJ 500020e7 (sz=48, trace=300000, class=sun.util.locale.LocaleObjectCache$CacheEntry@500000cf)
	referent	500020e9
	queue		50002085
	key		500020e8
OBJ 500020e8 (sz=40, trace=300000, class=sun.util.locale.BaseLocale$Key@500000f7)
	lang		5000174f
	scrt		5000173a
	regn		5000173a
	vart		5000173a
OBJ 500020e9 (sz=32, trace=300000, class=sun.util.locale.BaseLocale@5000009a)
	language	5000174f
	script		5000173a
	region		5000173a
	variant		5000173a
OBJ 500020ea (sz=48, trace=300000, class=sun.util.locale.LocaleObjectCache$CacheEntry@500000cf)
	referent	500020ec
	queue		50002085
	key		500020eb
OBJ 500020eb (sz=40, trace=300000, class=sun.util.locale.BaseLocale$Key@500000f7)
	lang		5000173c
	scrt		5000173a
	regn		5000175c
	vart		5000173a
OBJ 500020ec (sz=32, trace=300000, class=sun.util.locale.BaseLocale@5000009a)
	language	5000173c
	script		5000173a
	region		5000175c
	variant		5000173a
OBJ 500020ed (sz=32, trace=300000, class=java.util.concurrent.locks.ReentrantLock$NonfairSync@500000c1)
OBJ 500020ee (sz=32, trace=300000, class=java.util.concurrent.ConcurrentHashMap$HashEntry@5000012c)
	key		500020f1
	value		500020f0
ARR 500020ef (sz=4, trace=300000, nelems=2, elem type=char[])
OBJ 500020f0 (sz=48, trace=300000, class=sun.util.locale.LocaleObjectCache$CacheEntry@500000cf)
	referent	500020f2
	queue		50002085
	key		500020f1
OBJ 500020f1 (sz=40, trace=300000, class=sun.util.locale.BaseLocale$Key@500000f7)
	lang		5000174a
	scrt		5000173a
	regn		5000174c
	vart		5000173a
OBJ 500020f2 (sz=32, trace=300000, class=sun.util.locale.BaseLocale@5000009a)
	language	5000174a
	script		5000173a
	region		5000174c
	variant		5000173a
ARR 500020f3 (sz=32, trace=300000, nelems=4, elem type=java.util.concurrent.ConcurrentHashMap$HashEntry[]@5000012d)
	[2]		500020f5
	[3]		500020f6
OBJ 500020f4 (sz=32, trace=300000, class=java.util.concurrent.locks.ReentrantLock$NonfairSync@500000c1)
OBJ 500020f5 (sz=32, trace=300000, class=java.util.concurrent.ConcurrentHashMap$HashEntry@5000012c)
	key		500020fc
	value		500020fb
OBJ 500020f6 (sz=32, trace=300000, class=java.util.concurrent.ConcurrentHashMap$HashEntry@5000012c)
	key		500020f8
	value		500020f7
OBJ 500020f7 (sz=48, trace=300000, class=sun.util.locale.LocaleObjectCache$CacheEntry@500000cf)
	referent	500020fa
	queue		50002085
	key		500020f8
OBJ 500020f8 (sz=40, trace=300000, class=sun.util.locale.BaseLocale$Key@500000f7)
	lang		50001751
	scrt		5000173a
	regn		50001758
	vart		5000173a
ARR 500020f9 (sz=4, trace=300000, nelems=2, elem type=char[])
OBJ 500020fa (sz=32, trace=300000, class=sun.util.locale.BaseLocale@5000009a)
	language	50001751
	script		5000173a
	region		50001758
	variant		5000173a
OBJ 500020fb (sz=48, trace=300000, class=sun.util.locale.LocaleObjectCache$CacheEntry@500000cf)
	referent	500020fe
	queue		50002085
	key		500020fc
OBJ 500020fc (sz=40, trace=300000, class=sun.util.locale.BaseLocale$Key@500000f7)
	lang		50001753
	scrt		5000173a
	regn		50001754
	vart		5000173a
ARR 500020fd (sz=4, trace=300000, nelems=2, elem type=char[])
OBJ 500020fe (sz=32, trace=300000, class=sun.util.locale.BaseLocale@5000009a)
	language	50001753
	script		5000173a
	region		50001754
	variant		5000173a
ARR 500020ff (sz=24, trace=300000, nelems=1, elem type=java.util.concurrent.ConcurrentHashMap$HashEntry[]@5000012d)
	[0]		50002101
OBJ 50002100 (sz=32, trace=300000, class=java.util.concurrent.locks.ReentrantLock$NonfairSync@500000c1)
OBJ 50002101 (sz=32, trace=300000, class=java.util.concurrent.ConcurrentHashMap$HashEntry@5000012c)
	key		50002103
	value		50002102
OBJ 50002102 (sz=48, trace=300000, class=sun.util.locale.LocaleObjectCache$CacheEntry@500000cf)
	referent	50002104
	queue		50002085
	key		50002103
OBJ 50002103 (sz=40, trace=300000, class=sun.util.locale.BaseLocale$Key@500000f7)
	lang		50001750
	scrt		5000173a
	regn		5000173a
	vart		5000173a
OBJ 50002104 (sz=32, trace=300000, class=sun.util.locale.BaseLocale@5000009a)
	language	50001750
	script		5000173a
	region		5000173a
	variant		5000173a
ARR 50002105 (sz=24, trace=300000, nelems=0, elem type=java.util.concurrent.ConcurrentHashMap$HashEntry[]@5000012d)
OBJ 50002106 (sz=32, trace=300000, class=java.util.concurrent.locks.ReentrantLock$NonfairSync@500000c1)
ARR 50002107 (sz=4, trace=300000, nelems=2, elem type=char[])
ARR 50002108 (sz=4, trace=300000, nelems=2, elem type=char[])
ARR 50002109 (sz=4, trace=300000, nelems=2, elem type=char[])
OBJ 5000210a (sz=16, trace=300000, class=java.lang.ref.ReferenceQueue$Lock@50000130)
ARR 5000210b (sz=24, trace=300000, nelems=1, elem type=java.util.concurrent.ConcurrentHashMap$HashEntry[]@5000012d)
	[0]		5000210d
OBJ 5000210c (sz=32, trace=300000, class=java.util.concurrent.locks.ReentrantLock$NonfairSync@500000c1)
OBJ 5000210d (sz=32, trace=300000, class=java.util.concurrent.ConcurrentHashMap$HashEntry@5000012c)
	key		5000210f
	value		5000210e
OBJ 5000210e (sz=48, trace=300000, class=sun.util.locale.LocaleObjectCache$CacheEntry@500000cf)
	referent	50001766
	queue		50001772
	key		5000210f
OBJ 5000210f (sz=24, trace=300000, class=java.util.Locale$LocaleKey@50000080)
	base		500020f2
ARR 50002110 (sz=24, trace=300000, nelems=1, elem type=java.util.concurrent.ConcurrentHashMap$HashEntry[]@5000012d)
	[0]		50002112
OBJ 50002111 (sz=32, trace=300000, class=java.util.concurrent.locks.ReentrantLock$NonfairSync@500000c1)
OBJ 50002112 (sz=32, trace=300000, class=java.util.concurrent.ConcurrentHashMap$HashEntry@5000012c)
	key		50002114
	value		50002113
OBJ 50002113 (sz=48, trace=300000, class=sun.util.locale.LocaleObjectCache$CacheEntry@500000cf)
	referent	5000176a
	queue		50001772
	key		50002114
OBJ 50002114 (sz=24, trace=300000, class=java.util.Locale$LocaleKey@50000080)
	base		500020a5
ARR 50002115 (sz=48, trace=300000, nelems=8, elem type=java.util.concurrent.ConcurrentHashMap$HashEntry[]@5000012d)
	[2]		50002117
	[6]		50002118
	[7]		50002119
OBJ 50002116 (sz=32, trace=300000, class=java.util.concurrent.locks.ReentrantLock$NonfairSync@500000c1)
OBJ 50002117 (sz=32, trace=300000, class=java.util.concurrent.ConcurrentHashMap$HashEntry@5000012c)
	key		50002122
	value		50002121
OBJ 50002118 (sz=32, trace=300000, class=java.util.concurrent.ConcurrentHashMap$HashEntry@5000012c)
	key		5000211e
	value		5000211d
	next		5000211c
OBJ 50002119 (sz=32, trace=300000, class=java.util.concurrent.ConcurrentHashMap$HashEntry@5000012c)
	key		5000211b
	value		5000211a
OBJ 5000211a (sz=48, trace=300000, class=sun.util.locale.LocaleObjectCache$CacheEntry@500000cf)
	referent	50001761
	queue		50001772
	key		5000211b
OBJ 5000211b (sz=24, trace=300000, class=java.util.Locale$LocaleKey@50000080)
	base		500020ec
OBJ 5000211c (sz=32, trace=300000, class=java.util.concurrent.ConcurrentHashMap$HashEntry@5000012c)
	key		50002120
	value		5000211f
OBJ 5000211d (sz=48, trace=300000, class=sun.util.locale.LocaleObjectCache$CacheEntry@500000cf)
	referent	5000175e
	queue		50001772
	key		5000211e
OBJ 5000211e (sz=24, trace=300000, class=java.util.Locale$LocaleKey@50000080)
	base		500020a2
OBJ 5000211f (sz=48, trace=300000, class=sun.util.locale.LocaleObjectCache$CacheEntry@500000cf)
	referent	50001769
	queue		50001772
	key		50002120
OBJ 50002120 (sz=24, trace=300000, class=java.util.Locale$LocaleKey@50000080)
	base		500020c0
OBJ 50002121 (sz=48, trace=300000, class=sun.util.locale.LocaleObjectCache$CacheEntry@500000cf)
	referent	5000175f
	queue		50001772
	key		50002122
OBJ 50002122 (sz=24, trace=300000, class=java.util.Locale$LocaleKey@50000080)
	base		500020bb
ARR 50002123 (sz=24, trace=300000, nelems=2, elem type=java.util.concurrent.ConcurrentHashMap$HashEntry[]@5000012d)
	[1]		50002125
OBJ 50002124 (sz=32, trace=300000, class=java.util.concurrent.locks.ReentrantLock$NonfairSync@500000c1)
OBJ 50002125 (sz=32, trace=300000, class=java.util.concurrent.ConcurrentHashMap$HashEntry@5000012c)
	key		50002127
	value		50002126
OBJ 50002126 (sz=48, trace=300000, class=sun.util.locale.LocaleObjectCache$CacheEntry@500000cf)
	referent	5000176b
	queue		50001772
	key		50002127
OBJ 50002127 (sz=24, trace=300000, class=java.util.Locale$LocaleKey@50000080)
	base		5000209c
ARR 50002128 (sz=32, trace=300000, nelems=4, elem type=java.util.concurrent.ConcurrentHashMap$HashEntry[]@5000012d)
	[2]		5000212a
	[3]		5000212b
OBJ 50002129 (sz=32, trace=300000, class=java.util.concurrent.locks.ReentrantLock$NonfairSync@500000c1)
OBJ 5000212a (sz=32, trace=300000, class=java.util.concurrent.ConcurrentHashMap$HashEntry@5000012c)
	key		5000212f
	value		5000212e
OBJ 5000212b (sz=32, trace=300000, class=java.util.concurrent.ConcurrentHashMap$HashEntry@5000012c)
	key		5000212d
	value		5000212c
OBJ 5000212c (sz=48, trace=300000, class=sun.util.locale.LocaleObjectCache$CacheEntry@500000cf)
	referent	50001770
	queue		50001772
	key		5000212d
OBJ 5000212d (sz=24, trace=300000, class=java.util.Locale$LocaleKey@50000080)
	base		500020e2
OBJ 5000212e (sz=48, trace=300000, class=sun.util.locale.LocaleObjectCache$CacheEntry@500000cf)
	referent	5000176f
	queue		50001772
	key		5000212f
OBJ 5000212f (sz=24, trace=300000, class=java.util.Locale$LocaleKey@50000080)
	base		500020e9
ARR 50002130 (sz=24, trace=300000, nelems=1, elem type=java.util.concurrent.ConcurrentHashMap$HashEntry[]@5000012d)
	[0]		50002132
OBJ 50002131 (sz=32, trace=300000, class=java.util.concurrent.locks.ReentrantLock$NonfairSync@500000c1)
OBJ 50002132 (sz=32, trace=300000, class=java.util.concurrent.ConcurrentHashMap$HashEntry@5000012c)
	key		50002134
	value		50002133
OBJ 50002133 (sz=48, trace=300000, class=sun.util.locale.LocaleObjectCache$CacheEntry@500000cf)
	referent	50001765
	queue		50001772
	key		50002134
OBJ 50002134 (sz=24, trace=300000, class=java.util.Locale$LocaleKey@50000080)
	base		500020d7
ARR 50002135 (sz=32, trace=300000, nelems=3, elem type=java.util.concurrent.ConcurrentHashMap$HashEntry[]@5000012d)
	[1]		50002137
	[2]		50002138
OBJ 50002136 (sz=32, trace=300000, class=java.util.concurrent.locks.ReentrantLock$NonfairSync@500000c1)
OBJ 50002137 (sz=32, trace=300000, class=java.util.concurrent.ConcurrentHashMap$HashEntry@5000012c)
	key		5000213c
	value		5000213b
OBJ 50002138 (sz=32, trace=300000, class=java.util.concurrent.ConcurrentHashMap$HashEntry@5000012c)
	key		5000213a
	value		50002139
OBJ 50002139 (sz=48, trace=300000, class=sun.util.locale.LocaleObjectCache$CacheEntry@500000cf)
	referent	5000176e
	queue		50001772
	key		5000213a
OBJ 5000213a (sz=24, trace=300000, class=java.util.Locale$LocaleKey@50000080)
	base		50002104
OBJ 5000213b (sz=48, trace=300000, class=sun.util.locale.LocaleObjectCache$CacheEntry@500000cf)
	referent	5000176c
	queue		50001772
	key		5000213c
OBJ 5000213c (sz=24, trace=300000, class=java.util.Locale$LocaleKey@50000080)
	base		500020cf
ARR 5000213d (sz=32, trace=300000, nelems=3, elem type=java.util.concurrent.ConcurrentHashMap$HashEntry[]@5000012d)
	[0]		5000213f
	[2]		50002140
OBJ 5000213e (sz=32, trace=300000, class=java.util.concurrent.locks.ReentrantLock$NonfairSync@500000c1)
OBJ 5000213f (sz=32, trace=300000, class=java.util.concurrent.ConcurrentHashMap$HashEntry@5000012c)
	key		50002144
	value		50002143
OBJ 50002140 (sz=32, trace=300000, class=java.util.concurrent.ConcurrentHashMap$HashEntry@5000012c)
	key		50002142
	value		50002141
OBJ 50002141 (sz=48, trace=300000, class=sun.util.locale.LocaleObjectCache$CacheEntry@500000cf)
	referent	50001764
	queue		50001772
	key		50002142
OBJ 50002142 (sz=24, trace=300000, class=java.util.Locale$LocaleKey@50000080)
	base		500020fe
OBJ 50002143 (sz=48, trace=300000, class=sun.util.locale.LocaleObjectCache$CacheEntry@500000cf)
	referent	50001767
	queue		50001772
	key		50002144
OBJ 50002144 (sz=24, trace=300000, class=java.util.Locale$LocaleKey@50000080)
	base		500020fa
ARR 50002145 (sz=24, trace=300000, nelems=1, elem type=java.util.concurrent.ConcurrentHashMap$HashEntry[]@5000012d)
	[0]		50002147
OBJ 50002146 (sz=32, trace=300000, class=java.util.concurrent.locks.ReentrantLock$NonfairSync@500000c1)
OBJ 50002147 (sz=32, trace=300000, class=java.util.concurrent.ConcurrentHashMap$HashEntry@5000012c)
	key		50002149
	value		50002148
OBJ 50002148 (sz=48, trace=300000, class=sun.util.locale.LocaleObjectCache$CacheEntry@500000cf)
	referent	5000176d
	queue		50001772
	key		50002149
OBJ 50002149 (sz=24, trace=300000, class=java.util.Locale$LocaleKey@50000080)
	base		500020b4
ARR 5000214a (sz=32, trace=300000, nelems=3, elem type=java.util.concurrent.ConcurrentHashMap$HashEntry[]@5000012d)
	[2]		5000214c
OBJ 5000214b (sz=32, trace=300000, class=java.util.concurrent.locks.ReentrantLock$NonfairSync@500000c1)
OBJ 5000214c (sz=32, trace=300000, class=java.util.concurrent.ConcurrentHashMap$HashEntry@5000012c)
	key		5000214f
	value		5000214e
	next		5000214d
OBJ 5000214d (sz=32, trace=300000, class=java.util.concurrent.ConcurrentHashMap$HashEntry@5000012c)
	key		50002152
	value		50002151
	next		50002150
OBJ 5000214e (sz=48, trace=300000, class=sun.util.locale.LocaleObjectCache$CacheEntry@500000cf)
	referent	50001760
	queue		50001772
	key		5000214f
OBJ 5000214f (sz=24, trace=300000, class=java.util.Locale$LocaleKey@50000080)
	base		500020e6
OBJ 50002150 (sz=32, trace=300000, class=java.util.concurrent.ConcurrentHashMap$HashEntry@5000012c)
	key		50002154
	value		50002153
OBJ 50002151 (sz=48, trace=300000, class=sun.util.locale.LocaleObjectCache$CacheEntry@500000cf)
	referent	50001762
	queue		50001772
	key		50002152
OBJ 50002152 (sz=24, trace=300000, class=java.util.Locale$LocaleKey@50000080)
	base		500020ad
OBJ 50002153 (sz=48, trace=300000, class=sun.util.locale.LocaleObjectCache$CacheEntry@500000cf)
	referent	50001768
	queue		50001772
	key		50002154
OBJ 50002154 (sz=24, trace=300000, class=java.util.Locale$LocaleKey@50000080)
	base		500020c8
OBJ 50002155 (sz=40, trace=300000, class=java.io.ObjectStreamField@500000e9)
	name		50001741
	signature	5000215b
	type		5000013c
OBJ 50002156 (sz=40, trace=300000, class=java.io.ObjectStreamField@500000e9)
	name		50001743
	signature	5000215b
	type		5000013c
OBJ 50002157 (sz=40, trace=300000, class=java.io.ObjectStreamField@500000e9)
	name		50001744
	signature	5000215b
	type		5000013c
OBJ 50002158 (sz=40, trace=300000, class=java.io.ObjectStreamField@500000e9)
	name		50001746
	signature	50001984
	type		50001709
OBJ 50002159 (sz=40, trace=300000, class=java.io.ObjectStreamField@500000e9)
	name		50001742
	signature	5000215b
	type		5000013c
OBJ 5000215a (sz=40, trace=300000, class=java.io.ObjectStreamField@500000e9)
	name		50001745
	signature	5000215b
	type		5000013c
OBJ 5000215b (sz=24, trace=300000, class=java.lang.String@5000013c)
	value		5000215d
ARR 5000215c (sz=20, trace=300000, nelems=10, elem type=char[])
ARR 5000215d (sz=36, trace=300000, nelems=18, elem type=char[])
ARR 5000215e (sz=12, trace=300000, nelems=6, elem type=char[])
ARR 5000215f (sz=16, trace=300000, nelems=8, elem type=char[])
ARR 50002160 (sz=14, trace=300000, nelems=7, elem type=char[])
ARR 50002161 (sz=14, trace=300000, nelems=7, elem type=char[])
ARR 50002162 (sz=16, trace=300000, nelems=8, elem type=char[])
OBJ 50002163 (sz=24, trace=300000, class=java.lang.String@5000013c)
	value		50002167
OBJ 50002164 (sz=24, trace=300000, class=java.lang.String@5000013c)
	value		50002168
OBJ 50002165 (sz=24, trace=300000, class=java.lang.String@5000013c)
	value		50002169
OBJ 50002166 (sz=24, trace=300000, class=java.lang.String@5000013c)
	value		5000216a
ARR 50002167 (sz=4, trace=300000, nelems=2, elem type=char[])
ARR 50002168 (sz=16, trace=300000, nelems=8, elem type=char[])
ARR 50002169 (sz=4, trace=300000, nelems=2, elem type=char[])
ARR 5000216a (sz=8, trace=300000, nelems=4, elem type=char[])
OBJ 5000216b (sz=24, trace=300000, class=java.lang.String@5000013c)
	value		5000216d
OBJ 5000216c (sz=24, trace=300000, class=java.lang.String@5000013c)
	value		5000216e
ARR 5000216d (sz=26, trace=300000, nelems=13, elem type=char[])
ARR 5000216e (sz=18, trace=300000, nelems=9, elem type=char[])
OBJ 5000216f (sz=24, trace=300000, class=java.lang.String@5000013c)
	value		50002179
OBJ 50002170 (sz=24, trace=300000, class=java.lang.String@5000013c)
	value		5000217a
OBJ 50002171 (sz=24, trace=300000, class=java.lang.String@5000013c)
	value		5000217b
OBJ 50002172 (sz=24, trace=300000, class=java.lang.String@5000013c)
	value		5000217c
OBJ 50002173 (sz=24, trace=300000, class=java.lang.String@5000013c)
	value		5000217d
OBJ 50002174 (sz=24, trace=300000, class=java.lang.String@5000013c)
	value		5000217e
OBJ 50002175 (sz=24, trace=300000, class=java.lang.String@5000013c)
	value		5000217f
OBJ 50002176 (sz=24, trace=300000, class=java.lang.String@5000013c)
	value		50002180
OBJ 50002177 (sz=24, trace=300000, class=java.lang.String@5000013c)
	value		50002181
OBJ 50002178 (sz=24, trace=300000, class=java.lang.String@5000013c)
	value		50002182
ARR 50002179 (sz=14, trace=300000, nelems=7, elem type=char[])
ARR 5000217a (sz=42, trace=300000, nelems=21, elem type=char[])
ARR 5000217b (sz=38, trace=300000, nelems=19, elem type=char[])
ARR 5000217c (sz=40, trace=300000, nelems=20, elem type=char[])
ARR 5000217d (sz=40, trace=300000, nelems=20, elem type=char[])
ARR 5000217e (sz=12, trace=300000, nelems=6, elem type=char[])
ARR 5000217f (sz=40, trace=300000, nelems=20, elem type=char[])
ARR 50002180 (sz=36, trace=300000, nelems=18, elem type=char[])
ARR 50002181 (sz=38, trace=300000, nelems=19, elem type=char[])
ARR 50002182 (sz=38, trace=300000, nelems=19, elem type=char[])
ARR 50002183 (sz=4, trace=300000, nelems=2, elem type=char[])
ARR 50002184 (sz=24, trace=300000, nelems=12, elem type=char[])
ARR 50002185 (sz=24, trace=300000, nelems=12, elem type=char[])
ARR 50002186 (sz=22, trace=300000, nelems=11, elem type=char[])
ARR 50002187 (sz=22, trace=300000, nelems=11, elem type=char[])
ARR 50002188 (sz=26, trace=300000, nelems=13, elem type=char[])
OBJ 50002189 (sz=16, trace=300000, class=java.lang.ThreadLocal@50000014)
OBJ 5000218a (sz=16, trace=300000, class=java.lang.ThreadLocal@50000014)
ARR 5000218b (sz=10, trace=300000, nelems=5, elem type=char[])
ARR 5000218c (sz=8, trace=300000, nelems=4, elem type=char[])
ARR 5000218d (sz=4, trace=300000, nelems=2, elem type=char[])
ARR 5000218e (sz=4, trace=300000, nelems=2, elem type=char[])
ARR 5000218f (sz=4, trace=300000, nelems=2, elem type=char[])
ARR 50002190 (sz=24, trace=300000, nelems=12, elem type=char[])
ARR 50002191 (sz=14, trace=300000, nelems=7, elem type=char[])
ARR 50002192 (sz=22, trace=300000, nelems=11, elem type=char[])
ARR 50002193 (sz=66, trace=300000, nelems=33, elem type=char[])
ARR 50002194 (sz=60, trace=300000, nelems=30, elem type=char[])
ARR 50002195 (sz=22, trace=300000, nelems=11, elem type=char[])
ARR 50002196 (sz=24, trace=300000, nelems=12, elem type=char[])
ARR 50002197 (sz=32, trace=300000, nelems=1, elem type=java.lang.ThreadGroup[]@500000a5)
	[0]		5000171f
ARR 50002198 (sz=32, trace=300000, nelems=3, elem type=java.lang.Thread[]@5000008c)
	[0]		50001703
	[1]		50001700
	[2]		500016ff
OBJ 50002199 (sz=16, trace=300000, class=java.lang.Object@5000011a)
OBJ 5000219a (sz=32, trace=300000, class=java.security.AccessControlContext@5000005a)
ARR 5000219b (sz=34, trace=300000, nelems=17, elem type=char[])
OBJ 5000219c (sz=16, trace=300000, class=java.lang.Object@5000011a)
OBJ 5000219d (sz=32, trace=300000, class=java.security.AccessControlContext@5000005a)
ARR 5000219e (sz=18, trace=300000, nelems=9, elem type=char[])
OBJ 5000219f (sz=24, trace=300000, class=java.lang.String@5000013c)
	value		500021ac
OBJ 500021a0 (sz=16, trace=300000, class=java.lang.Object@5000011a)
OBJ 500021a1 (sz=40, trace=300000, class=java.lang.ref.Finalizer@50000115)
	referent	500021a3
	queue		50001701
	next		500021a2
	prev		5000032e
OBJ 500021a2 (sz=40, trace=300000, class=java.lang.ref.Finalizer@50000115)
	referent	50001f95
	queue		50001701
	next		500021a9
	prev		500021a1
OBJ 500021a3 (sz=32, trace=300000, class=java.io.FileInputStream@5000007d)
	fd		500021a6
	path		500021a5
	closeLock	500021a4
OBJ 500021a4 (sz=16, trace=300000, class=java.lang.Object@5000011a)
OBJ 500021a5 (sz=24, trace=300000, class=java.lang.String@5000013c)
	value		500021a8
OBJ 500021a6 (sz=24, trace=300000, class=java.io.FileDescriptor@500000ec)
	useCount	500021a7
OBJ 500021a7 (sz=16, trace=300000, class=java.util.concurrent.atomic.AtomicInteger@5000000e)
ARR 500021a8 (sz=172, trace=300000, nelems=86, elem type=char[])
OBJ 500021a9 (sz=40, trace=300000, class=java.lang.ref.Finalizer@50000115)
	referent	5000200b
	queue		50001701
	next		500021aa
	prev		500021a2
OBJ 500021aa (sz=40, trace=300000, class=java.lang.ref.Finalizer@50000115)
	referent	50001ffb
	queue		50001701
	next		500021ab
	prev		500021a9
OBJ 500021ab (sz=40, trace=300000, class=java.lang.ref.Finalizer@50000115)
	referent	5000179c
	queue		50001701
	prev		500021aa
ARR 500021ac (sz=18, trace=300000, nelems=9, elem type=char[])
OBJ 500021ad (sz=16, trace=300000, class=java.lang.Object@5000011a)
OBJ 500021ae (sz=32, trace=300000, class=java.security.AccessControlContext@5000005a)
ARR 500021af (sz=34, trace=300000, nelems=17, elem type=char[])
ARR 500021b0 (sz=32, trace=300000, nelems=1, elem type=java.lang.Thread[]@5000008c)
	[0]		500016f3
OBJ 500021b1 (sz=24, trace=300000, class=java.lang.String@5000013c)
	value		500021b2
ARR 500021b2 (sz=8, trace=300000, nelems=4, elem type=char[])
OBJ 500021b3 (sz=32, trace=300000, class=java.security.AccessControlContext@5000005a)
OBJ 500021b4 (sz=24, trace=300000, class=java.lang.String@5000013c)
	value		500021b5
ARR 500021b5 (sz=18, trace=300000, nelems=9, elem type=char[])
OBJ 500021b6 (sz=32, trace=300000, class=java.lang.OutOfMemoryError@500000c6)
OBJ 500021b7 (sz=32, trace=300000, class=java.lang.OutOfMemoryError@500000c6)
OBJ 500021b8 (sz=32, trace=300000, class=java.lang.OutOfMemoryError@500000c6)
OBJ 500021b9 (sz=32, trace=300000, class=java.lang.OutOfMemoryError@500000c6)
OBJ 500021ba (sz=24, trace=300000, class=java.lang.String@5000013c)
	value		500021bb
ARR 500021bb (sz=52, trace=300000, nelems=26, elem type=char[])
OBJ 500021bc (sz=24, trace=300000, class=java.lang.String@5000013c)
	value		500021bd
ARR 500021bd (sz=74, trace=300000, nelems=37, elem type=char[])
OBJ 500021be (sz=24, trace=300000, class=java.lang.String@5000013c)
	value		500021bf
ARR 500021bf (sz=26, trace=300000, nelems=13, elem type=char[])
OBJ 500021c0 (sz=24, trace=300000, class=java.lang.String@5000013c)
	value		500021c1
ARR 500021c1 (sz=30, trace=300000, nelems=15, elem type=char[])
ARR 500021c2 (sz=22, trace=300000, nelems=11, elem type=char[])
OBJ 500021c3 (sz=24, trace=300000, class=java.lang.String@5000013c)
	value		50002300
OBJ 500021c4 (sz=24, trace=300000, class=java.lang.String@5000013c)
	value		500022ff
OBJ 500021c5 (sz=24, trace=300000, class=java.lang.String@5000013c)
	value		500021d8
OBJ 500021c6 (sz=24, trace=300000, class=java.lang.String@5000013c)
	value		500021d3
OBJ 500021c7 (sz=24, trace=300000, class=java.lang.String@5000013c)
	value		500021d4
OBJ 500021c8 (sz=24, trace=300000, class=java.lang.String@5000013c)
	value		500021d1
OBJ 500021c9 (sz=24, trace=300000, class=java.lang.String@5000013c)
	value		500021d2
OBJ 500021ca (sz=24, trace=300000, class=java.lang.String@5000013c)
	value		500021d6
OBJ 500021cb (sz=24, trace=300000, class=java.lang.String@5000013c)
	value		500021d7
OBJ 500021cc (sz=24, trace=300000, class=java.lang.String@5000013c)
	value		500021d5
OBJ 500021cd (sz=24, trace=300000, class=java.lang.String@5000013c)
	value		500021cf
OBJ 500021ce (sz=24, trace=300000, class=java.lang.String@5000013c)
	value		500021d0
ARR 500021cf (sz=62, trace=300000, nelems=31, elem type=char[])
ARR 500021d0 (sz=454, trace=300000, nelems=227, elem type=char[])
ARR 500021d1 (sz=64, trace=300000, nelems=32, elem type=char[])
ARR 500021d2 (sz=148, trace=300000, nelems=74, elem type=char[])
ARR 500021d3 (sz=64, trace=300000, nelems=32, elem type=char[])
ARR 500021d4 (sz=290, trace=300000, nelems=145, elem type=char[])
ARR 500021d5 (sz=1420, trace=300000, nelems=710, elem type=char[])
ARR 500021d6 (sz=60, trace=300000, nelems=30, elem type=char[])
ARR 500021d7 (sz=428, trace=300000, nelems=214, elem type=char[])
ARR 500021d8 (sz=1676, trace=300000, nelems=838, elem type=char[])
OBJ 500021d9 (sz=24, trace=300000, class=java.lang.String@5000013c)
	value		500021dd
OBJ 500021da (sz=24, trace=300000, class=java.lang.String@5000013c)
	value		500021dc
OBJ 500021db (sz=24, trace=300000, class=java.lang.String@5000013c)
	value		500021e4
ARR 500021dc (sz=30, trace=300000, nelems=15, elem type=char[])
ARR 500021dd (sz=20, trace=300000, nelems=10, elem type=char[])
OBJ 500021de (sz=24, trace=300000, class=java.lang.String@5000013c)
	value		500021e3
OBJ 500021df (sz=24, trace=300000, class=java.lang.String@5000013c)
	value		500021e2
OBJ 500021e0 (sz=24, trace=300000, class=java.lang.String@5000013c)
	value		500021e1
ARR 500021e1 (sz=4, trace=300000, nelems=2, elem type=char[])
ARR 500021e2 (sz=4, trace=300000, nelems=2, elem type=char[])
ARR 500021e3 (sz=4, trace=300000, nelems=2, elem type=char[])
ARR 500021e4 (sz=20, trace=300000, nelems=10, elem type=char[])
OBJ 500021e5 (sz=56, trace=300000, class=java.util.ResourceBundle$CacheKey@500001bf)
	name		5000191a
	locale		5000175e
	loaderRef	50001047
	format		500021d9
OBJ 500021e6 (sz=56, trace=300000, class=java.util.ResourceBundle$CacheKey@500001bf)
	name		5000191a
	locale		5000175f
	loaderRef	500001ec
	format		500021d9
OBJ 500021e7 (sz=24, trace=300000, class=java.lang.String@5000013c)
	value		500021ea
OBJ 500021e8 (sz=24, trace=300000, class=java.lang.String@5000013c)
	value		500021e9
ARR 500021e9 (sz=48, trace=300000, nelems=24, elem type=char[])
ARR 500021ea (sz=68, trace=300000, nelems=34, elem type=char[])
OBJ 500021eb (sz=24, trace=300000, class=java.lang.String@5000013c)
	value		500021ee
OBJ 500021ec (sz=24, trace=300000, class=java.lang.String@5000013c)
	value		500021ed
ARR 500021ed (sz=48, trace=300000, nelems=24, elem type=char[])
ARR 500021ee (sz=3674, trace=300000, nelems=1837, elem type=char[])
OBJ 500021ef (sz=24, trace=300000, class=java.lang.String@5000013c)
	value		500021f2
OBJ 500021f0 (sz=24, trace=300000, class=java.lang.String@5000013c)
	value		500021f1
ARR 500021f1 (sz=48, trace=300000, nelems=24, elem type=char[])
ARR 500021f2 (sz=88, trace=300000, nelems=44, elem type=char[])
OBJ 500021f3 (sz=24, trace=300000, class=java.lang.String@5000013c)
	value		500021f6
OBJ 500021f4 (sz=24, trace=300000, class=java.lang.String@5000013c)
	value		500021f5
ARR 500021f5 (sz=48, trace=300000, nelems=24, elem type=char[])
ARR 500021f6 (sz=346, trace=300000, nelems=173, elem type=char[])
OBJ 500021f7 (sz=24, trace=300000, class=java.lang.String@5000013c)
	value		500021fa
OBJ 500021f8 (sz=24, trace=300000, class=java.lang.String@5000013c)
	value		500021f9
ARR 500021f9 (sz=50, trace=300000, nelems=25, elem type=char[])
ARR 500021fa (sz=108, trace=300000, nelems=54, elem type=char[])
OBJ 500021fb (sz=24, trace=300000, class=java.lang.String@5000013c)
	value		500021fe
OBJ 500021fc (sz=24, trace=300000, class=java.lang.String@5000013c)
	value		500021fd
ARR 500021fd (sz=54, trace=300000, nelems=27, elem type=char[])
ARR 500021fe (sz=138, trace=300000, nelems=69, elem type=char[])
OBJ 500021ff (sz=24, trace=300000, class=java.lang.String@5000013c)
	value		50002202
OBJ 50002200 (sz=24, trace=300000, class=java.lang.String@5000013c)
	value		50002201
ARR 50002201 (sz=54, trace=300000, nelems=27, elem type=char[])
ARR 50002202 (sz=78, trace=300000, nelems=39, elem type=char[])
OBJ 50002203 (sz=24, trace=300000, class=java.lang.String@5000013c)
	value		50002206
OBJ 50002204 (sz=24, trace=300000, class=java.lang.String@5000013c)
	value		50002205
ARR 50002205 (sz=54, trace=300000, nelems=27, elem type=char[])
ARR 50002206 (sz=100, trace=300000, nelems=50, elem type=char[])
OBJ 50002207 (sz=24, trace=300000, class=java.lang.String@5000013c)
	value		5000220a
OBJ 50002208 (sz=24, trace=300000, class=java.lang.String@5000013c)
	value		50002209
ARR 50002209 (sz=56, trace=300000, nelems=28, elem type=char[])
ARR 5000220a (sz=706, trace=300000, nelems=353, elem type=char[])
OBJ 5000220b (sz=24, trace=300000, class=java.lang.String@5000013c)
	value		5000220e
OBJ 5000220c (sz=24, trace=300000, class=java.lang.String@5000013c)
	value		5000220d
ARR 5000220d (sz=48, trace=300000, nelems=24, elem type=char[])
ARR 5000220e (sz=236, trace=300000, nelems=118, elem type=char[])
OBJ 5000220f (sz=24, trace=300000, class=java.lang.String@5000013c)
	value		50002212
OBJ 50002210 (sz=24, trace=300000, class=java.lang.String@5000013c)
	value		50002211
ARR 50002211 (sz=48, trace=300000, nelems=24, elem type=char[])
ARR 50002212 (sz=238, trace=300000, nelems=119, elem type=char[])
OBJ 50002213 (sz=24, trace=300000, class=java.lang.String@5000013c)
	value		50002216
OBJ 50002214 (sz=24, trace=300000, class=java.lang.String@5000013c)
	value		50002215
ARR 50002215 (sz=48, trace=300000, nelems=24, elem type=char[])
ARR 50002216 (sz=284, trace=300000, nelems=142, elem type=char[])
OBJ 50002217 (sz=24, trace=300000, class=java.lang.String@5000013c)
	value		5000221a
OBJ 50002218 (sz=24, trace=300000, class=java.lang.String@5000013c)
	value		50002219
ARR 50002219 (sz=48, trace=300000, nelems=24, elem type=char[])
ARR 5000221a (sz=50, trace=300000, nelems=25, elem type=char[])
OBJ 5000221b (sz=24, trace=300000, class=java.lang.String@5000013c)
	value		5000221e
OBJ 5000221c (sz=24, trace=300000, class=java.lang.String@5000013c)
	value		5000221d
ARR 5000221d (sz=48, trace=300000, nelems=24, elem type=char[])
ARR 5000221e (sz=130, trace=300000, nelems=65, elem type=char[])
OBJ 5000221f (sz=24, trace=300000, class=java.lang.String@5000013c)
	value		50002222
OBJ 50002220 (sz=24, trace=300000, class=java.lang.String@5000013c)
	value		50002221
ARR 50002221 (sz=48, trace=300000, nelems=24, elem type=char[])
ARR 50002222 (sz=40, trace=300000, nelems=20, elem type=char[])
OBJ 50002223 (sz=24, trace=300000, class=java.lang.String@5000013c)
	value		50002226
OBJ 50002224 (sz=24, trace=300000, class=java.lang.String@5000013c)
	value		50002225
ARR 50002225 (sz=52, trace=300000, nelems=26, elem type=char[])
ARR 50002226 (sz=66, trace=300000, nelems=33, elem type=char[])
OBJ 50002227 (sz=24, trace=300000, class=java.lang.String@5000013c)
	value		5000222a
OBJ 50002228 (sz=24, trace=300000, class=java.lang.String@5000013c)
	value		50002229
ARR 50002229 (sz=42, trace=300000, nelems=21, elem type=char[])
ARR 5000222a (sz=3734, trace=300000, nelems=1867, elem type=char[])
OBJ 5000222b (sz=56, trace=300000, class=java.util.ResourceBundle$CacheKey@500001bf)
	name		5000191c
	locale		5000175f
	loaderRef	50001550
	format		500021d9
OBJ 5000222c (sz=56, trace=300000, class=java.util.ResourceBundle$CacheKey@500001bf)
	name		5000191a
	locale		50001770
	loaderRef	50000f59
	format		500021d9
OBJ 5000222d (sz=56, trace=300000, class=java.util.ResourceBundle$CacheKey@500001bf)
	name		5000191e
	locale		5000175e
	loaderRef	50001381
	format		500021d9
OBJ 5000222e (sz=56, trace=300000, class=java.util.ResourceBundle$CacheKey@500001bf)
	name		5000191e
	locale		50001770
	loaderRef	50001364
	format		500021d9
OBJ 5000222f (sz=56, trace=300000, class=java.util.ResourceBundle$CacheKey@500001bf)
	name		5000191e
	locale		5000175f
	loaderRef	50001347
	format		500021d9
OBJ 50002230 (sz=24, trace=300000, class=java.lang.String@5000013c)
	value		50002231
ARR 50002231 (sz=90, trace=300000, nelems=45, elem type=char[])
OBJ 50002232 (sz=24, trace=300000, class=java.lang.String@5000013c)
	value		50002239
OBJ 50002233 (sz=24, trace=300000, class=java.lang.String@5000013c)
	value		50002238
OBJ 50002234 (sz=24, trace=300000, class=java.lang.String@5000013c)
	value		50002237
OBJ 50002235 (sz=24, trace=300000, class=java.lang.String@5000013c)
	value		50002236
ARR 50002236 (sz=2, trace=300000, nelems=1, elem type=char[])
ARR 50002237 (sz=2, trace=300000, nelems=1, elem type=char[])
ARR 50002238 (sz=2, trace=300000, nelems=1, elem type=char[])
ARR 50002239 (sz=2, trace=300000, nelems=1, elem type=char[])
OBJ 5000223a (sz=24, trace=300000, class=java.lang.String@5000013c)
	value		5000223d
OBJ 5000223b (sz=24, trace=300000, class=java.lang.String@5000013c)
	value		5000223c
ARR 5000223c (sz=40, trace=300000, nelems=20, elem type=char[])
ARR 5000223d (sz=38, trace=300000, nelems=19, elem type=char[])
OBJ 5000223e (sz=24, trace=300000, class=java.lang.String@5000013c)
	value		5000223f
ARR 5000223f (sz=22, trace=300000, nelems=11, elem type=char[])
OBJ 50002240 (sz=24, trace=300000, class=java.lang.String@5000013c)
	value		50002243
OBJ 50002241 (sz=24, trace=300000, class=java.lang.String@5000013c)
	value		50002242
ARR 50002242 (sz=4, trace=300000, nelems=2, elem type=char[])
ARR 50002243 (sz=4, trace=300000, nelems=2, elem type=char[])
OBJ 50002244 (sz=24, trace=300000, class=java.lang.String@5000013c)
	value		50002245
ARR 50002245 (sz=32, trace=300000, nelems=16, elem type=char[])
OBJ 50002246 (sz=24, trace=300000, class=java.lang.String@5000013c)
	value		50002253
OBJ 50002247 (sz=24, trace=300000, class=java.lang.String@5000013c)
	value		50002252
OBJ 50002248 (sz=24, trace=300000, class=java.lang.String@5000013c)
	value		50002251
OBJ 50002249 (sz=24, trace=300000, class=java.lang.String@5000013c)
	value		50002250
OBJ 5000224a (sz=24, trace=300000, class=java.lang.String@5000013c)
	value		5000224f
OBJ 5000224b (sz=24, trace=300000, class=java.lang.String@5000013c)
	value		5000224e
OBJ 5000224c (sz=24, trace=300000, class=java.lang.String@5000013c)
	value		5000224d
ARR 5000224d (sz=6, trace=300000, nelems=3, elem type=char[])
ARR 5000224e (sz=6, trace=300000, nelems=3, elem type=char[])
ARR 5000224f (sz=6, trace=300000, nelems=3, elem type=char[])
ARR 50002250 (sz=6, trace=300000, nelems=3, elem type=char[])
ARR 50002251 (sz=6, trace=300000, nelems=3, elem type=char[])
ARR 50002252 (sz=6, trace=300000, nelems=3, elem type=char[])
ARR 50002253 (sz=6, trace=300000, nelems=3, elem type=char[])
OBJ 50002254 (sz=24, trace=300000, class=java.lang.String@5000013c)
	value		50002255
ARR 50002255 (sz=72, trace=300000, nelems=36, elem type=char[])
OBJ 50002256 (sz=24, trace=300000, class=java.lang.String@5000013c)
	value		50002259
OBJ 50002257 (sz=24, trace=300000, class=java.lang.String@5000013c)
	value		50002258
ARR 50002258 (sz=8, trace=300000, nelems=4, elem type=char[])
ARR 50002259 (sz=4, trace=300000, nelems=2, elem type=char[])
OBJ 5000225a (sz=24, trace=300000, class=java.lang.String@5000013c)
	value		5000225b
ARR 5000225b (sz=8, trace=300000, nelems=4, elem type=char[])
OBJ 5000225c (sz=24, trace=300000, class=java.lang.String@5000013c)
	value		5000225d
ARR 5000225d (sz=4, trace=300000, nelems=2, elem type=char[])
OBJ 5000225e (sz=24, trace=300000, class=java.lang.String@5000013c)
	value		5000225f
ARR 5000225f (sz=78, trace=300000, nelems=39, elem type=char[])
OBJ 50002260 (sz=24, trace=300000, class=java.lang.String@5000013c)
	value		50002267
OBJ 50002261 (sz=24, trace=300000, class=java.lang.String@5000013c)
	value		50002266
OBJ 50002262 (sz=24, trace=300000, class=java.lang.String@5000013c)
	value		50002265
OBJ 50002263 (sz=24, trace=300000, class=java.lang.String@5000013c)
	value		50002264
ARR 50002264 (sz=12, trace=300000, nelems=6, elem type=char[])
ARR 50002265 (sz=10, trace=300000, nelems=5, elem type=char[])
ARR 50002266 (sz=12, trace=300000, nelems=6, elem type=char[])
ARR 50002267 (sz=10, trace=300000, nelems=5, elem type=char[])
OBJ 50002268 (sz=24, trace=300000, class=java.lang.String@5000013c)
	value		50002269
ARR 50002269 (sz=16, trace=300000, nelems=8, elem type=char[])
OBJ 5000226a (sz=24, trace=300000, class=java.lang.String@5000013c)
	value		50002277
OBJ 5000226b (sz=24, trace=300000, class=java.lang.String@5000013c)
	value		50002276
OBJ 5000226c (sz=24, trace=300000, class=java.lang.String@5000013c)
	value		50002275
OBJ 5000226d (sz=24, trace=300000, class=java.lang.String@5000013c)
	value		50002274
OBJ 5000226e (sz=24, trace=300000, class=java.lang.String@5000013c)
	value		50002273
OBJ 5000226f (sz=24, trace=300000, class=java.lang.String@5000013c)
	value		50002272
OBJ 50002270 (sz=24, trace=300000, class=java.lang.String@5000013c)
	value		50002271
ARR 50002271 (sz=16, trace=300000, nelems=8, elem type=char[])
ARR 50002272 (sz=12, trace=300000, nelems=6, elem type=char[])
ARR 50002273 (sz=16, trace=300000, nelems=8, elem type=char[])
ARR 50002274 (sz=18, trace=300000, nelems=9, elem type=char[])
ARR 50002275 (sz=14, trace=300000, nelems=7, elem type=char[])
ARR 50002276 (sz=12, trace=300000, nelems=6, elem type=char[])
ARR 50002277 (sz=12, trace=300000, nelems=6, elem type=char[])
OBJ 50002278 (sz=24, trace=300000, class=java.lang.String@5000013c)
	value		50002279
ARR 50002279 (sz=36, trace=300000, nelems=18, elem type=char[])
OBJ 5000227a (sz=24, trace=300000, class=java.lang.String@5000013c)
	value		50002291
OBJ 5000227b (sz=24, trace=300000, class=java.lang.String@5000013c)
	value		50002290
OBJ 5000227c (sz=24, trace=300000, class=java.lang.String@5000013c)
	value		5000228f
OBJ 5000227d (sz=24, trace=300000, class=java.lang.String@5000013c)
	value		5000228e
OBJ 5000227e (sz=24, trace=300000, class=java.lang.String@5000013c)
	value		5000228d
OBJ 5000227f (sz=24, trace=300000, class=java.lang.String@5000013c)
	value		5000228c
OBJ 50002280 (sz=24, trace=300000, class=java.lang.String@5000013c)
	value		5000228b
OBJ 50002281 (sz=24, trace=300000, class=java.lang.String@5000013c)
	value		5000228a
OBJ 50002282 (sz=24, trace=300000, class=java.lang.String@5000013c)
	value		50002289
OBJ 50002283 (sz=24, trace=300000, class=java.lang.String@5000013c)
	value		50002288
OBJ 50002284 (sz=24, trace=300000, class=java.lang.String@5000013c)
	value		50002287
OBJ 50002285 (sz=24, trace=300000, class=java.lang.String@5000013c)
	value		50002286
ARR 50002286 (sz=6, trace=300000, nelems=3, elem type=char[])
ARR 50002287 (sz=6, trace=300000, nelems=3, elem type=char[])
ARR 50002288 (sz=6, trace=300000, nelems=3, elem type=char[])
ARR 50002289 (sz=6, trace=300000, nelems=3, elem type=char[])
ARR 5000228a (sz=6, trace=300000, nelems=3, elem type=char[])
ARR 5000228b (sz=6, trace=300000, nelems=3, elem type=char[])
ARR 5000228c (sz=6, trace=300000, nelems=3, elem type=char[])
ARR 5000228d (sz=6, trace=300000, nelems=3, elem type=char[])
ARR 5000228e (sz=6, trace=300000, nelems=3, elem type=char[])
ARR 5000228f (sz=6, trace=300000, nelems=3, elem type=char[])
ARR 50002290 (sz=6, trace=300000, nelems=3, elem type=char[])
ARR 50002291 (sz=6, trace=300000, nelems=3, elem type=char[])
OBJ 50002292 (sz=24, trace=300000, class=java.lang.String@5000013c)
	value		50002293
ARR 50002293 (sz=28, trace=300000, nelems=14, elem type=char[])
OBJ 50002294 (sz=24, trace=300000, class=java.lang.String@5000013c)
	value		50002299
OBJ 50002295 (sz=24, trace=300000, class=java.lang.String@5000013c)
	value		50002298
OBJ 50002296 (sz=24, trace=300000, class=java.lang.String@5000013c)
	value		50002297
ARR 50002297 (sz=12, trace=300000, nelems=6, elem type=char[])
ARR 50002298 (sz=44, trace=300000, nelems=22, elem type=char[])
ARR 50002299 (sz=40, trace=300000, nelems=20, elem type=char[])
OBJ 5000229a (sz=24, trace=300000, class=java.lang.String@5000013c)
	value		5000229b
ARR 5000229b (sz=88, trace=300000, nelems=44, elem type=char[])
OBJ 5000229c (sz=24, trace=300000, class=java.lang.String@5000013c)
	value		5000229d
ARR 5000229d (sz=20, trace=300000, nelems=10, elem type=char[])
OBJ 5000229e (sz=24, trace=300000, class=java.lang.String@5000013c)
	value		500022b3
OBJ 5000229f (sz=24, trace=300000, class=java.lang.String@5000013c)
	value		500022b2
OBJ 500022a0 (sz=24, trace=300000, class=java.lang.String@5000013c)
	value		500022b1
OBJ 500022a1 (sz=24, trace=300000, class=java.lang.String@5000013c)
	value		500022b0
OBJ 500022a2 (sz=24, trace=300000, class=java.lang.String@5000013c)
	value		500022af
OBJ 500022a3 (sz=24, trace=300000, class=java.lang.String@5000013c)
	value		500022ae
OBJ 500022a4 (sz=24, trace=300000, class=java.lang.String@5000013c)
	value		500022ad
OBJ 500022a5 (sz=24, trace=300000, class=java.lang.String@5000013c)
	value		500022ac
OBJ 500022a6 (sz=24, trace=300000, class=java.lang.String@5000013c)
	value		500022ab
OBJ 500022a7 (sz=24, trace=300000, class=java.lang.String@5000013c)
	value		500022aa
OBJ 500022a8 (sz=24, trace=300000, class=java.lang.String@5000013c)
	value		500022a9
ARR 500022a9 (sz=16, trace=300000, nelems=8, elem type=char[])
ARR 500022aa (sz=16, trace=300000, nelems=8, elem type=char[])
ARR 500022ab (sz=14, trace=300000, nelems=7, elem type=char[])
ARR 500022ac (sz=18, trace=300000, nelems=9, elem type=char[])
ARR 500022ad (sz=12, trace=300000, nelems=6, elem type=char[])
ARR 500022ae (sz=8, trace=300000, nelems=4, elem type=char[])
ARR 500022af (sz=8, trace=300000, nelems=4, elem type=char[])
ARR 500022b0 (sz=10, trace=300000, nelems=5, elem type=char[])
ARR 500022b1 (sz=10, trace=300000, nelems=5, elem type=char[])
ARR 500022b2 (sz=16, trace=300000, nelems=8, elem type=char[])
ARR 500022b3 (sz=14, trace=300000, nelems=7, elem type=char[])
OBJ 500022b4 (sz=24, trace=300000, class=java.lang.String@5000013c)
	value		500022b5
ARR 500022b5 (sz=102, trace=300000, nelems=51, elem type=char[])
OBJ 500022b6 (sz=24, trace=300000, class=java.lang.String@5000013c)
	value		500022c5
OBJ 500022b7 (sz=24, trace=300000, class=java.lang.String@5000013c)
	value		500022c4
OBJ 500022b8 (sz=24, trace=300000, class=java.lang.String@5000013c)
	value		500022c3
OBJ 500022b9 (sz=24, trace=300000, class=java.lang.String@5000013c)
	value		500022c2
OBJ 500022ba (sz=24, trace=300000, class=java.lang.String@5000013c)
	value		500022c1
OBJ 500022bb (sz=24, trace=300000, class=java.lang.String@5000013c)
	value		500022c0
OBJ 500022bc (sz=24, trace=300000, class=java.lang.String@5000013c)
	value		500022bf
OBJ 500022bd (sz=24, trace=300000, class=java.lang.String@5000013c)
	value		500022be
ARR 500022be (sz=14, trace=300000, nelems=7, elem type=char[])
ARR 500022bf (sz=16, trace=300000, nelems=8, elem type=char[])
ARR 500022c0 (sz=30, trace=300000, nelems=15, elem type=char[])
ARR 500022c1 (sz=32, trace=300000, nelems=16, elem type=char[])
ARR 500022c2 (sz=46, trace=300000, nelems=23, elem type=char[])
ARR 500022c3 (sz=12, trace=300000, nelems=6, elem type=char[])
ARR 500022c4 (sz=18, trace=300000, nelems=9, elem type=char[])
ARR 500022c5 (sz=22, trace=300000, nelems=11, elem type=char[])
OBJ 500022c6 (sz=24, trace=300000, class=java.lang.String@5000013c)
	value		500022c7
ARR 500022c7 (sz=32, trace=300000, nelems=16, elem type=char[])
OBJ 500022c8 (sz=24, trace=300000, class=java.lang.String@5000013c)
	value		500022cf
OBJ 500022c9 (sz=24, trace=300000, class=java.lang.String@5000013c)
	value		500022ce
OBJ 500022ca (sz=24, trace=300000, class=java.lang.String@5000013c)
	value		500022cd
OBJ 500022cb (sz=24, trace=300000, class=java.lang.String@5000013c)
	value		500022cc
ARR 500022cc (sz=12, trace=300000, nelems=6, elem type=char[])
ARR 500022cd (sz=22, trace=300000, nelems=11, elem type=char[])
ARR 500022ce (sz=24, trace=300000, nelems=12, elem type=char[])
ARR 500022cf (sz=36, trace=300000, nelems=18, elem type=char[])
OBJ 500022d0 (sz=24, trace=300000, class=java.lang.String@5000013c)
	value		500022d1
ARR 500022d1 (sz=28, trace=300000, nelems=14, elem type=char[])
OBJ 500022d2 (sz=24, trace=300000, class=java.lang.String@5000013c)
	value		500022e1
OBJ 500022d3 (sz=24, trace=300000, class=java.lang.String@5000013c)
	value		500022e0
OBJ 500022d4 (sz=24, trace=300000, class=java.lang.String@5000013c)
	value		500022df
OBJ 500022d5 (sz=24, trace=300000, class=java.lang.String@5000013c)
	value		500022de
OBJ 500022d6 (sz=24, trace=300000, class=java.lang.String@5000013c)
	value		500022dd
OBJ 500022d7 (sz=24, trace=300000, class=java.lang.String@5000013c)
	value		500022dc
OBJ 500022d8 (sz=24, trace=300000, class=java.lang.String@5000013c)
	value		500022db
OBJ 500022d9 (sz=24, trace=300000, class=java.lang.String@5000013c)
	value		500022da
ARR 500022da (sz=2, trace=300000, nelems=1, elem type=char[])
ARR 500022db (sz=2, trace=300000, nelems=1, elem type=char[])
ARR 500022dc (sz=2, trace=300000, nelems=1, elem type=char[])
ARR 500022dd (sz=2, trace=300000, nelems=1, elem type=char[])
ARR 500022de (sz=2, trace=300000, nelems=1, elem type=char[])
ARR 500022df (sz=2, trace=300000, nelems=1, elem type=char[])
ARR 500022e0 (sz=2, trace=300000, nelems=1, elem type=char[])
ARR 500022e1 (sz=2, trace=300000, nelems=1, elem type=char[])
OBJ 500022e2 (sz=24, trace=300000, class=java.lang.String@5000013c)
	value		500022e3
ARR 500022e3 (sz=60, trace=300000, nelems=30, elem type=char[])
OBJ 500022e4 (sz=24, trace=300000, class=java.lang.String@5000013c)
	value		500022e5
ARR 500022e5 (sz=84, trace=300000, nelems=42, elem type=char[])
OBJ 500022e6 (sz=24, trace=300000, class=java.lang.String@5000013c)
	value		500022f5
OBJ 500022e7 (sz=24, trace=300000, class=java.lang.String@5000013c)
	value		500022f4
OBJ 500022e8 (sz=24, trace=300000, class=java.lang.String@5000013c)
	value		500022f3
OBJ 500022e9 (sz=24, trace=300000, class=java.lang.String@5000013c)
	value		500022f2
OBJ 500022ea (sz=24, trace=300000, class=java.lang.String@5000013c)
	value		500022f1
OBJ 500022eb (sz=24, trace=300000, class=java.lang.String@5000013c)
	value		500022f0
OBJ 500022ec (sz=24, trace=300000, class=java.lang.String@5000013c)
	value		500022ef
OBJ 500022ed (sz=24, trace=300000, class=java.lang.String@5000013c)
	value		500022ee
ARR 500022ee (sz=16, trace=300000, nelems=8, elem type=char[])
ARR 500022ef (sz=16, trace=300000, nelems=8, elem type=char[])
ARR 500022f0 (sz=20, trace=300000, nelems=10, elem type=char[])
ARR 500022f1 (sz=22, trace=300000, nelems=11, elem type=char[])
ARR 500022f2 (sz=36, trace=300000, nelems=18, elem type=char[])
ARR 500022f3 (sz=8, trace=300000, nelems=4, elem type=char[])
ARR 500022f4 (sz=14, trace=300000, nelems=7, elem type=char[])
ARR 500022f5 (sz=18, trace=300000, nelems=9, elem type=char[])
OBJ 500022f6 (sz=24, trace=300000, class=java.lang.String@5000013c)
	value		500022f7
ARR 500022f7 (sz=40, trace=300000, nelems=20, elem type=char[])
OBJ 500022f8 (sz=24, trace=300000, class=java.lang.String@5000013c)
	value		500022f9
ARR 500022f9 (sz=42, trace=300000, nelems=21, elem type=char[])
OBJ 500022fa (sz=56, trace=300000, class=java.util.ResourceBundle$CacheKey@500001bf)
	name		5000191c
	locale		5000175e
	loaderRef	50001565
	format		500021d9
OBJ 500022fb (sz=24, trace=300000, class=java.lang.String@5000013c)
	value		500022fe
OBJ 500022fc (sz=24, trace=300000, class=java.lang.String@5000013c)
	value		500022fd
ARR 500022fd (sz=6, trace=300000, nelems=3, elem type=char[])
ARR 500022fe (sz=2, trace=300000, nelems=1, elem type=char[])
ARR 500022ff (sz=2, trace=300000, nelems=1, elem type=char[])
ARR 50002300 (sz=4, trace=300000, nelems=2, elem type=char[])
OBJ 50002301 (sz=24, trace=300000, class=java.lang.String@5000013c)
	value		50002306
OBJ 50002302 (sz=24, trace=300000, class=java.lang.String@5000013c)
	value		50002305
OBJ 50002303 (sz=24, trace=300000, class=java.lang.String@5000013c)
	value		50002304
ARR 50002304 (sz=14, trace=300000, nelems=7, elem type=char[])
ARR 50002305 (sz=24, trace=300000, nelems=12, elem type=char[])
ARR 50002306 (sz=26, trace=300000, nelems=13, elem type=char[])
OBJ 50002307 (sz=24, trace=300000, class=java.lang.String@5000013c)
	value		50002308
ARR 50002308 (sz=36, trace=300000, nelems=18, elem type=char[])
OBJ 50002309 (sz=24, trace=300000, class=java.lang.String@5000013c)
	value		5000233a
OBJ 5000230a (sz=24, trace=300000, class=java.lang.String@5000013c)
	value		5000231c
OBJ 5000230b (sz=24, trace=300000, class=java.lang.String@5000013c)
	value		5000231e
OBJ 5000230c (sz=24, trace=300000, class=java.lang.String@5000013c)
	value		5000231a
OBJ 5000230d (sz=24, trace=300000, class=java.lang.String@5000013c)
	value		50002317
OBJ 5000230e (sz=24, trace=300000, class=java.lang.String@5000013c)
	value		5000231f
OBJ 5000230f (sz=24, trace=300000, class=java.lang.String@5000013c)
	value		5000231b
OBJ 50002310 (sz=24, trace=300000, class=java.lang.String@5000013c)
	value		50002316
OBJ 50002311 (sz=24, trace=300000, class=java.lang.String@5000013c)
	value		5000231d
OBJ 50002312 (sz=24, trace=300000, class=java.lang.String@5000013c)
	value		50002318
OBJ 50002313 (sz=24, trace=300000, class=java.lang.String@5000013c)
	value		50002315
OBJ 50002314 (sz=24, trace=300000, class=java.lang.String@5000013c)
	value		50002319
ARR 50002315 (sz=16, trace=300000, nelems=8, elem type=char[])
ARR 50002316 (sz=30, trace=300000, nelems=15, elem type=char[])
ARR 50002317 (sz=34, trace=300000, nelems=17, elem type=char[])
ARR 50002318 (sz=18, trace=300000, nelems=9, elem type=char[])
ARR 50002319 (sz=26, trace=300000, nelems=13, elem type=char[])
ARR 5000231a (sz=16, trace=300000, nelems=8, elem type=char[])
ARR 5000231b (sz=36, trace=300000, nelems=18, elem type=char[])
ARR 5000231c (sz=14, trace=300000, nelems=7, elem type=char[])
ARR 5000231d (sz=14, trace=300000, nelems=7, elem type=char[])
ARR 5000231e (sz=16, trace=300000, nelems=8, elem type=char[])
ARR 5000231f (sz=8, trace=300000, nelems=4, elem type=char[])
OBJ 50002320 (sz=24, trace=300000, class=java.lang.String@5000013c)
	value		50002323
OBJ 50002321 (sz=24, trace=300000, class=java.lang.String@5000013c)
	value		50002322
ARR 50002322 (sz=40, trace=300000, nelems=20, elem type=char[])
ARR 50002323 (sz=14, trace=300000, nelems=7, elem type=char[])
OBJ 50002324 (sz=24, trace=300000, class=java.lang.String@5000013c)
	value		5000232c
OBJ 50002325 (sz=24, trace=300000, class=java.lang.String@5000013c)
	value		5000232d
OBJ 50002326 (sz=24, trace=300000, class=java.lang.String@5000013c)
	value		5000232e
OBJ 50002327 (sz=24, trace=300000, class=java.lang.String@5000013c)
	value		5000232f
OBJ 50002328 (sz=24, trace=300000, class=java.lang.String@5000013c)
	value		50002330
OBJ 50002329 (sz=24, trace=300000, class=java.lang.String@5000013c)
	value		50002331
OBJ 5000232a (sz=24, trace=300000, class=java.lang.String@5000013c)
	value		50002332
OBJ 5000232b (sz=24, trace=300000, class=java.lang.String@5000013c)
	value		50002333
ARR 5000232c (sz=4, trace=300000, nelems=2, elem type=char[])
ARR 5000232d (sz=8, trace=300000, nelems=4, elem type=char[])
ARR 5000232e (sz=14, trace=300000, nelems=7, elem type=char[])
ARR 5000232f (sz=10, trace=300000, nelems=5, elem type=char[])
ARR 50002330 (sz=14, trace=300000, nelems=7, elem type=char[])
ARR 50002331 (sz=18, trace=300000, nelems=9, elem type=char[])
ARR 50002332 (sz=18, trace=300000, nelems=9, elem type=char[])
ARR 50002333 (sz=22, trace=300000, nelems=11, elem type=char[])
OBJ 50002334 (sz=24, trace=300000, class=java.lang.String@5000013c)
	value		50002339
OBJ 50002335 (sz=24, trace=300000, class=java.lang.String@5000013c)
	value		50002338
OBJ 50002336 (sz=24, trace=300000, class=java.lang.String@5000013c)
	value		50002337
ARR 50002337 (sz=38, trace=300000, nelems=19, elem type=char[])
ARR 50002338 (sz=26, trace=300000, nelems=13, elem type=char[])
ARR 50002339 (sz=6, trace=300000, nelems=3, elem type=char[])
ARR 5000233a (sz=4, trace=300000, nelems=2, elem type=char[])
OBJ 5000233b (sz=24, trace=300000, class=java.lang.String@5000013c)
	value		5000233c
ARR 5000233c (sz=38, trace=300000, nelems=19, elem type=char[])
OBJ 5000233d (sz=24, trace=300000, class=java.lang.String@5000013c)
	value		50002349
OBJ 5000233e (sz=24, trace=300000, class=java.lang.String@5000013c)
	value		5000234a
OBJ 5000233f (sz=24, trace=300000, class=java.lang.String@5000013c)
	value		50002348
OBJ 50002340 (sz=24, trace=300000, class=java.lang.String@5000013c)
	value		5000234b
OBJ 50002341 (sz=24, trace=300000, class=java.lang.String@5000013c)
	value		5000235c
OBJ 50002342 (sz=24, trace=300000, class=java.lang.String@5000013c)
	value		5000235b
OBJ 50002343 (sz=24, trace=300000, class=java.lang.String@5000013c)
	value		50002347
OBJ 50002344 (sz=24, trace=300000, class=java.lang.String@5000013c)
	value		5000234c
OBJ 50002345 (sz=24, trace=300000, class=java.lang.String@5000013c)
	value		50002346
ARR 50002346 (sz=16, trace=300000, nelems=8, elem type=char[])
ARR 50002347 (sz=20, trace=300000, nelems=10, elem type=char[])
ARR 50002348 (sz=8, trace=300000, nelems=4, elem type=char[])
ARR 50002349 (sz=24, trace=300000, nelems=12, elem type=char[])
ARR 5000234a (sz=36, trace=300000, nelems=18, elem type=char[])
ARR 5000234b (sz=32, trace=300000, nelems=16, elem type=char[])
ARR 5000234c (sz=32, trace=300000, nelems=16, elem type=char[])
OBJ 5000234d (sz=24, trace=300000, class=java.lang.String@5000013c)
	value		50002356
OBJ 5000234e (sz=24, trace=300000, class=java.lang.String@5000013c)
	value		50002355
OBJ 5000234f (sz=24, trace=300000, class=java.lang.String@5000013c)
	value		50002354
OBJ 50002350 (sz=24, trace=300000, class=java.lang.String@5000013c)
	value		50002353
OBJ 50002351 (sz=24, trace=300000, class=java.lang.String@5000013c)
	value		50002358
OBJ 50002352 (sz=24, trace=300000, class=java.lang.String@5000013c)
	value		50002357
ARR 50002353 (sz=12, trace=300000, nelems=6, elem type=char[])
ARR 50002354 (sz=8, trace=300000, nelems=4, elem type=char[])
ARR 50002355 (sz=8, trace=300000, nelems=4, elem type=char[])
ARR 50002356 (sz=12, trace=300000, nelems=6, elem type=char[])
ARR 50002357 (sz=8, trace=300000, nelems=4, elem type=char[])
ARR 50002358 (sz=12, trace=300000, nelems=6, elem type=char[])
OBJ 50002359 (sz=24, trace=300000, class=java.lang.String@5000013c)
	value		5000235a
ARR 5000235a (sz=44, trace=300000, nelems=22, elem type=char[])
ARR 5000235b (sz=4, trace=300000, nelems=2, elem type=char[])
ARR 5000235c (sz=4, trace=300000, nelems=2, elem type=char[])
OBJ 5000235d (sz=24, trace=300000, class=java.lang.String@5000013c)
	value		50002362
OBJ 5000235e (sz=24, trace=300000, class=java.lang.String@5000013c)
	value		50002361
OBJ 5000235f (sz=24, trace=300000, class=java.lang.String@5000013c)
	value		50002360
ARR 50002360 (sz=70, trace=300000, nelems=35, elem type=char[])
ARR 50002361 (sz=46, trace=300000, nelems=23, elem type=char[])
ARR 50002362 (sz=20, trace=300000, nelems=10, elem type=char[])
CLS 5000011a (name=java.lang.Object, trace=300000)
	constant pool entry 80	500000d9
	constant pool entry 18	5000011a
CLS 50000001 (name=java.lang.ClassLoader$NativeLibrary, trace=300000)
	super		5000011a
	constant pool entry 63	5000012b
	constant pool entry 51	50000094
	constant pool entry 17	5000011a
	constant pool entry 16	50000001
CLS 50000002 (name=sun.misc.SignalHandler, trace=300000)
	static SIG_DFL	5000205b
	static SIG_IGN	5000205a
	constant pool entry 5	50000002
	constant pool entry 1	500000c0
CLS 500000dc (name=java.util.HashMap$HashIterator, trace=300000)
	super		5000011a
	constant pool entry 56	50000107
	constant pool entry 20	5000011a
	constant pool entry 19	500000dc
CLS 50000003 (name=java.util.HashMap$EntryIterator, trace=300000)
	super		500000dc
	constant pool entry 7	500000dc
	constant pool entry 6	50000003
CLS 50000103 (name=java.lang.Throwable, trace=300000)
	super		5000011a
	static UNASSIGNED_STACK	50001728
	static SUPPRESSED_SENTINEL	50001727
	static NULL_CAUSE_MESSAGE	50001724
	static SELF_SUPPRESSION_MESSAGE	50001725
	static CAUSE_CAPTION	50001723
	static SUPPRESSED_CAPTION	50001722
	static EMPTY_THROWABLE_ARRAY	50001726
	constant pool entry 341	500000d9
	constant pool entry 220	50000110
	constant pool entry 209	500000aa
	constant pool entry 95	5000011a
	constant pool entry 81	50001725
	constant pool entry 80	50001724
	constant pool entry 79	50000103
	constant pool entry 74	50000114
	constant pool entry 66	5000000a
	constant pool entry 46	50001723
	constant pool entry 42	50001722
CLS 50000072 (name=java.lang.Error, trace=300000)
	super		50000103
	constant pool entry 7	50000103
CLS 50000004 (name=java.lang.VirtualMachineError, trace=300000)
	super		50000072
CLS 50000005 (name=java.lang.VirtualMachineError[], trace=300000)
	super		5000011a
CLS 50000006 (name=sun.reflect.MethodAccessor, trace=300000)
CLS 50000007 (name=java.lang.Runtime, trace=300000)
	super		5000011a
	static currentRuntime	500018dc
	constant pool entry 160	50000094
	constant pool entry 117	50000046
	constant pool entry 55	5000011a
	constant pool entry 53	50000007
	constant pool entry 38	500000e5
	constant pool entry 25	5000013c
CLS 50000008 (name=java.lang.ref.Reference, trace=300000)
	super		5000011a
	static lock	50001704
	constant pool entry 88	500000a4
	constant pool entry 85	5000008b
	constant pool entry 77	500000c2
	constant pool entry 22	5000011a
	constant pool entry 21	50000008
	constant pool entry 16	50001e9b
	constant pool entry 15	5000012e
	constant pool entry 10	5000003a
CLS 50000009 (name=java.lang.ref.Reference[], trace=300000)
	super		5000011a
CLS 5000000a (name=java.lang.StackTraceElement, trace=300000)
	super		5000011a
CLS 5000000b (name=java.lang.StackTraceElement[], trace=300000)
	super		5000011a
CLS 5000000c (name=sun.nio.cs.ArrayDecoder, trace=300000)
CLS 5000000d (name=sun.misc.JavaNetAccess, trace=300000)
CLS 50000025 (name=java.lang.Number, trace=300000)
	super		5000011a
	constant pool entry 4	5000011a
CLS 5000000e (name=java.util.concurrent.atomic.AtomicInteger, trace=300000)
	super		50000025
	static unsafe	50001787
	constant pool entry 77	500000aa
	constant pool entry 68	500000d7
	constant pool entry 18	50000025
	constant pool entry 12	500017a0
	constant pool entry 11	5000000e
CLS 5000000f (name=java.util.Arrays, trace=300000)
	super		5000011a
	constant pool entry 485	500000d9
	constant pool entry 366	5000010a
	constant pool entry 364	5000006a
	constant pool entry 362	500000aa
	constant pool entry 323	50000046
	constant pool entry 130	5000000f
	constant pool entry 69	500001ac
	constant pool entry 63	5000011a
	constant pool entry 21	5000011b
CLS 500000a0 (name=java.util.concurrent.locks.ReentrantLock, trace=300000)
	super		5000011a
	constant pool entry 47	500000c4
	constant pool entry 41	5000011a
	constant pool entry 40	500000a0
	constant pool entry 2	500000c1
CLS 50000010 (name=java.util.concurrent.ConcurrentHashMap$Segment, trace=300000)
	super		500000a0
	constant pool entry 146	500000d9
	constant pool entry 110	50000007
	constant pool entry 90	500000dd
	constant pool entry 30	500000a0
	constant pool entry 29	50000010
	constant pool entry 22	5000012d
	constant pool entry 15	5000012c
CLS 50000011 (name=java.util.concurrent.ConcurrentHashMap$Segment[], trace=300000)
	super		5000011a
CLS 5000013e (name=java.lang.ref.WeakReference, trace=300000)
	super		50000008
	constant pool entry 4	50000008
CLS 50000012 (name=java.util.WeakHashMap$Entry, trace=300000)
	super		5000013e
	constant pool entry 21	5000013e
	constant pool entry 20	50000012
CLS 50000013 (name=java.util.WeakHashMap$Entry[], trace=300000)
	super		5000011a
CLS 50000014 (name=java.lang.ThreadLocal, trace=300000)
	super		5000011a
	static nextHashCode	50001e9a
	constant pool entry 80	50000048
	constant pool entry 76	5000008b
	constant pool entry 25	5000011a
	constant pool entry 24	50000014
	constant pool entry 22	5000000e
	constant pool entry 17	500000ae
CLS 50000015 (name=java.io.ExpiringCache$Entry, trace=300000)
	super		5000011a
	constant pool entry 5	5000011a
	constant pool entry 4	50000015
CLS 50000016 (name=java.io.Reader, trace=300000)
	super		5000011a
	constant pool entry 20	5000011a
	constant pool entry 19	50000016
CLS 500000b4 (name=java.lang.LinkageError, trace=300000)
	super		50000072
	constant pool entry 5	50000072
CLS 50000017 (name=java.lang.IncompatibleClassChangeError, trace=300000)
	super		500000b4
	constant pool entry 4	500000b4
CLS 50000070 (name=java.util.AbstractMap, trace=300000)
	super		5000011a
	constant pool entry 42	5000011a
	constant pool entry 41	50000070
CLS 50000117 (name=sun.util.PreHashedMap, trace=300000)
	super		50000070
	constant pool entry 95	500000d9
	constant pool entry 23	50000070
	constant pool entry 22	50000117
	constant pool entry 20	5000013c
	constant pool entry 10	5000011b
	constant pool entry 7	5000011a
CLS 50000018 (name=sun.nio.cs.StandardCharsets$Cache, trace=300000)
	super		50000117
	constant pool entry 117	500000d9
	constant pool entry 43	50000117
	constant pool entry 42	50000018
	constant pool entry 41	50001c81
	constant pool entry 40	50001c83
	constant pool entry 39	50001c87
	constant pool entry 38	50001c8b
	constant pool entry 37	50001c8d
	constant pool entry 36	50001c96
	constant pool entry 35	50001b52
	constant pool entry 34	50001c91
	constant pool entry 33	50001c9f
	constant pool entry 32	50001b35
	constant pool entry 31	50001b4e
	constant pool entry 30	50001ca8
	constant pool entry 29	50001ca5
	constant pool entry 28	50001b3f
	constant pool entry 27	50001b48
	constant pool entry 26	50001b44
	constant pool entry 25	50001cb4
	constant pool entry 24	50001cb8
	constant pool entry 23	50001cbf
	constant pool entry 22	50001cbc
	constant pool entry 21	50001cc5
	constant pool entry 20	50001ccc
	constant pool entry 19	50001cc9
	constant pool entry 18	50001cd5
	constant pool entry 17	50001cd2
	constant pool entry 16	50001cd9
	constant pool entry 15	50001cdb
	constant pool entry 14	50001ce2
	constant pool entry 13	50001cdf
	constant pool entry 12	50001cec
	constant pool entry 11	50001ce9
	constant pool entry 10	50001ce6
	constant pool entry 9	50001cf5
	constant pool entry 8	50001cf2
	constant pool entry 7	50001cff
	constant pool entry 6	50001cfd
	constant pool entry 5	50001b62
	constant pool entry 4	50001b5c
	constant pool entry 3	5000011a
CLS 50000019 (name=java.io.ExpiringCache, trace=300000)
	super		5000011a
	constant pool entry 85	50000053
	constant pool entry 79	50000046
	constant pool entry 32	5000011a
	constant pool entry 31	50000019
	constant pool entry 18	50000015
	constant pool entry 8	500000d3
CLS 500000e8 (name=java.util.Dictionary, trace=300000)
	super		5000011a
	constant pool entry 3	5000011a
CLS 500000fa (name=java.util.Hashtable, trace=300000)
	super		500000e8
	constant pool entry 383	500000d9
	constant pool entry 299	50000110
	constant pool entry 284	5000005b
	constant pool entry 282	5000006f
	constant pool entry 263	5000010a
	constant pool entry 257	50000168
	constant pool entry 244	5000011a
	constant pool entry 239	500000f8
	constant pool entry 109	500000af
	constant pool entry 98	500000e8
	constant pool entry 84	50000053
	constant pool entry 79	50000089
	constant pool entry 73	50000076
	constant pool entry 59	500000fa
	constant pool entry 54	500000d1
	constant pool entry 27	50000122
CLS 5000001a (name=java.util.Properties, trace=300000)
	super		500000fa
	static hexDigit	500018d2
	constant pool entry 266	500000d9
	constant pool entry 73	5000001a
	constant pool entry 62	500000fa
	constant pool entry 16	5000013c
CLS 50000128 (name=java.util.AbstractCollection, trace=300000)
	super		5000011a
	constant pool entry 7	5000011a
CLS 500000eb (name=java.util.AbstractSet, trace=300000)
	super		50000128
	constant pool entry 18	50000128
CLS 5000001b (name=java.util.Collections$SetFromMap, trace=300000)
	super		500000eb
	constant pool entry 97	5000001e
	constant pool entry 85	50000053
	constant pool entry 26	500000eb
	constant pool entry 25	5000001b
CLS 5000001c (name=java.security.ProtectionDomain$1, trace=300000)
	super		5000011a
	constant pool entry 12	5000011a
CLS 5000001d (name=java.lang.ClassLoader$ParallelLoaders, trace=300000)
	super		5000011a
	static loaderTypes	50001fb4
	constant pool entry 39	50000110
	constant pool entry 35	5000006f
	constant pool entry 33	500000aa
	constant pool entry 10	5000001d
	constant pool entry 9	50000094
	constant pool entry 6	50000021
CLS 5000001e (name=java.lang.Boolean, trace=300000)
	super		5000011a
	static TRUE	500018d8
	static FALSE	500018d7
	static TYPE	5000170d
	constant pool entry 92	500000aa
	constant pool entry 20	5000011a
	constant pool entry 17	500018d6
	constant pool entry 9	5000001e
CLS 5000001f (name=java.util.concurrent.locks.Lock, trace=300000)
CLS 50000020 (name=java.util.concurrent.locks.Lock[], trace=300000)
	super		5000011a
CLS 50000021 (name=java.util.WeakHashMap, trace=300000)
	super		50000070
	static NULL_KEY	50001ed8
	constant pool entry 319	500000d9
	constant pool entry 216	500000f8
	constant pool entry 208	50000168
	constant pool entry 197	50000063
	constant pool entry 97	500000a6
	constant pool entry 80	50000070
	constant pool entry 79	50000021
	constant pool entry 77	5000011a
	constant pool entry 70	500000bf
	constant pool entry 4	500000c2
	constant pool entry 2	50000013
	constant pool entry 1	50000012
CLS 50000022 (name=java.util.concurrent.atomic.AtomicLong, trace=300000)
	super		50000025
	static unsafe	50001787
	constant pool entry 84	500000aa
	constant pool entry 73	500000d7
	constant pool entry 20	50000025
	constant pool entry 14	500017a0
	constant pool entry 13	50000022
CLS 50000023 (name=java.nio.Buffer, trace=300000)
	super		5000011a
	constant pool entry 29	5000011a
	constant pool entry 28	50000023
CLS 50000030 (name=sun.util.locale.LocaleObjectCache, trace=300000)
	super		5000011a
	constant pool entry 61	50000035
	constant pool entry 23	5000011a
	constant pool entry 22	50000030
	constant pool entry 12	500000cf
	constant pool entry 7	500000dd
	constant pool entry 4	500000c2
CLS 50000024 (name=java.util.Locale$Cache, trace=300000)
	super		50000030
	constant pool entry 10	50000030
	constant pool entry 9	50000024
	constant pool entry 7	50000080
	constant pool entry 3	5000004b
CLS 50000041 (name=java.util.Collections$SynchronizedCollection, trace=300000)
	super		5000011a
	constant pool entry 23	5000008d
	constant pool entry 22	5000011a
	constant pool entry 21	50000041
CLS 50000026 (name=java.util.Collections$SynchronizedSet, trace=300000)
	super		50000041
	constant pool entry 8	50000041
CLS 50000027 (name=java.lang.Terminator$1, trace=300000)
	super		5000011a
	constant pool entry 5	5000011a
CLS 50000111 (name=java.nio.charset.Charset, trace=300000)
	super		5000011a
	static bugLevel	5000173a
	static standardProvider	50001c65
	static cache1	50000bac
	static cache2	50000386
	static gate	50001c64
	static extendedProviderLock	50001c63
	static defaultCharset	50001a92
	constant pool entry 337	500000d9
	constant pool entry 229	5000010f
	constant pool entry 205	50000055
	constant pool entry 200	500000f8
	constant pool entry 91	50000014
	constant pool entry 89	50000045
	constant pool entry 57	50001c62
	constant pool entry 30	50000111
	constant pool entry 22	5000011a
	constant pool entry 15	50001c61
	constant pool entry 12	5000013c
	constant pool entry 9	5000173a
	constant pool entry 8	50001c60
	constant pool entry 7	5000012a
CLS 50000136 (name=sun.nio.cs.Unicode, trace=300000)
	super		50000111
	constant pool entry 57	50000111
CLS 50000028 (name=sun.nio.cs.UTF_8, trace=300000)
	super		50000136
	constant pool entry 40	50000023
	constant pool entry 33	50000045
	constant pool entry 12	50000136
	constant pool entry 7	500000cd
	constant pool entry 5	50000165
	constant pool entry 1	50001a94
CLS 50000029 (name=java.nio.Bits$1, trace=300000)
	super		5000011a
	constant pool entry 8	5000011a
CLS 5000002a (name=java.util.Enumeration, trace=300000)
CLS 5000002b (name=sun.nio.cs.StandardCharsets$Aliases, trace=300000)
	super		50000117
	constant pool entry 517	500000d9
	constant pool entry 243	50000117
	constant pool entry 242	5000002b
	constant pool entry 241	50001dc6
	constant pool entry 240	50001dc8
	constant pool entry 239	50001b46
	constant pool entry 238	50001dca
	constant pool entry 237	50001dcc
	constant pool entry 236	50001b33
	constant pool entry 235	50001b31
	constant pool entry 234	50001dce
	constant pool entry 233	50001b2f
	constant pool entry 232	50001b2d
	constant pool entry 231	50001b2a
	constant pool entry 230	50001b28
	constant pool entry 229	50001aa6
	constant pool entry 228	50001dd0
	constant pool entry 227	50001dd2
	constant pool entry 226	50001b39
	constant pool entry 225	50001b50
	constant pool entry 224	50001dd4
	constant pool entry 223	50001dd8
	constant pool entry 222	50001dd6
	constant pool entry 221	50001ddb
	constant pool entry 220	50001ddd
	constant pool entry 219	50001afd
	constant pool entry 218	50001de1
	constant pool entry 217	50001ddf
	constant pool entry 216	50001de4
	constant pool entry 215	50001de6
	constant pool entry 214	50001b60
	constant pool entry 213	50001b57
	constant pool entry 212	50001de8
	constant pool entry 211	50001b02
	constant pool entry 210	50001dea
	constant pool entry 209	50001adb
	constant pool entry 208	50001b25
	constant pool entry 207	50001dec
	constant pool entry 206	50001dee
	constant pool entry 205	50001aa8
	constant pool entry 204	50001afa
	constant pool entry 203	50001aab
	constant pool entry 202	50001df0
	constant pool entry 201	50001df2
	constant pool entry 200	50001df4
	constant pool entry 199	50001b36
	constant pool entry 198	50001df6
	constant pool entry 197	50001aa2
	constant pool entry 196	50001b15
	constant pool entry 195	50001aa0
	constant pool entry 194	50001b11
	constant pool entry 193	50001b58
	constant pool entry 192	50001b40
	constant pool entry 191	50001df8
	constant pool entry 190	50001dfc
	constant pool entry 189	50001dfa
	constant pool entry 188	50001b10
	constant pool entry 187	50001dff
	constant pool entry 186	50001cdb
	constant pool entry 185	50001b32
	constant pool entry 184	50001e01
	constant pool entry 183	50001cdf
	constant pool entry 182	50001b30
	constant pool entry 181	50001ce6
	constant pool entry 180	50001b2e
	constant pool entry 179	50001ce9
	constant pool entry 178	50001b2c
	constant pool entry 177	50001b29
	constant pool entry 176	50001cf5
	constant pool entry 175	50001b27
	constant pool entry 174	50001e04
	constant pool entry 173	50001e06
	constant pool entry 172	50001e08
	constant pool entry 171	50001e0a
	constant pool entry 170	50001cfd
	constant pool entry 169	50001e0c
	constant pool entry 168	50001aa4
	constant pool entry 167	50001e0e
	constant pool entry 166	50001b68
	constant pool entry 165	50001c81
	constant pool entry 164	50001e10
	constant pool entry 163	50001b67
	constant pool entry 162	50001b63
	constant pool entry 161	50001b5d
	constant pool entry 160	50001b05
	constant pool entry 159	50001ae9
	constant pool entry 158	50001aaa
	constant pool entry 157	50001b34
	constant pool entry 156	50001e12
	constant pool entry 155	50001b3c
	constant pool entry 154	50001b53
	constant pool entry 153	50001b4d
	constant pool entry 152	50001b49
	constant pool entry 151	50001b43
	constant pool entry 150	50001e14
	constant pool entry 149	50001b3b
	constant pool entry 148	50001af5
	constant pool entry 147	50001b3e
	constant pool entry 146	50001c8b
	constant pool entry 145	50001e16
	constant pool entry 144	50001e18
	constant pool entry 143	50001e1a
	constant pool entry 142	50001add
	constant pool entry 141	50001b09
	constant pool entry 140	50001ae0
	constant pool entry 139	50001ad3
	constant pool entry 138	50001ac1
	constant pool entry 137	50001e1c
	constant pool entry 136	50001b37
	constant pool entry 135	50001acf
	constant pool entry 134	50001abf
	constant pool entry 133	50001b66
	constant pool entry 132	50001e1e
	constant pool entry 131	50001aff
	constant pool entry 130	50001e20
	constant pool entry 129	50001e22
	constant pool entry 128	50001b61
	constant pool entry 127	50001b5b
	constant pool entry 126	50001afe
	constant pool entry 125	50001e24
	constant pool entry 124	50001b0c
	constant pool entry 123	50001e26
	constant pool entry 122	50001b3f
	constant pool entry 121	50001b41
	constant pool entry 120	50001b24
	constant pool entry 119	50001e28
	constant pool entry 118	50001b3a
	constant pool entry 117	50001b56
	constant pool entry 116	50001e2c
	constant pool entry 115	50001b51
	constant pool entry 114	50001b4c
	constant pool entry 113	50001b0a
	constant pool entry 112	50001ae1
	constant pool entry 111	50001b47
	constant pool entry 110	50001aed
	constant pool entry 109	50001ad4
	constant pool entry 108	50001e30
	constant pool entry 107	50001b42
	constant pool entry 106	50001ac2
	constant pool entry 105	50001aef
	constant pool entry 104	50001ae3
	constant pool entry 103	50001b0b
	constant pool entry 102	50001ad6
	constant pool entry 101	50001aa5
	constant pool entry 100	50001afb
	constant pool entry 99	50001e35
	constant pool entry 98	50001ca5
	constant pool entry 97	50001b12
	constant pool entry 96	50001aee
	constant pool entry 95	50001ae2
	constant pool entry 94	50001ad5
	constant pool entry 93	50001b03
	constant pool entry 92	50001af3
	constant pool entry 91	50001ae7
	constant pool entry 90	50001ada
	constant pool entry 89	50001acd
	constant pool entry 88	50001e37
	constant pool entry 87	50001e39
	constant pool entry 86	50001cbc
	constant pool entry 85	50001b69
	constant pool entry 84	50001e3b
	constant pool entry 83	50001ce2
	constant pool entry 82	50001e3d
	constant pool entry 81	50001e3f
	constant pool entry 80	50001cec
	constant pool entry 79	50001e41
	constant pool entry 78	50001b62
	constant pool entry 77	50001b64
	constant pool entry 76	50001b5c
	constant pool entry 75	50001b5e
	constant pool entry 74	50001e43
	constant pool entry 73	50001cb4
	constant pool entry 72	50001b3d
	constant pool entry 71	50001c91
	constant pool entry 70	50001b59
	constant pool entry 69	50001a9b
	constant pool entry 68	50001b52
	constant pool entry 67	50001b54
	constant pool entry 66	50001b4e
	constant pool entry 65	50001b4f
	constant pool entry 64	50001b48
	constant pool entry 63	50001b4a
	constant pool entry 62	50001ac4
	constant pool entry 61	50001b44
	constant pool entry 60	50001b45
	constant pool entry 59	50001b01
	constant pool entry 58	50001cf2
	constant pool entry 57	50001b2b
	constant pool entry 56	50001b35
	constant pool entry 55	50001b38
	constant pool entry 54	50001cd9
	constant pool entry 53	50001e49
	constant pool entry 52	50001c96
	constant pool entry 51	50001e4b
	constant pool entry 50	50001b1b
	constant pool entry 49	50001b0e
	constant pool entry 48	50001af0
	constant pool entry 47	50001ae4
	constant pool entry 46	50001ad7
	constant pool entry 45	50001c83
	constant pool entry 44	50001b26
	constant pool entry 43	50001c87
	constant pool entry 42	50001b23
	constant pool entry 41	50001e4d
	constant pool entry 40	50001cff
	constant pool entry 39	50001e4f
	constant pool entry 38	50001ccc
	constant pool entry 37	50001a97
	constant pool entry 36	50001ac6
	constant pool entry 35	50001e51
	constant pool entry 34	50001b04
	constant pool entry 33	50001af4
	constant pool entry 32	50001ae8
	constant pool entry 31	50001b00
	constant pool entry 30	50001adc
	constant pool entry 29	50001ace
	constant pool entry 28	50001acb
	constant pool entry 27	50001e54
	constant pool entry 26	50001b1c
	constant pool entry 25	50001b0d
	constant pool entry 24	50001cc5
	constant pool entry 23	50001af1
	constant pool entry 22	50001ae5
	constant pool entry 21	50001ad8
	constant pool entry 20	50001cbf
	constant pool entry 19	50001e57
	constant pool entry 18	50001ca8
	constant pool entry 17	50001e59
	constant pool entry 16	50001c8d
	constant pool entry 15	50001e5b
	constant pool entry 14	50001e5d
	constant pool entry 13	50001cb8
	constant pool entry 12	50001e5f
	constant pool entry 11	50001cc9
	constant pool entry 10	50001e61
	constant pool entry 9	50001cd2
	constant pool entry 8	50001e63
	constant pool entry 7	50001cd5
	constant pool entry 6	50001e65
	constant pool entry 5	50001c9f
	constant pool entry 4	50001e67
	constant pool entry 3	5000011a
CLS 5000002c (name=java.lang.Runnable, trace=300000)
CLS 5000002d (name=java.lang.Runnable[], trace=300000)
	super		5000011a
CLS 5000015f (name=java.lang.invoke.CallSite, trace=300000)
	super		5000011a
CLS 5000002e (name=java.lang.invoke.MutableCallSite, trace=300000)
	super		5000015f
CLS 500000f6 (name=java.net.URLStreamHandler, trace=300000)
	super		5000011a
	constant pool entry 126	5000013c
	constant pool entry 117	500000e1
	constant pool entry 73	5000011a
	constant pool entry 72	500000f6
	constant pool entry 64	50001961
	constant pool entry 61	50000042
	constant pool entry 43	50001960
	constant pool entry 41	5000195f
	constant pool entry 39	5000195e
	constant pool entry 36	5000195d
	constant pool entry 34	5000195c
	constant pool entry 29	5000173a
	constant pool entry 21	50000075
CLS 5000002f (name=sun.net.www.protocol.file.Handler, trace=300000)
	super		500000f6
	constant pool entry 68	5000013c
	constant pool entry 37	500000f6
	constant pool entry 12	500000e5
CLS 50000139 (name=java.nio.charset.CoderResult$Cache, trace=300000)
	super		5000011a
	constant pool entry 20	5000011a
	constant pool entry 19	50000139
CLS 50000031 (name=java.nio.charset.CoderResult$2, trace=300000)
	super		50000139
	constant pool entry 5	50000139
CLS 50000162 (name=java.util.AbstractList, trace=300000)
	super		50000128
	constant pool entry 46	50000128
	constant pool entry 45	50000162
CLS 50000032 (name=java.util.Vector, trace=300000)
	super		50000162
	constant pool entry 304	500000d9
	constant pool entry 219	50000046
	constant pool entry 217	5000000f
	constant pool entry 76	50000162
	constant pool entry 48	50000032
	constant pool entry 10	5000011a
CLS 50000033 (name=java.lang.Thread$UncaughtExceptionHandler, trace=300000)
CLS 50000034 (name=java.lang.Thread$UncaughtExceptionHandler[], trace=300000)
	super		5000011a
CLS 50000035 (name=java.util.concurrent.ConcurrentMap, trace=300000)
CLS 50000036 (name=java.nio.ByteOrder, trace=300000)
	super		5000011a
	static BIG_ENDIAN	50001ea9
	static LITTLE_ENDIAN	50001ea8
	constant pool entry 30	500000ba
	constant pool entry 10	5000011a
	constant pool entry 8	50001ea7
	constant pool entry 5	50001ea6
	constant pool entry 4	50000036
CLS 50000037 (name=java.nio.charset.CoderResult$1, trace=300000)
	super		50000139
	constant pool entry 5	50000139
CLS 50000038 (name=java.lang.reflect.InvocationHandler, trace=300000)
CLS 50000039 (name=java.lang.reflect.ReflectAccess, trace=300000)
	super		5000011a
	constant pool entry 20	5000011a
	constant pool entry 6	50000142
	constant pool entry 2	5000010b
CLS 5000003a (name=java.lang.ref.Reference$Lock, trace=300000)
	super		5000011a
	constant pool entry 4	5000011a
	constant pool entry 3	5000003a
CLS 5000010f (name=java.nio.charset.spi.CharsetProvider, trace=300000)
	super		5000011a
	constant pool entry 25	50000046
	constant pool entry 8	5000011a
CLS 5000003b (name=sun.nio.cs.FastCharsetProvider, trace=300000)
	super		5000010f
	constant pool entry 144	500000d9
	constant pool entry 102	500000aa
	constant pool entry 100	5000011a
	constant pool entry 83	50000053
	constant pool entry 35	5000010f
	constant pool entry 34	5000003b
	constant pool entry 23	50001968
	constant pool entry 20	50000075
	constant pool entry 17	500002e2
	constant pool entry 15	50001c5e
	constant pool entry 14	50000111
	constant pool entry 8	5000013c
CLS 5000003c (name=java.util.BitSet, trace=300000)
	super		5000011a
	static serialPersistentFields	50001f4d
	constant pool entry 348	500000d9
	constant pool entry 274	500000aa
	constant pool entry 91	5000011a
	constant pool entry 88	500000e9
	constant pool entry 76	50001f4c
	constant pool entry 71	5000016e
	constant pool entry 19	5000003c
CLS 5000003d (name=java.lang.NoSuchMethodError, trace=300000)
	super		50000017
	constant pool entry 4	50000017
CLS 5000003e (name=java.lang.String$CaseInsensitiveComparator, trace=300000)
	super		5000011a
	constant pool entry 11	5000011a
	constant pool entry 10	5000003e
CLS 50000047 (name=java.io.InputStream, trace=300000)
	super		5000011a
	constant pool entry 15	5000011a
CLS 5000009d (name=java.io.FilterInputStream, trace=300000)
	super		50000047
	constant pool entry 13	50000047
	constant pool entry 12	5000009d
CLS 5000003f (name=java.io.BufferedInputStream, trace=300000)
	super		5000009d
	static bufUpdater	50001fe5
	constant pool entry 126	500000d9
	constant pool entry 100	50000047
	constant pool entry 96	50000153
	constant pool entry 92	50000046
	constant pool entry 35	5000009d
	constant pool entry 33	50001fe4
	constant pool entry 32	5000016a
	constant pool entry 31	5000003f
CLS 50000040 (name=java.nio.CharBuffer, trace=300000)
	super		50000023
	constant pool entry 57	50000023
	constant pool entry 41	50000040
	constant pool entry 7	500000d6
CLS 50000160 (name=java.lang.AbstractStringBuilder, trace=300000)
	super		5000011a
	constant pool entry 305	500000d9
	constant pool entry 184	5000000f
	constant pool entry 91	5000011a
	constant pool entry 90	50000160
	constant pool entry 28	5000013c
CLS 50000042 (name=java.lang.StringBuffer, trace=300000)
	super		50000160
	static serialPersistentFields	50000219
	constant pool entry 366	500000d9
	constant pool entry 323	5000001e
	constant pool entry 321	50000134
	constant pool entry 102	50000160
	constant pool entry 97	500000e9
	constant pool entry 71	5000016b
	constant pool entry 66	5000197a
	constant pool entry 64	50001979
	constant pool entry 62	500017a0
	constant pool entry 24	50000042
	constant pool entry 23	5000013c
CLS 50000043 (name=sun.reflect.ConstantPool, trace=300000)
	super		5000011a
CLS 500000e3 (name=java.nio.ByteBuffer, trace=300000)
	super		50000023
	constant pool entry 174	50000036
	constant pool entry 172	500000ba
	constant pool entry 57	50000023
	constant pool entry 49	500000e3
	constant pool entry 13	50000044
CLS 50000044 (name=java.nio.HeapByteBuffer, trace=300000)
	super		500000e3
	constant pool entry 261	500000d9
	constant pool entry 174	50000046
	constant pool entry 72	500000e3
	constant pool entry 2	50000044
CLS 50000045 (name=sun.nio.cs.StandardCharsets, trace=300000)
	super		5000003b
	static aliases_US_ASCII	50001b8e
	static aliases_UTF_8	50001a93
	static aliases_UTF_16	50001b8d
	static aliases_UTF_16BE	50001b8c
	static aliases_UTF_16LE	50001b8b
	static aliases_UTF_16LE_BOM	50001b8a
	static aliases_UTF_32	50001b89
	static aliases_UTF_32LE	50001b88
	static aliases_UTF_32BE	50001b87
	static aliases_UTF_32LE_BOM	50001b86
	static aliases_UTF_32BE_BOM	50001b85
	static aliases_ISO_8859_1	50001b84
	static aliases_ISO_8859_2	50001b83
	static aliases_ISO_8859_4	50001b82
	static aliases_ISO_8859_5	50001b81
	static aliases_ISO_8859_7	50001b80
	static aliases_ISO_8859_9	50001b7f
	static aliases_ISO_8859_13	50001b7e
	static aliases_ISO_8859_15	50001b7d
	static aliases_KOI8_R	50001b7c
	static aliases_KOI8_U	50001b7b
	static aliases_MS1250	50001b7a
	static aliases_MS1251	50001b79
	static aliases_MS1252	50001b78
	static aliases_MS1253	50001b77
	static aliases_MS1254	50001b76
	static aliases_MS1257	50001b75
	static aliases_IBM437	50001b74
	static aliases_IBM737	50001b73
	static aliases_IBM775	50001b72
	static aliases_IBM850	50001b71
	static aliases_IBM852	50001b70
	static aliases_IBM855	50001b6f
	static aliases_IBM857	50001b6e
	static aliases_IBM858	50001b6d
	static aliases_IBM862	50001b6c
	static aliases_IBM866	50001b6b
	static aliases_IBM874	50001b6a
	constant pool entry 571	500000d9
	constant pool entry 258	5000003b
	constant pool entry 257	50000045
	constant pool entry 255	50001b69
	constant pool entry 254	50001b68
	constant pool entry 253	50001b67
	constant pool entry 252	50001b66
	constant pool entry 250	50001b65
	constant pool entry 249	50001b64
	constant pool entry 248	50001b63
	constant pool entry 247	50001b62
	constant pool entry 246	50001b61
	constant pool entry 244	50001b60
	constant pool entry 243	50001b5f
	constant pool entry 242	50001b5e
	constant pool entry 241	50001b5d
	constant pool entry 240	50001b5c
	constant pool entry 239	50001b5b
	constant pool entry 237	50001b5a
	constant pool entry 236	50001b59
	constant pool entry 235	50001b58
	constant pool entry 234	50001b57
	constant pool entry 233	50001b56
	constant pool entry 231	50001b55
	constant pool entry 230	50001b54
	constant pool entry 229	50001b53
	constant pool entry 228	50001b52
	constant pool entry 227	50001b51
	constant pool entry 225	50001b50
	constant pool entry 224	50001b4f
	constant pool entry 223	50001b4e
	constant pool entry 222	50001b4d
	constant pool entry 221	50001b4c
	constant pool entry 219	50001b4b
	constant pool entry 218	50001b4a
	constant pool entry 217	50001b49
	constant pool entry 216	50001b48
	constant pool entry 215	50001b47
	constant pool entry 213	50001b46
	constant pool entry 212	50001b45
	constant pool entry 211	50001b44
	constant pool entry 210	50001b43
	constant pool entry 209	50001b42
	constant pool entry 207	50001b41
	constant pool entry 206	50001b40
	constant pool entry 205	50001b3f
	constant pool entry 204	50001b3e
	constant pool entry 202	50001b3d
	constant pool entry 201	50001b3c
	constant pool entry 200	50001b3b
	constant pool entry 199	50001b3a
	constant pool entry 197	50001b39
	constant pool entry 196	50001b38
	constant pool entry 195	50001b37
	constant pool entry 194	50001b36
	constant pool entry 193	50001b35
	constant pool entry 192	50001b34
	constant pool entry 190	50001b33
	constant pool entry 189	50001b32
	constant pool entry 187	50001b31
	constant pool entry 186	50001b30
	constant pool entry 184	50001b2f
	constant pool entry 183	50001b2e
	constant pool entry 181	50001b2d
	constant pool entry 180	50001b2c
	constant pool entry 178	50001b2b
	constant pool entry 177	50001b2a
	constant pool entry 176	50001b29
	constant pool entry 174	50001b28
	constant pool entry 173	50001b27
	constant pool entry 171	50001b26
	constant pool entry 169	50001b25
	constant pool entry 168	50001b24
	constant pool entry 167	50001b23
	constant pool entry 165	50001b22
	constant pool entry 164	50001b21
	constant pool entry 163	50001b20
	constant pool entry 162	50001b1f
	constant pool entry 161	50001b1e
	constant pool entry 160	50001b1d
	constant pool entry 159	50001b1c
	constant pool entry 158	50001b1b
	constant pool entry 157	50001b1a
	constant pool entry 156	50001b19
	constant pool entry 155	50001b18
	constant pool entry 154	50001b17
	constant pool entry 153	50001b16
	constant pool entry 152	50001b15
	constant pool entry 151	50001b14
	constant pool entry 149	50001b13
	constant pool entry 148	50001b12
	constant pool entry 147	50001b11
	constant pool entry 146	50001b10
	constant pool entry 144	50001b0f
	constant pool entry 143	50001b0e
	constant pool entry 142	50001b0d
	constant pool entry 141	50001b0c
	constant pool entry 140	50001b0b
	constant pool entry 139	50001b0a
	constant pool entry 138	50001b09
	constant pool entry 137	50001b08
	constant pool entry 136	50001b07
	constant pool entry 135	50001b06
	constant pool entry 134	50001b05
	constant pool entry 133	50001b04
	constant pool entry 132	50001b03
	constant pool entry 130	50001b02
	constant pool entry 129	50001b01
	constant pool entry 128	50001b00
	constant pool entry 127	50001aff
	constant pool entry 126	50001afe
	constant pool entry 125	50001afd
	constant pool entry 124	50001afc
	constant pool entry 123	50001afb
	constant pool entry 122	50001afa
	constant pool entry 121	50001af9
	constant pool entry 120	50001af8
	constant pool entry 119	50001af7
	constant pool entry 118	50001af6
	constant pool entry 117	50001af5
	constant pool entry 116	50001af4
	constant pool entry 115	50001af3
	constant pool entry 113	50001af2
	constant pool entry 112	50001af1
	constant pool entry 111	50001af0
	constant pool entry 110	50001aef
	constant pool entry 109	50001aee
	constant pool entry 108	50001aed
	constant pool entry 107	50001aec
	constant pool entry 106	50001aeb
	constant pool entry 105	50001aea
	constant pool entry 104	50001ae9
	constant pool entry 103	50001ae8
	constant pool entry 102	50001ae7
	constant pool entry 100	50001ae6
	constant pool entry 99	50001ae5
	constant pool entry 98	50001ae4
	constant pool entry 97	50001ae3
	constant pool entry 96	50001ae2
	constant pool entry 95	50001ae1
	constant pool entry 94	50001ae0
	constant pool entry 93	50001adf
	constant pool entry 92	50001ade
	constant pool entry 91	50001add
	constant pool entry 90	50001adc
	constant pool entry 89	50001adb
	constant pool entry 88	50001ada
	constant pool entry 86	50001ad9
	constant pool entry 85	50001ad8
	constant pool entry 84	50001ad7
	constant pool entry 83	50001ad6
	constant pool entry 82	50001ad5
	constant pool entry 81	50001ad4
	constant pool entry 80	50001ad3
	constant pool entry 79	50001ad2
	constant pool entry 78	50001ad1
	constant pool entry 77	50001ad0
	constant pool entry 76	50001acf
	constant pool entry 75	50001ace
	constant pool entry 74	50001acd
	constant pool entry 72	50001acc
	constant pool entry 71	50001acb
	constant pool entry 70	50001aca
	constant pool entry 69	50001ac9
	constant pool entry 68	50001ac8
	constant pool entry 67	50001ac7
	constant pool entry 66	50001ac6
	constant pool entry 65	50001ac5
	constant pool entry 64	50001ac4
	constant pool entry 63	50001ac3
	constant pool entry 62	50001ac2
	constant pool entry 61	50001ac1
	constant pool entry 60	50001ac0
	constant pool entry 59	50001abf
	constant pool entry 57	50001abe
	constant pool entry 56	50001abd
	constant pool entry 54	50001abc
	constant pool entry 53	50001abb
	constant pool entry 51	50001aba
	constant pool entry 50	50001ab9
	constant pool entry 48	50001ab8
	constant pool entry 47	50001ab7
	constant pool entry 45	50001ab6
	constant pool entry 44	50001ab5
	constant pool entry 42	50001ab4
	constant pool entry 40	50001ab3
	constant pool entry 39	50001ab2
	constant pool entry 38	50001ab1
	constant pool entry 36	50001ab0
	constant pool entry 35	50001aaf
	constant pool entry 34	50001aae
	constant pool entry 33	50001aad
	constant pool entry 31	50001aac
	constant pool entry 30	50001aab
	constant pool entry 29	50001aaa
	constant pool entry 28	50001aa9
	constant pool entry 26	50001a97
	constant pool entry 25	50001a96
	constant pool entry 23	50001aa8
	constant pool entry 22	50001aa7
	constant pool entry 21	50001aa6
	constant pool entry 20	50001aa5
	constant pool entry 19	50001aa4
	constant pool entry 18	50001aa3
	constant pool entry 17	50001aa2
	constant pool entry 16	50001aa1
	constant pool entry 15	50001aa0
	constant pool entry 14	50001a9f
	constant pool entry 13	50001a9e
	constant pool entry 12	50001a9d
	constant pool entry 11	50001a9c
	constant pool entry 10	50001a9b
	constant pool entry 9	5000013c
	constant pool entry 6	50000018
	constant pool entry 4	50000079
	constant pool entry 2	5000002b
	constant pool entry 1	50001a9a
CLS 50000046 (name=java.lang.System, trace=300000)
	super		5000011a
	static in	5000179a
	static out	50001799
	static err	50001798
	static props	50001797
	static lineSeparator	50001796
	constant pool entry 285	500000a4
	constant pool entry 282	5000008b
	constant pool entry 279	50000087
	constant pool entry 265	500000ec
	constant pool entry 262	50000074
	constant pool entry 259	500000f8
	constant pool entry 255	50000141
	constant pool entry 249	50000007
	constant pool entry 196	50000109
	constant pool entry 93	50000155
	constant pool entry 84	50001795
	constant pool entry 81	50000144
	constant pool entry 80	500000a8
	constant pool entry 78	5000003f
	constant pool entry 74	50000088
	constant pool entry 71	5000007d
	constant pool entry 69	50001794
	constant pool entry 47	5000173a
	constant pool entry 42	5000013c
	constant pool entry 31	5000001a
	constant pool entry 7	50000046
CLS 50000048 (name=java.lang.ThreadLocal$ThreadLocalMap$Entry, trace=300000)
	super		5000013e
	constant pool entry 4	5000013e
	constant pool entry 3	50000048
CLS 50000049 (name=java.lang.ThreadLocal$ThreadLocalMap$Entry[], trace=300000)
	super		5000011a
CLS 5000004a (name=java.lang.Character, trace=300000)
	super		5000011a
	static TYPE	5000170e
	constant pool entry 415	500000aa
	constant pool entry 367	5000013b
	constant pool entry 107	500011f5
	constant pool entry 104	5000011a
	constant pool entry 101	5000190a
	constant pool entry 4	5000004a
CLS 5000004b (name=java.util.Locale, trace=300000)
	super		5000011a
	static LOCALECACHE	50001771
	static ENGLISH	50001770
	static FRENCH	5000176f
	static GERMAN	5000176e
	static ITALIAN	5000176d
	static JAPANESE	5000176c
	static KOREAN	5000176b
	static CHINESE	5000176a
	static SIMPLIFIED_CHINESE	50001764
	static TRADITIONAL_CHINESE	50001763
	static FRANCE	50001769
	static GERMANY	50001768
	static ITALY	50001767
	static JAPAN	50001766
	static KOREA	50001765
	static CHINA	50001764
	static PRC	50001764
	static TAIWAN	50001763
	static UK	50001762
	static US	5000175e
	static CANADA	50001761
	static CANADA_FRENCH	50001760
	static ROOT	5000175f
	static defaultLocale	5000175e
	static defaultFormatLocale	5000175e
	static serialPersistentFields	5000175d
	constant pool entry 869	500000d9
	constant pool entry 673	500000aa
	constant pool entry 656	50000147
	constant pool entry 551	50001279
	constant pool entry 536	500011f4
	constant pool entry 496	50000055
	constant pool entry 469	5000009a
	constant pool entry 273	5000107e
	constant pool entry 268	50001083
	constant pool entry 262	500000e9
	constant pool entry 258	5000175c
	constant pool entry 256	5000175b
	constant pool entry 254	5000175a
	constant pool entry 249	50001759
	constant pool entry 246	50001758
	constant pool entry 244	50001757
	constant pool entry 242	50001756
	constant pool entry 240	50001755
	constant pool entry 238	50001754
	constant pool entry 236	50001753
	constant pool entry 234	50001752
	constant pool entry 231	50001751
	constant pool entry 229	50001750
	constant pool entry 227	5000174f
	constant pool entry 223	50000024
	constant pool entry 220	5000174e
	constant pool entry 219	5000174d
	constant pool entry 216	5000174c
	constant pool entry 215	5000174b
	constant pool entry 213	5000174a
	constant pool entry 211	50001749
	constant pool entry 209	50001748
	constant pool entry 207	50001747
	constant pool entry 195	50001746
	constant pool entry 194	50001745
	constant pool entry 193	50001744
	constant pool entry 192	50001743
	constant pool entry 191	50001742
	constant pool entry 189	50001741
	constant pool entry 163	50000134
	constant pool entry 143	5000011a
	constant pool entry 80	50000075
	constant pool entry 46	50001740
	constant pool entry 45	5000173f
	constant pool entry 44	5000173e
	constant pool entry 39	5000173d
	constant pool entry 38	5000013c
	constant pool entry 35	5000173c
	constant pool entry 34	5000173b
	constant pool entry 33	5000012a
	constant pool entry 20	5000004b
	constant pool entry 16	50000080
	constant pool entry 10	5000173a
CLS 5000004c (name=java.nio.charset.CharsetEncoder, trace=300000)
	super		5000011a
	static stateNames	50001ec7
	constant pool entry 363	500000d9
	constant pool entry 295	500000aa
	constant pool entry 238	50000161
	constant pool entry 209	50000111
	constant pool entry 197	50000097
	constant pool entry 109	5000011a
	constant pool entry 108	50001ec6
	constant pool entry 107	50001ec5
	constant pool entry 106	50001ec4
	constant pool entry 105	50001ec3
	constant pool entry 104	5000013c
	constant pool entry 102	5000004c
	constant pool entry 12	50001c61
CLS 5000004d (name=java.util.concurrent.locks.AbstractOwnableSynchronizer, trace=300000)
	super		5000011a
	constant pool entry 4	5000011a
	constant pool entry 3	5000004d
CLS 5000004e (name=sun.misc.JavaSecurityProtectionDomainAccess, trace=300000)
CLS 5000004f (name=java.lang.reflect.Type, trace=300000)
CLS 50000050 (name=java.lang.reflect.Type[], trace=300000)
	super		5000011a
CLS 50000051 (name=java.nio.charset.CharsetDecoder, trace=300000)
	super		5000011a
	static stateNames	50001ed6
	constant pool entry 284	500000d9
	constant pool entry 234	500000aa
	constant pool entry 195	50000161
	constant pool entry 172	50000111
	constant pool entry 161	50000097
	constant pool entry 83	5000011a
	constant pool entry 82	50001ec6
	constant pool entry 81	50001ec5
	constant pool entry 80	50001ec4
	constant pool entry 79	50001ec3
	constant pool entry 78	5000013c
	constant pool entry 76	50000051
	constant pool entry 18	50001ed5
	constant pool entry 11	50001c61
CLS 50000135 (name=java.lang.Exception, trace=300000)
	super		50000103
	constant pool entry 7	50000103
CLS 500000fd (name=java.lang.RuntimeException, trace=300000)
	super		50000135
CLS 50000052 (name=java.lang.IllegalMonitorStateException, trace=300000)
	super		500000fd
CLS 50000053 (name=java.util.Map, trace=300000)
CLS 50000054 (name=java.lang.reflect.Proxy, trace=300000)
	super		5000011a
	static proxyClassNamePrefix	50001fe8
	static constructorParams	50001fed
	static loaderToCache	50001fec
	static pendingGenerationMarker	50001feb
	static nextUniqueNumberLock	50001fea
	static proxyClasses	50001fe9
	constant pool entry 385	500000d9
	constant pool entry 291	50000110
	constant pool entry 102	50000021
	constant pool entry 101	50000038
	constant pool entry 98	50000054
	constant pool entry 86	5000011a
	constant pool entry 64	50001fe8
	constant pool entry 50	500000aa
	constant pool entry 44	50000053
CLS 50000055 (name=java.security.AccessController, trace=300000)
	super		5000011a
	constant pool entry 41	50000055
	constant pool entry 13	5000005a
CLS 50000056 (name=sun.nio.cs.StreamDecoder, trace=300000)
	super		50000016
	constant pool entry 246	500000aa
	constant pool entry 233	50000161
	constant pool entry 229	50000040
	constant pool entry 218	50000047
	constant pool entry 207	500000e3
	constant pool entry 198	50000051
	constant pool entry 196	50000097
	constant pool entry 164	50000111
	constant pool entry 87	50000016
	constant pool entry 8	50000056
CLS 50000140 (name=java.io.InputStreamReader, trace=300000)
	super		50000016
	constant pool entry 53	50000056
	constant pool entry 21	50000016
	constant pool entry 20	50000140
CLS 50000057 (name=java.io.FileReader, trace=300000)
	super		50000140
	constant pool entry 7	50000140
	constant pool entry 1	5000007d
CLS 50000058 (name=sun.misc.Launcher$AppClassLoader$1, trace=300000)
	super		5000011a
	constant pool entry 41	50000159
	constant pool entry 11	5000011a
	constant pool entry 10	50000058
	constant pool entry 7	500000d0
CLS 50000059 (name=java.lang.Iterable, trace=300000)
CLS 5000005a (name=java.security.AccessControlContext, trace=300000)
	super		5000011a
	constant pool entry 158	50000055
	constant pool entry 71	5000011a
	constant pool entry 67	5000005a
CLS 5000005b (name=java.util.Iterator, trace=300000)
CLS 5000005c (name=java.security.Guard, trace=300000)
CLS 5000005d (name=java.lang.NullPointerException, trace=300000)
	super		500000fd
CLS 5000005e (name=sun.misc.PostVMInitHook, trace=300000)
	super		5000011a
	constant pool entry 39	50000046
	constant pool entry 23	5000005e
	constant pool entry 15	500000e5
	constant pool entry 13	5000235f
	constant pool entry 11	5000235e
	constant pool entry 10	5000235d
	constant pool entry 9	50002334
	constant pool entry 5	500017b1
	constant pool entry 3	50000075
CLS 5000005f (name=java.lang.StringCoding$StringDecoder, trace=300000)
	super		5000011a
	constant pool entry 153	500000d9
	constant pool entry 85	5000009e
	constant pool entry 78	500000aa
	constant pool entry 73	50000051
	constant pool entry 71	50000097
	constant pool entry 69	50000111
	constant pool entry 33	5000011a
	constant pool entry 32	5000005f
	constant pool entry 18	5000000c
CLS 500000bc (name=java.security.Permission, trace=300000)
	super		5000011a
	constant pool entry 17	5000011a
	constant pool entry 16	500000bc
CLS 50000060 (name=java.security.BasicPermission, trace=300000)
	super		500000bc
	constant pool entry 70	5000013c
	constant pool entry 28	500000bc
	constant pool entry 20	50000060
	constant pool entry 13	5000178f
CLS 50000061 (name=java.security.ProtectionDomain, trace=300000)
	super		5000011a
	constant pool entry 284	500000d9
	constant pool entry 217	500000f1
	constant pool entry 214	50000109
	constant pool entry 80	5000011a
	constant pool entry 79	50000061
	constant pool entry 76	500000e4
	constant pool entry 74	5000192a
	constant pool entry 71	5000001c
	constant pool entry 12	50000085
	constant pool entry 3	500000f2
CLS 50000062 (name=java.lang.invoke.MethodHandle, trace=300000)
	super		5000011a
CLS 50000063 (name=sun.misc.Hashing, trace=300000)
	super		5000011a
	constant pool entry 115	500000d9
	constant pool entry 79	50000007
	constant pool entry 74	5000008b
	constant pool entry 72	50000046
	constant pool entry 68	50000069
	constant pool entry 66	500000f8
	constant pool entry 59	50000134
	constant pool entry 20	50000063
CLS 50000064 (name=java.lang.IllegalArgumentException, trace=300000)
	super		500000fd
CLS 50000065 (name=java.lang.ArrayStoreException, trace=300000)
	super		500000fd
CLS 50000066 (name=java.util.concurrent.locks.AbstractQueuedSynchronizer$Node, trace=300000)
	super		5000011a
CLS 50000067 (name=java.lang.ClassLoader$3, trace=300000)
	super		5000011a
	constant pool entry 29	5000001e
	constant pool entry 27	500000e5
	constant pool entry 6	5000011a
	constant pool entry 5	50000067
CLS 50000068 (name=sun.nio.cs.ArrayEncoder, trace=300000)
CLS 500000ac (name=java.util.Random, trace=300000)
	super		5000011a
	static seedUniquifier	50001ede
	static serialPersistentFields	50001edd
	static unsafe	50001787
	constant pool entry 258	500000d9
	constant pool entry 195	500000aa
	constant pool entry 192	5000001e
	constant pool entry 191	50000158
	constant pool entry 188	500000b7
	constant pool entry 185	500000d7
	constant pool entry 140	50000046
	constant pool entry 78	5000011a
	constant pool entry 66	500000e9
	constant pool entry 54	50001edc
	constant pool entry 52	50001edb
	constant pool entry 44	50001eda
	constant pool entry 13	50000022
	constant pool entry 12	500000ac
CLS 50000069 (name=java.util.concurrent.ThreadLocalRandom, trace=300000)
	super		500000ac
	static localRandom	50001ed9
	constant pool entry 78	50000014
	constant pool entry 27	500000ac
	constant pool entry 25	50000090
	constant pool entry 5	50000069
CLS 5000006a (name=java.lang.reflect.Array, trace=300000)
	super		5000011a
	constant pool entry 4	5000006a
CLS 5000006b (name=java.lang.invoke.LambdaForm, trace=300000)
	super		5000011a
CLS 5000006c (name=java.util.Collections$EmptyList, trace=300000)
	super		50000162
	constant pool entry 19	50000162
	constant pool entry 18	5000006c
CLS 5000014a (name=java.lang.Enum, trace=300000)
	super		5000011a
	constant pool entry 31	5000011a
	constant pool entry 12	5000014a
CLS 5000006d (name=java.io.File$PathStatus, trace=300000)
	super		5000014a
	static INVALID	50001a5c
	static CHECKED	50001a5b
	static $VALUES	50001a5a
	constant pool entry 49	500000d9
	constant pool entry 12	5000014a
	constant pool entry 10	50001a59
	constant pool entry 7	50001a58
	constant pool entry 4	5000006d
CLS 5000006e (name=java.io.File$PathStatus[], trace=300000)
	super		5000011a
CLS 5000006f (name=java.util.Set, trace=300000)
CLS 50000071 (name=sun.misc.Signal, trace=300000)
	super		5000011a
	static handlers	50002060
	static signals	5000205f
	constant pool entry 45	5000011a
	constant pool entry 43	500000fa
	constant pool entry 30	50000002
	constant pool entry 25	50000134
	constant pool entry 15	500000c0
	constant pool entry 3	50000071
CLS 50000073 (name=java.lang.Error[], trace=300000)
	super		5000011a
CLS 50000074 (name=sun.misc.Version, trace=300000)
	super		5000011a
	static launcher_name	5000206f
	static java_version	50001f60
	static java_runtime_name	5000203d
	static java_runtime_version	50002047
	constant pool entry 133	50000046
	constant pool entry 74	5000206f
	constant pool entry 69	50000074
	constant pool entry 8	5000203d
	constant pool entry 7	5000203e
	constant pool entry 6	50002047
	constant pool entry 5	50002048
	constant pool entry 3	50001f60
	constant pool entry 2	50001f5c
CLS 50000075 (name=java.lang.StringBuilder, trace=300000)
	super		50000160
	constant pool entry 100	50000160
	constant pool entry 19	50000075
	constant pool entry 16	5000013c
CLS 50000076 (name=java.util.Hashtable$Enumerator, trace=300000)
	super		5000011a
	constant pool entry 76	500000fa
	constant pool entry 35	50000122
	constant pool entry 31	5000011a
	constant pool entry 30	50000076
CLS 500000b9 (name=java.io.FileSystem, trace=300000)
	super		5000011a
	constant pool entry 91	50000046
	constant pool entry 11	5000011a
	constant pool entry 10	500000b9
	constant pool entry 9	50001a4f
	constant pool entry 7	50001a4e
CLS 50000077 (name=java.io.UnixFileSystem, trace=300000)
	super		500000b9
	constant pool entry 176	50000046
	constant pool entry 148	50000055
	constant pool entry 66	500000b9
	constant pool entry 65	50000077
	constant pool entry 48	500000e5
	constant pool entry 37	50001a4d
	constant pool entry 28	50000075
	constant pool entry 26	5000173a
	constant pool entry 18	50000042
	constant pool entry 17	50001963
	constant pool entry 15	500017b1
	constant pool entry 13	50001a4c
	constant pool entry 10	5000013c
	constant pool entry 7	50001a4b
	constant pool entry 6	5000012a
	constant pool entry 2	50000019
CLS 50000078 (name=java.lang.StringCoding$StringEncoder, trace=300000)
	super		5000011a
	constant pool entry 153	500000d9
	constant pool entry 85	5000009e
	constant pool entry 78	500000aa
	constant pool entry 73	5000004c
	constant pool entry 71	50000097
	constant pool entry 69	50000111
	constant pool entry 33	5000011a
	constant pool entry 32	50000078
	constant pool entry 18	50000068
CLS 50000079 (name=sun.nio.cs.StandardCharsets$Classes, trace=300000)
	super		50000117
	constant pool entry 193	500000d9
	constant pool entry 81	50000117
	constant pool entry 80	50000079
	constant pool entry 79	50001ab7
	constant pool entry 78	50001c81
	constant pool entry 77	50001c84
	constant pool entry 76	50001c83
	constant pool entry 75	50001c88
	constant pool entry 74	50001c87
	constant pool entry 73	50001abd
	constant pool entry 72	50001c8b
	constant pool entry 71	50001c8e
	constant pool entry 70	50001c8d
	constant pool entry 69	50001abb
	constant pool entry 68	50001c96
	constant pool entry 67	50001c94
	constant pool entry 66	50001b52
	constant pool entry 65	50001c92
	constant pool entry 64	50001c91
	constant pool entry 63	50001ca0
	constant pool entry 62	50001c9f
	constant pool entry 61	50001c9d
	constant pool entry 60	50001b35
	constant pool entry 59	50001c9b
	constant pool entry 58	50001b4e
	constant pool entry 57	50001c5e
	constant pool entry 56	50001ca8
	constant pool entry 55	50001ca6
	constant pool entry 54	50001ca5
	constant pool entry 53	50001caf
	constant pool entry 52	50001b3f
	constant pool entry 51	50001cad
	constant pool entry 50	50001b48
	constant pool entry 49	50001cb2
	constant pool entry 48	50001b44
	constant pool entry 47	50001cb5
	constant pool entry 46	50001cb4
	constant pool entry 45	50001cb9
	constant pool entry 44	50001cb8
	constant pool entry 43	50001cc0
	constant pool entry 42	50001cbf
	constant pool entry 41	50001cbd
	constant pool entry 40	50001cbc
	constant pool entry 39	50001cc6
	constant pool entry 38	50001cc5
	constant pool entry 37	50001ccd
	constant pool entry 36	50001ccc
	constant pool entry 35	50001cca
	constant pool entry 34	50001cc9
	constant pool entry 33	50001aca
	constant pool entry 32	50001cd5
	constant pool entry 31	50001cd3
	constant pool entry 30	50001cd2
	constant pool entry 29	50001aad
	constant pool entry 28	50001cd9
	constant pool entry 27	50001cdc
	constant pool entry 26	50001cdb
	constant pool entry 25	50001aa9
	constant pool entry 24	50001ce2
	constant pool entry 23	50001ce0
	constant pool entry 22	50001cdf
	constant pool entry 21	50001ab9
	constant pool entry 20	50001cec
	constant pool entry 19	50001cea
	constant pool entry 18	50001ce9
	constant pool entry 17	50001ce7
	constant pool entry 16	50001ce6
	constant pool entry 15	50001cf6
	constant pool entry 14	50001cf5
	constant pool entry 13	50001cf3
	constant pool entry 12	50001cf2
	constant pool entry 11	50001ab1
	constant pool entry 10	50001cff
	constant pool entry 9	50001ab5
	constant pool entry 8	50001cfd
	constant pool entry 7	50001cfb
	constant pool entry 6	50001b62
	constant pool entry 5	50001d03
	constant pool entry 4	50001b5c
	constant pool entry 3	5000011a
CLS 5000007a (name=sun.reflect.misc.ReflectUtil, trace=300000)
	super		5000011a
	static PROXY_PACKAGE	50001fe6
	constant pool entry 148	50000054
	constant pool entry 136	5000013c
	constant pool entry 123	50000046
	constant pool entry 118	50000141
	constant pool entry 116	5000014d
	constant pool entry 112	500000aa
	constant pool entry 59	5000007a
	constant pool entry 37	50001fe6
CLS 5000015b (name=sun.reflect.MagicAccessorImpl, trace=300000)
	super		5000011a
	constant pool entry 3	5000011a
CLS 5000007b (name=sun.reflect.FieldAccessorImpl, trace=300000)
	super		5000015b
CLS 5000008f (name=java.io.Writer, trace=300000)
	super		5000011a
	constant pool entry 69	5000013c
	constant pool entry 20	5000011a
	constant pool entry 19	5000008f
CLS 5000007c (name=java.io.OutputStreamWriter, trace=300000)
	super		5000008f
	constant pool entry 58	50000119
	constant pool entry 23	5000008f
	constant pool entry 22	5000007c
CLS 5000007d (name=java.io.FileInputStream, trace=300000)
	super		50000047
	static runningFinalize	50001f3f
	constant pool entry 133	5000008a
	constant pool entry 119	50000046
	constant pool entry 50	50000047
	constant pool entry 49	5000007d
	constant pool entry 46	50000014
	constant pool entry 23	500000ec
	constant pool entry 10	5000011a
	constant pool entry 5	500000e5
CLS 5000007e (name=java.lang.Byte, trace=300000)
	super		50000025
	static TYPE	5000170c
	constant pool entry 123	500000aa
	constant pool entry 27	50001982
	constant pool entry 23	5000007e
CLS 5000007f (name=sun.misc.Launcher$Factory, trace=300000)
	super		5000011a
	static PREFIX	50001966
	constant pool entry 55	500000aa
	constant pool entry 25	5000011a
	constant pool entry 24	5000007f
	constant pool entry 23	50001966
	constant pool entry 12	500000f6
	constant pool entry 8	50001969
	constant pool entry 7	50001968
	constant pool entry 3	50000075
CLS 50000080 (name=java.util.Locale$LocaleKey, trace=300000)
	super		5000011a
	constant pool entry 45	5000009a
	constant pool entry 11	5000011a
	constant pool entry 8	50000080
CLS 50000081 (name=sun.misc.JavaIOFileDescriptorAccess, trace=300000)
CLS 50000082 (name=java.lang.ref.FinalReference, trace=300000)
	super		50000008
	constant pool entry 3	50000008
CLS 50000083 (name=java.lang.ReflectiveOperationException, trace=300000)
	super		50000135
	constant pool entry 6	50000135
CLS 50000084 (name=java.lang.ArithmeticException, trace=300000)
	super		500000fd
CLS 50000085 (name=java.security.Principal, trace=300000)
CLS 50000086 (name=java.security.Principal[], trace=300000)
	super		5000011a
CLS 50000087 (name=java.lang.Terminator, trace=300000)
	super		5000011a
	static handler	50002059
	constant pool entry 12	50000087
	constant pool entry 11	50002058
	constant pool entry 10	50002057
	constant pool entry 6	50002056
	constant pool entry 5	50000071
	constant pool entry 3	50000027
CLS 50000145 (name=java.io.OutputStream, trace=300000)
	super		5000011a
	constant pool entry 9	5000011a
CLS 50000088 (name=java.io.FileOutputStream, trace=300000)
	super		50000145
	static runningFinalize	50001ffd
	constant pool entry 137	5000008a
	constant pool entry 122	50000046
	constant pool entry 53	50000145
	constant pool entry 52	50000088
	constant pool entry 49	50000014
	constant pool entry 22	500000ec
	constant pool entry 9	5000011a
CLS 50000089 (name=java.util.Hashtable$EntrySet, trace=300000)
	super		500000eb
	constant pool entry 59	500000fa
	constant pool entry 21	500000eb
	constant pool entry 20	50000089
CLS 5000008a (name=sun.misc.IoTrace, trace=300000)
	super		5000011a
CLS 5000008b (name=java.lang.Thread, trace=300000)
	super		5000011a
	static EMPTY_STACK_TRACE	5000172e
	static SUBCLASS_IMPLEMENTATION_PERMISSION	5000172d
	constant pool entry 550	500000d9
	constant pool entry 367	50000055
	constant pool entry 362	5000013c
	constant pool entry 350	500000a4
	constant pool entry 346	50000046
	constant pool entry 143	5000172c
	constant pool entry 142	5000000a
	constant pool entry 111	5000008b
	constant pool entry 106	50000093
	constant pool entry 50	5000011a
CLS 5000008c (name=java.lang.Thread[], trace=300000)
	super		5000011a
CLS 5000008d (name=java.util.Collection, trace=300000)
CLS 5000008e (name=sun.net.www.protocol.jar.Handler, trace=300000)
	super		500000f6
	static separator	50001a90
	constant pool entry 50	500000f6
	constant pool entry 11	50001a90
CLS 50000090 (name=java.util.concurrent.ThreadLocalRandom$1, trace=300000)
	super		50000014
	constant pool entry 6	50000014
	constant pool entry 5	50000090
	constant pool entry 2	50000069
CLS 50000091 (name=java.lang.Comparable, trace=300000)
CLS 50000092 (name=java.lang.Comparable[], trace=300000)
	super		5000011a
CLS 50000093 (name=java.lang.RuntimePermission, trace=300000)
	super		50000060
	constant pool entry 4	50000060
CLS 50000094 (name=java.lang.ClassLoader, trace=300000)
	super		5000011a
	static nocerts	500018e4
	static scl	50001708
	static loadedLibraryNames	500018e3
	static systemNativeLibraries	500018e2
	static nativeLibraryContext	500018e1
	static usr_paths	500018e0
	static sys_paths	500018df
	constant pool entry 883	500000d9
	constant pool entry 610	50000159
	constant pool entry 604	500000fc
	constant pool entry 598	50000141
	constant pool entry 573	500000f8
	constant pool entry 530	50000055
	constant pool entry 521	500000aa
	constant pool entry 493	50000110
	constant pool entry 469	50000046
	constant pool entry 255	5000001d
	constant pool entry 251	5000012b
	constant pool entry 250	500000ff
	constant pool entry 221	50000001
	constant pool entry 214	50000067
	constant pool entry 198	500000e5
	constant pool entry 197	500018de
	constant pool entry 194	500018dd
	constant pool entry 190	5000013c
	constant pool entry 155	50000105
	constant pool entry 140	500012bc
	constant pool entry 133	50000094
	constant pool entry 129	500012c2
	constant pool entry 125	5000002a
	constant pool entry 110	5000173a
	constant pool entry 46	5000014f
	constant pool entry 36	500000fa
	constant pool entry 34	5000011a
	constant pool entry 30	500000cb
	constant pool entry 26	500000dd
	constant pool entry 16	50000107
	constant pool entry 11	500000d8
	constant pool entry 10	50000061
	constant pool entry 8	50000032
CLS 50000095 (name=java.io.Flushable, trace=300000)
CLS 50000096 (name=sun.reflect.MethodAccessorImpl, trace=300000)
	super		5000015b
CLS 50000097 (name=java.nio.charset.CodingErrorAction, trace=300000)
	super		5000011a
	static IGNORE	50001ed1
	static REPLACE	50001ed0
	static REPORT	50001ecf
	constant pool entry 11	5000011a
	constant pool entry 9	50001ece
	constant pool entry 7	50001ecd
	constant pool entry 4	50001ecc
	constant pool entry 3	50000097
CLS 50000098 (name=java.lang.reflect.AccessibleObject, trace=300000)
	super		5000011a
	static ACCESS_PERMISSION	50001792
	static reflectionFactory	50001789
	constant pool entry 112	50000055
	constant pool entry 80	50000046
	constant pool entry 33	5000011a
	constant pool entry 32	50000098
	constant pool entry 30	500000be
	constant pool entry 27	5000010e
	constant pool entry 25	50001791
	constant pool entry 24	500000a7
	constant pool entry 7	500000aa
	constant pool entry 5	50000142
CLS 50000099 (name=java.lang.reflect.AccessibleObject[], trace=300000)
	super		5000011a
CLS 5000009a (name=sun.util.locale.BaseLocale, trace=300000)
	super		5000011a
	static SEP	50002082
	static CACHE	50002083
	constant pool entry 97	5000013c
	constant pool entry 95	50000147
	constant pool entry 51	50002082
	constant pool entry 42	5000011a
	constant pool entry 40	500000ee
	constant pool entry 24	50001749
	constant pool entry 22	50001748
	constant pool entry 19	50001747
	constant pool entry 16	500000f7
	constant pool entry 13	5000009a
	constant pool entry 5	5000173a
CLS 5000009b (name=java.security.SecureClassLoader, trace=300000)
	super		50000094
	constant pool entry 96	500000f1
	constant pool entry 74	50000046
	constant pool entry 36	50000094
	constant pool entry 35	5000009b
	constant pool entry 32	50001f71
	constant pool entry 2	50000107
CLS 5000009c (name=java.net.URL$1, trace=300000)
	super		5000011a
	constant pool entry 33	5000001e
	constant pool entry 28	50000046
	constant pool entry 9	5000011a
	constant pool entry 8	5000009c
	constant pool entry 2	5000196a
CLS 5000009e (name=java.lang.StringCoding, trace=300000)
	super		5000011a
	static decoder	5000218a
	static encoder	50002189
	constant pool entry 184	5000013c
	constant pool entry 165	50000111
	constant pool entry 162	5000000f
	constant pool entry 88	5000009e
	constant pool entry 86	50000014
	constant pool entry 67	50000078
	constant pool entry 28	5000005f
	constant pool entry 6	500000f4
CLS 500000df (name=java.util.Collections$UnmodifiableCollection, trace=300000)
	super		5000011a
	constant pool entry 18	5000008d
	constant pool entry 17	5000011a
	constant pool entry 16	500000df
CLS 5000009f (name=java.util.Collections$UnmodifiableList, trace=300000)
	super		500000df
	constant pool entry 20	500000f0
	constant pool entry 19	500000df
	constant pool entry 13	5000009f
CLS 500000a1 (name=java.util.concurrent.locks.ReentrantLock[], trace=300000)
	super		5000011a
CLS 500000a2 (name=java.lang.Compiler, trace=300000)
	super		5000011a
	constant pool entry 35	50000055
	constant pool entry 7	500000a2
	constant pool entry 4	50000163
CLS 500000a3 (name=java.lang.invoke.ConstantCallSite, trace=300000)
	super		5000015f
CLS 500000a4 (name=java.lang.ThreadGroup, trace=300000)
	super		5000011a
	constant pool entry 276	500000d9
	constant pool entry 184	50000046
	constant pool entry 75	5000011a
	constant pool entry 46	5000008b
	constant pool entry 44	500000a4
	constant pool entry 3	50001e9c
CLS 500000a5 (name=java.lang.ThreadGroup[], trace=300000)
	super		5000011a
CLS 500000a6 (name=java.util.WeakHashMap$Holder, trace=300000)
	super		5000011a
	constant pool entry 34	50000055
	constant pool entry 16	500000a6
	constant pool entry 3	500018da
	constant pool entry 2	5000012a
CLS 500000a7 (name=java.lang.reflect.ReflectPermission, trace=300000)
	super		50000060
	constant pool entry 4	50000060
CLS 500000bd (name=java.io.FilterOutputStream, trace=300000)
	super		50000145
	constant pool entry 13	50000145
	constant pool entry 12	500000bd
CLS 500000a8 (name=java.io.PrintStream, trace=300000)
	super		500000bd
	constant pool entry 210	5000013c
	constant pool entry 87	500000bd
	constant pool entry 40	500000a8
	constant pool entry 24	50000145
	constant pool entry 23	50002005
	constant pool entry 17	500000f9
	constant pool entry 14	5000007c
CLS 500000a9 (name=java.lang.ref.PhantomReference, trace=300000)
	super		50000008
CLS 500000aa (name=java.lang.Class, trace=300000)
	super		5000011a
	static serialPersistentFields	5000178a
	static reflectionFactory	50001789
	constant pool entry 1055	500000d9
	constant pool entry 678	5000013c
	constant pool entry 637	50000055
	constant pool entry 623	50000046
	constant pool entry 620	50000094
	constant pool entry 618	50000141
	constant pool entry 290	500000e9
	constant pool entry 242	50000156
	constant pool entry 241	500000be
	constant pool entry 239	5000010e
	constant pool entry 201	50000142
	constant pool entry 197	5000010b
	constant pool entry 187	500000f4
	constant pool entry 184	5000010c
	constant pool entry 32	50000164
	constant pool entry 27	500000aa
CLS 500000ab (name=java.lang.Class[], trace=300000)
	super		5000011a
CLS 500000e7 (name=java.net.URLClassLoader, trace=300000)
	super		5000009b
	constant pool entry 383	50000094
	constant pool entry 381	50000109
	constant pool entry 243	50000055
	constant pool entry 237	50000046
	constant pool entry 143	5000009b
	constant pool entry 139	5000012f
	constant pool entry 136	500000e7
	constant pool entry 106	500012c0
	constant pool entry 100	50000ef7
	constant pool entry 49	5000014f
	constant pool entry 47	50000880
	constant pool entry 43	50000202
	constant pool entry 10	500000fc
	constant pool entry 5	50000021
CLS 500000ad (name=sun.misc.Launcher$ExtClassLoader, trace=300000)
	super		500000e7
	constant pool entry 198	500000d9
	constant pool entry 141	50000094
	constant pool entry 115	5000013c
	constant pool entry 102	50000046
	constant pool entry 92	50000159
	constant pool entry 90	50000055
	constant pool entry 53	500000e7
	constant pool entry 31	500000e1
	constant pool entry 25	50001ef0
	constant pool entry 22	50000032
	constant pool entry 19	500000e5
	constant pool entry 15	500000c3
	constant pool entry 13	50001f6b
	constant pool entry 5	500000ad
	constant pool entry 2	500000f3
CLS 500000ae (name=java.lang.ThreadLocal$ThreadLocalMap, trace=300000)
	super		5000011a
	constant pool entry 123	500000d9
	constant pool entry 28	5000011a
	constant pool entry 27	500000ae
	constant pool entry 14	50000014
	constant pool entry 8	50000048
CLS 500000af (name=java.util.Hashtable$Holder, trace=300000)
	super		5000011a
	constant pool entry 34	50000055
	constant pool entry 16	500000af
	constant pool entry 3	500018da
	constant pool entry 2	5000012a
CLS 500000b0 (name=java.net.URLStreamHandlerFactory, trace=300000)
CLS 500000b1 (name=java.io.Serializable, trace=300000)
CLS 500000b2 (name=java.io.Serializable[], trace=300000)
	super		5000011a
CLS 500000b3 (name=java.lang.ClassCastException, trace=300000)
	super		500000fd
CLS 500000b5 (name=java.lang.Short, trace=300000)
	super		50000025
	static TYPE	50001710
	constant pool entry 128	500000aa
	constant pool entry 29	50001980
	constant pool entry 16	500000b5
CLS 500000b6 (name=sun.reflect.ReflectionFactory$1, trace=300000)
	super		5000011a
	constant pool entry 39	50000046
	constant pool entry 36	500000be
	constant pool entry 19	5000011a
	constant pool entry 18	500000b6
	constant pool entry 8	50002073
	constant pool entry 3	50002072
CLS 500000b7 (name=java.lang.Long, trace=300000)
	super		50000025
	static TYPE	5000170f
	constant pool entry 232	500000aa
	constant pool entry 79	5000197e
	constant pool entry 46	500000b7
CLS 500000b8 (name=java.lang.invoke.MethodHandleNatives, trace=300000)
	super		5000011a
CLS 500000ba (name=java.nio.Bits, trace=300000)
	super		5000011a
	static unsafe	50001787
	static byteOrder	50001ea8
	constant pool entry 485	50000109
	constant pool entry 480	50000036
	constant pool entry 475	500000aa
	constant pool entry 457	500000f8
	constant pool entry 447	50000055
	constant pool entry 433	500000d7
	constant pool entry 158	50000029
	constant pool entry 122	500000ba
	constant pool entry 121	50001eb0
	constant pool entry 120	50001eaf
	constant pool entry 119	50001eae
	constant pool entry 117	50001ead
	constant pool entry 116	5000013c
	constant pool entry 113	50001eac
	constant pool entry 112	5000012a
CLS 500000bb (name=sun.misc.OSEnvironment, trace=300000)
	super		5000011a
CLS 500000be (name=sun.reflect.ReflectionFactory, trace=300000)
	super		5000011a
	static reflectionFactoryAccessPerm	5000178d
	static soleInstance	50001789
	static langReflectAccess	5000178c
	constant pool entry 206	50000055
	constant pool entry 189	50000138
	constant pool entry 179	50000141
	constant pool entry 172	5000014d
	constant pool entry 171	50000142
	constant pool entry 147	50000046
	constant pool entry 73	5000011a
	constant pool entry 71	500000be
	constant pool entry 69	5000178b
	constant pool entry 68	50000093
	constant pool entry 64	500000b6
	constant pool entry 43	500000c8
	constant pool entry 41	50000129
	constant pool entry 33	50000108
	constant pool entry 31	500000aa
CLS 500000bf (name=java.util.WeakHashMap$KeySet, trace=300000)
	super		500000eb
	constant pool entry 11	500000eb
	constant pool entry 10	500000bf
CLS 500000c0 (name=sun.misc.NativeSignalHandler, trace=300000)
	super		5000011a
	constant pool entry 6	5000011a
	constant pool entry 5	500000c0
CLS 50000149 (name=java.util.concurrent.locks.AbstractQueuedSynchronizer, trace=300000)
	super		5000004d
	static unsafe	50001787
	constant pool entry 320	500000aa
	constant pool entry 235	500000d7
	constant pool entry 106	5000004d
	constant pool entry 102	50001786
	constant pool entry 101	50001785
	constant pool entry 100	50001784
	constant pool entry 99	50001783
	constant pool entry 96	50001782
	constant pool entry 95	50000149
	constant pool entry 8	50000066
CLS 500000c4 (name=java.util.concurrent.locks.ReentrantLock$Sync, trace=300000)
	super		50000149
	constant pool entry 53	5000008b
	constant pool entry 18	50000149
	constant pool entry 17	500000c4
CLS 500000c1 (name=java.util.concurrent.locks.ReentrantLock$NonfairSync, trace=300000)
	super		500000c4
	constant pool entry 8	500000c4
CLS 500000c2 (name=java.lang.ref.ReferenceQueue, trace=300000)
	super		5000011a
	static NULL	50001e9f
	static ENQUEUED	50001e9e
	constant pool entry 23	5000011a
	constant pool entry 22	500000c2
	constant pool entry 20	5000015a
	constant pool entry 2	50000130
CLS 500000c3 (name=java.util.StringTokenizer, trace=300000)
	super		5000011a
	constant pool entry 85	5000004a
	constant pool entry 80	5000013c
	constant pool entry 33	5000011a
	constant pool entry 32	500000c3
CLS 500000c5 (name=sun.reflect.DelegatingClassLoader, trace=300000)
	super		50000094
CLS 500000c6 (name=java.lang.OutOfMemoryError, trace=300000)
	super		50000004
CLS 500000c7 (name=java.lang.OutOfMemoryError[], trace=300000)
	super		5000011a
CLS 50000108 (name=sun.reflect.ConstructorAccessorImpl, trace=300000)
	super		5000015b
	constant pool entry 3	5000015b
CLS 500000c8 (name=sun.reflect.DelegatingConstructorAccessorImpl, trace=300000)
	super		50000108
	constant pool entry 6	50000108
	constant pool entry 5	500000c8
CLS 500000c9 (name=java.lang.BootstrapMethodError, trace=300000)
	super		500000b4
CLS 500000ca (name=java.util.HashMap$Holder, trace=300000)
	super		5000011a
	constant pool entry 34	50000055
	constant pool entry 16	500000ca
	constant pool entry 3	500018da
	constant pool entry 2	5000012a
CLS 500000cb (name=java.util.HashSet, trace=300000)
	super		500000eb
	static PRESENT	50001936
	constant pool entry 44	500000eb
	constant pool entry 42	5000011a
	constant pool entry 23	500000cb
	constant pool entry 11	5000015e
	constant pool entry 2	50000107
CLS 500000cc (name=sun.misc.MetaIndex, trace=300000)
	super		5000011a
	static jarMap	50001ef3
	constant pool entry 160	500000d9
	constant pool entry 124	500000aa
	constant pool entry 104	500000f0
	constant pool entry 85	50000053
	constant pool entry 45	5000011a
	constant pool entry 39	50000107
	constant pool entry 37	5000013d
	constant pool entry 35	5000013c
	constant pool entry 28	50001ef2
	constant pool entry 16	50001ef1
	constant pool entry 12	50000114
	constant pool entry 9	50000057
	constant pool entry 8	50000124
	constant pool entry 5	50001ef0
	constant pool entry 4	500000e5
	constant pool entry 3	500000cc
CLS 500000cd (name=sun.nio.cs.UTF_8$Encoder, trace=300000)
	super		5000004c
	constant pool entry 92	5000010a
	constant pool entry 90	500000e3
	constant pool entry 84	50000040
	constant pool entry 82	50000161
	constant pool entry 80	50000028
	constant pool entry 41	5000004c
	constant pool entry 40	500000cd
CLS 500000ce (name=sun.net.www.ParseUtil, trace=300000)
	super		5000011a
	static encodedInPath	50001f4a
	static hexDigits	50001f49
	constant pool entry 520	500000d9
	constant pool entry 390	500000aa
	constant pool entry 386	5000010a
	constant pool entry 269	500000e5
	constant pool entry 155	50001f48
	constant pool entry 154	50001f47
	constant pool entry 153	50001f46
	constant pool entry 152	50001f45
	constant pool entry 149	50001f44
	constant pool entry 146	50001f43
	constant pool entry 143	50001f42
	constant pool entry 136	50001f41
	constant pool entry 125	5000003c
	constant pool entry 123	500000ce
	constant pool entry 65	5000173a
	constant pool entry 64	50001958
	constant pool entry 63	500000e1
	constant pool entry 60	50001963
	constant pool entry 17	50000075
	constant pool entry 11	5000013c
CLS 500000f4 (name=java.lang.ref.SoftReference, trace=300000)
	super		50000008
	constant pool entry 7	50000008
	constant pool entry 6	500000f4
CLS 500000cf (name=sun.util.locale.LocaleObjectCache$CacheEntry, trace=300000)
	super		500000f4
	constant pool entry 4	500000f4
	constant pool entry 3	500000cf
CLS 500000d0 (name=sun.misc.Launcher$AppClassLoader, trace=300000)
	super		500000e7
	constant pool entry 116	500000aa
	constant pool entry 85	5000013c
	constant pool entry 80	50000055
	constant pool entry 74	50000046
	constant pool entry 42	500000e7
	constant pool entry 41	500000d0
	constant pool entry 38	50000159
	constant pool entry 8	50000094
	constant pool entry 5	50000058
	constant pool entry 1	50001f70
CLS 500000d1 (name=java.util.Map$Entry, trace=300000)
CLS 500000d2 (name=java.util.Map$Entry[], trace=300000)
	super		5000011a
CLS 50000107 (name=java.util.HashMap, trace=300000)
	super		50000070
	static EMPTY_TABLE	50001935
	constant pool entry 407	500000d9
	constant pool entry 314	5000000f
	constant pool entry 302	5000005b
	constant pool entry 300	5000006f
	constant pool entry 281	5000011a
	constant pool entry 274	500000f8
	constant pool entry 267	50000134
	constant pool entry 263	5000010a
	constant pool entry 254	50000168
	constant pool entry 121	500000ca
	constant pool entry 106	50000053
	constant pool entry 105	50000070
	constant pool entry 94	50000125
	constant pool entry 85	50000003
	constant pool entry 76	50000107
	constant pool entry 33	50000131
	constant pool entry 3	50000132
CLS 5000015e (name=java.util.LinkedHashMap, trace=300000)
	super		50000107
	constant pool entry 34	50000107
	constant pool entry 33	5000015e
	constant pool entry 25	500012b0
	constant pool entry 7	50000148
CLS 500000d3 (name=java.io.ExpiringCache$1, trace=300000)
	super		5000015e
	constant pool entry 22	50000019
	constant pool entry 6	5000015e
	constant pool entry 5	500000d3
CLS 500000d4 (name=java.lang.reflect.AnnotatedElement, trace=300000)
CLS 500000d5 (name=java.lang.reflect.AnnotatedElement[], trace=300000)
	super		5000011a
CLS 500000d6 (name=java.nio.HeapCharBuffer, trace=300000)
	super		50000040
	constant pool entry 40	50000040
CLS 500000d7 (name=sun.misc.Unsafe, trace=300000)
	super		5000011a
	static theUnsafe	50001787
	constant pool entry 354	500000d9
	constant pool entry 265	500000aa
	constant pool entry 263	50000141
	constant pool entry 71	5000011a
	constant pool entry 57	5000011b
	constant pool entry 55	50000170
	constant pool entry 53	5000016f
	constant pool entry 51	5000016e
	constant pool entry 49	5000016c
	constant pool entry 47	5000016b
	constant pool entry 45	5000016d
	constant pool entry 43	5000016a
	constant pool entry 40	50000169
	constant pool entry 37	50001788
	constant pool entry 36	5000013c
	constant pool entry 35	500000d7
CLS 500000d8 (name=java.security.CodeSource, trace=300000)
	super		5000011a
	constant pool entry 107	5000011a
	constant pool entry 11	500000d8
CLS 500000d9 (name=com.sun.demo.jvmti.hprof.Tracker, trace=300000)
	super		5000011a
	constant pool entry 42	5000008b
	constant pool entry 13	500000d9
CLS 500000da (name=java.lang.ref.Finalizer$FinalizerThread, trace=300000)
	super		5000008b
	constant pool entry 27	500000c2
	constant pool entry 10	5000008b
	constant pool entry 9	500000da
	constant pool entry 6	50000115
	constant pool entry 1	5000219f
CLS 500000db (name=java.util.Comparator, trace=300000)
CLS 500000dd (name=java.util.concurrent.ConcurrentHashMap, trace=300000)
	super		50000070
	static UNSAFE	50001787
	constant pool entry 466	500000d9
	constant pool entry 373	50000134
	constant pool entry 366	500000aa
	constant pool entry 277	5000011a
	constant pool entry 270	500000d7
	constant pool entry 262	500000f8
	constant pool entry 135	500000fb
	constant pool entry 118	50000070
	constant pool entry 111	50001904
	constant pool entry 110	50001903
	constant pool entry 107	50001902
	constant pool entry 106	500000dd
	constant pool entry 85	50001901
	constant pool entry 31	50000011
	constant pool entry 20	5000012d
	constant pool entry 16	50000010
	constant pool entry 8	5000012c
CLS 500000de (name=java.util.Collections$UnmodifiableRandomAccessList, trace=300000)
	super		5000009f
	constant pool entry 6	5000009f
CLS 500000e0 (name=java.lang.Appendable, trace=300000)
CLS 500000e1 (name=java.net.URL, trace=300000)
	super		5000011a
	static protocolPathProp	50001964
	static handlers	5000196c
	static streamHandlerLock	5000196b
	static GOPHER	50001967
	static ENABLE_GOPHER_PROP	5000196a
	static JDK_PACKAGE_PREFIX	50001966
	constant pool entry 375	500000aa
	constant pool entry 361	50000055
	constant pool entry 256	50000046
	constant pool entry 172	5000196a
	constant pool entry 137	5000001e
	constant pool entry 135	5000009c
	constant pool entry 134	5000011a
	constant pool entry 132	500000fa
	constant pool entry 121	50001969
	constant pool entry 120	50001968
	constant pool entry 117	50001967
	constant pool entry 112	500000c3
	constant pool entry 111	50001966
	constant pool entry 110	50001965
	constant pool entry 109	5000013c
	constant pool entry 106	5000173a
	constant pool entry 105	50001964
	constant pool entry 104	5000012a
	constant pool entry 102	500000f6
	constant pool entry 63	500000e1
	constant pool entry 47	50001963
	constant pool entry 42	50001962
	constant pool entry 25	50000113
	constant pool entry 13	50000075
CLS 500000e2 (name=java.net.URL[], trace=300000)
	super		5000011a
CLS 500000e4 (name=java.security.ProtectionDomain$3, trace=300000)
	super		5000011a
	constant pool entry 5	5000011a
CLS 500000e5 (name=java.io.File, trace=300000)
	super		5000011a
	static fs	5000198e
	static separator	5000198d
	static pathSeparator	5000198c
	constant pool entry 440	500000aa
	constant pool entry 367	50000046
	constant pool entry 307	500000b9
	constant pool entry 161	5000006d
	constant pool entry 155	5000011a
	constant pool entry 96	5000013c
	constant pool entry 59	50000075
	constant pool entry 46	500000e5
	constant pool entry 11	5000173a
CLS 500000e6 (name=java.io.File[], trace=300000)
	super		5000011a
CLS 500000e9 (name=java.io.ObjectStreamField, trace=300000)
	super		5000011a
	constant pool entry 136	500000aa
	constant pool entry 128	50000158
	constant pool entry 127	50000168
	constant pool entry 126	500000b7
	constant pool entry 125	50000134
	constant pool entry 124	500000b5
	constant pool entry 123	5000004a
	constant pool entry 122	5000007e
	constant pool entry 120	5000001e
	constant pool entry 115	5000013c
	constant pool entry 37	50000075
	constant pool entry 35	500000e9
	constant pool entry 22	5000011a
CLS 500000ea (name=java.io.ObjectStreamField[], trace=300000)
	super		5000011a
CLS 500000ec (name=java.io.FileDescriptor, trace=300000)
	super		5000011a
	static in	5000179e
	static out	500017a3
	static err	500017a2
	constant pool entry 63	50000109
	constant pool entry 17	5000011a
	constant pool entry 14	50000150
	constant pool entry 8	500000ec
	constant pool entry 3	5000000e
CLS 500000ed (name=java.security.PrivilegedExceptionAction, trace=300000)
CLS 500000ee (name=sun.util.locale.BaseLocale$Cache, trace=300000)
	super		50000030
	constant pool entry 13	50000030
	constant pool entry 12	500000ee
	constant pool entry 9	500000f7
	constant pool entry 3	5000009a
CLS 5000013b (name=java.lang.CharacterData, trace=300000)
	super		5000011a
	constant pool entry 49	500000ef
	constant pool entry 11	5000011a
CLS 500000ef (name=java.lang.CharacterDataLatin1, trace=300000)
	super		5000013b
	static sharpsMap	50001910
	static instance	5000190f
	static A	5000190e
	static A_DATA	5000190c
	static B	5000190d
	constant pool entry 97	500000d9
	constant pool entry 85	5000013c
	constant pool entry 80	500000aa
	constant pool entry 23	5000013b
	constant pool entry 20	5000190c
	constant pool entry 18	5000190b
	constant pool entry 13	500000ef
CLS 500000f0 (name=java.util.List, trace=300000)
CLS 500000f1 (name=sun.security.util.Debug, trace=300000)
	super		5000011a
	static hexDigits	5000192e
	constant pool entry 213	50000055
	constant pool entry 93	5000192d
	constant pool entry 87	5000192c
	constant pool entry 86	5000013c
	constant pool entry 83	5000192b
	constant pool entry 82	5000012a
	constant pool entry 32	500000f1
CLS 500000f2 (name=java.security.ProtectionDomain$Key, trace=300000)
	super		5000011a
	constant pool entry 4	5000011a
	constant pool entry 3	500000f2
CLS 500000f3 (name=sun.misc.Launcher$ExtClassLoader$1, trace=300000)
	super		5000011a
	constant pool entry 33	500000cc
	constant pool entry 8	5000011a
	constant pool entry 7	500000f3
	constant pool entry 4	500000ad
CLS 500000f5 (name=java.security.PrivilegedAction, trace=300000)
CLS 500000f7 (name=sun.util.locale.BaseLocale$Key, trace=300000)
	super		5000011a
	constant pool entry 104	500000aa
	constant pool entry 90	50000147
	constant pool entry 83	5000013c
	constant pool entry 30	5000011a
	constant pool entry 28	5000009a
	constant pool entry 19	500000f7
	constant pool entry 11	5000173a
CLS 500000f8 (name=sun.misc.VM, trace=300000)
	super		5000011a
	static savedProps	500017cb
	constant pool entry 174	500000bb
	constant pool entry 156	50000007
	constant pool entry 54	500000f8
	constant pool entry 51	5000001a
	constant pool entry 39	500017ca
	constant pool entry 38	500017c3
	constant pool entry 37	500017c9
	constant pool entry 32	500017c8
	constant pool entry 29	500017c7
	constant pool entry 28	50001736
	constant pool entry 27	500017c6
	constant pool entry 20	500017c5
	constant pool entry 19	5000013c
	constant pool entry 17	500017c4
CLS 500000f9 (name=java.io.BufferedWriter, trace=300000)
	super		5000008f
	constant pool entry 118	500000d9
	constant pool entry 82	50000055
	constant pool entry 33	5000008f
	constant pool entry 32	500000f9
	constant pool entry 15	5000013c
	constant pool entry 12	50001794
	constant pool entry 11	5000012a
CLS 500000fb (name=java.util.concurrent.ConcurrentHashMap$Holder, trace=300000)
	super		5000011a
	constant pool entry 35	50000055
	constant pool entry 17	500000fb
	constant pool entry 3	500018da
	constant pool entry 2	5000012a
CLS 500000fc (name=sun.misc.URLClassPath, trace=300000)
	super		5000011a
	static USER_AGENT_JAVA_VERSION	50001f5f
	static JAVA_VERSION	50001f60
	constant pool entry 268	50000055
	constant pool entry 259	50000208
	constant pool entry 243	50000046
	constant pool entry 222	500000b0
	constant pool entry 122	50001f5f
	constant pool entry 111	5000011a
	constant pool entry 110	500000fc
	constant pool entry 106	50001f5e
	constant pool entry 105	50001f5d
	constant pool entry 103	5000013c
	constant pool entry 100	50001f5c
	constant pool entry 99	5000012a
	constant pool entry 65	50000880
	constant pool entry 62	5000020e
	constant pool entry 51	500012ba
	constant pool entry 48	500012be
	constant pool entry 35	500000e1
	constant pool entry 30	5000087d
	constant pool entry 28	50000210
	constant pool entry 19	50001a8e
	constant pool entry 13	50000107
	constant pool entry 9	5000012b
	constant pool entry 6	50000114
CLS 500000fe (name=java.lang.NoClassDefFoundError, trace=300000)
	super		500000b4
CLS 500000ff (name=java.security.cert.Certificate, trace=300000)
	super		5000011a
CLS 50000100 (name=java.security.cert.Certificate[], trace=300000)
	super		5000011a
CLS 50000112 (name=sun.reflect.UnsafeFieldAccessorImpl, trace=300000)
	super		5000007b
CLS 50000101 (name=sun.reflect.UnsafeStaticFieldAccessorImpl, trace=300000)
	super		50000112
CLS 50000102 (name=java.lang.reflect.Method, trace=300000)
	super		50000098
CLS 50000104 (name=java.lang.Throwable[], trace=300000)
	super		5000011a
CLS 50000105 (name=java.lang.SystemClassLoaderAction, trace=300000)
	super		5000011a
	constant pool entry 36	50000046
	constant pool entry 14	50000105
	constant pool entry 9	5000011a
	constant pool entry 3	50001fc1
CLS 50000153 (name=java.util.concurrent.atomic.AtomicReferenceFieldUpdater, trace=300000)
	super		5000011a
	constant pool entry 40	50000141
	constant pool entry 8	5000011a
	constant pool entry 1	50000106
CLS 50000106 (name=java.util.concurrent.atomic.AtomicReferenceFieldUpdater$AtomicReferenceFieldUpdaterImpl, trace=300000)
	super		50000153
	static unsafe	50001787
	constant pool entry 113	500000d7
	constant pool entry 102	5000014d
	constant pool entry 94	5000007a
	constant pool entry 92	5000010b
	constant pool entry 90	500000aa
	constant pool entry 45	50000153
	constant pool entry 44	50000106
	constant pool entry 19	5000011a
CLS 50000109 (name=sun.misc.SharedSecrets, trace=300000)
	super		5000011a
	static unsafe	50001787
	static javaUtilJarAccess	500002d9
	static javaLangAccess	500017ab
	static javaNetAccess	500017aa
	static javaNioAccess	500017a9
	static javaIOFileDescriptorAccess	500017a8
	static javaSecurityProtectionDomainAccess	500017a7
	static javaSecurityAccess	500017a6
	static javaUtilZipFileAccess	50000216
	constant pool entry 122	500000d7
	constant pool entry 29	50000109
	constant pool entry 25	50000213
CLS 5000010a (name=java.lang.Math, trace=300000)
	super		5000011a
	constant pool entry 164	50000158
	constant pool entry 161	50000168
	constant pool entry 62	5000010a
CLS 5000010b (name=java.lang.reflect.Field, trace=300000)
	super		50000098
	constant pool entry 87	50000098
	constant pool entry 16	5000010b
CLS 5000010c (name=java.lang.reflect.Field[], trace=300000)
	super		5000011a
CLS 5000010d (name=sun.reflect.ConstructorAccessor, trace=300000)
CLS 5000010e (name=sun.reflect.ReflectionFactory$GetReflectionFactoryAction, trace=300000)
	super		5000011a
	constant pool entry 19	500000be
	constant pool entry 5	5000011a
	constant pool entry 4	5000010e
CLS 50000110 (name=java.util.Collections, trace=300000)
	super		5000011a
	static EMPTY_SET	500018d5
	static EMPTY_LIST	500018d4
	static EMPTY_MAP	500018d3
	constant pool entry 144	50000110
	constant pool entry 142	50000151
	constant pool entry 140	5000006c
	constant pool entry 138	5000011e
	constant pool entry 134	5000001b
	constant pool entry 105	50001283
	constant pool entry 73	50000116
	constant pool entry 62	50000026
	constant pool entry 51	500000de
	constant pool entry 9	50000154
CLS 50000113 (name=java.net.Parts, trace=300000)
	super		5000011a
	constant pool entry 29	5000013c
	constant pool entry 10	5000011a
	constant pool entry 9	50000113
CLS 50000114 (name=java.util.ArrayList, trace=300000)
	super		50000162
	static EMPTY_ELEMENTDATA	5000172b
	constant pool entry 291	500000d9
	constant pool entry 216	50000046
	constant pool entry 205	5000010a
	constant pool entry 200	5000000f
	constant pool entry 197	5000008d
	constant pool entry 68	50000162
	constant pool entry 58	5000131e
	constant pool entry 31	50000114
	constant pool entry 16	5000011b
	constant pool entry 12	5000011a
CLS 50000115 (name=java.lang.ref.Finalizer, trace=300000)
	super		50000082
	static queue	50001701
	static unfinalized	50001448
	static lock	500021a0
	constant pool entry 115	500000a4
	constant pool entry 112	5000008b
	constant pool entry 38	50000082
	constant pool entry 33	500000da
	constant pool entry 28	5000011a
	constant pool entry 26	500000c2
	constant pool entry 9	50000115
CLS 50000116 (name=java.util.Collections$SynchronizedMap, trace=300000)
	super		5000011a
	constant pool entry 31	50000053
	constant pool entry 30	5000011a
	constant pool entry 29	50000116
CLS 50000118 (name=java.lang.Cloneable, trace=300000)
CLS 50000119 (name=sun.nio.cs.StreamEncoder, trace=300000)
	super		5000008f
	constant pool entry 228	500000aa
	constant pool entry 214	50000161
	constant pool entry 207	50000040
	constant pool entry 204	50000145
	constant pool entry 191	500000e3
	constant pool entry 180	5000004c
	constant pool entry 178	50000097
	constant pool entry 153	50000111
	constant pool entry 78	5000008f
	constant pool entry 8	50000119
CLS 5000011b (name=java.lang.Object[], trace=300000)
	super		5000011a
CLS 5000011c (name=java.lang.StackOverflowError, trace=300000)
	super		50000004
CLS 5000011d (name=sun.reflect.FieldAccessor, trace=300000)
CLS 5000011e (name=java.util.Collections$EmptySet, trace=300000)
	super		500000eb
	constant pool entry 8	500000eb
	constant pool entry 7	5000011e
CLS 5000011f (name=sun.misc.JavaLangAccess, trace=300000)
CLS 50000120 (name=java.lang.reflect.Member, trace=300000)
CLS 50000121 (name=java.lang.reflect.Member[], trace=300000)
	super		5000011a
CLS 50000122 (name=java.util.Hashtable$Entry, trace=300000)
	super		5000011a
	constant pool entry 22	5000011a
	constant pool entry 6	50000122
CLS 50000123 (name=java.util.Hashtable$Entry[], trace=300000)
	super		5000011a
CLS 50000124 (name=java.io.BufferedReader, trace=300000)
	super		50000016
	constant pool entry 161	500000d9
	constant pool entry 43	50000016
	constant pool entry 42	50000124
	constant pool entry 30	5000013c
CLS 50000125 (name=java.util.HashMap$EntrySet, trace=300000)
	super		500000eb
	constant pool entry 45	50000107
	constant pool entry 13	500000eb
	constant pool entry 12	50000125
CLS 50000126 (name=java.lang.reflect.GenericDeclaration, trace=300000)
CLS 50000127 (name=java.lang.reflect.GenericDeclaration[], trace=300000)
	super		5000011a
CLS 50000129 (name=sun.reflect.NativeConstructorAccessorImpl, trace=300000)
	super		50000108
	constant pool entry 43	500000be
	constant pool entry 16	50000129
	constant pool entry 12	50000108
CLS 5000012a (name=sun.security.action.GetPropertyAction, trace=300000)
	super		5000011a
	constant pool entry 29	50000046
	constant pool entry 7	5000011a
	constant pool entry 6	5000012a
CLS 5000012b (name=java.util.Stack, trace=300000)
	super		50000032
	constant pool entry 11	50000032
	constant pool entry 10	5000012b
CLS 5000012c (name=java.util.concurrent.ConcurrentHashMap$HashEntry, trace=300000)
	super		5000011a
	static UNSAFE	50001787
	constant pool entry 62	500000aa
	constant pool entry 57	500000d7
	constant pool entry 17	5000011a
	constant pool entry 11	50001786
	constant pool entry 10	5000012c
CLS 5000012d (name=java.util.concurrent.ConcurrentHashMap$HashEntry[], trace=300000)
	super		5000011a
CLS 5000012e (name=java.lang.ref.Reference$ReferenceHandler, trace=300000)
	super		5000008b
	constant pool entry 35	5000011a
	constant pool entry 30	50000008
	constant pool entry 14	5000008b
CLS 5000012f (name=java.net.URLClassLoader$7, trace=300000)
	super		5000011a
	constant pool entry 4	5000011a
CLS 50000130 (name=java.lang.ref.ReferenceQueue$Lock, trace=300000)
	super		5000011a
	constant pool entry 4	5000011a
	constant pool entry 3	50000130
CLS 50000131 (name=java.util.HashMap$Entry, trace=300000)
	super		5000011a
	constant pool entry 20	5000011a
	constant pool entry 19	50000131
CLS 50000132 (name=java.util.HashMap$Entry[], trace=300000)
	super		5000011a
CLS 50000133 (name=java.lang.Readable, trace=300000)
CLS 50000134 (name=java.lang.Integer, trace=300000)
	super		50000025
	static TYPE	50001709
	static digits	50001909
	static DigitTens	50001908
	static DigitOnes	50001907
	static sizeTable	50001906
	constant pool entry 268	500000d9
	constant pool entry 232	500000aa
	constant pool entry 201	5000004a
	constant pool entry 79	500010c1
	constant pool entry 77	50000025
	constant pool entry 68	50001905
	constant pool entry 39	50000134
	constant pool entry 3	5000013c
CLS 50000137 (name=java.io.Closeable, trace=300000)
CLS 50000138 (name=sun.reflect.LangReflectAccess, trace=300000)
CLS 5000013a (name=sun.misc.JavaSecurityAccess, trace=300000)
CLS 5000013c (name=java.lang.String, trace=300000)
	super		5000011a
	static serialPersistentFields	50001739
	static CASE_INSENSITIVE_ORDER	50001738
	constant pool entry 536	500000d9
	constant pool entry 392	5000004b
	constant pool entry 345	5000010a
	constant pool entry 317	5000009e
	constant pool entry 305	5000004a
	constant pool entry 300	5000000f
	constant pool entry 145	5000011a
	constant pool entry 139	50000046
	constant pool entry 134	5000003e
	constant pool entry 132	500000e9
	constant pool entry 125	50001737
	constant pool entry 124	50001736
	constant pool entry 121	50001717
	constant pool entry 103	50001735
	constant pool entry 102	50001734
	constant pool entry 101	50001733
	constant pool entry 81	50001732
	constant pool entry 43	5000013c
	constant pool entry 21	50001731
	constant pool entry 18	50001730
CLS 5000013d (name=java.lang.String[], trace=300000)
	super		5000011a
CLS 5000013f (name=java.lang.ref.WeakReference[], trace=300000)
	super		5000011a
CLS 50000141 (name=sun.reflect.Reflection, trace=300000)
	super		5000011a
	static fieldFilterMap	50001fa7
	static methodFilterMap	50001fa6
	constant pool entry 234	500000d9
	constant pool entry 160	50000053
	constant pool entry 138	500000aa
	constant pool entry 130	5000014d
	constant pool entry 67	50001fa5
	constant pool entry 66	50000046
	constant pool entry 65	50001fa4
	constant pool entry 64	50001fa3
	constant pool entry 63	5000013c
	constant pool entry 62	50000141
	constant pool entry 50	5000010c
	constant pool entry 45	50000107
CLS 50000142 (name=java.lang.reflect.Constructor, trace=300000)
	super		50000098
	constant pool entry 287	500000be
	constant pool entry 282	5000010d
	constant pool entry 235	500000ab
	constant pool entry 99	50000098
	constant pool entry 59	500000aa
	constant pool entry 27	500000ab
	constant pool entry 16	50000142
CLS 50000143 (name=java.lang.reflect.Constructor[], trace=300000)
	super		5000011a
CLS 50000144 (name=java.io.BufferedOutputStream, trace=300000)
	super		500000bd
	constant pool entry 62	500000d9
	constant pool entry 48	50000046
	constant pool entry 45	50000145
	constant pool entry 14	500000bd
	constant pool entry 13	50000144
CLS 50000146 (name=java.lang.invoke.MethodType, trace=300000)
	super		5000011a
CLS 50000147 (name=sun.util.locale.LocaleUtils, trace=300000)
	super		5000011a
	constant pool entry 18	50000147
	constant pool entry 9	5000013c
CLS 50000148 (name=java.util.LinkedHashMap$Entry, trace=300000)
	super		50000131
	constant pool entry 11	50000131
	constant pool entry 10	50000148
	constant pool entry 5	5000015e
CLS 5000014b (name=java.lang.Enum[], trace=300000)
	super		5000011a
CLS 5000014c (name=java.lang.AutoCloseable, trace=300000)
CLS 5000014d (name=java.lang.reflect.Modifier, trace=300000)
	super		5000011a
	constant pool entry 128	50000055
	constant pool entry 25	50000039
	constant pool entry 24	500000be
	constant pool entry 21	5000010e
CLS 5000014e (name=java.lang.ThreadDeath, trace=300000)
	super		50000072
CLS 5000014f (name=java.lang.ClassNotFoundException, trace=300000)
	super		50000083
	constant pool entry 6	50000083
CLS 50000150 (name=java.io.FileDescriptor$1, trace=300000)
	super		5000011a
	constant pool entry 7	5000011a
CLS 50000151 (name=java.util.Collections$EmptyMap, trace=300000)
	super		50000070
	constant pool entry 8	50000070
	constant pool entry 7	50000151
CLS 50000152 (name=java.lang.invoke.MemberName, trace=300000)
	super		5000011a
CLS 50000154 (name=java.util.RandomAccess, trace=300000)
CLS 50000155 (name=java.lang.System$2, trace=300000)
	super		5000011a
	constant pool entry 15	5000011a
CLS 50000156 (name=java.lang.Class$3, trace=300000)
	super		5000011a
	constant pool entry 30	50000046
	constant pool entry 27	500000aa
	constant pool entry 11	5000011a
	constant pool entry 10	50000156
	constant pool entry 3	50002076
CLS 50000157 (name=sun.misc.JavaNioAccess, trace=300000)
CLS 50000158 (name=java.lang.Double, trace=300000)
	super		50000025
	static TYPE	5000170b
	constant pool entry 197	500000aa
	constant pool entry 62	500017bf
	constant pool entry 41	50000158
CLS 50000159 (name=sun.misc.Launcher, trace=300000)
	super		5000011a
	static factory	50001f6f
	static launcher	50001f6e
	static bootClassPath	500018ad
	constant pool entry 224	500000d9
	constant pool entry 165	500000ce
	constant pool entry 136	5000013c
	constant pool entry 134	50000046
	constant pool entry 130	5000008b
	constant pool entry 66	500000ad
	constant pool entry 64	500000d0
	constant pool entry 62	50000b6f
	constant pool entry 57	5000011a
	constant pool entry 56	50001f6d
	constant pool entry 54	50000159
	constant pool entry 52	5000007f
	constant pool entry 41	500000e5
	constant pool entry 37	500000e1
	constant pool entry 17	50001f6c
CLS 5000015a (name=java.lang.ref.ReferenceQueue$Null, trace=300000)
	super		500000c2
	constant pool entry 4	500000c2
	constant pool entry 3	5000015a
CLS 5000015c (name=java.lang.CharSequence, trace=300000)
CLS 5000015d (name=java.lang.CharSequence[], trace=300000)
	super		5000011a
CLS 50000161 (name=java.nio.charset.CoderResult, trace=300000)
	super		5000011a
	static names	50001ebe
	static UNDERFLOW	50001ebd
	static OVERFLOW	50001ebc
	static malformedCache	50001ebb
	static unmappableCache	50001eba
	constant pool entry 142	500000d9
	constant pool entry 121	500000aa
	constant pool entry 43	5000011a
	constant pool entry 41	50000031
	constant pool entry 39	50000037
	constant pool entry 36	50001eb9
	constant pool entry 35	50001eb8
	constant pool entry 34	50001eb7
	constant pool entry 33	50001eb6
	constant pool entry 32	5000013c
	constant pool entry 30	50000161
CLS 50000163 (name=java.lang.Compiler$1, trace=300000)
	super		5000011a
	constant pool entry 45	50000046
	constant pool entry 24	5000011a
	constant pool entry 23	50000163
	constant pool entry 21	50002303
	constant pool entry 18	50002302
	constant pool entry 11	50000075
	constant pool entry 2	50002301
CLS 50000164 (name=java.lang.Class$1, trace=300000)
	super		5000011a
	constant pool entry 30	50000142
	constant pool entry 7	5000011a
	constant pool entry 6	50000164
CLS 50000165 (name=sun.nio.cs.UTF_8$Decoder, trace=300000)
	super		50000051
	constant pool entry 155	500000aa
	constant pool entry 127	5000010a
	constant pool entry 125	50000040
	constant pool entry 108	50000161
	constant pool entry 105	500000e3
	constant pool entry 56	50000051
	constant pool entry 55	50000165
	constant pool entry 53	50000028
CLS 50000166 (name=java.lang.invoke.VolatileCallSite, trace=300000)
	super		5000015f
CLS 50000167 (name=sun.nio.cs.HistoricallyNamedCharset, trace=300000)
CLS 50000168 (name=java.lang.Float, trace=300000)
	super		50000025
	static TYPE	5000170a
	constant pool entry 142	500000aa
	constant pool entry 31	500017c1
	constant pool entry 11	50000168
CLS 50000169 (name=boolean[], trace=300000)
	super		5000011a
CLS 5000016a (name=byte[], trace=300000)
	super		5000011a
CLS 5000016b (name=char[], trace=300000)
	super		5000011a
CLS 5000016c (name=int[], trace=300000)
	super		5000011a
CLS 5000016d (name=short[], trace=300000)
	super		5000011a
CLS 5000016e (name=long[], trace=300000)
	super		5000011a
CLS 5000016f (name=float[], trace=300000)
	super		5000011a
CLS 50000170 (name=double[], trace=300000)
	super		5000011a
CLS 50000187 (name=sun.launcher.LauncherHelper, trace=300000)
	super		5000014a
	static INSTANCE	50000188
	static MAIN_CLASS	50002343
	static outBuf	5000018b
	static INDENT	5000233f
	static VM_SETTINGS	5000233d
	static PROP_SETTINGS	5000233e
	static LOCALE_SETTINGS	50002340
	static diagprop	500017ca
	static defaultBundleName	5000191a
	static encprop	50002344
	static $VALUES	5000018a
	constant pool entry 662	500000d9
	constant pool entry 516	500000f8
	constant pool entry 411	50001074
	constant pool entry 409	5000018f
	constant pool entry 383	50000134
	constant pool entry 335	500000a8
	constant pool entry 319	50000046
	constant pool entry 218	5000191a
	constant pool entry 201	5000018e
	constant pool entry 196	5000014a
	constant pool entry 194	500017ca
	constant pool entry 191	50002345
	constant pool entry 168	500000e5
	constant pool entry 155	50002344
	constant pool entry 119	50002343
	constant pool entry 105	500021ec
	constant pool entry 103	50002342
	constant pool entry 102	500021fc
	constant pool entry 101	50002341
	constant pool entry 100	50002200
	constant pool entry 98	50002224
	constant pool entry 97	50002204
	constant pool entry 94	500021f4
	constant pool entry 72	50002340
	constant pool entry 65	5000011a
	constant pool entry 57	5000233f
	constant pool entry 42	5000233e
	constant pool entry 23	50000075
	constant pool entry 21	5000233d
	constant pool entry 4	50000187
CLS 50000189 (name=sun.launcher.LauncherHelper[], trace=300015)
	super		5000011a
CLS 5000018e (name=sun.launcher.LauncherHelper$ResourceBundleHolder, trace=300019)
	super		5000011a
	static RB	500001eb
	constant pool entry 21	5000018f
	constant pool entry 5	5000018e
	constant pool entry 3	5000191a
CLS 5000018f (name=java.util.ResourceBundle, trace=300020)
	super		5000011a
	static NONEXISTENT_BUNDLE	50000191
	static cacheList	50000192
	static referenceQueue	50000197
	constant pool entry 332	50000046
	constant pool entry 301	500000f0
	constant pool entry 283	50000035
	constant pool entry 274	50000141
	constant pool entry 263	500000aa
	constant pool entry 144	50000199
	constant pool entry 137	500001aa
	constant pool entry 132	5000011a
	constant pool entry 130	500000c2
	constant pool entry 128	500000dd
	constant pool entry 126	50000190
	constant pool entry 57	5000004b
	constant pool entry 41	50001312
	constant pool entry 38	5000018f
	constant pool entry 36	500001ed
	constant pool entry 32	500001bf
	constant pool entry 7	5000013d
	constant pool entry 6	5000013c
CLS 50000190 (name=java.util.ResourceBundle$1, trace=300021)
	super		5000018f
	constant pool entry 4	5000018f
CLS 50000199 (name=java.util.ResourceBundle$RBClassLoader, trace=300030)
	super		50000094
	static INSTANCE	5000019c
	static loader	50001708
	constant pool entry 57	50000055
	constant pool entry 16	50000094
	constant pool entry 14	50000199
	constant pool entry 11	5000019a
CLS 5000019a (name=java.util.ResourceBundle$RBClassLoader$1, trace=300031)
	super		5000011a
	constant pool entry 6	5000011a
	constant pool entry 5	5000019a
	constant pool entry 2	50000199
CLS 500001aa (name=java.util.ResourceBundle$Control, trace=300046)
	super		5000011a
	static FORMAT_DEFAULT	500001ae
	static FORMAT_CLASS	500001b1
	static FORMAT_PROPERTIES	500001b4
	static INSTANCE	500001b5
	static CANDIDATES_CACHE	500001b7
	constant pool entry 323	500000d9
	constant pool entry 234	50000110
	constant pool entry 232	5000000f
	constant pool entry 200	50000055
	constant pool entry 184	500000aa
	constant pool entry 181	50000094
	constant pool entry 173	5000004b
	constant pool entry 86	5000011a
	constant pool entry 84	500001b6
	constant pool entry 82	500001aa
	constant pool entry 79	5000013c
	constant pool entry 73	5000173a
	constant pool entry 43	50000b6d
	constant pool entry 41	500021db
	constant pool entry 40	500021da
	constant pool entry 39	5000014f
	constant pool entry 32	50000075
	constant pool entry 28	5000018f
	constant pool entry 25	500021d9
	constant pool entry 20	5000008d
	constant pool entry 16	50000114
CLS 500001ac (name=java.util.Arrays$ArrayList, trace=300048)
	super		50000162
	constant pool entry 14	50000162
	constant pool entry 13	500001ac
CLS 500001b6 (name=java.util.ResourceBundle$Control$CandidateListCache, trace=300054)
	super		50000030
	constant pool entry 85	500000f0
	constant pool entry 46	50000030
	constant pool entry 45	500001b6
	constant pool entry 43	5000009a
	constant pool entry 41	5000013c
	constant pool entry 31	50001753
	constant pool entry 27	500021e0
	constant pool entry 19	5000004b
	constant pool entry 14	500001c7
	constant pool entry 12	500021df
	constant pool entry 11	5000173a
	constant pool entry 7	500021de
CLS 500001bf (name=java.util.ResourceBundle$CacheKey, trace=300062)
	super		5000011a
	constant pool entry 132	5000004b
	constant pool entry 130	5000013c
	constant pool entry 125	5000018f
	constant pool entry 47	5000011a
	constant pool entry 17	500001bf
	constant pool entry 16	50000094
	constant pool entry 9	500001c2
CLS 500001c1 (name=java.util.ResourceBundle$CacheKeyReference, trace=300064)
CLS 500001c2 (name=java.util.ResourceBundle$LoaderReference, trace=300064)
	super		5000013e
	constant pool entry 4	5000013e
	constant pool entry 3	500001c2
CLS 500001c4 (name=java.util.Queue, trace=300066)
CLS 500001c5 (name=java.util.Deque, trace=300066)
CLS 500001c6 (name=java.util.AbstractSequentialList, trace=300066)
	super		50000162
	constant pool entry 21	50000162
CLS 500001c7 (name=java.util.LinkedList, trace=300066)
	super		500001c6
	constant pool entry 299	500000d9
	constant pool entry 67	500001c6
	constant pool entry 56	5000011a
	constant pool entry 51	500001c7
	constant pool entry 6	500001cb
CLS 500001cb (name=java.util.LinkedList$Node, trace=300070)
	super		5000011a
	constant pool entry 6	5000011a
	constant pool entry 5	500001cb
CLS 500001e3 (name=java.util.ListResourceBundle, trace=300085)
	super		5000018f
	constant pool entry 53	50000053
	constant pool entry 18	5000018f
	constant pool entry 17	500001e3
	constant pool entry 15	5000013c
	constant pool entry 13	50000107
CLS 500001e4 (name=sun.launcher.resources.launcher, trace=300085)
	super		500001e3
	constant pool entry 88	500000d9
	constant pool entry 39	500001e3
	constant pool entry 37	50002223
	constant pool entry 36	50002224
	constant pool entry 35	500021f7
	constant pool entry 34	500021f8
	constant pool entry 33	500021f3
	constant pool entry 32	500021f4
	constant pool entry 31	500021eb
	constant pool entry 30	500021ec
	constant pool entry 29	50002203
	constant pool entry 28	50002204
	constant pool entry 27	500021e7
	constant pool entry 26	500021e8
	constant pool entry 25	50002217
	constant pool entry 24	50002218
	constant pool entry 23	5000221b
	constant pool entry 22	5000221c
	constant pool entry 21	5000221f
	constant pool entry 20	50002220
	constant pool entry 19	500021fb
	constant pool entry 18	500021fc
	constant pool entry 17	500021ff
	constant pool entry 16	50002200
	constant pool entry 15	5000220b
	constant pool entry 14	5000220c
	constant pool entry 13	50002213
	constant pool entry 12	50002214
	constant pool entry 11	5000220f
	constant pool entry 10	50002210
	constant pool entry 9	500021ef
	constant pool entry 8	500021f0
	constant pool entry 7	50002227
	constant pool entry 6	50002228
	constant pool entry 5	50002207
	constant pool entry 4	50002208
	constant pool entry 3	5000011a
	constant pool entry 2	5000011b
CLS 500001ed (name=java.util.ResourceBundle$BundleReference, trace=300093)
	super		500000f4
	constant pool entry 4	500000f4
	constant pool entry 3	500001ed
CLS 50000202 (name=java.net.URLClassLoader$1, trace=300101)
	super		5000011a
	constant pool entry 51	500000fc
	constant pool entry 46	5000013c
	constant pool entry 41	500000e7
	constant pool entry 16	5000011a
	constant pool entry 15	50000202
	constant pool entry 11	5000014f
	constant pool entry 5	50001ef2
CLS 50000208 (name=sun.net.util.URLUtil, trace=300107)
	super		5000011a
	constant pool entry 32	5000013c
	constant pool entry 30	500000e1
	constant pool entry 7	50001f5a
	constant pool entry 2	50000075
CLS 5000020e (name=sun.misc.URLClassPath$3, trace=300112)
	super		5000011a
	constant pool entry 53	5000013c
	constant pool entry 50	500000e1
	constant pool entry 45	500000fc
	constant pool entry 20	5000011a
	constant pool entry 19	5000020e
	constant pool entry 14	50000211
	constant pool entry 10	50000b30
	constant pool entry 7	50001958
	constant pool entry 5	50001963
CLS 50000210 (name=sun.misc.URLClassPath$Loader, trace=300114)
	super		5000011a
	constant pool entry 29	5000011a
	constant pool entry 28	50000210
CLS 50000211 (name=sun.misc.URLClassPath$JarLoader, trace=300114)
	super		50000210
	static zipAccess	50000216
	constant pool entry 338	500003ee
	constant pool entry 328	500002d7
	constant pool entry 326	50000109
	constant pool entry 304	5000035a
	constant pool entry 256	50000046
	constant pool entry 251	50000055
	constant pool entry 242	500000cc
	constant pool entry 238	500000ce
	constant pool entry 119	50000210
	constant pool entry 93	50000211
	constant pool entry 90	5000013c
	constant pool entry 84	500000cb
	constant pool entry 51	500002d6
	constant pool entry 48	50000e71
	constant pool entry 45	500002cf
	constant pool entry 37	5000087d
	constant pool entry 35	50000880
	constant pool entry 32	500002cd
	constant pool entry 29	50001958
	constant pool entry 24	500000e5
	constant pool entry 14	50001a90
	constant pool entry 11	50000075
	constant pool entry 10	5000173a
	constant pool entry 9	50001a8e
	constant pool entry 8	500000e1
CLS 50000212 (name=java.util.zip.ZipConstants, trace=300115)
CLS 50000213 (name=java.util.zip.ZipFile, trace=300115)
	super		5000011a
	constant pool entry 409	50000109
	constant pool entry 402	500000f8
	constant pool entry 356	500001c5
	constant pool entry 349	50000053
	constant pool entry 330	5000033c
	constant pool entry 323	50000336
	constant pool entry 316	50000046
	constant pool entry 301	500002de
	constant pool entry 137	5000011a
	constant pool entry 136	50000213
	constant pool entry 133	50000215
	constant pool entry 128	500017c3
	constant pool entry 92	50000360
	constant pool entry 85	50000371
	constant pool entry 79	50000378
	constant pool entry 66	5000036e
	constant pool entry 25	50000333
	constant pool entry 23	50000021
	constant pool entry 17	500000e5
CLS 50000214 (name=sun.misc.JavaUtilZipFileAccess, trace=300116)
CLS 50000215 (name=java.util.zip.ZipFile$2, trace=300116)
	super		5000011a
	constant pool entry 4	5000011a
CLS 500002cd (name=sun.misc.URLClassPath$JarLoader$1, trace=300141)
	super		5000011a
	constant pool entry 87	50000107
	constant pool entry 84	50000208
	constant pool entry 77	5000035a
	constant pool entry 59	500000fc
	constant pool entry 34	50000211
	constant pool entry 31	5000011a
	constant pool entry 30	500002cd
	constant pool entry 22	500000e1
CLS 500002cf (name=sun.misc.FileURLMapper, trace=300143)
	super		5000011a
	constant pool entry 44	500000ce
	constant pool entry 39	5000013c
	constant pool entry 36	500000e1
	constant pool entry 16	5000011a
	constant pool entry 15	500002cf
	constant pool entry 12	500000e5
	constant pool entry 5	5000173a
CLS 500002d6 (name=java.util.jar.JarFile, trace=300146)
	super		50000213
	static MANIFEST_NAME	500017b0
	static lastOcc	500002db
	static optoSft	500002dc
	static src	500002da
	static javaHome	500017bc
	static jarNames	500003f0
	constant pool entry 428	500000d9
	constant pool entry 354	50000109
	constant pool entry 311	50000055
	constant pool entry 306	5000010a
	constant pool entry 288	50000047
	constant pool entry 286	5000042d
	constant pool entry 284	50000360
	constant pool entry 257	5000004b
	constant pool entry 130	50000213
	constant pool entry 129	500002d6
	constant pool entry 126	500002d8
	constant pool entry 98	500017bb
	constant pool entry 97	500017ba
	constant pool entry 96	500017b9
	constant pool entry 95	500017b8
	constant pool entry 94	500017b7
	constant pool entry 93	500017b6
	constant pool entry 92	500017b5
	constant pool entry 91	500017b4
	constant pool entry 90	500017b3
	constant pool entry 88	500017b2
	constant pool entry 85	50000075
	constant pool entry 82	5000013c
	constant pool entry 79	500017b1
	constant pool entry 78	5000012a
	constant pool entry 68	500017b0
	constant pool entry 38	500017af
	constant pool entry 37	500017ae
	constant pool entry 36	500017ad
	constant pool entry 34	500017ac
	constant pool entry 26	50000363
	constant pool entry 24	50000362
	constant pool entry 3	500000e5
CLS 500002d7 (name=sun.misc.JavaUtilJarAccess, trace=300147)
CLS 500002d8 (name=java.util.jar.JavaUtilJarAccessImpl, trace=300147)
	super		5000011a
	constant pool entry 38	500002d6
	constant pool entry 10	5000011a
CLS 500002de (name=java.nio.charset.StandardCharsets, trace=300153)
	super		5000011a
	static US_ASCII	500002e3
	static ISO_8859_1	500002f4
	static UTF_8	50001a92
	static UTF_16BE	50000309
	static UTF_16LE	5000031a
	static UTF_16	5000032b
	constant pool entry 39	50000111
	constant pool entry 18	500002de
	constant pool entry 16	50001e90
	constant pool entry 14	50001e97
	constant pool entry 12	50001e8d
	constant pool entry 10	50001a94
	constant pool entry 8	50001e8b
	constant pool entry 5	50001c5f
CLS 500002e2 (name=sun.nio.cs.US_ASCII, trace=300157)
	super		50000111
	constant pool entry 32	50000045
	constant pool entry 10	50000111
	constant pool entry 1	50001c5f
CLS 500002ed (name=sun.nio.cs.ISO_8859_1, trace=300164)
	super		50000111
	constant pool entry 34	50000045
	constant pool entry 11	50000111
	constant pool entry 1	50001e8b
CLS 50000302 (name=sun.nio.cs.UTF_16BE, trace=300164)
	super		50000136
	constant pool entry 27	50000045
	constant pool entry 10	50000136
	constant pool entry 1	50001e8d
CLS 50000313 (name=sun.nio.cs.UTF_16LE, trace=300164)
	super		50000136
	constant pool entry 27	50000045
	constant pool entry 10	50000136
	constant pool entry 1	50001e97
CLS 50000324 (name=sun.nio.cs.UTF_16, trace=300164)
	super		50000136
	constant pool entry 26	50000045
	constant pool entry 9	50000136
	constant pool entry 1	50001e90
CLS 50000333 (name=java.util.ArrayDeque, trace=300177)
	super		50000128
	constant pool entry 252	500000d9
	constant pool entry 199	500000aa
	constant pool entry 57	50000128
	constant pool entry 46	50000333
	constant pool entry 6	5000011b
	constant pool entry 5	5000011a
CLS 50000336 (name=java.util.zip.ZipCoder, trace=300180)
	super		5000011a
	constant pool entry 202	500000d9
	constant pool entry 140	50000097
	constant pool entry 135	50000111
	constant pool entry 130	500002de
	constant pool entry 122	5000000f
	constant pool entry 116	5000004c
	constant pool entry 50	5000011a
	constant pool entry 34	50000336
	constant pool entry 25	50000068
	constant pool entry 4	5000013c
CLS 5000033c (name=sun.misc.PerfCounter, trace=300184)
	super		5000011a
	static perf	50000340
	constant pool entry 116	50000055
	constant pool entry 100	50000046
	constant pool entry 95	50000348
	constant pool entry 89	500000e3
	constant pool entry 87	50000036
	constant pool entry 37	50000341
	constant pool entry 33	5000011a
	constant pool entry 32	5000033f
	constant pool entry 29	5000033d
	constant pool entry 9	5000033c
CLS 5000033d (name=sun.misc.Perf$GetPerfAction, trace=300185)
	super		5000011a
	constant pool entry 19	5000033f
	constant pool entry 5	5000011a
	constant pool entry 4	5000033d
CLS 5000033f (name=sun.misc.Perf, trace=300187)
	super		5000011a
	static instance	50000340
	constant pool entry 87	50000046
	constant pool entry 31	5000011a
	constant pool entry 29	5000033f
CLS 50000341 (name=sun.misc.PerfCounter$CoreCounters, trace=300189)
	super		5000011a
	static pdt	50000342
	static lc	5000034b
	static lct	5000034e
	static rcbt	50000351
	static zfc	50000354
	static zfot	50000357
	constant pool entry 33	5000033c
	constant pool entry 15	50000341
	constant pool entry 13	50001fcf
	constant pool entry 11	50001fce
	constant pool entry 9	50001fcd
	constant pool entry 7	50001fcc
	constant pool entry 5	50001fcb
	constant pool entry 2	50001fca
CLS 50000343 (name=sun.nio.ch.DirectBuffer, trace=300191)
CLS 50000344 (name=java.nio.MappedByteBuffer, trace=300191)
	super		500000e3
	constant pool entry 20	500000e3
	constant pool entry 19	50000344
CLS 50000345 (name=java.nio.DirectByteBuffer, trace=300191)
	super		50000344
	static unsafe	50001787
	constant pool entry 413	500000aa
	constant pool entry 299	500000d7
	constant pool entry 293	500000ba
	constant pool entry 164	50000344
	constant pool entry 161	5000016a
	constant pool entry 127	50000349
	constant pool entry 24	50000345
CLS 50000348 (name=java.nio.LongBuffer, trace=300194)
	super		50000023
	constant pool entry 50	50000023
	constant pool entry 43	50000348
CLS 50000349 (name=java.nio.DirectLongBufferU, trace=300194)
	super		50000348
	static unsafe	50001787
	constant pool entry 151	500000aa
	constant pool entry 130	500000ba
	constant pool entry 122	500000d7
	constant pool entry 59	50000343
	constant pool entry 58	50000348
	constant pool entry 54	5000016e
	constant pool entry 10	50000349
CLS 5000035a (name=sun.misc.JarIndex, trace=300201)
	super		5000011a
	static INDEX_NAME	50001ee9
	constant pool entry 296	500000d9
	constant pool entry 223	50000046
	constant pool entry 150	500002d6
	constant pool entry 85	5000011a
	constant pool entry 83	50001eeb
	constant pool entry 82	50001736
	constant pool entry 75	5000013d
	constant pool entry 69	50001eea
	constant pool entry 66	50000032
	constant pool entry 63	50000140
	constant pool entry 62	50000124
	constant pool entry 60	5000013c
	constant pool entry 47	50001a96
	constant pool entry 23	50001963
	constant pool entry 18	500001c7
	constant pool entry 14	5000035a
	constant pool entry 11	50001ee9
	constant pool entry 2	50000107
CLS 50000360 (name=java.util.zip.ZipEntry, trace=300207)
	super		5000011a
	constant pool entry 63	5000011a
	constant pool entry 57	50000360
CLS 50000362 (name=java.util.jar.JarEntry, trace=300209)
	super		50000360
	constant pool entry 12	50000360
CLS 50000363 (name=java.util.jar.JarFile$JarFileEntry, trace=300209)
	super		50000362
	constant pool entry 20	50000362
	constant pool entry 19	50000363
CLS 5000036e (name=java.util.zip.ZipFile$ZipFileInputStream, trace=300217)
	super		50000047
	constant pool entry 72	50000053
	constant pool entry 59	50000213
	constant pool entry 22	50000047
	constant pool entry 21	5000036e
CLS 50000371 (name=java.util.zip.Inflater, trace=300219)
	super		5000011a
	static defaultBuf	50000372
	constant pool entry 156	500000d9
	constant pool entry 141	500000aa
	constant pool entry 42	5000011a
	constant pool entry 39	50000371
	constant pool entry 4	50000375
CLS 50000375 (name=java.util.zip.ZStreamRef, trace=300222)
	super		5000011a
	constant pool entry 4	5000011a
	constant pool entry 3	50000375
CLS 50000377 (name=java.util.zip.InflaterInputStream, trace=300224)
	super		5000009d
	constant pool entry 156	500000d9
	constant pool entry 129	50000047
	constant pool entry 50	5000009d
	constant pool entry 49	50000377
	constant pool entry 18	50000371
CLS 50000378 (name=java.util.zip.ZipFile$ZipFileInflaterInputStream, trace=300224)
	super		50000377
	constant pool entry 75	50000047
	constant pool entry 66	50000053
	constant pool entry 64	50000213
	constant pool entry 32	5000036e
	constant pool entry 27	50000377
	constant pool entry 26	50000378
	constant pool entry 9	50000371
CLS 500003ee (name=sun.misc.ExtensionDependency, trace=300264)
	super		5000011a
	constant pool entry 11	500003ee
CLS 5000042d (name=sun.misc.IOUtils, trace=300315)
	super		5000011a
	constant pool entry 48	500000d9
	constant pool entry 28	50000047
	constant pool entry 26	5000000f
	constant pool entry 24	5000010a
CLS 5000087d (name=java.io.IOException, trace=300321)
	super		50000135
	constant pool entry 6	50000135
CLS 5000087e (name=java.util.zip.ZipException, trace=300321)
	super		5000087d
	constant pool entry 4	5000087d
CLS 50000880 (name=java.security.PrivilegedActionException, trace=300323)
	super		50000135
	constant pool entry 13	50000135
	constant pool entry 12	50000880
CLS 50000b30 (name=sun.misc.URLClassPath$FileLoader, trace=300329)
	super		50000210
	constant pool entry 84	500000fc
	constant pool entry 70	500000ce
	constant pool entry 62	5000013c
	constant pool entry 34	50000210
	constant pool entry 33	50000b30
	constant pool entry 25	50001f66
	constant pool entry 20	50001968
	constant pool entry 18	500000e1
	constant pool entry 12	500000e5
	constant pool entry 2	50001958
CLS 50000b6d (name=java.util.ResourceBundle$Control$1, trace=300363)
	super		5000011a
	constant pool entry 49	50000094
	constant pool entry 13	5000011a
	constant pool entry 12	50000b6d
CLS 50000b6f (name=sun.misc.Launcher$BootClassPathHolder, trace=300365)
	super		5000011a
	static bcp	50000e15
	constant pool entry 31	50000055
	constant pool entry 28	50000159
	constant pool entry 12	50000b6f
	constant pool entry 8	500000fc
	constant pool entry 6	500000e2
	constant pool entry 3	50000b70
CLS 50000b70 (name=sun.misc.Launcher$BootClassPathHolder$1, trace=300366)
	super		5000011a
	constant pool entry 43	500000cc
	constant pool entry 41	5000006f
	constant pool entry 38	500000e5
	constant pool entry 34	50000159
	constant pool entry 13	5000011a
	constant pool entry 12	50000b70
	constant pool entry 4	500000cb
CLS 50000e71 (name=java.io.FileNotFoundException, trace=300434)
	super		5000087d
	constant pool entry 11	5000087d
CLS 50000ef7 (name=java.net.URLClassLoader$2, trace=300436)
	super		5000011a
	constant pool entry 32	500000fc
	constant pool entry 26	500000e7
	constant pool entry 8	5000011a
	constant pool entry 7	50000ef7
CLS 5000104d (name=java.lang.Object[][], trace=300446)
	super		5000011a
CLS 50001073 (name=java.text.Format, trace=300466)
	super		5000011a
	constant pool entry 27	5000011a
	constant pool entry 26	50001073
	constant pool entry 4	500010a5
	constant pool entry 2	50000042
CLS 50001074 (name=java.text.MessageFormat, trace=300466)
	super		50001073
	static TYPE_KEYWORDS	50001075
	static NUMBER_MODIFIER_KEYWORDS	50001076
	static DATE_TIME_MODIFIER_KEYWORDS	50001077
	static DATE_TIME_MODIFIERS	50001078
	constant pool entry 528	500000d9
	constant pool entry 394	500010a5
	constant pool entry 390	50000134
	constant pool entry 294	5000004b
	constant pool entry 292	5000107e
	constant pool entry 161	500010ac
	constant pool entry 160	50002352
	constant pool entry 159	5000197e
	constant pool entry 158	50002351
	constant pool entry 157	50001980
	constant pool entry 156	5000230a
	constant pool entry 155	50002311
	constant pool entry 154	50002313
	constant pool entry 153	50002350
	constant pool entry 152	5000234f
	constant pool entry 151	5000234e
	constant pool entry 150	5000234d
	constant pool entry 110	5000013c
	constant pool entry 108	500010a9
	constant pool entry 107	50000025
	constant pool entry 59	50000042
	constant pool entry 58	5000011b
	constant pool entry 55	50001074
	constant pool entry 26	500011e2
	constant pool entry 13	50000075
	constant pool entry 4	50001073
	constant pool entry 2	5000173a
CLS 5000107a (name=java.text.Format[], trace=300472)
	super		5000011a
CLS 5000107e (name=java.util.Locale$Category, trace=300475)
	super		5000014a
	static DISPLAY	5000107f
	static FORMAT	50001080
	static $VALUES	50001082
	constant pool entry 81	500000d9
	constant pool entry 53	50001081
	constant pool entry 24	5000014a
	constant pool entry 22	50002178
	constant pool entry 21	50002177
	constant pool entry 20	50002176
	constant pool entry 19	50002175
	constant pool entry 18	50002174
	constant pool entry 15	50002173
	constant pool entry 14	50002172
	constant pool entry 13	50002171
	constant pool entry 12	50002170
	constant pool entry 11	5000216f
	constant pool entry 4	5000107e
	constant pool entry 3	50001081
CLS 50001081 (name=java.util.Locale$Category[], trace=300478)
	super		5000011a
CLS 50001083 (name=java.util.Locale$1, trace=300479)
	super		5000011a
	static $SwitchMap$java$util$Locale$Category	50001084
	constant pool entry 43	500000d9
	constant pool entry 21	5000107e
	constant pool entry 7	50001083
CLS 5000108b (name=java.lang.StringBuilder[], trace=300485)
	super		5000011a
CLS 500010a5 (name=java.text.FieldPosition, trace=300497)
	super		5000011a
	constant pool entry 26	5000011a
	constant pool entry 11	500010a5
	constant pool entry 9	500015aa
CLS 500010a9 (name=java.util.Date, trace=300501)
	super		5000011a
CLS 500010aa (name=java.text.AttributedCharacterIterator$Attribute, trace=300502)
	super		5000011a
	static instanceMap	500010ad
	static LANGUAGE	500010ae
	static READING	500010b1
	static INPUT_METHOD_SEGMENT	500010b3
	constant pool entry 75	50000053
	constant pool entry 31	5000011a
	constant pool entry 29	50002321
	constant pool entry 27	50002320
	constant pool entry 24	50001741
	constant pool entry 22	50000107
	constant pool entry 4	500010aa
CLS 500010ab (name=java.text.Format$Field, trace=300502)
	super		500010aa
	constant pool entry 3	500010aa
CLS 500010ac (name=java.text.MessageFormat$Field, trace=300502)
	super		500010ab
	static ARGUMENT	500010b5
	constant pool entry 10	500010ab
	constant pool entry 8	50002359
	constant pool entry 3	500010ac
CLS 500010c1 (name=java.lang.Integer$IntegerCache, trace=300514)
	super		5000011a
	static cache	500010c3
	constant pool entry 58	500000d9
	constant pool entry 32	500000f8
	constant pool entry 12	500010c1
	constant pool entry 9	50000134
	constant pool entry 2	500017c9
CLS 500010c2 (name=java.lang.Integer[], trace=300515)
	super		5000011a
CLS 500011e2 (name=java.text.NumberFormat, trace=300520)
	super		50001073
	static cachedLocaleData	500011e3
	constant pool entry 269	5000138e
	constant pool entry 266	5000018f
	constant pool entry 263	5000130b
	constant pool entry 252	5000010a
	constant pool entry 246	500011e7
	constant pool entry 84	50001073
	constant pool entry 82	500000fa
	constant pool entry 71	50001574
	constant pool entry 67	50002292
	constant pool entry 65	5000013d
	constant pool entry 53	500011e2
	constant pool entry 49	500011e6
CLS 500011e5 (name=java.util.spi.LocaleServiceProvider, trace=300523)
	super		5000011a
CLS 500011e6 (name=java.text.spi.NumberFormatProvider, trace=300523)
	super		500011e5
CLS 500011e7 (name=sun.util.LocaleServiceProviderPool, trace=300524)
	super		5000011a
	static poolOfPools	500011e8
	static locale_ja_JP_JP	500011ed
	static locale_th_TH_TH	50001293
	constant pool entry 223	5000006f
	constant pool entry 207	50000055
	constant pool entry 194	50000035
	constant pool entry 97	5000011a
	constant pool entry 96	5000174e
	constant pool entry 95	5000174d
	constant pool entry 94	5000174c
	constant pool entry 93	5000174a
	constant pool entry 35	5000004b
	constant pool entry 17	500012a4
	constant pool entry 12	500000dd
	constant pool entry 10	5000129b
	constant pool entry 6	500011e7
CLS 500011f4 (name=sun.util.locale.LocaleExtensions, trace=300534)
	super		5000011a
	static CALENDAR_JAPANESE	5000128f
	static NUMBER_THAI	50001291
	constant pool entry 205	500000aa
	constant pool entry 139	50000110
	constant pool entry 73	5000011a
	constant pool entry 70	5000216c
	constant pool entry 66	5000216b
	constant pool entry 63	500011f4
	constant pool entry 56	5000004a
	constant pool entry 34	50001279
CLS 500011f5 (name=java.lang.Character$CharacterCache, trace=300535)
	super		5000011a
	static cache	500011f7
	constant pool entry 27	500000d9
	constant pool entry 5	500011f5
	constant pool entry 2	5000004a
CLS 500011f6 (name=java.lang.Character[], trace=300536)
	super		5000011a
CLS 50001278 (name=sun.util.locale.Extension, trace=300538)
	super		5000011a
	constant pool entry 14	5000011a
	constant pool entry 13	50001278
	constant pool entry 8	50001f43
	constant pool entry 5	50000075
CLS 50001279 (name=sun.util.locale.UnicodeLocaleExtension, trace=300538)
	super		50001278
	static CA_JAPANESE	5000127e
	static NU_THAI	50001289
	constant pool entry 129	50000147
	constant pool entry 100	50000110
	constant pool entry 45	50001278
	constant pool entry 43	50002166
	constant pool entry 42	50002165
	constant pool entry 39	50002164
	constant pool entry 38	50002163
	constant pool entry 37	50001279
	constant pool entry 18	5000013c
	constant pool entry 4	50001f43
	constant pool entry 1	50000075
CLS 50001283 (name=java.util.Collections$SingletonMap, trace=300548)
	super		50000070
	constant pool entry 12	50000070
	constant pool entry 11	50001283
CLS 5000129b (name=java.util.LinkedHashSet, trace=300559)
	super		500000cb
	constant pool entry 7	500000cb
CLS 500012a4 (name=sun.util.LocaleServiceProviderPool$1, trace=300566)
	super		5000011a
	constant pool entry 39	5000005b
	constant pool entry 36	500012a6
	constant pool entry 12	5000011a
	constant pool entry 11	500012a4
CLS 500012a6 (name=java.util.ServiceLoader, trace=300568)
	super		5000011a
	static PREFIX	50002307
	constant pool entry 206	50000094
	constant pool entry 76	50002307
	constant pool entry 68	5000011a
	constant pool entry 59	500012a6
	constant pool entry 57	500012ac
	constant pool entry 12	5000015e
	constant pool entry 7	500012aa
CLS 500012aa (name=java.util.ServiceLoader$LazyIterator, trace=300571)
	super		5000011a
	constant pool entry 115	5000002a
	constant pool entry 107	50000094
	constant pool entry 104	500000aa
	constant pool entry 49	5000011a
	constant pool entry 48	500012aa
	constant pool entry 11	50002307
	constant pool entry 9	50000075
CLS 500012ac (name=java.util.ServiceLoader$1, trace=300573)
	super		5000011a
	constant pool entry 54	500012aa
	constant pool entry 50	5000006f
	constant pool entry 48	5000015e
	constant pool entry 43	500012a6
	constant pool entry 18	5000005b
	constant pool entry 17	5000011a
	constant pool entry 16	500012ac
CLS 500012af (name=java.util.LinkedHashMap$LinkedHashIterator, trace=300576)
	super		5000011a
	constant pool entry 53	5000015e
	constant pool entry 22	50000148
	constant pool entry 19	5000011a
	constant pool entry 18	500012af
CLS 500012b0 (name=java.util.LinkedHashMap$EntryIterator, trace=300576)
	super		500012af
	constant pool entry 7	500012af
	constant pool entry 6	500012b0
CLS 500012b8 (name=java.util.Enumeration[], trace=300582)
	super		5000011a
CLS 500012ba (name=sun.misc.URLClassPath$2, trace=300583)
	super		5000011a
	constant pool entry 52	50000210
	constant pool entry 43	500000fc
	constant pool entry 14	5000011a
	constant pool entry 13	500012ba
CLS 500012bc (name=java.lang.ClassLoader$2, trace=300585)
	super		5000011a
	constant pool entry 10	5000002a
	constant pool entry 9	5000011a
	constant pool entry 8	500012bc
CLS 500012be (name=sun.misc.URLClassPath$1, trace=300587)
	super		5000011a
	constant pool entry 52	50000210
	constant pool entry 43	500000fc
	constant pool entry 14	5000011a
	constant pool entry 13	500012be
CLS 500012c0 (name=java.net.URLClassLoader$3, trace=300589)
	super		5000011a
	constant pool entry 53	50000055
	constant pool entry 44	500000e7
	constant pool entry 17	5000011a
	constant pool entry 16	500012c0
	constant pool entry 5	500012c4
CLS 500012c2 (name=sun.misc.CompoundEnumeration, trace=300591)
	super		5000011a
	constant pool entry 11	5000002a
	constant pool entry 10	5000011a
	constant pool entry 9	500012c2
CLS 500012c4 (name=java.net.URLClassLoader$3$1, trace=300593)
	super		5000011a
	constant pool entry 33	5000002a
	constant pool entry 12	500012c0
	constant pool entry 9	5000011a
	constant pool entry 8	500012c4
CLS 5000130b (name=sun.util.resources.LocaleData, trace=300597)
	super		5000011a
	static localeDataJarName	500017b9
	constant pool entry 110	50000055
	constant pool entry 57	5000130b
	constant pool entry 28	500017b9
	constant pool entry 17	5000018f
	constant pool entry 14	5000130c
	constant pool entry 13	5000191e
	constant pool entry 9	50001546
	constant pool entry 8	5000191c
CLS 5000130c (name=sun.util.resources.LocaleData$1, trace=300598)
	super		5000011a
	constant pool entry 33	5000018f
	constant pool entry 31	5000130e
	constant pool entry 8	5000011a
	constant pool entry 7	5000130c
CLS 5000130e (name=sun.util.resources.LocaleData$LocaleDataResourceBundleControl, trace=300600)
	super		500001aa
	static rbControlInstance	5000130f
	constant pool entry 61	5000005b
	constant pool entry 59	500000f0
	constant pool entry 57	5000013c
	constant pool entry 55	50001315
	constant pool entry 27	500001aa
	constant pool entry 25	5000130e
	constant pool entry 19	500021c4
	constant pool entry 17	50000075
	constant pool entry 14	500021c3
	constant pool entry 9	5000004b
CLS 50001312 (name=java.util.ResourceBundle$SingleFormatControl, trace=300603)
	super		500001aa
CLS 50001315 (name=sun.util.LocaleDataMetaInfo, trace=300605)
	super		5000011a
	static resourceNameToLocales	50001316
	constant pool entry 20	50001315
	constant pool entry 19	500021ce
	constant pool entry 18	500021cd
	constant pool entry 17	500021cc
	constant pool entry 16	5000191c
	constant pool entry 15	500021cb
	constant pool entry 14	500021ca
	constant pool entry 13	500021c9
	constant pool entry 12	500021c8
	constant pool entry 11	500021c7
	constant pool entry 10	500021c6
	constant pool entry 8	500021c5
	constant pool entry 7	5000191e
	constant pool entry 5	50000107
	constant pool entry 4	5000013c
CLS 5000131e (name=java.util.ArrayList$Itr, trace=300608)
	super		5000011a
	constant pool entry 55	50000114
	constant pool entry 20	5000011a
	constant pool entry 19	5000131e
CLS 5000133f (name=sun.text.resources.FormatData, trace=300085)
	super		500001e3
	constant pool entry 228	500000d9
	constant pool entry 109	500001e3
	constant pool entry 107	5000223a
	constant pool entry 106	5000223b
	constant pool entry 105	500022bc
	constant pool entry 104	500022bb
	constant pool entry 103	500022ba
	constant pool entry 102	500022b9
	constant pool entry 101	500022b4
	constant pool entry 100	500022ed
	constant pool entry 99	500022ec
	constant pool entry 98	500022eb
	constant pool entry 97	500022ea
	constant pool entry 96	500022e9
	constant pool entry 95	500022e8
	constant pool entry 94	500022e7
	constant pool entry 93	500022e6
	constant pool entry 92	500022e4
	constant pool entry 91	500022bd
	constant pool entry 90	500022cb
	constant pool entry 89	500022ca
	constant pool entry 88	500022c9
	constant pool entry 87	500022c8
	constant pool entry 86	500022b8
	constant pool entry 85	500022b7
	constant pool entry 84	500022b6
	constant pool entry 83	500022c6
	constant pool entry 82	50001ed5
	constant pool entry 81	500022d9
	constant pool entry 80	500022d8
	constant pool entry 79	500022d7
	constant pool entry 78	50001f43
	constant pool entry 77	500022d6
	constant pool entry 76	500022d5
	constant pool entry 75	500022d4
	constant pool entry 74	500022d3
	constant pool entry 73	500022d2
	constant pool entry 72	50001968
	constant pool entry 71	500022d0
	constant pool entry 70	50002296
	constant pool entry 69	50002295
	constant pool entry 68	50002294
	constant pool entry 67	50002292
	constant pool entry 66	5000229a
	constant pool entry 65	50002235
	constant pool entry 64	50002234
	constant pool entry 63	50002233
	constant pool entry 62	50002232
	constant pool entry 61	50002230
	constant pool entry 60	50002263
	constant pool entry 59	50002262
	constant pool entry 58	50002261
	constant pool entry 57	50002260
	constant pool entry 56	5000225e
	constant pool entry 55	50002254
	constant pool entry 54	50002257
	constant pool entry 53	500022e2
	constant pool entry 52	5000225c
	constant pool entry 51	50002256
	constant pool entry 50	5000225a
	constant pool entry 49	50002241
	constant pool entry 48	50002240
	constant pool entry 47	5000223e
	constant pool entry 46	5000224c
	constant pool entry 45	5000224b
	constant pool entry 44	5000224a
	constant pool entry 43	50002249
	constant pool entry 42	50002248
	constant pool entry 41	50002247
	constant pool entry 40	50002246
	constant pool entry 39	50002244
	constant pool entry 38	50002270
	constant pool entry 37	5000226f
	constant pool entry 36	5000226e
	constant pool entry 35	5000226d
	constant pool entry 34	5000226c
	constant pool entry 33	5000226b
	constant pool entry 32	5000226a
	constant pool entry 31	50002268
	constant pool entry 30	50002285
	constant pool entry 29	50002284
	constant pool entry 28	50002283
	constant pool entry 27	50002282
	constant pool entry 26	50002281
	constant pool entry 25	50002280
	constant pool entry 24	5000227f
	constant pool entry 23	5000227d
	constant pool entry 22	5000227c
	constant pool entry 21	5000227b
	constant pool entry 20	5000227a
	constant pool entry 19	50002278
	constant pool entry 18	5000173a
	constant pool entry 17	500022a8
	constant pool entry 16	500022a7
	constant pool entry 15	500022a6
	constant pool entry 14	500022a5
	constant pool entry 13	500022a4
	constant pool entry 12	500022a3
	constant pool entry 11	500022a2
	constant pool entry 10	5000227e
	constant pool entry 9	500022a1
	constant pool entry 8	500022a0
	constant pool entry 7	5000229f
	constant pool entry 6	5000229e
	constant pool entry 5	5000013c
	constant pool entry 4	5000229c
	constant pool entry 3	5000011a
	constant pool entry 2	5000011b
CLS 5000135c (name=sun.text.resources.FormatData_en, trace=300085)
	super		500001e3
	constant pool entry 34	500000d9
	constant pool entry 12	500001e3
	constant pool entry 10	5000223a
	constant pool entry 9	5000223b
	constant pool entry 8	50002296
	constant pool entry 7	500022f6
	constant pool entry 6	50002294
	constant pool entry 5	5000013c
	constant pool entry 4	50002292
	constant pool entry 3	5000011a
	constant pool entry 2	5000011b
CLS 50001379 (name=sun.text.resources.FormatData_en_US, trace=300085)
	super		500001e3
	constant pool entry 30	500000d9
	constant pool entry 10	500001e3
	constant pool entry 8	50002296
	constant pool entry 7	500022f8
	constant pool entry 6	50002294
	constant pool entry 5	5000013c
	constant pool entry 4	50002292
	constant pool entry 3	5000011a
	constant pool entry 2	5000011b
CLS 5000138e (name=java.text.DecimalFormatSymbols, trace=300625)
	super		5000011a
	static cachedLocaleData	5000138f
	constant pool entry 315	500000d9
	constant pool entry 242	5000018f
	constant pool entry 239	5000130b
	constant pool entry 213	5000143a
	constant pool entry 190	500011e7
	constant pool entry 72	500000dd
	constant pool entry 65	5000013c
	constant pool entry 62	5000173a
	constant pool entry 60	5000013d
	constant pool entry 58	500022d0
	constant pool entry 53	5000004b
	constant pool entry 50	50002165
	constant pool entry 49	5000011b
	constant pool entry 14	5000138e
	constant pool entry 12	5000011a
	constant pool entry 6	50001394
CLS 50001394 (name=java.text.spi.DecimalFormatSymbolsProvider, trace=300629)
	super		500011e5
CLS 5000143a (name=java.util.Currency, trace=300674)
	super		5000011a
	static instances	5000143b
	static mainTable	50001454
	static scCutOverTimes	50001455
	static scOldCurrencies	50001456
	static scNewCurrencies	5000147f
	static scOldCurrenciesDFD	500014a8
	static scNewCurrenciesDFD	500014a9
	static scOldCurrenciesNumericCode	500014aa
	static scNewCurrenciesNumericCode	500014ab
	static otherCurrencies	500014ae
	static otherCurrenciesDFD	500014b0
	static otherCurrenciesNumericCode	500014b1
	constant pool entry 418	500000d9
	constant pool entry 333	50000055
	constant pool entry 310	50001445
	constant pool entry 302	5000018f
	constant pool entry 300	5000130b
	constant pool entry 291	500011e7
	constant pool entry 255	5000004b
	constant pool entry 101	5000143c
	constant pool entry 99	50000107
	constant pool entry 69	5000011a
	constant pool entry 64	500014c4
	constant pool entry 57	5000013c
	constant pool entry 30	50000042
	constant pool entry 14	5000143a
CLS 5000143c (name=java.util.Currency$1, trace=300676)
	super		5000011a
	constant pool entry 98	50000046
	constant pool entry 95	5000143a
	constant pool entry 70	5000011a
	constant pool entry 45	50002336
	constant pool entry 44	500000e5
	constant pool entry 13	5000007d
	constant pool entry 12	5000003f
	constant pool entry 11	50001445
	constant pool entry 9	50002335
	constant pool entry 8	50002334
	constant pool entry 4	50000075
	constant pool entry 2	500017b1
CLS 50001444 (name=java.io.DataInput, trace=300682)
CLS 50001445 (name=java.io.DataInputStream, trace=300682)
	super		5000009d
	constant pool entry 160	500000d9
	constant pool entry 98	50000047
	constant pool entry 40	50001444
	constant pool entry 39	5000009d
	constant pool entry 37	5000013c
	constant pool entry 26	50001445
CLS 500014c4 (name=java.util.spi.CurrencyNameProvider, trace=300719)
	super		500011e5
CLS 50001546 (name=sun.util.resources.OpenListResourceBundle, trace=300085)
	super		5000018f
	constant pool entry 60	50000053
	constant pool entry 21	5000018f
	constant pool entry 19	50000107
	constant pool entry 17	5000013c
	constant pool entry 13	50001546
CLS 50001547 (name=sun.util.resources.LocaleNamesBundle, trace=300085)
	super		50001546
	constant pool entry 3	50001546
CLS 50001548 (name=sun.util.resources.CurrencyNames, trace=300085)
	super		50001547
	constant pool entry 651	50001547
CLS 5000155d (name=sun.util.resources.CurrencyNames_en_US, trace=300085)
	super		50001547
	constant pool entry 24	500000d9
	constant pool entry 7	50001547
	constant pool entry 5	500022fb
	constant pool entry 4	500022fc
	constant pool entry 3	5000011a
	constant pool entry 2	5000011b
CLS 50001574 (name=java.text.DecimalFormat, trace=300733)
	super		500011e2
	static PATTERN_EXPONENT	500022d7
	static EmptyFieldPositionArray	50001576
	static cachedLocaleData	50001577
	constant pool entry 872	500000d9
	constant pool entry 718	500000aa
	constant pool entry 681	5000010a
	constant pool entry 556	500015ac
	constant pool entry 506	50001581
	constant pool entry 366	500015a9
	constant pool entry 266	500011e2
	constant pool entry 264	500000dd
	constant pool entry 224	50002309
	constant pool entry 221	500022d7
	constant pool entry 203	500010a5
	constant pool entry 185	50001574
	constant pool entry 108	50000042
	constant pool entry 49	50000025
	constant pool entry 42	50000134
	constant pool entry 41	500000b7
	constant pool entry 37	5000138e
	constant pool entry 32	5000013c
	constant pool entry 8	50001f43
	constant pool entry 5	5000173a
	constant pool entry 2	5000157d
CLS 50001575 (name=java.text.FieldPosition[], trace=300734)
	super		5000011a
CLS 5000157d (name=java.text.DigitList, trace=300739)
	super		5000011a
	static LONG_MIN_REP	5000157e
	constant pool entry 260	500000d9
	constant pool entry 215	500000aa
	constant pool entry 185	5000013c
	constant pool entry 160	50000046
	constant pool entry 156	50001581
	constant pool entry 74	5000011a
	constant pool entry 72	5000233b
	constant pool entry 56	5000157d
CLS 50001581 (name=java.math.RoundingMode, trace=300743)
	super		5000014a
	static UP	50001582
	static DOWN	50001583
	static CEILING	50001584
	static FLOOR	50001585
	static HALF_UP	50001586
	static HALF_DOWN	50001587
	static HALF_EVEN	50001588
	static UNNECESSARY	50001589
	static $VALUES	5000158b
	constant pool entry 85	500000d9
	constant pool entry 28	5000014a
	constant pool entry 27	5000232b
	constant pool entry 26	5000232a
	constant pool entry 25	50002329
	constant pool entry 24	50002328
	constant pool entry 23	50002327
	constant pool entry 22	50002326
	constant pool entry 21	50002325
	constant pool entry 19	50002324
	constant pool entry 4	50001581
CLS 5000158a (name=java.math.RoundingMode[], trace=300752)
	super		5000011a
CLS 500015a9 (name=java.text.Format$FieldDelegate, trace=300775)
CLS 500015aa (name=java.text.FieldPosition$Delegate, trace=300775)
	super		5000011a
	constant pool entry 40	500010a5
	constant pool entry 10	5000011a
	constant pool entry 9	500015aa
CLS 500015ac (name=java.text.NumberFormat$Field, trace=300777)
	super		500010ab
	static instanceMap	500015ad
	static INTEGER	500015ae
	static FRACTION	500015b1
	static EXPONENT	500015b3
	static DECIMAL_SEPARATOR	500015b5
	static SIGN	500015b7
	static GROUPING_SEPARATOR	500015b9
	static EXPONENT_SYMBOL	500015bb
	static PERCENT	500015bd
	static PERMILLE	500015bf
	static CURRENCY	500015c1
	static EXPONENT_SIGN	500015c3
	constant pool entry 80	50000053
	constant pool entry 75	5000011a
	constant pool entry 37	500010ab
	constant pool entry 35	50002314
	constant pool entry 33	50002313
	constant pool entry 31	50002312
	constant pool entry 29	50002311
	constant pool entry 27	50002310
	constant pool entry 25	5000230f
	constant pool entry 23	5000230e
	constant pool entry 21	5000230d
	constant pool entry 19	5000230c
	constant pool entry 17	5000230b
	constant pool entry 14	5000230a
	constant pool entry 12	50000107
	constant pool entry 3	500015ac
CLS 500016f6 (name=java.lang.Shutdown, trace=300000)
	super		5000011a
	static hooks	500016f7
	static lock	500016f9
	static haltLock	500016fa
	constant pool entry 119	500000d9
	constant pool entry 30	500016f8
	constant pool entry 29	5000002c
	constant pool entry 27	500016f6
CLS 500016f8 (name=java.lang.Shutdown$Lock, trace=300819)
	super		5000011a
	constant pool entry 4	5000011a
	constant pool entry 3	500016f8
CLS 500016fb (name=java.lang.Number[], trace=300000)
	super		5000011a
CLS 500016fc (name=java.lang.Appendable[], trace=300000)
	super		5000011a
CLS 500016fd (name=java.lang.Cloneable[], trace=300000)
	super		5000011a
CLS 500016fe (name=java.lang.AbstractStringBuilder[], trace=300000)
	super		5000011a
HEAP DUMP END
SITES BEGIN (ordered by live bytes) Wed Apr 16 18:44:21 2014
          percent          live          alloc'ed  stack class
 rank   self  accum     bytes objs     bytes  objs trace name
    1 12.22% 12.22%    131200    8    131200     8 300240 char[]
    2  9.61% 21.83%    103216 1035    103216  1035 300000 char[]
    3  6.88% 28.70%     73872    9     73872     9 300237 byte[]
    4  4.24% 32.95%     45560  203     45560   203 300006 char[]
    5  2.38% 35.33%     25560    9     25560     9 300000 byte[]
    6  2.34% 37.66%     25088 1022     25088  1022 300000 java.lang.String
    7  1.72% 39.38%     18456   43     18456    43 300381 char[]
    8  1.53% 40.91%     16400    1     16400     1 300389 char[]
    9  1.28% 42.19%     13792   91     13792    91 300205 byte[]
   10  1.27% 43.46%     13648   59     13648    59 300010 byte[]
   11  1.25% 44.72%     13456  225     13456   225 300244 char[]
   12  1.22% 45.93%     13064  302     13064   302 300000 java.lang.Object[]
   13  0.89% 46.82%      9584   91      9584    91 300204 char[]
   14  0.76% 47.59%      8208    1      8208     1 300688 byte[]
   15  0.76% 48.35%      8144  100      8144   100 300011 byte[]
   16  0.57% 48.92%      6152   41      6152    41 300111 char[]
   17  0.56% 49.48%      6048  189      6048   189 300140 java.util.HashMap$Entry
   18  0.54% 50.02%      5752   91      5752    91 300206 byte[]
   19  0.47% 50.49%      5080   32      5080    32 300133 char[]
   20  0.46% 50.95%      4928   32      4928    32 300129 char[]
   21  0.46% 51.41%      4928   32      4928    32 300131 char[]
   22  0.44% 51.85%      4736   11      4736    11 300512 char[]
   23  0.43% 52.28%      4568    7      4568     7 300494 char[]
   24  0.42% 52.70%      4544    1      4544     1 300817 char[]
   25  0.39% 53.09%      4232  115      4232   115 300000 java.util.Hashtable$Entry
   26  0.39% 53.49%      4224    8      4224     8 300227 byte[]
   27  0.38% 53.87%      4096  256      4096   256 300516 java.lang.Integer
   28  0.35% 54.22%      3808    6      3808     6 300510 char[]
   29  0.32% 54.54%      3392   56      3392    56 300263 char[]
   30  0.29% 54.83%      3136   98      3136    98 300067 java.util.LinkedList
   31  0.28% 55.11%      2984    8      2984     8 300418 char[]
   32  0.28% 55.38%      2976   60      2976    60 300000 java.lang.String[]
   33  0.27% 55.65%      2872    8      2872     8 300228 byte[]
   34  0.27% 55.92%      2856   18      2856    18 300182 byte[]
   35  0.27% 56.18%      2856   18      2856    18 300183 byte[]
   36  0.26% 56.44%      2784   58      2784    58 300045 java.util.HashMap
   37  0.25% 56.70%      2720    1      2720     1 300693 int[]
   38  0.24% 56.94%      2584   59      2584    59 300013 char[]
   39  0.23% 57.17%      2472  103      2472   103 300395 java.lang.String
   40  0.22% 57.39%      2408   39      2408    39 300000 sun.util.locale.LocaleObjectCache$CacheEntry
   41  0.22% 57.61%      2328   97      2328    97 300245 java.lang.String
   42  0.22% 57.82%      2328   97      2328    97 300246 java.util.LinkedList$Node
   43  0.21% 58.04%      2272   13      2272    13 300356 char[]
   44  0.20% 58.24%      2184   26      2184    26 300000 java.net.URL
   45  0.20% 58.44%      2128   11      2128    11 300000 java.lang.Class
   46  0.20% 58.63%      2120   53      2120    53 300172 java.lang.ref.Finalizer
   47  0.19% 58.83%      2048  128      2048   128 300537 java.lang.Character
   48  0.19% 59.02%      2048   32      2048    32 300134 java.net.URL
   49  0.18% 59.20%      1944   81      1944    81 300249 java.util.LinkedList$Node
   50  0.17% 59.37%      1840   16      1840    16 300257 char[]
   51  0.17% 59.54%      1824   32      1824    32 300000 java.util.LinkedHashMap$Entry
   52  0.17% 59.71%      1800   39      1800    39 300000 java.util.concurrent.ConcurrentHashMap$HashEntry
   53  0.17% 59.87%      1784   12      1784    12 300339 char[]
   54  0.16% 60.03%      1696    4      1696     4 300000 int[]
   55  0.15% 60.19%      1664   28      1664    28 300000 java.util.concurrent.ConcurrentHashMap$Segment
   56  0.15% 60.34%      1624    2      1624     2 300515 java.lang.Integer[]
   57  0.15% 60.48%      1584   33      1584    33 300109 char[]
   58  0.15% 60.63%      1584    3      1584     3 300313 byte[]
   59  0.14% 60.77%      1536   32      1536    32 300136 sun.misc.URLClassPath$JarLoader
   60  0.14% 60.92%      1536   32      1536    32 300119 char[]
   61  0.14% 61.06%      1512    6      1512     6 300000 java.util.Hashtable$Entry[]
   62  0.13% 61.19%      1448   28      1448    28 300000 java.util.concurrent.locks.ReentrantLock$NonfairSync
   63  0.13% 61.33%      1440   18      1440    18 300176 java.util.WeakHashMap$Entry[]
   64  0.13% 61.46%      1440   18      1440    18 300179 java.lang.Object[]
   65  0.13% 61.60%      1440    8      1440     8 300419 char[]
   66  0.13% 61.73%      1440    8      1440     8 300421 char[]
   67  0.13% 61.86%      1416   41      1416    41 300697 char[]
   68  0.13% 61.99%      1416   59      1416    59 300012 java.lang.String
   69  0.13% 62.12%      1344   20      1344    20 300000 sun.util.locale.BaseLocale$Key
   70  0.13% 62.24%      1344   56      1344    56 300262 java.lang.String
   71  0.12% 62.36%      1296   26      1296    26 300000 java.util.concurrent.ConcurrentHashMap$HashEntry[]
   72  0.12% 62.48%      1280   30      1280    30 300000 java.io.ExpiringCache$Entry
   73  0.12% 62.60%      1272    7      1272     7 300411 char[]
   74  0.12% 62.72%      1272    7      1272     7 300370 char[]
   75  0.12% 62.84%      1272    8      1272     8 300377 char[]
   76  0.12% 62.96%      1272    7      1272     7 300415 char[]
   77  0.11% 63.07%      1192   20      1192    20 300000 sun.util.locale.BaseLocale
   78  0.11% 63.17%      1152   18      1152    18 300171 java.util.jar.JarFile
   79  0.11% 63.28%      1136    1      1136     1 300704 char[]
   80  0.10% 63.38%      1112   12      1112    12 300000 java.util.HashMap
   81  0.10% 63.49%      1112    6      1112     6 300000 java.util.HashMap$Entry[]
   82  0.10% 63.59%      1112    2      1112     2 300536 java.lang.Character[]
   83  0.10% 63.69%      1096   20      1096    20 300492 char[]
   84  0.10% 63.79%      1064    7      1064     7 300000 java.util.concurrent.ConcurrentHashMap$Segment[]
   85  0.10% 63.89%      1040   20      1040    20 300000 java.util.Locale
   86  0.10% 63.99%      1040   20      1040    20 300000 java.util.Locale$LocaleKey
   87  0.10% 64.08%      1024   32      1024    32 300137 java.io.File
   88  0.09% 64.18%      1016   11      1016    11 300138 java.lang.Object[]
   89  0.09% 64.27%      1008   18      1008    18 300173 java.util.WeakHashMap
   90  0.09% 64.36%       992   31       992    31 300026 java.util.concurrent.locks.ReentrantLock$NonfairSync
   91  0.09% 64.45%       984   11       984    11 300000 java.io.ObjectStreamField
   92  0.09% 64.55%       984    6       984     6 300000 java.util.WeakHashMap$Entry[]
   93  0.09% 64.63%       960   20       960    20 300242 java.nio.HeapCharBuffer
   94  0.09% 64.72%       960   40       960    40 300696 java.lang.String
   95  0.09% 64.81%       920   23       920    23 300076 java.util.concurrent.ConcurrentHashMap$Segment
   96  0.08% 64.89%       896   56       896    56 300261 java.util.HashSet
   97  0.08% 64.98%       896    4       896     4 300000 java.lang.Thread
   98  0.08% 65.06%       880   11       880    11 300210 java.util.jar.JarFile$JarFileEntry
   99  0.08% 65.14%       872   10       872    10 300000 java.util.HashMap$Entry
  100  0.08% 65.22%       872    7       872     7 300000 java.util.concurrent.ConcurrentHashMap
  101  0.08% 65.30%       864    6       864     6 300000 java.util.WeakHashMap
  102  0.08% 65.38%       840   17       840    17 300000 java.lang.Object
  103  0.08% 65.46%       840    9       840     9 300000 java.lang.ref.ReferenceQueue
  104  0.08% 65.54%       840    9       840     9 300000 java.lang.OutOfMemoryError
  105  0.08% 65.61%       808    8       808     8 300485 java.lang.StringBuilder[]
  106  0.07% 65.69%       792   33       792    33 300113 sun.misc.URLClassPath$3
  107  0.07% 65.76%       792   33       792    33 300108 java.lang.StringBuilder
  108  0.07% 65.83%       792   33       792    33 300110 java.lang.String
  109  0.07% 65.91%       784    6       784     6 300000 java.util.WeakHashMap$Entry
  110  0.07% 65.98%       784    7       784     7 300098 char[]
  111  0.07% 66.05%       784    6       784     6 300000 java.lang.ref.Finalizer
  112  0.07% 66.12%       776    7       776     7 300000 java.security.AccessControlContext
  113  0.07% 66.20%       776    7       776     7 300000 java.util.Vector
  114  0.07% 66.27%       776    7       776     7 300000 java.io.File
  115  0.07% 66.34%       768   16       768    16 300253 char[]
  116  0.07% 66.41%       768   32       768    32 300130 java.lang.String
  117  0.07% 66.48%       768   32       768    32 300128 java.lang.StringBuffer
  118  0.07% 66.55%       768   32       768    32 300132 java.lang.String
  119  0.07% 66.63%       768   32       768    32 300118 java.lang.StringBuilder
  120  0.07% 66.70%       768   32       768    32 300135 java.net.Parts
  121  0.07% 66.77%       744   11       744    11 300000 java.lang.ref.ReferenceQueue$Lock
  122  0.07% 66.83%       728    7       728     7 300000 sun.misc.MetaIndex
  123  0.07% 66.90%       728    4       728     4 300000 java.util.Hashtable
  124  0.07% 66.97%       728    9       728     9 300500 char[]
  125  0.07% 67.04%       720   18       720    18 300324 java.security.PrivilegedActionException
  126  0.07% 67.10%       720   10       720    10 300088 java.lang.reflect.Constructor
  127  0.07% 67.17%       712    6       712     6 300000 java.io.ObjectStreamField[]
  128  0.07% 67.24%       712    3       712     3 300000 java.io.ExpiringCache$1
  129  0.07% 67.30%       704    6       704     6 300000 java.util.ArrayList
  130  0.07% 67.37%       704   11       704    11 300208 java.util.zip.ZipEntry
  131  0.06% 67.43%       696    3       696     3 300000 java.util.Properties
  132  0.06% 67.50%       696    3       696     3 300000 sun.nio.cs.StreamEncoder
  133  0.06% 67.56%       696    2       696     2 300000 java.lang.ref.Finalizer$FinalizerThread
  134  0.06% 67.63%       688    2       688     2 300000 java.lang.ref.Reference$ReferenceHandler
  135  0.06% 67.69%       680    3       680     3 300000 sun.nio.cs.UTF_8$Encoder
  136  0.06% 67.75%       680    3       680     3 300000 java.lang.ThreadGroup
  137  0.06% 67.82%       680    4       680     4 300000 java.util.Stack
  138  0.06% 67.88%       680    3       680     3 300000 java.io.BufferedWriter
  139  0.06% 67.94%       680    3       680     3 300000 java.nio.HeapByteBuffer
  140  0.06% 68.01%       680    5       680     5 300000 java.io.FileDescriptor
  141  0.06% 68.07%       672    2       672     2 300446 java.lang.Object[][]
  142  0.06% 68.13%       664    6       664     6 300000 java.util.concurrent.atomic.AtomicInteger
  143  0.06% 68.19%       664    3       664     3 300000 java.io.ExpiringCache
  144  0.06% 68.25%       664    2       664     2 300000 sun.misc.Launcher$AppClassLoader
  145  0.06% 68.32%       664    3       664     3 300000 java.security.ProtectionDomain
  146  0.06% 68.38%       664    2       664     2 300000 sun.misc.Launcher$ExtClassLoader
  147  0.06% 68.44%       664    6       664     6 300000 java.lang.ThreadLocal
  148  0.06% 68.50%       664    3       664     3 300000 sun.misc.URLClassPath
  149  0.06% 68.56%       656    4       656     4 300000 sun.misc.Signal
  150  0.06% 68.62%       656    4       656     4 300582 java.util.Enumeration[]
  151  0.06% 68.68%       656    4       656     4 300000 java.util.Collections$SynchronizedSet
  152  0.06% 68.75%       648    3       648     3 300000 java.io.FileOutputStream
  153  0.06% 68.81%       648    3       648     3 300000 java.lang.Thread[]
  154  0.06% 68.87%       648    3       648     3 300000 java.lang.VirtualMachineError
  155  0.06% 68.93%       648    3       648     3 300000 java.io.PrintStream
  156  0.06% 68.99%       648    3       648     3 300000 java.io.OutputStreamWriter
  157  0.06% 69.05%       648    3       648     3 300000 java.io.FileInputStream
  158  0.06% 69.11%       648    3       648     3 300000 java.lang.ref.ReferenceQueue$Null
  159  0.06% 69.17%       648    3       648     3 300000 java.security.CodeSource
  160  0.06% 69.23%       640    2       640     2 300472 java.text.Format[]
  161  0.06% 69.29%       640    8       640     8 300247 java.util.HashMap$Entry[]
  162  0.06% 69.35%       640    8       640     8 300255 char[]
  163  0.06% 69.41%       640    8       640     8 300248 java.util.HashMap$Entry[]
  164  0.06% 69.47%       640    8       640     8 300215 byte[]
  165  0.06% 69.52%       640   20       640    20 300145 java.io.File
  166  0.06% 69.58%       632    3       632     3 300000 java.io.BufferedOutputStream
  167  0.06% 69.64%       632    4       632     4 300000 java.nio.charset.CodingErrorAction
  168  0.06% 69.70%       632    2       632     2 300000 long[]
  169  0.06% 69.76%       632    4       632     4 300000 java.lang.Integer
  170  0.06% 69.82%       632    7       632     7 300100 char[]
  171  0.06% 69.88%       632    2       632     2 300752 java.math.RoundingMode[]
  172  0.06% 69.94%       632    3       632     3 300000 java.nio.charset.CoderResult
  173  0.06% 70.00%       632    3       632     3 300000 sun.misc.NativeSignalHandler
  174  0.06% 70.05%       632    3       632     3 300000 java.io.File$PathStatus
  175  0.06% 70.11%       632    3       632     3 300000 java.lang.RuntimePermission
  176  0.06% 70.17%       624    2       624     2 300000 sun.nio.cs.StandardCharsets$Classes
  177  0.06% 70.23%       624    3       624     3 300000 java.lang.Class[]
  178  0.06% 70.29%       624    2       624     2 300000 sun.nio.cs.StandardCharsets$Cache
  179  0.06% 70.35%       624   13       624    13 300354 char[]
  180  0.06% 70.40%       624    2       624     2 300000 java.io.BufferedInputStream
  181  0.06% 70.46%       624    2       624     2 300000 sun.nio.cs.StandardCharsets$Aliases
  182  0.06% 70.52%       616    3       616     3 300000 sun.net.www.protocol.jar.Handler
  183  0.06% 70.58%       616    2       616     2 300000 java.lang.OutOfMemoryError[]
  184  0.06% 70.63%       616    2       616     2 300000 sun.nio.cs.StandardCharsets
  185  0.06% 70.69%       616    3       616     3 300000 java.lang.Boolean
  186  0.06% 70.75%       616    3       616     3 300000 java.util.HashSet
  187  0.06% 70.81%       616    3       616     3 300000 java.lang.StackTraceElement[]
  188  0.06% 70.86%       616    2       616     2 300000 java.util.Collections$SynchronizedMap
  189  0.06% 70.92%       616    2       616     2 300000 java.lang.ThreadGroup[]
  190  0.06% 70.98%       616    3       616     3 300000 java.nio.ByteOrder
  191  0.06% 71.04%       616    2       616     2 300000 java.util.concurrent.atomic.AtomicReferenceFieldUpdater$AtomicReferenceFieldUpdaterImpl
  192  0.06% 71.09%       616    2       616     2 300000 java.lang.NullPointerException
  193  0.06% 71.15%       616   11       616    11 300225 java.util.zip.ZipFile$ZipFileInflaterInputStream
  194  0.06% 71.21%       616    2       616     2 300000 java.lang.ClassLoader$NativeLibrary
  195  0.06% 71.27%       616    3       616     3 300000 java.security.ProtectionDomain$Key
  196  0.06% 71.32%       616    2       616     2 300000 java.lang.ArithmeticException
  197  0.06% 71.38%       616    3       616     3 300000 java.security.Principal[]
  198  0.06% 71.44%       616    2       616     2 300000 java.io.UnixFileSystem
  199  0.06% 71.49%       608    2       608     2 300000 java.util.Collections$EmptyMap
  200  0.06% 71.55%       608    2       608     2 300000 sun.nio.cs.UTF_8
  201  0.06% 71.61%       608    2       608     2 300000 java.util.BitSet
  202  0.06% 71.66%       608    2       608     2 300000 java.io.File$PathStatus[]
  203  0.06% 71.72%       608    2       608     2 300015 sun.launcher.LauncherHelper[]
  204  0.06% 71.78%       608    2       608     2 300000 java.util.Collections$SetFromMap
  205  0.06% 71.83%       608    2       608     2 300000 java.lang.reflect.ReflectPermission
  206  0.06% 71.89%       608    2       608     2 300000 java.util.concurrent.atomic.AtomicLong
  207  0.06% 71.95%       608    2       608     2 300478 java.util.Locale$Category[]
  208  0.06% 72.00%       608    2       608     2 300000 java.util.Collections$UnmodifiableRandomAccessList
  209  0.06% 72.06%       608    2       608     2 300000 java.util.Locale$Cache
  210  0.06% 72.12%       608    2       608     2 300000 sun.util.locale.BaseLocale$Cache
  211  0.06% 72.17%       600    2       600     2 300000 java.util.Hashtable$EntrySet
  212  0.06% 72.23%       600    2       600     2 300734 java.text.FieldPosition[]
  213  0.06% 72.28%       600    2       600     2 300000 java.nio.Bits$1
  214  0.06% 72.34%       600    2       600     2 300000 sun.reflect.ReflectionFactory
  215  0.06% 72.40%       600    2       600     2 300000 java.security.ProtectionDomain$1
  216  0.06% 72.45%       600    2       600     2 300000 java.net.URLClassLoader$7
  217  0.06% 72.51%       600    2       600     2 300000 java.lang.Terminator$1
  218  0.06% 72.56%       600    2       600     2 300000 short[]
  219  0.06% 72.62%       600    2       600     2 300000 java.lang.CharacterDataLatin1
  220  0.06% 72.68%       600    2       600     2 300000 java.util.Collections$EmptySet
  221  0.06% 72.73%       600    2       600     2 300000 java.io.FileDescriptor$1
  222  0.06% 72.79%       600    2       600     2 300000 java.lang.ref.Reference$Lock
  223  0.06% 72.84%       600    2       600     2 300000 java.lang.reflect.ReflectAccess
  224  0.06% 72.90%       600    2       600     2 300000 java.lang.Runtime
  225  0.06% 72.95%       600    2       600     2 300000 java.lang.String$CaseInsensitiveComparator
  226  0.06% 73.01%       600    2       600     2 300000 java.nio.charset.CoderResult$1
  227  0.06% 73.07%       600    2       600     2 300000 java.util.concurrent.ThreadLocalRandom$1
  228  0.06% 73.12%       600    2       600     2 300000 java.util.WeakHashMap$KeySet
  229  0.06% 73.18%       600    2       600     2 300000 java.security.ProtectionDomain$3
  230  0.06% 73.23%       600    2       600     2 300000 java.lang.Throwable[]
  231  0.06% 73.29%       600    2       600     2 300000 java.security.cert.Certificate[]
  232  0.06% 73.35%       600    2       600     2 300000 sun.misc.Launcher$Factory
  233  0.06% 73.40%       600    2       600     2 300000 java.lang.System$2
  234  0.06% 73.46%       600    2       600     2 300000 java.nio.charset.CoderResult$2
  235  0.06% 73.51%       600    2       600     2 300000 sun.misc.Launcher
  236  0.06% 73.57%       600    2       600     2 300000 sun.net.www.protocol.file.Handler
  237  0.06% 73.62%       600    2       600     2 300000 java.util.Collections$EmptyList
  238  0.06% 73.68%       600    2       600     2 300000 sun.misc.Unsafe
  239  0.05% 73.74%       584    1       584     1 300775 java.text.FieldPosition$Delegate
  240  0.05% 73.79%       584    1       584     1 300775 java.text.Format$FieldDelegate
  241  0.05% 73.84%       584    1       584     1 300019 sun.launcher.LauncherHelper$ResourceBundleHolder
  242  0.05% 73.90%       584    1       584     1 300020 java.util.ResourceBundle
  243  0.05% 73.95%       584    1       584     1 300021 java.util.ResourceBundle$1
  244  0.05% 74.01%       584    1       584     1 300743 java.math.RoundingMode
  245  0.05% 74.06%       584    1       584     1 300000 java.util.HashMap$EntryIterator
  246  0.05% 74.12%       584    1       584     1 300733 java.text.DecimalFormat
  247  0.05% 74.17%       584    1       584     1 300085 sun.util.resources.CurrencyNames_en_US
  248  0.05% 74.22%       584    1       584     1 300085 sun.util.resources.CurrencyNames
  249  0.05% 74.28%       584    1       584     1 300030 java.util.ResourceBundle$RBClassLoader
  250  0.05% 74.33%       584    1       584     1 300031 java.util.ResourceBundle$RBClassLoader$1
  251  0.05% 74.39%       584    1       584     1 300085 sun.util.resources.LocaleNamesBundle
  252  0.05% 74.44%       584    1       584     1 300085 sun.util.resources.OpenListResourceBundle
  253  0.05% 74.50%       584    1       584     1 300719 java.util.spi.CurrencyNameProvider
  254  0.05% 74.55%       584    1       584     1 300682 java.io.DataInputStream
  255  0.05% 74.61%       584    1       584     1 300682 java.io.DataInput
  256  0.05% 74.66%       584    1       584     1 300676 java.util.Currency$1
  257  0.05% 74.71%       584    1       584     1 300674 java.util.Currency
  258  0.05% 74.77%       584    1       584     1 300046 java.util.ResourceBundle$Control
  259  0.05% 74.82%       584    1       584     1 300629 java.text.spi.DecimalFormatSymbolsProvider
  260  0.05% 74.88%       584    1       584     1 300048 java.util.Arrays$ArrayList
  261  0.05% 74.93%       584    1       584     1 300625 java.text.DecimalFormatSymbols
  262  0.05% 74.99%       584    1       584     1 300085 sun.text.resources.FormatData_en_US
  263  0.05% 75.04%       584    1       584     1 300085 sun.text.resources.FormatData_en
  264  0.05% 75.09%       584    1       584     1 300085 sun.text.resources.FormatData
  265  0.05% 75.15%       584    1       584     1 300608 java.util.ArrayList$Itr
  266  0.05% 75.20%       584    1       584     1 300054 java.util.ResourceBundle$Control$CandidateListCache
  267  0.05% 75.26%       584    1       584     1 300605 sun.util.LocaleDataMetaInfo
  268  0.05% 75.31%       584    1       584     1 300603 java.util.ResourceBundle$SingleFormatControl
  269  0.05% 75.37%       584    1       584     1 300600 sun.util.resources.LocaleData$LocaleDataResourceBundleControl
  270  0.05% 75.42%       584    1       584     1 300598 sun.util.resources.LocaleData$1
  271  0.05% 75.48%       584    1       584     1 300597 sun.util.resources.LocaleData
  272  0.05% 75.53%       584    1       584     1 300593 java.net.URLClassLoader$3$1
  273  0.05% 75.58%       584    1       584     1 300591 sun.misc.CompoundEnumeration
  274  0.05% 75.64%       584    1       584     1 300062 java.util.ResourceBundle$CacheKey
  275  0.05% 75.69%       584    1       584     1 300589 java.net.URLClassLoader$3
  276  0.05% 75.75%       584    1       584     1 300064 java.util.ResourceBundle$CacheKeyReference
  277  0.05% 75.80%       584    1       584     1 300064 java.util.ResourceBundle$LoaderReference
  278  0.05% 75.86%       584    1       584     1 300587 sun.misc.URLClassPath$1
  279  0.05% 75.91%       584    1       584     1 300066 java.util.Queue
  280  0.05% 75.96%       584    1       584     1 300066 java.util.Deque
  281  0.05% 76.02%       584    1       584     1 300066 java.util.AbstractSequentialList
  282  0.05% 76.07%       584    1       584     1 300066 java.util.LinkedList
  283  0.05% 76.13%       584    1       584     1 300585 java.lang.ClassLoader$2
  284  0.05% 76.18%       584    1       584     1 300583 sun.misc.URLClassPath$2
  285  0.05% 76.24%       584    1       584     1 300070 java.util.LinkedList$Node
  286  0.05% 76.29%       584    1       584     1 300576 java.util.LinkedHashMap$EntryIterator
  287  0.05% 76.35%       584    1       584     1 300576 java.util.LinkedHashMap$LinkedHashIterator
  288  0.05% 76.40%       584    1       584     1 300573 java.util.ServiceLoader$1
  289  0.05% 76.45%       584    1       584     1 300571 java.util.ServiceLoader$LazyIterator
  290  0.05% 76.51%       584    1       584     1 300568 java.util.ServiceLoader
  291  0.05% 76.56%       584    1       584     1 300566 sun.util.LocaleServiceProviderPool$1
  292  0.05% 76.62%       584    1       584     1 300559 java.util.LinkedHashSet
  293  0.05% 76.67%       584    1       584     1 300548 java.util.Collections$SingletonMap
  294  0.05% 76.73%       584    1       584     1 300538 sun.util.locale.UnicodeLocaleExtension
  295  0.05% 76.78%       584    1       584     1 300538 sun.util.locale.Extension
  296  0.05% 76.83%       584    1       584     1 300085 java.util.ListResourceBundle
  297  0.05% 76.89%       584    1       584     1 300085 sun.launcher.resources.launcher
  298  0.05% 76.94%       584    1       584     1 300535 java.lang.Character$CharacterCache
  299  0.05% 77.00%       584    1       584     1 300534 sun.util.locale.LocaleExtensions
  300  0.05% 77.05%       584    1       584     1 300524 sun.util.LocaleServiceProviderPool
  301  0.05% 77.11%       584    1       584     1 300523 java.text.spi.NumberFormatProvider
  302  0.05% 77.16%       584    1       584     1 300093 java.util.ResourceBundle$BundleReference
  303  0.05% 77.22%       584    1       584     1 300523 java.util.spi.LocaleServiceProvider
  304  0.05% 77.27%       584    1       584     1 300520 java.text.NumberFormat
  305  0.05% 77.32%       584    1       584     1 300514 java.lang.Integer$IntegerCache
  306  0.05% 77.38%       584    1       584     1 300101 java.net.URLClassLoader$1
  307  0.05% 77.43%       584    1       584     1 300502 java.text.MessageFormat$Field
  308  0.05% 77.49%       584    1       584     1 300502 java.text.Format$Field
  309  0.05% 77.54%       584    1       584     1 300502 java.text.AttributedCharacterIterator$Attribute
  310  0.05% 77.60%       584    1       584     1 300107 sun.net.util.URLUtil
  311  0.05% 77.65%       584    1       584     1 300112 sun.misc.URLClassPath$3
  312  0.05% 77.70%       584    1       584     1 300114 sun.misc.URLClassPath$Loader
  313  0.05% 77.76%       584    1       584     1 300114 sun.misc.URLClassPath$JarLoader
  314  0.05% 77.81%       584    1       584     1 300115 java.util.zip.ZipConstants
  315  0.05% 77.87%       584    1       584     1 300115 java.util.zip.ZipFile
  316  0.05% 77.92%       584    1       584     1 300116 sun.misc.JavaUtilZipFileAccess
  317  0.05% 77.98%       584    1       584     1 300116 java.util.zip.ZipFile$2
  318  0.05% 78.03%       584    1       584     1 300501 java.util.Date
  319  0.05% 78.09%       584    1       584     1 300497 java.text.FieldPosition
  320  0.05% 78.14%       584    1       584     1 300479 java.util.Locale$1
  321  0.05% 78.19%       584    1       584     1 300141 sun.misc.URLClassPath$JarLoader$1
  322  0.05% 78.25%       584    1       584     1 300475 java.util.Locale$Category
  323  0.05% 78.30%       584    1       584     1 300143 sun.misc.FileURLMapper
  324  0.05% 78.36%       584    1       584     1 300146 java.util.jar.JarFile
  325  0.05% 78.41%       584    1       584     1 300147 sun.misc.JavaUtilJarAccess
  326  0.05% 78.47%       584    1       584     1 300147 java.util.jar.JavaUtilJarAccessImpl
  327  0.05% 78.52%       584    1       584     1 300466 java.text.MessageFormat
  328  0.05% 78.57%       584    1       584     1 300466 java.text.Format
  329  0.05% 78.63%       584    1       584     1 300153 java.nio.charset.StandardCharsets
  330  0.05% 78.68%       584    1       584     1 300436 java.net.URLClassLoader$2
  331  0.05% 78.74%       584    1       584     1 300157 sun.nio.cs.US_ASCII
  332  0.05% 78.79%       584    1       584     1 300434 java.io.FileNotFoundException
  333  0.05% 78.85%       584    1       584     1 300164 sun.nio.cs.ISO_8859_1
  334  0.05% 78.90%       584    1       584     1 300164 sun.nio.cs.UTF_16BE
  335  0.05% 78.96%       584    1       584     1 300164 sun.nio.cs.UTF_16LE
  336  0.05% 79.01%       584    1       584     1 300164 sun.nio.cs.UTF_16
  337  0.05% 79.06%       584    1       584     1 300177 java.util.ArrayDeque
  338  0.05% 79.12%       584    1       584     1 300366 sun.misc.Launcher$BootClassPathHolder$1
  339  0.05% 79.17%       584    1       584     1 300180 java.util.zip.ZipCoder
  340  0.05% 79.23%       584    1       584     1 300184 sun.misc.PerfCounter
  341  0.05% 79.28%       584    1       584     1 300185 sun.misc.Perf$GetPerfAction
  342  0.05% 79.34%       584    1       584     1 300365 sun.misc.Launcher$BootClassPathHolder
  343  0.05% 79.39%       584    1       584     1 300187 sun.misc.Perf
  344  0.05% 79.44%       584    1       584     1 300363 java.util.ResourceBundle$Control$1
  345  0.05% 79.50%       584    1       584     1 300189 sun.misc.PerfCounter$CoreCounters
  346  0.05% 79.55%       584    1       584     1 300191 sun.nio.ch.DirectBuffer
  347  0.05% 79.61%       584    1       584     1 300191 java.nio.MappedByteBuffer
  348  0.05% 79.66%       584    1       584     1 300191 java.nio.DirectByteBuffer
  349  0.05% 79.72%       584    3       584     3 300340 byte[]
  350  0.05% 79.77%       584    1       584     1 300194 java.nio.LongBuffer
  351  0.05% 79.83%       584    1       584     1 300194 java.nio.DirectLongBufferU
  352  0.05% 79.88%       584    1       584     1 300329 sun.misc.URLClassPath$FileLoader
  353  0.05% 79.93%       584    1       584     1 300323 java.security.PrivilegedActionException
  354  0.05% 79.99%       584    1       584     1 300321 java.util.zip.ZipException
  355  0.05% 80.04%       584    1       584     1 300321 java.io.IOException
  356  0.05% 80.10%       584    1       584     1 300201 sun.misc.JarIndex
  357  0.05% 80.15%       584    1       584     1 300207 java.util.zip.ZipEntry
  358  0.05% 80.21%       584    1       584     1 300209 java.util.jar.JarEntry
  359  0.05% 80.26%       584    1       584     1 300209 java.util.jar.JarFile$JarFileEntry
  360  0.05% 80.31%       584    1       584     1 300315 sun.misc.IOUtils
  361  0.05% 80.37%       584    1       584     1 300739 java.text.DigitList
  362  0.05% 80.42%       584    1       584     1 300000 java.lang.VirtualMachineError[]
  363  0.05% 80.48%       584    1       584     1 300000 sun.reflect.MethodAccessor
  364  0.05% 80.53%       584    1       584     1 300000 java.lang.ref.Reference
  365  0.05% 80.59%       584    1       584     1 300000 java.lang.ref.Reference[]
  366  0.05% 80.64%       584    1       584     1 300000 java.lang.StackTraceElement
  367  0.05% 80.70%       584    1       584     1 300000 sun.nio.cs.ArrayDecoder
  368  0.05% 80.75%       584    1       584     1 300000 sun.misc.JavaNetAccess
  369  0.05% 80.80%       584    1       584     1 300000 java.util.Arrays
  370  0.05% 80.86%       584    1       584     1 300000 java.io.Reader
  371  0.05% 80.91%       584    1       584     1 300000 java.lang.IncompatibleClassChangeError
  372  0.05% 80.97%       584    1       584     1 300000 java.lang.ClassLoader$ParallelLoaders
  373  0.05% 81.02%       584    1       584     1 300000 java.util.concurrent.locks.Lock
  374  0.05% 81.08%       584    1       584     1 300000 java.util.concurrent.locks.Lock[]
  375  0.05% 81.13%       584    1       584     1 300000 java.nio.Buffer
  376  0.05% 81.18%       584    1       584     1 300000 java.lang.Number
  377  0.05% 81.24%       584    1       584     1 300000 java.util.Enumeration
  378  0.05% 81.29%       584    1       584     1 300000 java.lang.Runnable
  379  0.05% 81.35%       584    1       584     1 300000 java.lang.Runnable[]
  380  0.05% 81.40%       584    1       584     1 300000 java.lang.invoke.MutableCallSite
  381  0.05% 81.46%       584    1       584     1 300000 sun.util.locale.LocaleObjectCache
  382  0.05% 81.51%       584    1       584     1 300000 java.lang.Thread$UncaughtExceptionHandler
  383  0.05% 81.57%       584    1       584     1 300000 java.lang.Thread$UncaughtExceptionHandler[]
  384  0.05% 81.62%       584    1       584     1 300000 java.util.concurrent.ConcurrentMap
  385  0.05% 81.67%       584    1       584     1 300000 java.lang.reflect.InvocationHandler
  386  0.05% 81.73%       584    1       584     1 300000 sun.nio.cs.FastCharsetProvider
  387  0.05% 81.78%       584    1       584     1 300000 java.lang.NoSuchMethodError
  388  0.05% 81.84%       584    1       584     1 300000 java.nio.CharBuffer
  389  0.05% 81.89%       584    1       584     1 300000 java.util.Collections$SynchronizedCollection
  390  0.05% 81.95%       584    1       584     1 300000 java.lang.StringBuffer
  391  0.05% 82.00%       584    1       584     1 300000 sun.reflect.ConstantPool
  392  0.05% 82.05%       584    1       584     1 300000 java.lang.System
  393  0.05% 82.11%       584    1       584     1 300000 java.io.InputStream
  394  0.05% 82.16%       584    1       584     1 300000 java.lang.ThreadLocal$ThreadLocalMap$Entry
  395  0.05% 82.22%       584    1       584     1 300000 java.lang.ThreadLocal$ThreadLocalMap$Entry[]
  396  0.05% 82.27%       584    1       584     1 300000 java.lang.Character
  397  0.05% 82.33%       584    1       584     1 300000 java.nio.charset.CharsetEncoder
  398  0.05% 82.38%       584    1       584     1 300000 java.util.concurrent.locks.AbstractOwnableSynchronizer
  399  0.05% 82.44%       584    1       584     1 300000 sun.misc.JavaSecurityProtectionDomainAccess
  400  0.05% 82.49%       584    1       584     1 300000 java.lang.reflect.Type
  401  0.05% 82.54%       584    1       584     1 300000 java.lang.reflect.Type[]
  402  0.05% 82.60%       584    1       584     1 300000 java.nio.charset.CharsetDecoder
  403  0.05% 82.65%       584    1       584     1 300000 java.lang.IllegalMonitorStateException
  404  0.05% 82.71%       584    1       584     1 300000 java.util.Map
  405  0.05% 82.76%       584    1       584     1 300000 java.lang.reflect.Proxy
  406  0.05% 82.82%       584    1       584     1 300000 java.security.AccessController
  407  0.05% 82.87%       584    1       584     1 300000 sun.nio.cs.StreamDecoder
  408  0.05% 82.92%       584    1       584     1 300000 java.io.FileReader
  409  0.05% 82.98%       584    1       584     1 300000 sun.misc.Launcher$AppClassLoader$1
  410  0.05% 83.03%       584    1       584     1 300000 java.lang.Iterable
  411  0.05% 83.09%       584    1       584     1 300000 java.util.Iterator
  412  0.05% 83.14%       584    1       584     1 300000 java.security.Guard
  413  0.05% 83.20%       584    1       584     1 300000 sun.misc.PostVMInitHook
  414  0.05% 83.25%       584    1       584     1 300000 java.lang.StringCoding$StringDecoder
  415  0.05% 83.31%       584    1       584     1 300000 java.security.BasicPermission
  416  0.05% 83.36%       584    1       584     1 300000 java.lang.invoke.MethodHandle
  417  0.05% 83.41%       584    1       584     1 300000 sun.misc.Hashing
  418  0.05% 83.47%       584    1       584     1 300000 java.lang.IllegalArgumentException
  419  0.05% 83.52%       584    1       584     1 300000 java.lang.ArrayStoreException
  420  0.05% 83.58%       584    1       584     1 300000 java.util.concurrent.locks.AbstractQueuedSynchronizer$Node
  421  0.05% 83.63%       584    1       584     1 300000 java.lang.ClassLoader$3
  422  0.05% 83.69%       584    1       584     1 300000 sun.nio.cs.ArrayEncoder
  423  0.05% 83.74%       584    1       584     1 300000 java.util.concurrent.ThreadLocalRandom
  424  0.05% 83.79%       584    1       584     1 300000 java.lang.reflect.Array
  425  0.05% 83.85%       584    1       584     1 300000 java.lang.invoke.LambdaForm
  426  0.05% 83.90%       584    1       584     1 300000 java.util.Set
  427  0.05% 83.96%       584    1       584     1 300000 java.util.AbstractMap
  428  0.05% 84.01%       584    1       584     1 300000 java.lang.Error
  429  0.05% 84.07%       584    1       584     1 300000 java.lang.Error[]
  430  0.05% 84.12%       584    1       584     1 300000 sun.misc.Version
  431  0.05% 84.18%       584    1       584     1 300000 java.lang.StringBuilder
  432  0.05% 84.23%       584    1       584     1 300000 java.util.Hashtable$Enumerator
  433  0.05% 84.28%       584    1       584     1 300000 java.lang.StringCoding$StringEncoder
  434  0.05% 84.34%       584    1       584     1 300000 sun.reflect.misc.ReflectUtil
  435  0.05% 84.39%       584    1       584     1 300000 sun.reflect.FieldAccessorImpl
  436  0.05% 84.45%       584    1       584     1 300000 java.lang.Byte
  437  0.05% 84.50%       584    1       584     1 300000 sun.misc.JavaIOFileDescriptorAccess
  438  0.05% 84.56%       584    1       584     1 300000 java.lang.ref.FinalReference
  439  0.05% 84.61%       584    1       584     1 300000 java.lang.ReflectiveOperationException
  440  0.05% 84.66%       584    1       584     1 300000 java.security.Principal
  441  0.05% 84.72%       584    1       584     1 300000 java.lang.Terminator
  442  0.05% 84.77%       584    1       584     1 300000 sun.misc.IoTrace
  443  0.05% 84.83%       584    1       584     1 300000 java.util.Collection
  444  0.05% 84.88%       584    1       584     1 300000 java.io.Writer
  445  0.05% 84.94%       584    1       584     1 300000 java.lang.Comparable
  446  0.05% 84.99%       584    1       584     1 300000 java.lang.Comparable[]
  447  0.05% 85.05%       584    1       584     1 300000 java.lang.ClassLoader
  448  0.05% 85.10%       584    1       584     1 300000 java.io.Flushable
  449  0.05% 85.15%       584    1       584     1 300000 sun.reflect.MethodAccessorImpl
  450  0.05% 85.21%       584    1       584     1 300000 java.lang.reflect.AccessibleObject
  451  0.05% 85.26%       584    1       584     1 300000 java.lang.reflect.AccessibleObject[]
  452  0.05% 85.32%       584    1       584     1 300000 java.security.SecureClassLoader
  453  0.05% 85.37%       584    1       584     1 300000 java.net.URL$1
  454  0.05% 85.43%       584    1       584     1 300000 java.io.FilterInputStream
  455  0.05% 85.48%       584    1       584     1 300000 java.lang.StringCoding
  456  0.05% 85.53%       584    1       584     1 300000 java.util.Collections$UnmodifiableList
  457  0.05% 85.59%       584    1       584     1 300000 java.util.concurrent.locks.ReentrantLock
  458  0.05% 85.64%       584    1       584     1 300000 java.util.concurrent.locks.ReentrantLock[]
  459  0.05% 85.70%       584    1       584     1 300000 java.lang.Compiler
  460  0.05% 85.75%       584    1       584     1 300000 java.lang.invoke.ConstantCallSite
  461  0.05% 85.81%       584    1       584     1 300000 java.util.WeakHashMap$Holder
  462  0.05% 85.86%       584    1       584     1 300000 java.lang.ref.PhantomReference
  463  0.05% 85.92%       584    1       584     1 300000 java.util.Random
  464  0.05% 85.97%       584    1       584     1 300000 java.lang.ThreadLocal$ThreadLocalMap
  465  0.05% 86.02%       584    1       584     1 300000 java.util.Hashtable$Holder
  466  0.05% 86.08%       584    1       584     1 300000 java.net.URLStreamHandlerFactory
  467  0.05% 86.13%       584    1       584     1 300000 java.io.Serializable
  468  0.05% 86.19%       584    1       584     1 300000 java.io.Serializable[]
  469  0.05% 86.24%       584    1       584     1 300000 java.lang.ClassCastException
  470  0.05% 86.30%       584    1       584     1 300000 java.lang.LinkageError
  471  0.05% 86.35%       584    1       584     1 300000 java.lang.Short
  472  0.05% 86.40%       584    1       584     1 300000 sun.reflect.ReflectionFactory$1
  473  0.05% 86.46%       584    1       584     1 300000 java.lang.Long
  474  0.05% 86.51%       584    1       584     1 300000 java.lang.invoke.MethodHandleNatives
  475  0.05% 86.57%       584    1       584     1 300000 java.io.FileSystem
  476  0.05% 86.62%       584    1       584     1 300000 java.nio.Bits
  477  0.05% 86.68%       584    1       584     1 300000 sun.misc.OSEnvironment
  478  0.05% 86.73%       584    1       584     1 300000 java.security.Permission
  479  0.05% 86.79%       584    1       584     1 300000 java.io.FilterOutputStream
  480  0.05% 86.84%       584    1       584     1 300000 java.util.StringTokenizer
  481  0.05% 86.89%       584    1       584     1 300000 java.util.concurrent.locks.ReentrantLock$Sync
  482  0.05% 86.95%       584    1       584     1 300000 sun.reflect.DelegatingClassLoader
  483  0.05% 87.00%       584    1       584     1 300000 sun.reflect.DelegatingConstructorAccessorImpl
  484  0.05% 87.06%       584    1       584     1 300000 java.lang.BootstrapMethodError
  485  0.05% 87.11%       584    1       584     1 300000 java.util.HashMap$Holder
  486  0.05% 87.17%       584    1       584     1 300000 sun.net.www.ParseUtil
  487  0.05% 87.22%       584    1       584     1 300000 java.util.Map$Entry
  488  0.05% 87.27%       584    1       584     1 300000 java.util.Map$Entry[]
  489  0.05% 87.33%       584    1       584     1 300000 java.lang.reflect.AnnotatedElement
  490  0.05% 87.38%       584    1       584     1 300000 java.lang.reflect.AnnotatedElement[]
  491  0.05% 87.44%       584    1       584     1 300000 java.nio.HeapCharBuffer
  492  0.05% 87.49%       584    1       584     1 300000 com.sun.demo.jvmti.hprof.Tracker
  493  0.05% 87.55%       584    1       584     1 300000 java.util.Comparator
  494  0.05% 87.60%       584    1       584     1 300000 java.util.HashMap$HashIterator
  495  0.05% 87.66%       584    1       584     1 300000 java.util.Collections$UnmodifiableCollection
  496  0.05% 87.71%       584    1       584     1 300000 java.lang.Appendable
  497  0.05% 87.76%       584    1       584     1 300000 java.net.URL[]
  498  0.05% 87.82%       584    1       584     1 300000 java.nio.ByteBuffer
  499  0.05% 87.87%       584    1       584     1 300000 java.io.File[]
  500  0.05% 87.93%       584    1       584     1 300000 java.net.URLClassLoader
  501  0.05% 87.98%       584    1       584     1 300000 java.util.Dictionary
  502  0.05% 88.04%       584    1       584     1 300000 java.util.AbstractSet
  503  0.05% 88.09%       584    1       584     1 300000 java.security.PrivilegedExceptionAction
  504  0.05% 88.14%       584    1       584     1 300000 java.util.List
  505  0.05% 88.20%       584    1       584     1 300000 sun.security.util.Debug
  506  0.05% 88.25%       584    1       584     1 300000 sun.misc.Launcher$ExtClassLoader$1
  507  0.05% 88.31%       584    1       584     1 300000 java.lang.ref.SoftReference
  508  0.05% 88.36%       584    1       584     1 300000 java.security.PrivilegedAction
  509  0.05% 88.42%       584    1       584     1 300000 java.net.URLStreamHandler
  510  0.05% 88.47%       584    1       584     1 300000 sun.misc.VM
  511  0.05% 88.53%       584    1       584     1 300000 java.util.concurrent.ConcurrentHashMap$Holder
  512  0.05% 88.58%       584    1       584     1 300000 java.lang.RuntimeException
  513  0.05% 88.63%       584    1       584     1 300000 java.lang.NoClassDefFoundError
  514  0.05% 88.69%       584    1       584     1 300000 java.security.cert.Certificate
  515  0.05% 88.74%       584    1       584     1 300000 sun.reflect.UnsafeStaticFieldAccessorImpl
  516  0.05% 88.80%       584    1       584     1 300000 java.lang.reflect.Method
  517  0.05% 88.85%       584    1       584     1 300000 java.lang.Throwable
  518  0.05% 88.91%       584    1       584     1 300000 java.lang.SystemClassLoaderAction
  519  0.05% 88.96%       584    1       584     1 300000 sun.reflect.ConstructorAccessorImpl
  520  0.05% 89.01%       584    1       584     1 300000 sun.misc.SharedSecrets
  521  0.05% 89.07%       584    1       584     1 300000 java.lang.Math
  522  0.05% 89.12%       584    1       584     1 300000 java.lang.reflect.Field
  523  0.05% 89.18%       584    1       584     1 300000 java.lang.reflect.Field[]
  524  0.05% 89.23%       584    1       584     1 300000 sun.reflect.ConstructorAccessor
  525  0.05% 89.29%       584    1       584     1 300000 sun.reflect.ReflectionFactory$GetReflectionFactoryAction
  526  0.05% 89.34%       584    1       584     1 300000 java.nio.charset.spi.CharsetProvider
  527  0.05% 89.40%       584    1       584     1 300000 java.util.Collections
  528  0.05% 89.45%       584    1       584     1 300000 java.nio.charset.Charset
  529  0.05% 89.50%       584    1       584     1 300000 sun.reflect.UnsafeFieldAccessorImpl
  530  0.05% 89.56%       584    1       584     1 300000 java.net.Parts
  531  0.05% 89.61%       584    1       584     1 300000 sun.util.PreHashedMap
  532  0.05% 89.67%       584    1       584     1 300000 java.lang.Cloneable
  533  0.05% 89.72%       584    1       584     1 300000 java.lang.StackOverflowError
  534  0.05% 89.78%       584    1       584     1 300000 sun.reflect.FieldAccessor
  535  0.05% 89.83%       584    1       584     1 300000 sun.misc.JavaLangAccess
  536  0.05% 89.88%       584    1       584     1 300000 java.lang.reflect.Member
  537  0.05% 89.94%       584    1       584     1 300000 java.lang.reflect.Member[]
  538  0.05% 89.99%       584    1       584     1 300000 java.io.BufferedReader
  539  0.05% 90.05%       584    1       584     1 300000 java.util.HashMap$EntrySet
  540  0.05% 90.10%       584    1       584     1 300000 java.lang.reflect.GenericDeclaration
  541  0.05% 90.16%       584    1       584     1 300000 java.lang.reflect.GenericDeclaration[]
  542  0.05% 90.21%       584    1       584     1 300000 java.util.AbstractCollection
  543  0.05% 90.27%       584    1       584     1 300000 sun.reflect.NativeConstructorAccessorImpl
  544  0.05% 90.32%       584    1       584     1 300000 sun.security.action.GetPropertyAction
  545  0.05% 90.37%       584    1       584     1 300000 java.lang.Readable
  546  0.05% 90.43%       584    1       584     1 300000 java.lang.Exception
  547  0.05% 90.48%       584    1       584     1 300000 sun.nio.cs.Unicode
  548  0.05% 90.54%       584    1       584     1 300000 java.io.Closeable
  549  0.05% 90.59%       584    1       584     1 300000 sun.reflect.LangReflectAccess
  550  0.05% 90.65%       584    1       584     1 300000 java.nio.charset.CoderResult$Cache
  551  0.05% 90.70%       584    1       584     1 300000 sun.misc.JavaSecurityAccess
  552  0.05% 90.75%       584    1       584     1 300000 java.lang.CharacterData
  553  0.05% 90.81%       584    1       584     1 300000 java.lang.ref.WeakReference
  554  0.05% 90.86%       584    1       584     1 300000 java.lang.ref.WeakReference[]
  555  0.05% 90.92%       584    1       584     1 300000 java.io.InputStreamReader
  556  0.05% 90.97%       584    1       584     1 300000 sun.reflect.Reflection
  557  0.05% 91.03%       584    1       584     1 300000 java.lang.reflect.Constructor
  558  0.05% 91.08%       584    1       584     1 300000 java.lang.reflect.Constructor[]
  559  0.05% 91.14%       584    1       584     1 300000 java.io.OutputStream
  560  0.05% 91.19%       584    1       584     1 300000 java.lang.invoke.MethodType
  561  0.05% 91.24%       584    1       584     1 300000 sun.util.locale.LocaleUtils
  562  0.05% 91.30%       584    1       584     1 300000 java.util.concurrent.locks.AbstractQueuedSynchronizer
  563  0.05% 91.35%       584    1       584     1 300000 java.lang.Enum
  564  0.05% 91.41%       584    1       584     1 300000 java.lang.Enum[]
  565  0.05% 91.46%       584    1       584     1 300000 java.lang.AutoCloseable
  566  0.05% 91.52%       584    1       584     1 300000 java.lang.reflect.Modifier
  567  0.05% 91.57%       584    1       584     1 300000 java.lang.ThreadDeath
  568  0.05% 91.62%       584    1       584     1 300000 java.lang.ClassNotFoundException
  569  0.05% 91.68%       584    1       584     1 300000 java.lang.invoke.MemberName
  570  0.05% 91.73%       584    1       584     1 300000 java.util.concurrent.atomic.AtomicReferenceFieldUpdater
  571  0.05% 91.79%       584    1       584     1 300000 java.util.RandomAccess
  572  0.05% 91.84%       584    1       584     1 300000 java.lang.Class$3
  573  0.05% 91.90%       584    1       584     1 300000 sun.misc.JavaNioAccess
  574  0.05% 91.95%       584    1       584     1 300000 java.lang.Double
  575  0.05% 92.01%       584    1       584     1 300000 sun.reflect.MagicAccessorImpl
  576  0.05% 92.06%       584    1       584     1 300000 java.lang.CharSequence
  577  0.05% 92.11%       584    1       584     1 300000 java.lang.CharSequence[]
  578  0.05% 92.17%       584    1       584     1 300000 java.util.LinkedHashMap
  579  0.05% 92.22%       584    1       584     1 300000 java.lang.invoke.CallSite
  580  0.05% 92.28%       584    1       584     1 300000 java.lang.AbstractStringBuilder
  581  0.05% 92.33%       584    1       584     1 300000 java.util.AbstractList
  582  0.05% 92.39%       584    1       584     1 300000 java.lang.Compiler$1
  583  0.05% 92.44%       584    1       584     1 300000 java.lang.Class$1
  584  0.05% 92.49%       584    1       584     1 300000 sun.nio.cs.UTF_8$Decoder
  585  0.05% 92.55%       584    1       584     1 300000 java.lang.invoke.VolatileCallSite
  586  0.05% 92.60%       584    1       584     1 300000 sun.nio.cs.HistoricallyNamedCharset
  587  0.05% 92.66%       584    1       584     1 300000 java.lang.Float
  588  0.05% 92.71%       584    1       584     1 300000 boolean[]
  589  0.05% 92.77%       584    1       584     1 300000 float[]
  590  0.05% 92.82%       584    1       584     1 300000 double[]
  591  0.05% 92.88%       584    1       584     1 300000 java.lang.AbstractStringBuilder[]
  592  0.05% 92.93%       584    1       584     1 300000 java.lang.Cloneable[]
  593  0.05% 92.98%       584    1       584     1 300000 java.lang.Appendable[]
  594  0.05% 93.04%       584    1       584     1 300000 java.lang.Number[]
  595  0.05% 93.09%       584    1       584     1 300819 java.lang.Shutdown$Lock
  596  0.05% 93.15%       584    1       584     1 300000 java.lang.Shutdown
  597  0.05% 93.20%       584    1       584     1 300000 sun.launcher.LauncherHelper
  598  0.05% 93.26%       584    1       584     1 300777 java.text.NumberFormat$Field
  599  0.05% 93.31%       584    1       584     1 300217 java.util.zip.ZipFile$ZipFileInputStream
  600  0.05% 93.36%       584    1       584     1 300000 sun.misc.SignalHandler
  601  0.05% 93.42%       584    1       584     1 300219 java.util.zip.Inflater
  602  0.05% 93.47%       584    1       584     1 300264 sun.misc.ExtensionDependency
  603  0.05% 93.53%       584    1       584     1 300222 java.util.zip.ZStreamRef
  604  0.05% 93.58%       584    1       584     1 300224 java.util.zip.InflaterInputStream
  605  0.05% 93.64%       584    1       584     1 300224 java.util.zip.ZipFile$ZipFileInflaterInputStream
  606  0.05% 93.69%       576   18       576    18 300152 java.io.File
  607  0.05% 93.74%       576    1       576     1 300703 byte[]
  608  0.05% 93.80%       576   18       576    18 300181 java.util.zip.ZipCoder
  609  0.05% 93.85%       576   18       576    18 300174 java.lang.ref.ReferenceQueue
  610  0.05% 93.90%       576    4       576     4 300738 java.text.DecimalFormat
  611  0.05% 93.96%       576   24       576    24 300243 java.lang.String
  612  0.05% 94.01%       560    3       560     3 300318 java.util.HashMap$Entry[]
  613  0.05% 94.06%       536    2       536     2 300386 byte[]
  614  0.05% 94.11%       528   11       528    11 300203 sun.nio.cs.UTF_8$Encoder
  615  0.05% 94.16%       528    1       528     1 300150 int[]
  616  0.05% 94.21%       512    8       512     8 300422 java.net.URL
  617  0.05% 94.25%       512   16       512    16 300080 java.util.ResourceBundle$LoaderReference
  618  0.05% 94.30%       512   16       512    16 300083 java.util.concurrent.ConcurrentHashMap$HashEntry
  619  0.05% 94.35%       512    8       512     8 300251 java.net.URL
  620  0.05% 94.40%       504    7       504     7 300320 char[]
  621  0.05% 94.44%       504    3       504     3 300314 byte[]
  622  0.05% 94.49%       496    3       496     3 300317 byte[]
  623  0.04% 94.53%       480   10       480    10 300489 char[]
  624  0.04% 94.58%       480   20       480    20 300491 java.lang.String
  625  0.04% 94.62%       480   20       480    20 300144 sun.misc.FileURLMapper
  626  0.04% 94.67%       472    2       472     2 300440 char[]
  627  0.04% 94.71%       448    8       448     8 300000 java.util.ResourceBundle$CacheKey
  628  0.04% 94.75%       448    8       448     8 300214 char[]
  629  0.04% 94.79%       448    8       448     8 300218 java.util.zip.ZipFile$ZipFileInputStream
  630  0.04% 94.83%       448    8       448     8 300241 java.lang.Object[]
  631  0.04% 94.88%       440   11       440    11 300229 java.util.WeakHashMap$Entry
  632  0.04% 94.92%       432    9       432     9 300236 sun.nio.cs.StreamDecoder
  633  0.04% 94.96%       432    2       432     2 300347 char[]
  634  0.04% 95.00%       432    9       432     9 300238 java.nio.HeapByteBuffer
  635  0.04% 95.04%       432   18       432    18 300178 java.util.ArrayDeque
  636  0.04% 95.08%       424    4       424     4 300350 char[]
  637  0.04% 95.11%       416    4       416     4 300001 java.lang.Thread
  638  0.04% 95.15%       400   10       400    10 300342 java.util.LinkedHashMap$Entry
  639  0.04% 95.19%       400   10       400    10 300087 java.lang.ref.SoftReference
  640  0.04% 95.23%       400    4       400     4 300105 char[]
  641  0.04% 95.26%       384    8       384     8 300221 java.util.zip.Inflater
  642  0.04% 95.30%       384    8       384     8 300094 java.util.ResourceBundle$BundleReference
  643  0.04% 95.33%       384    8       384     8 300756 char[]
  644  0.04% 95.37%       384    8       384     8 300239 java.io.BufferedReader
  645  0.04% 95.40%       384   16       384    16 300252 java.lang.StringBuilder
  646  0.04% 95.44%       384    8       384     8 300232 java.util.HashMap
  647  0.04% 95.48%       384    8       384     8 300231 java.util.HashMap
  648  0.04% 95.51%       384   16       384    16 300256 java.lang.String
  649  0.04% 95.55%       384    8       384     8 300754 char[]
  650  0.04% 95.58%       384    8       384     8 300259 char[]
  651  0.04% 95.62%       384    6       384     6 300193 java.nio.DirectByteBuffer
  652  0.04% 95.65%       376    3       376     3 300581 char[]
  653  0.03% 95.69%       368    4       368     4 300103 char[]
  654  0.03% 95.72%       360    9       360     9 300235 sun.nio.cs.UTF_8$Decoder
  655  0.03% 95.75%       336    4       336     4 300465 java.util.HashMap$Entry[]
  656  0.03% 95.78%       336    7       336     7 300409 char[]
  657  0.03% 95.82%       336    7       336     7 300413 char[]
  658  0.03% 95.85%       336    7       336     7 300487 char[]
  659  0.03% 95.88%       336    7       336     7 300496 char[]
  660  0.03% 95.91%       336    6       336     6 300195 java.nio.DirectLongBufferU
  661  0.03% 95.94%       320   20       320    20 300142 sun.misc.URLClassPath$JarLoader$1
  662  0.03% 95.97%       320   10       320    10 300034 java.util.Vector
  663  0.03% 96.00%       320    8       320     8 300216 byte[]
  664  0.03% 96.03%       320    6       320     6 300611 char[]
  665  0.03% 96.06%       320   10       320    10 300490 java.lang.String[]
  666  0.03% 96.09%       312   13       312    13 300355 java.lang.String
  667  0.03% 96.12%       312   13       312    13 300353 java.lang.StringBuilder
  668  0.03% 96.15%       312    8       312     8 300397 char[]
  669  0.03% 96.17%       296    1       296     1 300707 int[]
  670  0.03% 96.20%       296    1       296     1 300706 int[]
  671  0.03% 96.23%       288    4       288     4 300346 char[]
  672  0.03% 96.25%       288   16       288    16 300768 char[]
  673  0.03% 96.28%       288   18       288    18 300175 java.lang.ref.ReferenceQueue$Lock
  674  0.03% 96.31%       288   12       288    12 300082 java.util.concurrent.ConcurrentHashMap$HashEntry[]
  675  0.03% 96.33%       280    7       280     7 300471 java.text.MessageFormat
  676  0.03% 96.36%       280    3       280     3 300211 char[]
  677  0.03% 96.39%       280    3       280     3 300213 char[]
  678  0.02% 96.41%       264    7       264     7 300407 char[]
  679  0.02% 96.44%       264   11       264    11 300223 java.util.zip.ZStreamRef
  680  0.02% 96.46%       264   11       264    11 300202 byte[]
  681  0.02% 96.48%       256    8       256     8 300154 char[]
  682  0.02% 96.51%       256    8       256     8 300096 java.util.concurrent.ConcurrentHashMap$HashEntry
  683  0.02% 96.53%       256    8       256     8 300156 char[]
  684  0.02% 96.56%       256    8       256     8 300378 java.io.File
  685  0.02% 96.58%       256    4       256     4 300633 java.text.DecimalFormatSymbols
  686  0.02% 96.60%       256    8       256     8 300417 java.io.File
  687  0.02% 96.63%       240   10       240    10 300090 sun.reflect.NativeConstructorAccessorImpl
  688  0.02% 96.65%       240    3       240     3 300565 java.util.concurrent.ConcurrentHashMap$Segment[]
  689  0.02% 96.67%       240    6       240     6 300562 java.util.LinkedHashMap$Entry
  690  0.02% 96.69%       240    3       240     3 300308 byte[]
  691  0.02% 96.72%       240   10       240    10 300338 java.lang.String
  692  0.02% 96.74%       240   10       240    10 300488 java.lang.StringBuilder
  693  0.02% 96.76%       240    3       240     3 300139 java.util.HashMap$Entry[]
  694  0.02% 96.78%       232    4       232     4 300163 char[]
  695  0.02% 96.80%       232    1       232     1 300008 char[]
  696  0.02% 96.82%       224    7       224     7 300371 java.io.File
  697  0.02% 96.84%       224    7       224     7 300322 java.util.zip.ZipException
  698  0.02% 96.87%       224    2       224     2 300441 char[]
  699  0.02% 96.89%       224    2       224     2 300358 char[]
  700  0.02% 96.91%       224    4       224     4 300742 char[]
  701  0.02% 96.93%       224    4       224     4 300714 char[]
  702  0.02% 96.95%       224    7       224     7 300498 java.text.FieldPosition
  703  0.02% 96.97%       224    2       224     2 300362 char[]
  704  0.02% 96.99%       216    9       216     9 300499 java.lang.String
  705  0.02% 97.01%       208    4       208     4 300003 char[]
  706  0.02% 97.03%       200    2       200     2 300348 char[]
  707  0.02% 97.05%       200    1       200     1 300711 char[]
  708  0.02% 97.06%       192    8       192     8 300376 java.lang.String
  709  0.02% 97.08%       192    4       192     4 300615 char[]
  710  0.02% 97.10%       192    8       192     8 300396 java.lang.String
  711  0.02% 97.12%       192    1       192     1 300681 char[]
  712  0.02% 97.14%       192    8       192     8 300753 java.lang.StringBuffer
  713  0.02% 97.15%       192    8       192     8 300755 java.lang.StringBuffer
  714  0.02% 97.17%       192    4       192     4 300766 char[]
  715  0.02% 97.19%       192    6       192     6 300398 java.io.File
  716  0.02% 97.21%       192    4       192     4 300773 char[]
  717  0.02% 97.23%       192    4       192     4 300464 java.util.HashMap
  718  0.02% 97.24%       192    8       192     8 300226 byte[]
  719  0.02% 97.26%       192    8       192     8 300155 java.lang.String
  720  0.02% 97.28%       192    8       192     8 300260 java.lang.String
  721  0.02% 97.30%       192    8       192     8 300258 java.lang.StringBuilder
  722  0.02% 97.31%       192    8       192     8 300423 java.net.Parts
  723  0.02% 97.33%       192    8       192     8 300420 java.lang.String
  724  0.02% 97.35%       192    4       192     4 300161 char[]
  725  0.02% 97.37%       192    8       192     8 300230 sun.misc.JarIndex
  726  0.02% 97.39%       192    8       192     8 300254 java.lang.String
  727  0.02% 97.40%       192    8       192     8 300233 java.io.InputStreamReader
  728  0.02% 97.42%       192    8       192     8 300250 java.lang.String[]
  729  0.02% 97.44%       184    2       184     2 300359 char[]
  730  0.02% 97.46%       176    1       176     1 300694 long[]
  731  0.02% 97.47%       176    1       176     1 300691 char[]
  732  0.02% 97.49%       168    7       168     7 300319 java.lang.String
  733  0.02% 97.50%       168    3       168     3 300561 java.util.LinkedHashMap
  734  0.02% 97.52%       168    7       168     7 300410 java.lang.String
  735  0.02% 97.53%       168    7       168     7 300511 java.lang.String
  736  0.02% 97.55%       168    7       168     7 300495 java.lang.StringBuffer
  737  0.02% 97.57%       168    7       168     7 300099 java.lang.String
  738  0.02% 97.58%       168    7       168     7 300493 java.lang.String
  739  0.02% 97.60%       168    7       168     7 300097 java.lang.StringBuilder
  740  0.02% 97.61%       168    7       168     7 300412 java.lang.StringBuilder
  741  0.02% 97.63%       168    3       168     3 300570 java.util.LinkedHashMap
  742  0.02% 97.64%       168    7       168     7 300406 java.lang.String
  743  0.02% 97.66%       168    3       168     3 300307 char[]
  744  0.02% 97.68%       168    7       168     7 300408 java.lang.StringBuilder
  745  0.02% 97.69%       168    7       168     7 300486 java.lang.StringBuilder
  746  0.02% 97.71%       168    3       168     3 300310 java.util.zip.ZipFile$ZipFileInputStream
  747  0.02% 97.72%       168    1       168     1 300373 char[]
  748  0.02% 97.74%       168    7       168     7 300416 java.io.ExpiringCache$Entry
  749  0.02% 97.75%       168    1       168     1 300811 char[]
  750  0.02% 97.77%       168    7       168     7 300414 java.lang.String
  751  0.02% 97.78%       168    7       168     7 300369 java.lang.String
  752  0.02% 97.80%       168    3       168     3 300602 java.util.ResourceBundle$CacheKey
  753  0.01% 97.82%       160    4       160     4 300327 java.security.PrivilegedActionException
  754  0.01% 97.83%       160    4       160     4 300741 java.text.DigitList
  755  0.01% 97.85%       160    4       160     4 300527 java.util.concurrent.ConcurrentHashMap$Segment
  756  0.01% 97.86%       160   10       160    10 300091 sun.reflect.DelegatingConstructorAccessorImpl
  757  0.01% 97.87%       160    4       160     4 300326 java.lang.ClassNotFoundException
  758  0.01% 97.89%       144    3       144     3 300311 java.util.zip.Inflater
  759  0.01% 97.90%       144    3       144     3 300563 java.util.concurrent.ConcurrentHashMap
  760  0.01% 97.92%       144    3       144     3 300074 sun.util.locale.LocaleObjectCache$CacheEntry
  761  0.01% 97.93%       144    1       144     1 300404 java.util.HashMap$Entry[]
  762  0.01% 97.94%       144    3       144     3 300579 char[]
  763  0.01% 97.96%       144    6       144     6 300159 java.lang.Object[]
  764  0.01% 97.97%       144    6       144     6 300399 sun.misc.MetaIndex
  765  0.01% 97.98%       144    1       144     1 300325 java.util.HashMap$Entry[]
  766  0.01% 98.00%       144    3       144     3 300123 char[]
  767  0.01% 98.01%       144    6       144     6 300610 java.lang.StringBuilder
  768  0.01% 98.02%       144    6       144     6 300612 java.lang.String
  769  0.01% 98.04%       144    6       144     6 300613 char[]
  770  0.01% 98.05%       144    6       144     6 300509 java.lang.String
  771  0.01% 98.06%       144    6       144     6 300089 java.lang.Class$1
  772  0.01% 98.07%       128    8       128     8 300081 java.lang.Object
  773  0.01% 98.09%       128    4       128     4 300774 java.text.FieldPosition
  774  0.01% 98.10%       128    2       128     2 300443 java.net.URL
  775  0.01% 98.11%       128    8       128     8 300084 java.lang.Object
  776  0.01% 98.12%       128    2       128     2 300351 java.net.URL
  777  0.01% 98.13%       128    4       128     4 300065 java.util.ResourceBundle$LoaderReference
  778  0.01% 98.15%       128    2       128     2 300344 java.net.URL
  779  0.01% 98.16%       128    2       128     2 300439 java.net.URL
  780  0.01% 98.17%       120    5       120     5 300095 java.util.concurrent.ConcurrentHashMap$HashEntry[]
  781  0.01% 98.18%       120    3       120     3 300309 byte[]
  782  0.01% 98.19%       120    3       120     3 300025 java.util.concurrent.ConcurrentHashMap$Segment
  783  0.01% 98.20%       120    3       120     3 300572 java.util.ServiceLoader$LazyIterator
  784  0.01% 98.21%       120    3       120     3 300068 sun.util.locale.BaseLocale$Key
  785  0.01% 98.22%       112    4       112     4 300617 char[]
SITES END
